I/SDY     ( 2333): [[Query]:Local: hThmzmMU2zBQBJRHBnaSWf3L96hazTe2 ,count: 1
I/SDY     ( 2333): [Query]:H:Done M{Id=19, Ty=QueryResponse, sId='5562', rId='5562', data=Row{ver=1, k='hThmzmMU2zBQBJRHBnaSWf3L96hazTe2', v='7wyItUDYdRZ30KeDj80Xs2cauUsMC8AL'}}
I/SDY     ( 2333): [MSend]: M{Id=19, Ty=QueryResponse, sId='5562', rId='5562', data=Row{ver=1, k='hThmzmMU2zBQBJRHBnaSWf3L96hazTe2', v='7wyItUDYdRZ30KeDj80Xs2cauUsMC8AL'}}
I/SDY     ( 2333): [MSend]: port: 11124 msg: M{Id=19, Ty=QueryResponse, sId='5562', rId='5562', data=Row{ver=1, k='hThmzmMU2zBQBJRHBnaSWf3L96hazTe2', v='7wyItUDYdRZ30KeDj80Xs2cauUsMC8AL'}}
D/AndroidRuntime( 2471): Calling main entry com.android.commands.content.Content
I/SDY     ( 2333): [Query]: oDAZevzeEmZLuci0ydXBiGBcKZ1hb6jr
I/SDY     ( 2333): [Query]: oDAZevzeEmZLuci0ydXBiGBcKZ1hb6jr
I/SDY     ( 2333): [Query]: M{Id=13, Ty=Query, sId='5554', rId='null', data=Row{ver=1, k='oDAZevzeEmZLuci0ydXBiGBcKZ1hb6jr', v='null'}} ,nodes: [5558, 5560, 5562]
I/SDY     ( 2333): [Add_Msg_Q]: M{Id=13, Ty=Query, sId='5554', rId='5558', data=Row{ver=1, k='oDAZevzeEmZLuci0ydXBiGBcKZ1hb6jr', v='null'}}
I/SDY     ( 2333): [Add_Msg_Q]: M{Id=13, Ty=Query, sId='5554', rId='5560', data=Row{ver=1, k='oDAZevzeEmZLuci0ydXBiGBcKZ1hb6jr', v='null'}}
I/SDY     ( 2333): [Add_Msg_Q]: M{Id=13, Ty=Query, sId='5554', rId='5562', data=Row{ver=1, k='oDAZevzeEmZLuci0ydXBiGBcKZ1hb6jr', v='null'}}
I/SDY     ( 2333): [MSend]: M{Id=13, Ty=Query, sId='5554', rId='5558', data=Row{ver=1, k='oDAZevzeEmZLuci0ydXBiGBcKZ1hb6jr', v='null'}}
I/SDY     ( 2333): [MSend]: port: 11116 msg: M{Id=13, Ty=Query, sId='5554', rId='5558', data=Row{ver=1, k='oDAZevzeEmZLuci0ydXBiGBcKZ1hb6jr', v='null'}}
E/SDY     ( 2333): [MSend]:Exception M{Id=13, Ty=Query, sId='5554', rId='5558', data=Row{ver=1, k='oDAZevzeEmZLuci0ydXBiGBcKZ1hb6jr', v='null'}} , null
I/SDY     ( 2333): [MSend]: M{Id=13, Ty=Query, sId='5554', rId='5562', data=Row{ver=1, k='oDAZevzeEmZLuci0ydXBiGBcKZ1hb6jr', v='null'}}
I/SDY     ( 2333): [MSend]: port: 11124 msg: M{Id=13, Ty=Query, sId='5554', rId='5562', data=Row{ver=1, k='oDAZevzeEmZLuci0ydXBiGBcKZ1hb6jr', v='null'}}
I/SDY     ( 2333): [MSend]: M{Id=13, Ty=Query, sId='5554', rId='5560', data=Row{ver=1, k='oDAZevzeEmZLuci0ydXBiGBcKZ1hb6jr', v='null'}}
I/SDY     ( 2333): [MSend]: port: 11120 msg: M{Id=13, Ty=Query, sId='5554', rId='5560', data=Row{ver=1, k='oDAZevzeEmZLuci0ydXBiGBcKZ1hb6jr', v='null'}}
I/SDY     ( 2333): [SERVER]: M{Id=13, Ty=QueryResponse, sId='5554', rId='5554', data=Row{ver=1, k='oDAZevzeEmZLuci0ydXBiGBcKZ1hb6jr', v='DIYZqiWOJeuuMOraYSBfjuYDt7d3zCL5'}}
I/SDY     ( 2333): [HandleMessage]: M{Id=13, Ty=QueryResponse, sId='5554', rId='5554', data=Row{ver=1, k='oDAZevzeEmZLuci0ydXBiGBcKZ1hb6jr', v='DIYZqiWOJeuuMOraYSBfjuYDt7d3zCL5'}}
I/SDY     ( 2333): [Response]:H: M{Id=13, Ty=QueryResponse, sId='5554', rId='5554', data=Row{ver=1, k='oDAZevzeEmZLuci0ydXBiGBcKZ1hb6jr', v='DIYZqiWOJeuuMOraYSBfjuYDt7d3zCL5'}}
I/SDY     ( 2333): [SERVER]: M{Id=13, Ty=QueryResponse, sId='5554', rId='5554', data=Row{ver=1, k='oDAZevzeEmZLuci0ydXBiGBcKZ1hb6jr', v='DIYZqiWOJeuuMOraYSBfjuYDt7d3zCL5'}}
I/SDY     ( 2333): [HandleMessage]: M{Id=13, Ty=QueryResponse, sId='5554', rId='5554', data=Row{ver=1, k='oDAZevzeEmZLuci0ydXBiGBcKZ1hb6jr', v='DIYZqiWOJeuuMOraYSBfjuYDt7d3zCL5'}}
I/SDY     ( 2333): [Response]:H: M{Id=13, Ty=QueryResponse, sId='5554', rId='5554', data=Row{ver=1, k='oDAZevzeEmZLuci0ydXBiGBcKZ1hb6jr', v='DIYZqiWOJeuuMOraYSBfjuYDt7d3zCL5'}}
I/SDY     ( 2333): [Query]:Done: oDAZevzeEmZLuci0ydXBiGBcKZ1hb6jr,value: DIYZqiWOJeuuMOraYSBfjuYDt7d3zCL5 ,version: 1
I/SDY     ( 2333): [Query]:Done: oDAZevzeEmZLuci0ydXBiGBcKZ1hb6jr ,cursor:  1
D/AndroidRuntime( 2471): Shutting down VM
D/dalvikvm( 2471): Debugger has detached; object registry had 1 entries
D/AndroidRuntime( 2482): 
D/AndroidRuntime( 2482): >>>>>> AndroidRuntime START com.android.internal.os.RuntimeInit <<<<<<
W/linker  ( 2482): libdvm.so has text relocations. This is wasting memory and is a security risk. Please fix.
D/AndroidRuntime( 2482): CheckJNI is ON
D/dalvikvm( 2482): Trying to load lib libjavacore.so 0x0
D/dalvikvm( 2482): Added shared lib libjavacore.so 0x0
D/dalvikvm( 2482): Trying to load lib libnativehelper.so 0x0
D/dalvikvm( 2482): Added shared lib libnativehelper.so 0x0
D/dalvikvm( 2482): No JNI_OnLoad found in libnativehelper.so 0x0, skipping init
I/SDY     ( 2333): [SERVER]: M{Id=28, Ty=Query, sId='5560', rId='5554', data=Row{ver=1, k='3EJ5kPD86MjKmumP4jg2KsILyeqNsdRW', v='null'}}
I/SDY     ( 2333): [HandleMessage]: M{Id=28, Ty=Query, sId='5560', rId='5554', data=Row{ver=1, k='3EJ5kPD86MjKmumP4jg2KsILyeqNsdRW', v='null'}}
I/SDY     ( 2333): [Query]:H: M{Id=28, Ty=Query, sId='5560', rId='5554', data=Row{ver=1, k='3EJ5kPD86MjKmumP4jg2KsILyeqNsdRW', v='null'}}
I/SDY     ( 2333): [[Query]:Local: 3EJ5kPD86MjKmumP4jg2KsILyeqNsdRW ,count: 1
I/SDY     ( 2333): [Query]:H:Done M{Id=28, Ty=QueryResponse, sId='5560', rId='5560', data=Row{ver=1, k='3EJ5kPD86MjKmumP4jg2KsILyeqNsdRW', v='vcD0QqDLKsaTh8xDkOQ4QQf01jpsFz7l'}}
I/SDY     ( 2333): [MSend]: M{Id=28, Ty=QueryResponse, sId='5560', rId='5560', data=Row{ver=1, k='3EJ5kPD86MjKmumP4jg2KsILyeqNsdRW', v='vcD0QqDLKsaTh8xDkOQ4QQf01jpsFz7l'}}
I/SDY     ( 2333): [MSend]: port: 11120 msg: M{Id=28, Ty=QueryResponse, sId='5560', rId='5560', data=Row{ver=1, k='3EJ5kPD86MjKmumP4jg2KsILyeqNsdRW', v='vcD0QqDLKsaTh8xDkOQ4QQf01jpsFz7l'}}
D/dalvikvm( 2482): Note: class Landroid/app/ActivityManagerNative; has 179 unimplemented (abstract) methods
E/memtrack( 2482): Couldn't load memtrack module (No such file or directory)
E/android.os.Debug( 2482): failed to load memtrack module: -2
D/AndroidRuntime( 2482): Calling main entry com.android.commands.content.Content
I/SDY     ( 2333): [Insert]: value=Zv1oc9iii4cjG3ewsN6o6vno1HTeJmY5 key=oMRYe3fe6my0rvUrSf4pwQDxpCMwRLy1
I/SDY     ( 2333): [Insert]: [5554, 5558, 5560] ,m: M{Id=14, Ty=Insert, sId='5554', rId='null', data=Row{ver=1, k='oMRYe3fe6my0rvUrSf4pwQDxpCMwRLy1', v='Zv1oc9iii4cjG3ewsN6o6vno1HTeJmY5'}}
I/SDY     ( 2333): [Add_Msg_Q]: M{Id=14, Ty=Insert, sId='5554', rId='5554', data=Row{ver=1, k='oMRYe3fe6my0rvUrSf4pwQDxpCMwRLy1', v='Zv1oc9iii4cjG3ewsN6o6vno1HTeJmY5'}}
I/SDY     ( 2333): [Add_Msg_Q]: M{Id=14, Ty=Insert, sId='5554', rId='5558', data=Row{ver=1, k='oMRYe3fe6my0rvUrSf4pwQDxpCMwRLy1', v='Zv1oc9iii4cjG3ewsN6o6vno1HTeJmY5'}}
I/SDY     ( 2333): [Add_Msg_Q]: M{Id=14, Ty=Insert, sId='5554', rId='5560', data=Row{ver=1, k='oMRYe3fe6my0rvUrSf4pwQDxpCMwRLy1', v='Zv1oc9iii4cjG3ewsN6o6vno1HTeJmY5'}}
I/SDY     ( 2333): [MSend]: M{Id=14, Ty=Insert, sId='5554', rId='5554', data=Row{ver=1, k='oMRYe3fe6my0rvUrSf4pwQDxpCMwRLy1', v='Zv1oc9iii4cjG3ewsN6o6vno1HTeJmY5'}}
I/SDY     ( 2333): [HandleMessage]: M{Id=14, Ty=Insert, sId='5554', rId='5554', data=Row{ver=1, k='oMRYe3fe6my0rvUrSf4pwQDxpCMwRLy1', v='Zv1oc9iii4cjG3ewsN6o6vno1HTeJmY5'}}
I/SDY     ( 2333): [Insert]:H: M{Id=14, Ty=Insert, sId='5554', rId='5554', data=Row{ver=1, k='oMRYe3fe6my0rvUrSf4pwQDxpCMwRLy1', v='Zv1oc9iii4cjG3ewsN6o6vno1HTeJmY5'}}
I/SDY     ( 2333): [[Query]:Local: oMRYe3fe6my0rvUrSf4pwQDxpCMwRLy1 ,count: 0
I/SDY     ( 2333): [Insert]:Local: value=Zv1oc9iii4cjG3ewsN6o6vno1HTeJmY5 node=5554 key=oMRYe3fe6my0rvUrSf4pwQDxpCMwRLy1 version=1 ,rowId: 113
I/SDY     ( 2333): [Insert]:H:Done: M{Id=14, Ty=InsertResponse, sId='5554', rId='5554', data=113}
I/SDY     ( 2333): [MSend]: M{Id=14, Ty=Insert, sId='5554', rId='5560', data=Row{ver=1, k='oMRYe3fe6my0rvUrSf4pwQDxpCMwRLy1', v='Zv1oc9iii4cjG3ewsN6o6vno1HTeJmY5'}}
I/SDY     ( 2333): [MSend]: port: 11120 msg: M{Id=14, Ty=Insert, sId='5554', rId='5560', data=Row{ver=1, k='oMRYe3fe6my0rvUrSf4pwQDxpCMwRLy1', v='Zv1oc9iii4cjG3ewsN6o6vno1HTeJmY5'}}
I/SDY     ( 2333): [MSend]: M{Id=14, Ty=InsertResponse, sId='5554', rId='5554', data=113}
I/SDY     ( 2333): [HandleMessage]: M{Id=14, Ty=InsertResponse, sId='5554', rId='5554', data=113}
I/SDY     ( 2333): [Response]:H: M{Id=14, Ty=InsertResponse, sId='5554', rId='5554', data=113}
I/SDY     ( 2333): [MSend]: M{Id=14, Ty=Insert, sId='5554', rId='5558', data=Row{ver=1, k='oMRYe3fe6my0rvUrSf4pwQDxpCMwRLy1', v='Zv1oc9iii4cjG3ewsN6o6vno1HTeJmY5'}}
I/SDY     ( 2333): [MSend]: port: 11116 msg: M{Id=14, Ty=Insert, sId='5554', rId='5558', data=Row{ver=1, k='oMRYe3fe6my0rvUrSf4pwQDxpCMwRLy1', v='Zv1oc9iii4cjG3ewsN6o6vno1HTeJmY5'}}
E/SDY     ( 2333): [MSend]:Exception M{Id=14, Ty=Insert, sId='5554', rId='5558', data=Row{ver=1, k='oMRYe3fe6my0rvUrSf4pwQDxpCMwRLy1', v='Zv1oc9iii4cjG3ewsN6o6vno1HTeJmY5'}} , null
I/SDY     ( 2333): [SERVER]: M{Id=20, Ty=Insert, sId='5562', rId='5554', data=Row{ver=1, k='oDcWy3bAxrDjqfSKxWglGFKcUJI8YvPU', v='6f3edm4u05d8P1TfydhgcnC2ZYin4ilS'}}
I/SDY     ( 2333): [HandleMessage]: M{Id=20, Ty=Insert, sId='5562', rId='5554', data=Row{ver=1, k='oDcWy3bAxrDjqfSKxWglGFKcUJI8YvPU', v='6f3edm4u05d8P1TfydhgcnC2ZYin4ilS'}}
I/SDY     ( 2333): [Insert]:H: M{Id=20, Ty=Insert, sId='5562', rId='5554', data=Row{ver=1, k='oDcWy3bAxrDjqfSKxWglGFKcUJI8YvPU', v='6f3edm4u05d8P1TfydhgcnC2ZYin4ilS'}}
I/SDY     ( 2333): [[Query]:Local: oDcWy3bAxrDjqfSKxWglGFKcUJI8YvPU ,count: 0
I/SDY     ( 2333): [Insert]:Local: value=6f3edm4u05d8P1TfydhgcnC2ZYin4ilS node=5562 key=oDcWy3bAxrDjqfSKxWglGFKcUJI8YvPU version=1 ,rowId: 114
I/SDY     ( 2333): [Insert]:H:Done: M{Id=20, Ty=InsertResponse, sId='5562', rId='5562', data=114}
I/SDY     ( 2333): [MSend]: M{Id=20, Ty=InsertResponse, sId='5562', rId='5562', data=114}
I/SDY     ( 2333): [MSend]: port: 11124 msg: M{Id=20, Ty=InsertResponse, sId='5562', rId='5562', data=114}
I/SDY     ( 2333): [SERVER]: M{Id=14, Ty=InsertResponse, sId='5554', rId='5554', data=86}
I/SDY     ( 2333): [HandleMessage]: M{Id=14, Ty=InsertResponse, sId='5554', rId='5554', data=86}
I/SDY     ( 2333): [Response]:H: M{Id=14, Ty=InsertResponse, sId='5554', rId='5554', data=86}
I/SDY     ( 2333): [Insert]:Done: M{Id=14, Ty=Insert, sId='5554', rId='null', data=Row{ver=1, k='oMRYe3fe6my0rvUrSf4pwQDxpCMwRLy1', v='Zv1oc9iii4cjG3ewsN6o6vno1HTeJmY5'}}
I/SDY     ( 2333): [Insert]:Done: value=Zv1oc9iii4cjG3ewsN6o6vno1HTeJmY5 key=oMRYe3fe6my0rvUrSf4pwQDxpCMwRLy1 Done:r: 1
D/AndroidRuntime( 2482): Shutting down VM
D/jdwp    ( 2482): Got wake-up signal, bailing out of select
D/dalvikvm( 2482): Debugger has detached; object registry had 1 entries
D/AndroidRuntime( 2493): 
D/AndroidRuntime( 2493): >>>>>> AndroidRuntime START com.android.internal.os.RuntimeInit <<<<<<
W/linker  ( 2493): libdvm.so has text relocations. This is wasting memory and is a security risk. Please fix.
D/AndroidRuntime( 2493): CheckJNI is ON
D/dalvikvm( 2493): Trying to load lib libjavacore.so 0x0
D/dalvikvm( 2493): Added shared lib libjavacore.so 0x0
D/dalvikvm( 2493): Trying to load lib libnativehelper.so 0x0
D/dalvikvm( 2493): Added shared lib libnativehelper.so 0x0
D/dalvikvm( 2493): No JNI_OnLoad found in libnativehelper.so 0x0, skipping init
D/dalvikvm( 2493): Note: class Landroid/app/ActivityManagerNative; has 179 unimplemented (abstract) methods
E/memtrack( 2493): Couldn't load memtrack module (No such file or directory)
E/android.os.Debug( 2493): failed to load memtrack module: -2
D/AndroidRuntime( 2493): Calling main entry com.android.commands.content.Content
I/SDY     ( 2333): [Query]: oMRYe3fe6my0rvUrSf4pwQDxpCMwRLy1
I/SDY     ( 2333): [Query]: oMRYe3fe6my0rvUrSf4pwQDxpCMwRLy1
I/SDY     ( 2333): [Query]: M{Id=15, Ty=Query, sId='5554', rId='null', data=Row{ver=1, k='oMRYe3fe6my0rvUrSf4pwQDxpCMwRLy1', v='null'}} ,nodes: [5554, 5558, 5560]
I/SDY     ( 2333): [Add_Msg_Q]: M{Id=15, Ty=Query, sId='5554', rId='5554', data=Row{ver=1, k='oMRYe3fe6my0rvUrSf4pwQDxpCMwRLy1', v='null'}}
I/SDY     ( 2333): [Add_Msg_Q]: M{Id=15, Ty=Query, sId='5554', rId='5558', data=Row{ver=1, k='oMRYe3fe6my0rvUrSf4pwQDxpCMwRLy1', v='null'}}
I/SDY     ( 2333): [Add_Msg_Q]: M{Id=15, Ty=Query, sId='5554', rId='5560', data=Row{ver=1, k='oMRYe3fe6my0rvUrSf4pwQDxpCMwRLy1', v='null'}}
I/SDY     ( 2333): [MSend]: M{Id=15, Ty=Query, sId='5554', rId='5554', data=Row{ver=1, k='oMRYe3fe6my0rvUrSf4pwQDxpCMwRLy1', v='null'}}
I/SDY     ( 2333): [HandleMessage]: M{Id=15, Ty=Query, sId='5554', rId='5554', data=Row{ver=1, k='oMRYe3fe6my0rvUrSf4pwQDxpCMwRLy1', v='null'}}
I/SDY     ( 2333): [Query]:H: M{Id=15, Ty=Query, sId='5554', rId='5554', data=Row{ver=1, k='oMRYe3fe6my0rvUrSf4pwQDxpCMwRLy1', v='null'}}
I/SDY     ( 2333): [[Query]:Local: oMRYe3fe6my0rvUrSf4pwQDxpCMwRLy1 ,count: 1
I/SDY     ( 2333): [Query]:H:Done M{Id=15, Ty=QueryResponse, sId='5554', rId='5554', data=Row{ver=1, k='oMRYe3fe6my0rvUrSf4pwQDxpCMwRLy1', v='Zv1oc9iii4cjG3ewsN6o6vno1HTeJmY5'}}
I/SDY     ( 2333): [MSend]: M{Id=15, Ty=Query, sId='5554', rId='5560', data=Row{ver=1, k='oMRYe3fe6my0rvUrSf4pwQDxpCMwRLy1', v='null'}}
I/SDY     ( 2333): [MSend]: port: 11120 msg: M{Id=15, Ty=Query, sId='5554', rId='5560', data=Row{ver=1, k='oMRYe3fe6my0rvUrSf4pwQDxpCMwRLy1', v='null'}}
I/SDY     ( 2333): [MSend]: M{Id=15, Ty=QueryResponse, sId='5554', rId='5554', data=Row{ver=1, k='oMRYe3fe6my0rvUrSf4pwQDxpCMwRLy1', v='Zv1oc9iii4cjG3ewsN6o6vno1HTeJmY5'}}
I/SDY     ( 2333): [HandleMessage]: M{Id=15, Ty=QueryResponse, sId='5554', rId='5554', data=Row{ver=1, k='oMRYe3fe6my0rvUrSf4pwQDxpCMwRLy1', v='Zv1oc9iii4cjG3ewsN6o6vno1HTeJmY5'}}
I/SDY     ( 2333): [Response]:H: M{Id=15, Ty=QueryResponse, sId='5554', rId='5554', data=Row{ver=1, k='oMRYe3fe6my0rvUrSf4pwQDxpCMwRLy1', v='Zv1oc9iii4cjG3ewsN6o6vno1HTeJmY5'}}
I/SDY     ( 2333): [MSend]: M{Id=15, Ty=Query, sId='5554', rId='5558', data=Row{ver=1, k='oMRYe3fe6my0rvUrSf4pwQDxpCMwRLy1', v='null'}}
I/SDY     ( 2333): [MSend]: port: 11116 msg: M{Id=15, Ty=Query, sId='5554', rId='5558', data=Row{ver=1, k='oMRYe3fe6my0rvUrSf4pwQDxpCMwRLy1', v='null'}}
E/SDY     ( 2333): [MSend]:Exception M{Id=15, Ty=Query, sId='5554', rId='5558', data=Row{ver=1, k='oMRYe3fe6my0rvUrSf4pwQDxpCMwRLy1', v='null'}} , null
I/SDY     ( 2333): [SERVER]: M{Id=21, Ty=Query, sId='5562', rId='5554', data=Row{ver=1, k='oDcWy3bAxrDjqfSKxWglGFKcUJI8YvPU', v='null'}}
I/SDY     ( 2333): [HandleMessage]: M{Id=21, Ty=Query, sId='5562', rId='5554', data=Row{ver=1, k='oDcWy3bAxrDjqfSKxWglGFKcUJI8YvPU', v='null'}}
I/SDY     ( 2333): [Query]:H: M{Id=21, Ty=Query, sId='5562', rId='5554', data=Row{ver=1, k='oDcWy3bAxrDjqfSKxWglGFKcUJI8YvPU', v='null'}}
I/SDY     ( 2333): [[Query]:Local: oDcWy3bAxrDjqfSKxWglGFKcUJI8YvPU ,count: 1
I/SDY     ( 2333): [Query]:H:Done M{Id=21, Ty=QueryResponse, sId='5562', rId='5562', data=Row{ver=1, k='oDcWy3bAxrDjqfSKxWglGFKcUJI8YvPU', v='6f3edm4u05d8P1TfydhgcnC2ZYin4ilS'}}
I/SDY     ( 2333): [MSend]: M{Id=21, Ty=QueryResponse, sId='5562', rId='5562', data=Row{ver=1, k='oDcWy3bAxrDjqfSKxWglGFKcUJI8YvPU', v='6f3edm4u05d8P1TfydhgcnC2ZYin4ilS'}}
I/SDY     ( 2333): [MSend]: port: 11124 msg: M{Id=21, Ty=QueryResponse, sId='5562', rId='5562', data=Row{ver=1, k='oDcWy3bAxrDjqfSKxWglGFKcUJI8YvPU', v='6f3edm4u05d8P1TfydhgcnC2ZYin4ilS'}}
I/SDY     ( 2333): [SERVER]: M{Id=15, Ty=QueryResponse, sId='5554', rId='5554', data=Row{ver=1, k='oMRYe3fe6my0rvUrSf4pwQDxpCMwRLy1', v='Zv1oc9iii4cjG3ewsN6o6vno1HTeJmY5'}}
I/SDY     ( 2333): [HandleMessage]: M{Id=15, Ty=QueryResponse, sId='5554', rId='5554', data=Row{ver=1, k='oMRYe3fe6my0rvUrSf4pwQDxpCMwRLy1', v='Zv1oc9iii4cjG3ewsN6o6vno1HTeJmY5'}}
I/SDY     ( 2333): [Response]:H: M{Id=15, Ty=QueryResponse, sId='5554', rId='5554', data=Row{ver=1, k='oMRYe3fe6my0rvUrSf4pwQDxpCMwRLy1', v='Zv1oc9iii4cjG3ewsN6o6vno1HTeJmY5'}}
I/SDY     ( 2333): [Query]:Done: oMRYe3fe6my0rvUrSf4pwQDxpCMwRLy1,value: Zv1oc9iii4cjG3ewsN6o6vno1HTeJmY5 ,version: 1
I/SDY     ( 2333): [Query]:Done: oMRYe3fe6my0rvUrSf4pwQDxpCMwRLy1 ,cursor:  1
D/AndroidRuntime( 2493): Shutting down VM
D/jdwp    ( 2493): Got wake-up signal, bailing out of select
D/dalvikvm( 2493): Debugger has detached; object registry had 1 entries
D/AndroidRuntime( 2504): 
D/AndroidRuntime( 2504): >>>>>> AndroidRuntime START com.android.internal.os.RuntimeInit <<<<<<
W/linker  ( 2504): libdvm.so has text relocations. This is wasting memory and is a security risk. Please fix.
D/AndroidRuntime( 2504): CheckJNI is ON
D/dalvikvm( 2504): Trying to load lib libjavacore.so 0x0
D/dalvikvm( 2504): Added shared lib libjavacore.so 0x0
D/dalvikvm( 2504): Trying to load lib libnativehelper.so 0x0
D/dalvikvm( 2504): Added shared lib libnativehelper.so 0x0
D/dalvikvm( 2504): No JNI_OnLoad found in libnativehelper.so 0x0, skipping init
D/dalvikvm( 2504): Note: class Landroid/app/ActivityManagerNative; has 179 unimplemented (abstract) methods
E/memtrack( 2504): Couldn't load memtrack module (No such file or directory)
E/android.os.Debug( 2504): failed to load memtrack module: -2
D/AndroidRuntime( 2504): Calling main entry com.android.commands.content.Content
I/SDY     ( 2333): [Insert]: value=qU7iH3PVtAstdRfUCRpFOMX1QqHzHjyF key=UqJ5AVQcJGyRMnAgXVgVgTd2OF0tquMg
I/SDY     ( 2333): [Insert]: [5558, 5560, 5562] ,m: M{Id=16, Ty=Insert, sId='5554', rId='null', data=Row{ver=1, k='UqJ5AVQcJGyRMnAgXVgVgTd2OF0tquMg', v='qU7iH3PVtAstdRfUCRpFOMX1QqHzHjyF'}}
I/SDY     ( 2333): [Add_Msg_Q]: M{Id=16, Ty=Insert, sId='5554', rId='5558', data=Row{ver=1, k='UqJ5AVQcJGyRMnAgXVgVgTd2OF0tquMg', v='qU7iH3PVtAstdRfUCRpFOMX1QqHzHjyF'}}
I/SDY     ( 2333): [Add_Msg_Q]: M{Id=16, Ty=Insert, sId='5554', rId='5560', data=Row{ver=1, k='UqJ5AVQcJGyRMnAgXVgVgTd2OF0tquMg', v='qU7iH3PVtAstdRfUCRpFOMX1QqHzHjyF'}}
I/SDY     ( 2333): [Add_Msg_Q]: M{Id=16, Ty=Insert, sId='5554', rId='5562', data=Row{ver=1, k='UqJ5AVQcJGyRMnAgXVgVgTd2OF0tquMg', v='qU7iH3PVtAstdRfUCRpFOMX1QqHzHjyF'}}
I/SDY     ( 2333): [MSend]: M{Id=16, Ty=Insert, sId='5554', rId='5558', data=Row{ver=1, k='UqJ5AVQcJGyRMnAgXVgVgTd2OF0tquMg', v='qU7iH3PVtAstdRfUCRpFOMX1QqHzHjyF'}}
I/SDY     ( 2333): [MSend]: port: 11116 msg: M{Id=16, Ty=Insert, sId='5554', rId='5558', data=Row{ver=1, k='UqJ5AVQcJGyRMnAgXVgVgTd2OF0tquMg', v='qU7iH3PVtAstdRfUCRpFOMX1QqHzHjyF'}}
I/SDY     ( 2333): [MSend]: M{Id=16, Ty=Insert, sId='5554', rId='5562', data=Row{ver=1, k='UqJ5AVQcJGyRMnAgXVgVgTd2OF0tquMg', v='qU7iH3PVtAstdRfUCRpFOMX1QqHzHjyF'}}
I/SDY     ( 2333): [MSend]: port: 11124 msg: M{Id=16, Ty=Insert, sId='5554', rId='5562', data=Row{ver=1, k='UqJ5AVQcJGyRMnAgXVgVgTd2OF0tquMg', v='qU7iH3PVtAstdRfUCRpFOMX1QqHzHjyF'}}
I/SDY     ( 2333): [MSend]: M{Id=16, Ty=Insert, sId='5554', rId='5560', data=Row{ver=1, k='UqJ5AVQcJGyRMnAgXVgVgTd2OF0tquMg', v='qU7iH3PVtAstdRfUCRpFOMX1QqHzHjyF'}}
I/SDY     ( 2333): [MSend]: port: 11120 msg: M{Id=16, Ty=Insert, sId='5554', rId='5560', data=Row{ver=1, k='UqJ5AVQcJGyRMnAgXVgVgTd2OF0tquMg', v='qU7iH3PVtAstdRfUCRpFOMX1QqHzHjyF'}}
I/SDY     ( 2333): [SERVER]: M{Id=1, Ty=Sync, sId='5558', rId='5554', data=[5558, 5554, 5556]}
I/SDY     ( 2333): [HandleMessage]: M{Id=1, Ty=Sync, sId='5558', rId='5554', data=[5558, 5554, 5556]}
I/SDY     ( 2333): [Sync]:H:[5558, 5554, 5556] ,msg:M{Id=1, Ty=Sync, sId='5558', rId='5554', data=[5558, 5554, 5556]}
D/dalvikvm( 2333): GC_FOR_ALLOC freed 509K, 17% free 2889K/3464K, paused 10ms, total 11ms
I/SDY     ( 2333): [Sync]:H:Row: Row{ver=1, k='UZpJlNoAkY8v6DomKZ0zmf4KLYC1NRHw', v='8W6oSSsnn9aSfQ1TBxjv62L7jbXBAaGq'}
I/SDY     ( 2333): [Sync]:H:Row: Row{ver=1, k='XuGuXrBsZNwbGJIaHstm4koOGZFSrsqJ', v='T54kf6fezg2SrmNooAsLumdv2MySRUxg'}
I/SDY     ( 2333): [Sync]:H:Row: Row{ver=1, k='NmX0lO10aBkHrzU07bZbsxI63ehzUquo', v='GFGiSeCTlWvvl248teOneTY5DNhHwIl4'}
I/SDY     ( 2333): [Sync]:H:Row: Row{ver=1, k='3I8QZA4s1CGjsQoGzZDm7XNx6fOEK5TJ', v='0Y18WSoXp9hXkYAhn0bb7zZqz5z2ojwl'}
I/SDY     ( 2333): [Sync]:H:Row: Row{ver=1, k='XHZfzvVAShZ0XGIl05xmq4PBouaJBNv0', v='X7srWkpCoq97TcdkdLR1jCrAWoUqXeK8'}
I/SDY     ( 2333): [Sync]:H:Row: Row{ver=1, k='iLrQyZMlhMVSNWDuyvK1sJK4j9FIwlQL', v='mSVylZn7JEcEqWCGJeTCjLH4Et7kXjkf'}
I/SDY     ( 2333): [Sync]:H:Row: Row{ver=1, k='CUhKaqRc74BeWDuiDMSmWz2eMkm4UYUJ', v='IUYqgXQ2FcM40jPIifxtoX08lWEANYrA'}
I/SDY     ( 2333): [Sync]:H:Row: Row{ver=1, k='Lq2Xtr6Km8zKwiStMH8dNahH4d5UYouN', v='6PAOJE02mzna8f4agkIEfdgL2O2PBaRU'}
I/SDY     ( 2333): [Sync]:H:Row: Row{ver=1, k='eP2gQ1FLNei9vSbtLpuPpJHKPg27OfuL', v='eCi3nEZ7opst9KuE7N441czZ8os6txrB'}
I/SDY     ( 2333): [Sync]:H:Row: Row{ver=1, k='giNTSpO3oSg5zmPtAi1y0BcqhzpVeVfX', v='ZQydeKXl64WKLUPgASHqzqcKtHYEkqgh'}
I/SDY     ( 2333): [Sync]:H:Row: Row{ver=1, k='FCPjRnHZYXvmFeOqGzfENqT73ILvUjhR', v='aUKXmQiFNegTQ3c4ghxPHGDVUjjM6o9l'}
I/SDY     ( 2333): [Sync]:H:Row: Row{ver=1, k='SZRq5eUan3Hm5pmCHfFWpBPEnl7npxST', v='2CPxlhfL8PXiQt6Iw5HSgBzhuBtJ1Jul'}
I/SDY     ( 2333): [Sync]:H:Row: Row{ver=1, k='oMRYe3fe6my0rvUrSf4pwQDxpCMwRLy1', v='Zv1oc9iii4cjG3ewsN6o6vno1HTeJmY5'}
I/SDY     ( 2333): [Sync]:H:Response: [Row{ver=1, k='eP2gQ1FLNei9vSbtLpuPpJHKPg27OfuL', v='eCi3nEZ7opst9KuE7N441czZ8os6txrB'}, Row{ver=1, k='XHZfzvVAShZ0XGIl05xmq4PBouaJBNv0', v='X7srWkpCoq97TcdkdLR1jCrAWoUqXeK8'}, Row{ver=1, k='UZpJlNoAkY8v6DomKZ0zmf4KLYC1NRHw', v='8W6oSSsnn9aSfQ1TBxjv62L7jbXBAaGq'}, Row{ver=1, k='3I8QZA4s1CGjsQoGzZDm7XNx6fOEK5TJ', v='0Y18WSoXp9hXkYAhn0bb7zZqz5z2ojwl'}, Row{ver=1, k='CUhKaqRc74BeWDuiDMSmWz2eMkm4UYUJ', v='IUYqgXQ2FcM40jPIifxtoX08lWEANYrA'}, Row{ver=1, k='Lq2Xtr6Km8zKwiStMH8dNahH4d5UYouN', v='6PAOJE02mzna8f4agkIEfdgL2O2PBaRU'}, Row{ver=1, k='XuGuXrBsZNwbGJIaHstm4koOGZFSrsqJ', v='T54kf6fezg2SrmNooAsLumdv2MySRUxg'}, Row{ver=1, k='SZRq5eUan3Hm5pmCHfFWpBPEnl7npxST', v='2CPxlhfL8PXiQt6Iw5HSgBzhuBtJ1Jul'}, Row{ver=1, k='FCPjRnHZYXvmFeOqGzfENqT73ILvUjhR', v='aUKXmQiFNegTQ3c4ghxPHGDVUjjM6o9l'}, Row{ver=1, k='giNTSpO3oSg5zmPtAi1y0BcqhzpVeVfX', v='ZQydeKXl64WKLUPgASHqzqcKtHYEkqgh'}, Row{ver=1, k='NmX0lO10aBkHrzU07bZbsxI63ehzUquo', v='GFGiSeCTlWvvl248teOneTY5DNhHwIl4'}, Row{ver=1, k='oMRYe3fe6my0rvUrSf4pwQDxpCMwRLy1', v='Zv1oc9iii4cjG3ewsN6o6vno1HTeJmY5'}, Row{ver=1, k='iLrQyZMlhMVSNWDuyvK1sJK4j9FIwlQL', v='mSVylZn7JEcEqWCGJeTCjLH4Et7kXjkf'}]
I/SDY     ( 2333): [MSend]: M{Id=1, Ty=SyncResponse, sId='5558', rId='5558', data=[Row{ver=1, k='eP2gQ1FLNei9vSbtLpuPpJHKPg27OfuL', v='eCi3nEZ7opst9KuE7N441czZ8os6txrB'}, Row{ver=1, k='XHZfzvVAShZ0XGIl05xmq4PBouaJBNv0', v='X7srWkpCoq97TcdkdLR1jCrAWoUqXeK8'}, Row{ver=1, k='UZpJlNoAkY8v6DomKZ0zmf4KLYC1NRHw', v='8W6oSSsnn9aSfQ1TBxjv62L7jbXBAaGq'}, Row{ver=1, k='3I8QZA4s1CGjsQoGzZDm7XNx6fOEK5TJ', v='0Y18WSoXp9hXkYAhn0bb7zZqz5z2ojwl'}, Row{ver=1, k='CUhKaqRc74BeWDuiDMSmWz2eMkm4UYUJ', v='IUYqgXQ2FcM40jPIifxtoX08lWEANYrA'}, Row{ver=1, k='Lq2Xtr6Km8zKwiStMH8dNahH4d5UYouN', v='6PAOJE02mzna8f4agkIEfdgL2O2PBaRU'}, Row{ver=1, k='XuGuXrBsZNwbGJIaHstm4koOGZFSrsqJ', v='T54kf6fezg2SrmNooAsLumdv2MySRUxg'}, Row{ver=1, k='SZRq5eUan3Hm5pmCHfFWpBPEnl7npxST', v='2CPxlhfL8PXiQt6Iw5HSgBzhuBtJ1Jul'}, Row{ver=1, k='FCPjRnHZYXvmFeOqGzfENqT73ILvUjhR', v='aUKXmQiFNegTQ3c4ghxPHGDVUjjM6o9l'}, Row{ver=1, k='giNTSpO3oSg5zmPtAi1y0BcqhzpVeVfX', v='ZQydeKXl64WKLUPgASHqzqcKtHYEkqgh'}, Row{ver=1, k='NmX0lO10aBkHrzU07bZbsxI63ehzUquo', v='GFGiSeCTlWvvl248teOneTY5DNhHwIl4'}, Row{ver=1, k='oMRYe3fe6my0rvUrSf4pwQDxpCMwRLy1', v='Zv1oc9iii4cjG3ewsN6o6vno1HTeJmY5'}, Row{ver=1, k='iLrQyZMlhMVSNWDuyvK1sJK4j9FIwlQL', v='mSVylZn7JEcEqWCGJeTCjLH4Et7kXjkf'}]}
I/SDY     ( 2333): [MSend]: port: 11116 msg: M{Id=1, Ty=SyncResponse, sId='5558', rId='5558', data=[Row{ver=1, k='eP2gQ1FLNei9vSbtLpuPpJHKPg27OfuL', v='eCi3nEZ7opst9KuE7N441czZ8os6txrB'}, Row{ver=1, k='XHZfzvVAShZ0XGIl05xmq4PBouaJBNv0', v='X7srWkpCoq97TcdkdLR1jCrAWoUqXeK8'}, Row{ver=1, k='UZpJlNoAkY8v6DomKZ0zmf4KLYC1NRHw', v='8W6oSSsnn9aSfQ1TBxjv62L7jbXBAaGq'}, Row{ver=1, k='3I8QZA4s1CGjsQoGzZDm7XNx6fOEK5TJ', v='0Y18WSoXp9hXkYAhn0bb7zZqz5z2ojwl'}, Row{ver=1, k='CUhKaqRc74BeWDuiDMSmWz2eMkm4UYUJ', v='IUYqgXQ2FcM40jPIifxtoX08lWEANYrA'}, Row{ver=1, k='Lq2Xtr6Km8zKwiStMH8dNahH4d5UYouN', v='6PAOJE02mzna8f4agkIEfdgL2O2PBaRU'}, Row{ver=1, k='XuGuXrBsZNwbGJIaHstm4koOGZFSrsqJ', v='T54kf6fezg2SrmNooAsLumdv2MySRUxg'}, Row{ver=1, k='SZRq5eUan3Hm5pmCHfFWpBPEnl7npxST', v='2CPxlhfL8PXiQt6Iw5HSgBzhuBtJ1Jul'}, Row{ver=1, k='FCPjRnHZYXvmFeOqGzfENqT73ILvUjhR', v='aUKXmQiFNegTQ3c4ghxPHGDVUjjM6o9l'}, Row{ver=1, k='giNTSpO3oSg5zmPtAi1y0BcqhzpVeVfX', v='ZQydeKXl64WKLUPgASHqzqcKtHYEkqgh'}, Row{ver=1, k='NmX0lO10aBkHrzU07bZbsxI63ehzUquo', v='GFGiSeCTlWvvl248teOneTY5DNhHwIl4'}, Row{ver=1, k='oMRYe3fe6my0rvUrSf4pwQDxpCMwRLy1', v='Zv1oc9iii4cjG3ewsN6o6vno1HTeJmY5'}, Row{ver=1, k='iLrQyZMlhMVSNWDuyvK1sJK4j9FIwlQL', v='mSVylZn7JEcEqWCGJeTCjLH4Et7kXjkf'}]}
I/SDY     ( 2333): [SERVER]: M{Id=16, Ty=InsertResponse, sId='5554', rId='5554', data=162}
I/SDY     ( 2333): [HandleMessage]: M{Id=16, Ty=InsertResponse, sId='5554', rId='5554', data=162}
I/SDY     ( 2333): [Response]:H: M{Id=16, Ty=InsertResponse, sId='5554', rId='5554', data=162}
I/SDY     ( 2333): [SERVER]: M{Id=22, Ty=Insert, sId='5562', rId='5554', data=Row{ver=1, k='AT3BrROnS2Ww541IFLwM06dC29bh7ewW', v='wIDHyB9ZTHTegMXTccTpluJGBIhtegBQ'}}
I/SDY     ( 2333): [HandleMessage]: M{Id=22, Ty=Insert, sId='5562', rId='5554', data=Row{ver=1, k='AT3BrROnS2Ww541IFLwM06dC29bh7ewW', v='wIDHyB9ZTHTegMXTccTpluJGBIhtegBQ'}}
I/SDY     ( 2333): [Insert]:H: M{Id=22, Ty=Insert, sId='5562', rId='5554', data=Row{ver=1, k='AT3BrROnS2Ww541IFLwM06dC29bh7ewW', v='wIDHyB9ZTHTegMXTccTpluJGBIhtegBQ'}}
I/SDY     ( 2333): [[Query]:Local: AT3BrROnS2Ww541IFLwM06dC29bh7ewW ,count: 0
I/SDY     ( 2333): [SERVER]: M{Id=16, Ty=InsertResponse, sId='5554', rId='5554', data=89}
I/SDY     ( 2333): [Insert]:Local: value=wIDHyB9ZTHTegMXTccTpluJGBIhtegBQ node=5562 key=AT3BrROnS2Ww541IFLwM06dC29bh7ewW version=1 ,rowId: 115
I/SDY     ( 2333): [Insert]:H:Done: M{Id=22, Ty=InsertResponse, sId='5562', rId='5562', data=115}
I/SDY     ( 2333): [HandleMessage]: M{Id=16, Ty=InsertResponse, sId='5554', rId='5554', data=89}
I/SDY     ( 2333): [Response]:H: M{Id=16, Ty=InsertResponse, sId='5554', rId='5554', data=89}
I/SDY     ( 2333): [Insert]:Done: M{Id=16, Ty=Insert, sId='5554', rId='null', data=Row{ver=1, k='UqJ5AVQcJGyRMnAgXVgVgTd2OF0tquMg', v='qU7iH3PVtAstdRfUCRpFOMX1QqHzHjyF'}}
I/SDY     ( 2333): [Insert]:Done: value=qU7iH3PVtAstdRfUCRpFOMX1QqHzHjyF key=UqJ5AVQcJGyRMnAgXVgVgTd2OF0tquMg Done:r: 1
D/AndroidRuntime( 2504): Shutting down VM
D/jdwp    ( 2504): Got wake-up signal, bailing out of select
D/dalvikvm( 2504): Debugger has detached; object registry had 1 entries
I/SDY     ( 2333): [MSend]: M{Id=22, Ty=InsertResponse, sId='5562', rId='5562', data=115}
I/SDY     ( 2333): [MSend]: port: 11124 msg: M{Id=22, Ty=InsertResponse, sId='5562', rId='5562', data=115}
I/SDY     ( 2333): [SERVER]: M{Id=16, Ty=InsertResponse, sId='5554', rId='5554', data=75}
I/SDY     ( 2333): [HandleMessage]: M{Id=16, Ty=InsertResponse, sId='5554', rId='5554', data=75}
I/SDY     ( 2333): [Response]:H: M{Id=16, Ty=InsertResponse, sId='5554', rId='5554', data=75}
D/AndroidRuntime( 2515): 
D/AndroidRuntime( 2515): >>>>>> AndroidRuntime START com.android.internal.os.RuntimeInit <<<<<<
W/linker  ( 2515): libdvm.so has text relocations. This is wasting memory and is a security risk. Please fix.
D/AndroidRuntime( 2515): CheckJNI is ON
D/dalvikvm( 2515): Trying to load lib libjavacore.so 0x0
D/dalvikvm( 2515): Added shared lib libjavacore.so 0x0
D/dalvikvm( 2515): Trying to load lib libnativehelper.so 0x0
D/dalvikvm( 2515): Added shared lib libnativehelper.so 0x0
D/dalvikvm( 2515): No JNI_OnLoad found in libnativehelper.so 0x0, skipping init
D/dalvikvm( 2515): Note: class Landroid/app/ActivityManagerNative; has 179 unimplemented (abstract) methods
I/SDY     ( 2333): [SERVER]: M{Id=2, Ty=Query, sId='5558', rId='5554', data=Row{ver=1, k='SZRq5eUan3Hm5pmCHfFWpBPEnl7npxST', v='null'}}
I/SDY     ( 2333): [HandleMessage]: M{Id=2, Ty=Query, sId='5558', rId='5554', data=Row{ver=1, k='SZRq5eUan3Hm5pmCHfFWpBPEnl7npxST', v='null'}}
I/SDY     ( 2333): [Query]:H: M{Id=2, Ty=Query, sId='5558', rId='5554', data=Row{ver=1, k='SZRq5eUan3Hm5pmCHfFWpBPEnl7npxST', v='null'}}
I/SDY     ( 2333): [[Query]:Local: SZRq5eUan3Hm5pmCHfFWpBPEnl7npxST ,count: 1
I/SDY     ( 2333): [Query]:H:Done M{Id=2, Ty=QueryResponse, sId='5558', rId='5558', data=Row{ver=1, k='SZRq5eUan3Hm5pmCHfFWpBPEnl7npxST', v='2CPxlhfL8PXiQt6Iw5HSgBzhuBtJ1Jul'}}
I/SDY     ( 2333): [MSend]: M{Id=2, Ty=QueryResponse, sId='5558', rId='5558', data=Row{ver=1, k='SZRq5eUan3Hm5pmCHfFWpBPEnl7npxST', v='2CPxlhfL8PXiQt6Iw5HSgBzhuBtJ1Jul'}}
I/SDY     ( 2333): [MSend]: port: 11116 msg: M{Id=2, Ty=QueryResponse, sId='5558', rId='5558', data=Row{ver=1, k='SZRq5eUan3Hm5pmCHfFWpBPEnl7npxST', v='2CPxlhfL8PXiQt6Iw5HSgBzhuBtJ1Jul'}}
E/memtrack( 2515): Couldn't load memtrack module (No such file or directory)
E/android.os.Debug( 2515): failed to load memtrack module: -2
D/AndroidRuntime( 2515): Calling main entry com.android.commands.content.Content
I/SDY     ( 2333): [Query]: UqJ5AVQcJGyRMnAgXVgVgTd2OF0tquMg
I/SDY     ( 2333): [Query]: UqJ5AVQcJGyRMnAgXVgVgTd2OF0tquMg
I/SDY     ( 2333): [Query]: M{Id=17, Ty=Query, sId='5554', rId='null', data=Row{ver=1, k='UqJ5AVQcJGyRMnAgXVgVgTd2OF0tquMg', v='null'}} ,nodes: [5558, 5560, 5562]
I/SDY     ( 2333): [Add_Msg_Q]: M{Id=17, Ty=Query, sId='5554', rId='5558', data=Row{ver=1, k='UqJ5AVQcJGyRMnAgXVgVgTd2OF0tquMg', v='null'}}
I/SDY     ( 2333): [Add_Msg_Q]: M{Id=17, Ty=Query, sId='5554', rId='5560', data=Row{ver=1, k='UqJ5AVQcJGyRMnAgXVgVgTd2OF0tquMg', v='null'}}
I/SDY     ( 2333): [Add_Msg_Q]: M{Id=17, Ty=Query, sId='5554', rId='5562', data=Row{ver=1, k='UqJ5AVQcJGyRMnAgXVgVgTd2OF0tquMg', v='null'}}
I/SDY     ( 2333): [MSend]: M{Id=17, Ty=Query, sId='5554', rId='5558', data=Row{ver=1, k='UqJ5AVQcJGyRMnAgXVgVgTd2OF0tquMg', v='null'}}
I/SDY     ( 2333): [MSend]: port: 11116 msg: M{Id=17, Ty=Query, sId='5554', rId='5558', data=Row{ver=1, k='UqJ5AVQcJGyRMnAgXVgVgTd2OF0tquMg', v='null'}}
I/SDY     ( 2333): [MSend]: M{Id=17, Ty=Query, sId='5554', rId='5562', data=Row{ver=1, k='UqJ5AVQcJGyRMnAgXVgVgTd2OF0tquMg', v='null'}}
I/SDY     ( 2333): [MSend]: port: 11124 msg: M{Id=17, Ty=Query, sId='5554', rId='5562', data=Row{ver=1, k='UqJ5AVQcJGyRMnAgXVgVgTd2OF0tquMg', v='null'}}
I/SDY     ( 2333): [MSend]: M{Id=17, Ty=Query, sId='5554', rId='5560', data=Row{ver=1, k='UqJ5AVQcJGyRMnAgXVgVgTd2OF0tquMg', v='null'}}
I/SDY     ( 2333): [MSend]: port: 11120 msg: M{Id=17, Ty=Query, sId='5554', rId='5560', data=Row{ver=1, k='UqJ5AVQcJGyRMnAgXVgVgTd2OF0tquMg', v='null'}}
I/SDY     ( 2333): [SERVER]: M{Id=23, Ty=Query, sId='5562', rId='5554', data=Row{ver=1, k='AT3BrROnS2Ww541IFLwM06dC29bh7ewW', v='null'}}
I/SDY     ( 2333): [HandleMessage]: M{Id=23, Ty=Query, sId='5562', rId='5554', data=Row{ver=1, k='AT3BrROnS2Ww541IFLwM06dC29bh7ewW', v='null'}}
I/SDY     ( 2333): [Query]:H: M{Id=23, Ty=Query, sId='5562', rId='5554', data=Row{ver=1, k='AT3BrROnS2Ww541IFLwM06dC29bh7ewW', v='null'}}
I/SDY     ( 2333): [[Query]:Local: AT3BrROnS2Ww541IFLwM06dC29bh7ewW ,count: 1
I/SDY     ( 2333): [Query]:H:Done M{Id=23, Ty=QueryResponse, sId='5562', rId='5562', data=Row{ver=1, k='AT3BrROnS2Ww541IFLwM06dC29bh7ewW', v='wIDHyB9ZTHTegMXTccTpluJGBIhtegBQ'}}
I/SDY     ( 2333): [MSend]: M{Id=23, Ty=QueryResponse, sId='5562', rId='5562', data=Row{ver=1, k='AT3BrROnS2Ww541IFLwM06dC29bh7ewW', v='wIDHyB9ZTHTegMXTccTpluJGBIhtegBQ'}}
I/SDY     ( 2333): [MSend]: port: 11124 msg: M{Id=23, Ty=QueryResponse, sId='5562', rId='5562', data=Row{ver=1, k='AT3BrROnS2Ww541IFLwM06dC29bh7ewW', v='wIDHyB9ZTHTegMXTccTpluJGBIhtegBQ'}}
I/SDY     ( 2333): [SERVER]: M{Id=17, Ty=QueryResponse, sId='5554', rId='5554', data=Row{ver=1, k='UqJ5AVQcJGyRMnAgXVgVgTd2OF0tquMg', v='qU7iH3PVtAstdRfUCRpFOMX1QqHzHjyF'}}
I/SDY     ( 2333): [HandleMessage]: M{Id=17, Ty=QueryResponse, sId='5554', rId='5554', data=Row{ver=1, k='UqJ5AVQcJGyRMnAgXVgVgTd2OF0tquMg', v='qU7iH3PVtAstdRfUCRpFOMX1QqHzHjyF'}}
I/SDY     ( 2333): [Response]:H: M{Id=17, Ty=QueryResponse, sId='5554', rId='5554', data=Row{ver=1, k='UqJ5AVQcJGyRMnAgXVgVgTd2OF0tquMg', v='qU7iH3PVtAstdRfUCRpFOMX1QqHzHjyF'}}
I/SDY     ( 2333): [SERVER]: M{Id=17, Ty=QueryResponse, sId='5554', rId='5554', data=Row{ver=1, k='UqJ5AVQcJGyRMnAgXVgVgTd2OF0tquMg', v='qU7iH3PVtAstdRfUCRpFOMX1QqHzHjyF'}}
I/SDY     ( 2333): [HandleMessage]: M{Id=17, Ty=QueryResponse, sId='5554', rId='5554', data=Row{ver=1, k='UqJ5AVQcJGyRMnAgXVgVgTd2OF0tquMg', v='qU7iH3PVtAstdRfUCRpFOMX1QqHzHjyF'}}
I/SDY     ( 2333): [Response]:H: M{Id=17, Ty=QueryResponse, sId='5554', rId='5554', data=Row{ver=1, k='UqJ5AVQcJGyRMnAgXVgVgTd2OF0tquMg', v='qU7iH3PVtAstdRfUCRpFOMX1QqHzHjyF'}}
I/SDY     ( 2333): [Query]:Done: UqJ5AVQcJGyRMnAgXVgVgTd2OF0tquMg,value: qU7iH3PVtAstdRfUCRpFOMX1QqHzHjyF ,version: 1
I/SDY     ( 2333): [Query]:Done: UqJ5AVQcJGyRMnAgXVgVgTd2OF0tquMg ,cursor:  1
D/AndroidRuntime( 2515): Shutting down VM
D/dalvikvm( 2515): Debugger has detached; object registry had 1 entries
I/SDY     ( 2333): [SERVER]: M{Id=17, Ty=QueryResponse, sId='5554', rId='5554', data=Row{ver=1, k='UqJ5AVQcJGyRMnAgXVgVgTd2OF0tquMg', v='qU7iH3PVtAstdRfUCRpFOMX1QqHzHjyF'}}
I/SDY     ( 2333): [HandleMessage]: M{Id=17, Ty=QueryResponse, sId='5554', rId='5554', data=Row{ver=1, k='UqJ5AVQcJGyRMnAgXVgVgTd2OF0tquMg', v='qU7iH3PVtAstdRfUCRpFOMX1QqHzHjyF'}}
I/SDY     ( 2333): [Response]:H: M{Id=17, Ty=QueryResponse, sId='5554', rId='5554', data=Row{ver=1, k='UqJ5AVQcJGyRMnAgXVgVgTd2OF0tquMg', v='qU7iH3PVtAstdRfUCRpFOMX1QqHzHjyF'}}
D/AndroidRuntime( 2526): 
D/AndroidRuntime( 2526): >>>>>> AndroidRuntime START com.android.internal.os.RuntimeInit <<<<<<
W/linker  ( 2526): libdvm.so has text relocations. This is wasting memory and is a security risk. Please fix.
D/AndroidRuntime( 2526): CheckJNI is ON
D/dalvikvm( 2526): Trying to load lib libjavacore.so 0x0
D/dalvikvm( 2526): Added shared lib libjavacore.so 0x0
D/dalvikvm( 2526): Trying to load lib libnativehelper.so 0x0
D/dalvikvm( 2526): Added shared lib libnativehelper.so 0x0
D/dalvikvm( 2526): No JNI_OnLoad found in libnativehelper.so 0x0, skipping init
D/dalvikvm( 2526): Note: class Landroid/app/ActivityManagerNative; has 179 unimplemented (abstract) methods
E/memtrack( 2526): Couldn't load memtrack module (No such file or directory)
E/android.os.Debug( 2526): failed to load memtrack module: -2
D/AndroidRuntime( 2526): Calling main entry com.android.commands.content.Content
I/SDY     ( 2333): [Insert]: value=z495jk18zfEoikrapZqeYwHXaBpaqNlG key=kapsbGqqG4U6pXgDUaTfw6eHkpfFIxnl
I/SDY     ( 2333): [Insert]: [5560, 5562, 5556] ,m: M{Id=18, Ty=Insert, sId='5554', rId='null', data=Row{ver=1, k='kapsbGqqG4U6pXgDUaTfw6eHkpfFIxnl', v='z495jk18zfEoikrapZqeYwHXaBpaqNlG'}}
I/SDY     ( 2333): [Add_Msg_Q]: M{Id=18, Ty=Insert, sId='5554', rId='5560', data=Row{ver=1, k='kapsbGqqG4U6pXgDUaTfw6eHkpfFIxnl', v='z495jk18zfEoikrapZqeYwHXaBpaqNlG'}}
I/SDY     ( 2333): [Add_Msg_Q]: M{Id=18, Ty=Insert, sId='5554', rId='5562', data=Row{ver=1, k='kapsbGqqG4U6pXgDUaTfw6eHkpfFIxnl', v='z495jk18zfEoikrapZqeYwHXaBpaqNlG'}}
I/SDY     ( 2333): [Add_Msg_Q]: M{Id=18, Ty=Insert, sId='5554', rId='5556', data=Row{ver=1, k='kapsbGqqG4U6pXgDUaTfw6eHkpfFIxnl', v='z495jk18zfEoikrapZqeYwHXaBpaqNlG'}}
I/SDY     ( 2333): [MSend]: M{Id=18, Ty=Insert, sId='5554', rId='5560', data=Row{ver=1, k='kapsbGqqG4U6pXgDUaTfw6eHkpfFIxnl', v='z495jk18zfEoikrapZqeYwHXaBpaqNlG'}}
I/SDY     ( 2333): [MSend]: port: 11120 msg: M{Id=18, Ty=Insert, sId='5554', rId='5560', data=Row{ver=1, k='kapsbGqqG4U6pXgDUaTfw6eHkpfFIxnl', v='z495jk18zfEoikrapZqeYwHXaBpaqNlG'}}
I/SDY     ( 2333): [MSend]: M{Id=18, Ty=Insert, sId='5554', rId='5556', data=Row{ver=1, k='kapsbGqqG4U6pXgDUaTfw6eHkpfFIxnl', v='z495jk18zfEoikrapZqeYwHXaBpaqNlG'}}
I/SDY     ( 2333): [MSend]: port: 11112 msg: M{Id=18, Ty=Insert, sId='5554', rId='5556', data=Row{ver=1, k='kapsbGqqG4U6pXgDUaTfw6eHkpfFIxnl', v='z495jk18zfEoikrapZqeYwHXaBpaqNlG'}}
I/SDY     ( 2333): [MSend]: M{Id=18, Ty=Insert, sId='5554', rId='5562', data=Row{ver=1, k='kapsbGqqG4U6pXgDUaTfw6eHkpfFIxnl', v='z495jk18zfEoikrapZqeYwHXaBpaqNlG'}}
I/SDY     ( 2333): [MSend]: port: 11124 msg: M{Id=18, Ty=Insert, sId='5554', rId='5562', data=Row{ver=1, k='kapsbGqqG4U6pXgDUaTfw6eHkpfFIxnl', v='z495jk18zfEoikrapZqeYwHXaBpaqNlG'}}
I/SDY     ( 2333): [SERVER]: M{Id=18, Ty=InsertResponse, sId='5554', rId='5554', data=91}
I/SDY     ( 2333): [HandleMessage]: M{Id=18, Ty=InsertResponse, sId='5554', rId='5554', data=91}
I/SDY     ( 2333): [Response]:H: M{Id=18, Ty=InsertResponse, sId='5554', rId='5554', data=91}
I/SDY     ( 2333): [SERVER]: M{Id=24, Ty=Insert, sId='5562', rId='5554', data=Row{ver=1, k='2o04dWAVdaxlfxjRiIqdP9EWir5QHNr3', v='jCtJqDlvVR75lzjCtvc4srpoDR3OHneh'}}
I/SDY     ( 2333): [HandleMessage]: M{Id=24, Ty=Insert, sId='5562', rId='5554', data=Row{ver=1, k='2o04dWAVdaxlfxjRiIqdP9EWir5QHNr3', v='jCtJqDlvVR75lzjCtvc4srpoDR3OHneh'}}
I/SDY     ( 2333): [Insert]:H: M{Id=24, Ty=Insert, sId='5562', rId='5554', data=Row{ver=1, k='2o04dWAVdaxlfxjRiIqdP9EWir5QHNr3', v='jCtJqDlvVR75lzjCtvc4srpoDR3OHneh'}}
I/SDY     ( 2333): [[Query]:Local: 2o04dWAVdaxlfxjRiIqdP9EWir5QHNr3 ,count: 0
I/SDY     ( 2333): [Insert]:Local: value=jCtJqDlvVR75lzjCtvc4srpoDR3OHneh node=5556 key=2o04dWAVdaxlfxjRiIqdP9EWir5QHNr3 version=1 ,rowId: 116
I/SDY     ( 2333): [Insert]:H:Done: M{Id=24, Ty=InsertResponse, sId='5562', rId='5562', data=116}
I/SDY     ( 2333): [SERVER]: M{Id=18, Ty=InsertResponse, sId='5554', rId='5554', data=132}
I/SDY     ( 2333): [HandleMessage]: M{Id=18, Ty=InsertResponse, sId='5554', rId='5554', data=132}
I/SDY     ( 2333): [Response]:H: M{Id=18, Ty=InsertResponse, sId='5554', rId='5554', data=132}
I/SDY     ( 2333): [Insert]:Done: M{Id=18, Ty=Insert, sId='5554', rId='null', data=Row{ver=1, k='kapsbGqqG4U6pXgDUaTfw6eHkpfFIxnl', v='z495jk18zfEoikrapZqeYwHXaBpaqNlG'}}
I/SDY     ( 2333): [Insert]:Done: value=z495jk18zfEoikrapZqeYwHXaBpaqNlG key=kapsbGqqG4U6pXgDUaTfw6eHkpfFIxnl Done:r: 1
I/SDY     ( 2333): [SERVER]: M{Id=18, Ty=InsertResponse, sId='5554', rId='5554', data=166}
I/SDY     ( 2333): [HandleMessage]: M{Id=18, Ty=InsertResponse, sId='5554', rId='5554', data=166}
I/SDY     ( 2333): [Response]:H: M{Id=18, Ty=InsertResponse, sId='5554', rId='5554', data=166}
I/SDY     ( 2333): [MSend]: M{Id=24, Ty=InsertResponse, sId='5562', rId='5562', data=116}
I/SDY     ( 2333): [MSend]: port: 11124 msg: M{Id=24, Ty=InsertResponse, sId='5562', rId='5562', data=116}
D/AndroidRuntime( 2526): Shutting down VM
D/dalvikvm( 2526): Debugger has detached; object registry had 1 entries
D/AndroidRuntime( 2537): 
D/AndroidRuntime( 2537): >>>>>> AndroidRuntime START com.android.internal.os.RuntimeInit <<<<<<
W/linker  ( 2537): libdvm.so has text relocations. This is wasting memory and is a security risk. Please fix.
D/AndroidRuntime( 2537): CheckJNI is ON
D/dalvikvm( 2537): Trying to load lib libjavacore.so 0x0
D/dalvikvm( 2537): Added shared lib libjavacore.so 0x0
D/dalvikvm( 2537): Trying to load lib libnativehelper.so 0x0
D/dalvikvm( 2537): Added shared lib libnativehelper.so 0x0
D/dalvikvm( 2537): No JNI_OnLoad found in libnativehelper.so 0x0, skipping init
D/dalvikvm( 2537): Note: class Landroid/app/ActivityManagerNative; has 179 unimplemented (abstract) methods
E/memtrack( 2537): Couldn't load memtrack module (No such file or directory)
E/android.os.Debug( 2537): failed to load memtrack module: -2
D/AndroidRuntime( 2537): Calling main entry com.android.commands.content.Content
I/SDY     ( 2333): [Query]: kapsbGqqG4U6pXgDUaTfw6eHkpfFIxnl
I/SDY     ( 2333): [Query]: kapsbGqqG4U6pXgDUaTfw6eHkpfFIxnl
I/SDY     ( 2333): [Query]: M{Id=19, Ty=Query, sId='5554', rId='null', data=Row{ver=1, k='kapsbGqqG4U6pXgDUaTfw6eHkpfFIxnl', v='null'}} ,nodes: [5560, 5562, 5556]
I/SDY     ( 2333): [Add_Msg_Q]: M{Id=19, Ty=Query, sId='5554', rId='5560', data=Row{ver=1, k='kapsbGqqG4U6pXgDUaTfw6eHkpfFIxnl', v='null'}}
I/SDY     ( 2333): [Add_Msg_Q]: M{Id=19, Ty=Query, sId='5554', rId='5562', data=Row{ver=1, k='kapsbGqqG4U6pXgDUaTfw6eHkpfFIxnl', v='null'}}
I/SDY     ( 2333): [Add_Msg_Q]: M{Id=19, Ty=Query, sId='5554', rId='5556', data=Row{ver=1, k='kapsbGqqG4U6pXgDUaTfw6eHkpfFIxnl', v='null'}}
I/SDY     ( 2333): [MSend]: M{Id=19, Ty=Query, sId='5554', rId='5560', data=Row{ver=1, k='kapsbGqqG4U6pXgDUaTfw6eHkpfFIxnl', v='null'}}
I/SDY     ( 2333): [MSend]: port: 11120 msg: M{Id=19, Ty=Query, sId='5554', rId='5560', data=Row{ver=1, k='kapsbGqqG4U6pXgDUaTfw6eHkpfFIxnl', v='null'}}
E/SDY     ( 2333): [MSend]:Exception M{Id=19, Ty=Query, sId='5554', rId='5560', data=Row{ver=1, k='kapsbGqqG4U6pXgDUaTfw6eHkpfFIxnl', v='null'}} , null
I/SDY     ( 2333): [MSend]: M{Id=19, Ty=Query, sId='5554', rId='5556', data=Row{ver=1, k='kapsbGqqG4U6pXgDUaTfw6eHkpfFIxnl', v='null'}}
I/SDY     ( 2333): [MSend]: port: 11112 msg: M{Id=19, Ty=Query, sId='5554', rId='5556', data=Row{ver=1, k='kapsbGqqG4U6pXgDUaTfw6eHkpfFIxnl', v='null'}}
I/SDY     ( 2333): [MSend]: M{Id=19, Ty=Query, sId='5554', rId='5562', data=Row{ver=1, k='kapsbGqqG4U6pXgDUaTfw6eHkpfFIxnl', v='null'}}
I/SDY     ( 2333): [MSend]: port: 11124 msg: M{Id=19, Ty=Query, sId='5554', rId='5562', data=Row{ver=1, k='kapsbGqqG4U6pXgDUaTfw6eHkpfFIxnl', v='null'}}
I/SDY     ( 2333): [SERVER]: M{Id=25, Ty=Query, sId='5562', rId='5554', data=Row{ver=1, k='2o04dWAVdaxlfxjRiIqdP9EWir5QHNr3', v='null'}}
I/SDY     ( 2333): [HandleMessage]: M{Id=25, Ty=Query, sId='5562', rId='5554', data=Row{ver=1, k='2o04dWAVdaxlfxjRiIqdP9EWir5QHNr3', v='null'}}
D/dalvikvm( 2333): GC_FOR_ALLOC freed 515K, 17% free 2885K/3464K, paused 18ms, total 18ms
I/SDY     ( 2333): [Query]:H: M{Id=25, Ty=Query, sId='5562', rId='5554', data=Row{ver=1, k='2o04dWAVdaxlfxjRiIqdP9EWir5QHNr3', v='null'}}
I/SDY     ( 2333): [[Query]:Local: 2o04dWAVdaxlfxjRiIqdP9EWir5QHNr3 ,count: 1
I/SDY     ( 2333): [Query]:H:Done M{Id=25, Ty=QueryResponse, sId='5562', rId='5562', data=Row{ver=1, k='2o04dWAVdaxlfxjRiIqdP9EWir5QHNr3', v='jCtJqDlvVR75lzjCtvc4srpoDR3OHneh'}}
I/SDY     ( 2333): [MSend]: M{Id=25, Ty=QueryResponse, sId='5562', rId='5562', data=Row{ver=1, k='2o04dWAVdaxlfxjRiIqdP9EWir5QHNr3', v='jCtJqDlvVR75lzjCtvc4srpoDR3OHneh'}}
I/SDY     ( 2333): [MSend]: port: 11124 msg: M{Id=25, Ty=QueryResponse, sId='5562', rId='5562', data=Row{ver=1, k='2o04dWAVdaxlfxjRiIqdP9EWir5QHNr3', v='jCtJqDlvVR75lzjCtvc4srpoDR3OHneh'}}
I/SDY     ( 2333): [SERVER]: M{Id=19, Ty=QueryResponse, sId='5554', rId='5554', data=Row{ver=1, k='kapsbGqqG4U6pXgDUaTfw6eHkpfFIxnl', v='z495jk18zfEoikrapZqeYwHXaBpaqNlG'}}
I/SDY     ( 2333): [HandleMessage]: M{Id=19, Ty=QueryResponse, sId='5554', rId='5554', data=Row{ver=1, k='kapsbGqqG4U6pXgDUaTfw6eHkpfFIxnl', v='z495jk18zfEoikrapZqeYwHXaBpaqNlG'}}
I/SDY     ( 2333): [Response]:H: M{Id=19, Ty=QueryResponse, sId='5554', rId='5554', data=Row{ver=1, k='kapsbGqqG4U6pXgDUaTfw6eHkpfFIxnl', v='z495jk18zfEoikrapZqeYwHXaBpaqNlG'}}
I/SDY     ( 2333): [SERVER]: M{Id=19, Ty=QueryResponse, sId='5554', rId='5554', data=Row{ver=1, k='kapsbGqqG4U6pXgDUaTfw6eHkpfFIxnl', v='z495jk18zfEoikrapZqeYwHXaBpaqNlG'}}
I/SDY     ( 2333): [HandleMessage]: M{Id=19, Ty=QueryResponse, sId='5554', rId='5554', data=Row{ver=1, k='kapsbGqqG4U6pXgDUaTfw6eHkpfFIxnl', v='z495jk18zfEoikrapZqeYwHXaBpaqNlG'}}
I/SDY     ( 2333): [Response]:H: M{Id=19, Ty=QueryResponse, sId='5554', rId='5554', data=Row{ver=1, k='kapsbGqqG4U6pXgDUaTfw6eHkpfFIxnl', v='z495jk18zfEoikrapZqeYwHXaBpaqNlG'}}
I/SDY     ( 2333): [Query]:Done: kapsbGqqG4U6pXgDUaTfw6eHkpfFIxnl,value: z495jk18zfEoikrapZqeYwHXaBpaqNlG ,version: 1
I/SDY     ( 2333): [Query]:Done: kapsbGqqG4U6pXgDUaTfw6eHkpfFIxnl ,cursor:  1
D/AndroidRuntime( 2537): Shutting down VM
D/jdwp    ( 2537): Got wake-up signal, bailing out of select
D/dalvikvm( 2537): Debugger has detached; object registry had 1 entries
I/SDY     ( 2333): [SERVER]: M{Id=11, Ty=Insert, sId='5556', rId='5554', data=Row{ver=1, k='tFxeRfkFdf755AR9AJzb7137J6nC5ynS', v='PstxYLm9pyOfFZN41gIzit190Y9ichnN'}}
I/SDY     ( 2333): [HandleMessage]: M{Id=11, Ty=Insert, sId='5556', rId='5554', data=Row{ver=1, k='tFxeRfkFdf755AR9AJzb7137J6nC5ynS', v='PstxYLm9pyOfFZN41gIzit190Y9ichnN'}}
I/SDY     ( 2333): [Insert]:H: M{Id=11, Ty=Insert, sId='5556', rId='5554', data=Row{ver=1, k='tFxeRfkFdf755AR9AJzb7137J6nC5ynS', v='PstxYLm9pyOfFZN41gIzit190Y9ichnN'}}
I/SDY     ( 2333): [[Query]:Local: tFxeRfkFdf755AR9AJzb7137J6nC5ynS ,count: 0
I/SDY     ( 2333): [Insert]:Local: value=PstxYLm9pyOfFZN41gIzit190Y9ichnN node=5562 key=tFxeRfkFdf755AR9AJzb7137J6nC5ynS version=1 ,rowId: 117
I/SDY     ( 2333): [Insert]:H:Done: M{Id=11, Ty=InsertResponse, sId='5556', rId='5556', data=117}
I/SDY     ( 2333): [MSend]: M{Id=11, Ty=InsertResponse, sId='5556', rId='5556', data=117}
I/SDY     ( 2333): [MSend]: port: 11112 msg: M{Id=11, Ty=InsertResponse, sId='5556', rId='5556', data=117}
D/AndroidRuntime( 2548): 
D/AndroidRuntime( 2548): >>>>>> AndroidRuntime START com.android.internal.os.RuntimeInit <<<<<<
W/linker  ( 2548): libdvm.so has text relocations. This is wasting memory and is a security risk. Please fix.
D/AndroidRuntime( 2548): CheckJNI is ON
D/dalvikvm( 2548): Trying to load lib libjavacore.so 0x0
D/dalvikvm( 2548): Added shared lib libjavacore.so 0x0
D/dalvikvm( 2548): Trying to load lib libnativehelper.so 0x0
D/dalvikvm( 2548): Added shared lib libnativehelper.so 0x0
D/dalvikvm( 2548): No JNI_OnLoad found in libnativehelper.so 0x0, skipping init
D/dalvikvm( 2548): Note: class Landroid/app/ActivityManagerNative; has 179 unimplemented (abstract) methods
E/memtrack( 2548): Couldn't load memtrack module (No such file or directory)
E/android.os.Debug( 2548): failed to load memtrack module: -2
D/AndroidRuntime( 2548): Calling main entry com.android.commands.content.Content
I/SDY     ( 2333): [Insert]: value=Dms275G4ChzuxEvj57nwQcGRoWc2mU69 key=SkCVMjEOQ0DQLlavz6qjOXgA4plhEkCr
I/SDY     ( 2333): [Insert]: [5558, 5560, 5562] ,m: M{Id=20, Ty=Insert, sId='5554', rId='null', data=Row{ver=1, k='SkCVMjEOQ0DQLlavz6qjOXgA4plhEkCr', v='Dms275G4ChzuxEvj57nwQcGRoWc2mU69'}}
I/SDY     ( 2333): [Add_Msg_Q]: M{Id=20, Ty=Insert, sId='5554', rId='5558', data=Row{ver=1, k='SkCVMjEOQ0DQLlavz6qjOXgA4plhEkCr', v='Dms275G4ChzuxEvj57nwQcGRoWc2mU69'}}
I/SDY     ( 2333): [Add_Msg_Q]: M{Id=20, Ty=Insert, sId='5554', rId='5560', data=Row{ver=1, k='SkCVMjEOQ0DQLlavz6qjOXgA4plhEkCr', v='Dms275G4ChzuxEvj57nwQcGRoWc2mU69'}}
I/SDY     ( 2333): [Add_Msg_Q]: M{Id=20, Ty=Insert, sId='5554', rId='5562', data=Row{ver=1, k='SkCVMjEOQ0DQLlavz6qjOXgA4plhEkCr', v='Dms275G4ChzuxEvj57nwQcGRoWc2mU69'}}
I/SDY     ( 2333): [MSend]: M{Id=20, Ty=Insert, sId='5554', rId='5558', data=Row{ver=1, k='SkCVMjEOQ0DQLlavz6qjOXgA4plhEkCr', v='Dms275G4ChzuxEvj57nwQcGRoWc2mU69'}}
I/SDY     ( 2333): [MSend]: port: 11116 msg: M{Id=20, Ty=Insert, sId='5554', rId='5558', data=Row{ver=1, k='SkCVMjEOQ0DQLlavz6qjOXgA4plhEkCr', v='Dms275G4ChzuxEvj57nwQcGRoWc2mU69'}}
I/SDY     ( 2333): [MSend]: M{Id=20, Ty=Insert, sId='5554', rId='5562', data=Row{ver=1, k='SkCVMjEOQ0DQLlavz6qjOXgA4plhEkCr', v='Dms275G4ChzuxEvj57nwQcGRoWc2mU69'}}
I/SDY     ( 2333): [MSend]: port: 11124 msg: M{Id=20, Ty=Insert, sId='5554', rId='5562', data=Row{ver=1, k='SkCVMjEOQ0DQLlavz6qjOXgA4plhEkCr', v='Dms275G4ChzuxEvj57nwQcGRoWc2mU69'}}
I/SDY     ( 2333): [SERVER]: M{Id=5, Ty=Insert, sId='5558', rId='5554', data=Row{ver=1, k='TjNRgAj6FR1wunslSN5niPcln4I7UJ8P', v='FQnd9tKxV9q6dHiqxQY8HGS37VYYSjTn'}}
I/SDY     ( 2333): [HandleMessage]: M{Id=5, Ty=Insert, sId='5558', rId='5554', data=Row{ver=1, k='TjNRgAj6FR1wunslSN5niPcln4I7UJ8P', v='FQnd9tKxV9q6dHiqxQY8HGS37VYYSjTn'}}
I/SDY     ( 2333): [Insert]:H: M{Id=5, Ty=Insert, sId='5558', rId='5554', data=Row{ver=1, k='TjNRgAj6FR1wunslSN5niPcln4I7UJ8P', v='FQnd9tKxV9q6dHiqxQY8HGS37VYYSjTn'}}
I/SDY     ( 2333): [[Query]:Local: TjNRgAj6FR1wunslSN5niPcln4I7UJ8P ,count: 0
I/SDY     ( 2333): [SERVER]: M{Id=26, Ty=Insert, sId='5562', rId='5554', data=Row{ver=1, k='jhAzzrw85LqgXyzvS01EocBXzY9XAcN8', v='StXhuu8HDRKrwjBWTogMDUV52JNpebVF'}}
I/SDY     ( 2333): [Insert]:Local: value=FQnd9tKxV9q6dHiqxQY8HGS37VYYSjTn node=5562 key=TjNRgAj6FR1wunslSN5niPcln4I7UJ8P version=1 ,rowId: 118
I/SDY     ( 2333): [Insert]:H:Done: M{Id=5, Ty=InsertResponse, sId='5558', rId='5558', data=118}
I/SDY     ( 2333): [HandleMessage]: M{Id=26, Ty=Insert, sId='5562', rId='5554', data=Row{ver=1, k='jhAzzrw85LqgXyzvS01EocBXzY9XAcN8', v='StXhuu8HDRKrwjBWTogMDUV52JNpebVF'}}
I/SDY     ( 2333): [Insert]:H: M{Id=26, Ty=Insert, sId='5562', rId='5554', data=Row{ver=1, k='jhAzzrw85LqgXyzvS01EocBXzY9XAcN8', v='StXhuu8HDRKrwjBWTogMDUV52JNpebVF'}}
I/SDY     ( 2333): [[Query]:Local: jhAzzrw85LqgXyzvS01EocBXzY9XAcN8 ,count: 0
I/SDY     ( 2333): [Insert]:Local: value=StXhuu8HDRKrwjBWTogMDUV52JNpebVF node=5562 key=jhAzzrw85LqgXyzvS01EocBXzY9XAcN8 version=1 ,rowId: 119
I/SDY     ( 2333): [Insert]:H:Done: M{Id=26, Ty=InsertResponse, sId='5562', rId='5562', data=119}
I/SDY     ( 2333): [MSend]: M{Id=20, Ty=Insert, sId='5554', rId='5560', data=Row{ver=1, k='SkCVMjEOQ0DQLlavz6qjOXgA4plhEkCr', v='Dms275G4ChzuxEvj57nwQcGRoWc2mU69'}}
I/SDY     ( 2333): [MSend]: port: 11120 msg: M{Id=20, Ty=Insert, sId='5554', rId='5560', data=Row{ver=1, k='SkCVMjEOQ0DQLlavz6qjOXgA4plhEkCr', v='Dms275G4ChzuxEvj57nwQcGRoWc2mU69'}}
E/SDY     ( 2333): [MSend]:Exception M{Id=20, Ty=Insert, sId='5554', rId='5560', data=Row{ver=1, k='SkCVMjEOQ0DQLlavz6qjOXgA4plhEkCr', v='Dms275G4ChzuxEvj57nwQcGRoWc2mU69'}} , null
I/SDY     ( 2333): [MSend]: M{Id=26, Ty=InsertResponse, sId='5562', rId='5562', data=119}
I/SDY     ( 2333): [MSend]: port: 11124 msg: M{Id=26, Ty=InsertResponse, sId='5562', rId='5562', data=119}
I/SDY     ( 2333): [MSend]: M{Id=5, Ty=InsertResponse, sId='5558', rId='5558', data=118}
I/SDY     ( 2333): [MSend]: port: 11116 msg: M{Id=5, Ty=InsertResponse, sId='5558', rId='5558', data=118}
I/SDY     ( 2333): [SERVER]: M{Id=20, Ty=InsertResponse, sId='5554', rId='5554', data=136}
I/SDY     ( 2333): [HandleMessage]: M{Id=20, Ty=InsertResponse, sId='5554', rId='5554', data=136}
I/SDY     ( 2333): [Response]:H: M{Id=20, Ty=InsertResponse, sId='5554', rId='5554', data=136}
I/SDY     ( 2333): [SERVER]: M{Id=20, Ty=InsertResponse, sId='5554', rId='5554', data=170}
I/SDY     ( 2333): [HandleMessage]: M{Id=20, Ty=InsertResponse, sId='5554', rId='5554', data=170}
I/SDY     ( 2333): [Response]:H: M{Id=20, Ty=InsertResponse, sId='5554', rId='5554', data=170}
I/SDY     ( 2333): [Insert]:Done: M{Id=20, Ty=Insert, sId='5554', rId='null', data=Row{ver=1, k='SkCVMjEOQ0DQLlavz6qjOXgA4plhEkCr', v='Dms275G4ChzuxEvj57nwQcGRoWc2mU69'}}
