I/SDY     ( 1962): [Add_Msg_Q]: M{Id=9, Ty=Insert, sId='5554', rId='5560', data=Row{ver=1, k='c6QZiqEAUHBnLZKQ1z4pjuyUwawXeJpA', v='FgfirWdKJ6oCBDorumQYE6YjUbKEFIIf'}}
I/SDY     ( 1962): [Add_Msg_Q]: M{Id=9, Ty=Insert, sId='5554', rId='5562', data=Row{ver=1, k='c6QZiqEAUHBnLZKQ1z4pjuyUwawXeJpA', v='FgfirWdKJ6oCBDorumQYE6YjUbKEFIIf'}}
I/SDY     ( 1962): [MSend]: M{Id=9, Ty=Insert, sId='5554', rId='5558', data=Row{ver=1, k='c6QZiqEAUHBnLZKQ1z4pjuyUwawXeJpA', v='FgfirWdKJ6oCBDorumQYE6YjUbKEFIIf'}}
I/SDY     ( 1962): [MSend]: port: 11116 msg: M{Id=9, Ty=Insert, sId='5554', rId='5558', data=Row{ver=1, k='c6QZiqEAUHBnLZKQ1z4pjuyUwawXeJpA', v='FgfirWdKJ6oCBDorumQYE6YjUbKEFIIf'}}
I/SDY     ( 1962): [MSend]: M{Id=9, Ty=Insert, sId='5554', rId='5562', data=Row{ver=1, k='c6QZiqEAUHBnLZKQ1z4pjuyUwawXeJpA', v='FgfirWdKJ6oCBDorumQYE6YjUbKEFIIf'}}
I/SDY     ( 1962): [MSend]: port: 11124 msg: M{Id=9, Ty=Insert, sId='5554', rId='5562', data=Row{ver=1, k='c6QZiqEAUHBnLZKQ1z4pjuyUwawXeJpA', v='FgfirWdKJ6oCBDorumQYE6YjUbKEFIIf'}}
I/SDY     ( 1962): [SERVER]: M{Id=1, Ty=Sync, sId='5556', rId='5554', data=[5556, 5562, 5560]}
I/SDY     ( 1962): [HandleMessage]: M{Id=1, Ty=Sync, sId='5556', rId='5554', data=[5556, 5562, 5560]}
D/dalvikvm( 1962): GC_FOR_ALLOC freed 510K, 17% free 2884K/3444K, paused 9ms, total 10ms
I/SDY     ( 1962): [Sync]:H:[5556, 5562, 5560] ,msg:M{Id=1, Ty=Sync, sId='5556', rId='5554', data=[5556, 5562, 5560]}
I/SDY     ( 1962): [Sync]:H:Row: Row{ver=1, k='w1lzXVzwpoW6b0r4YIyHCVxDJgcAp87q', v='eRnLEZRgtduJA9AwoR1WfxD3MNG9coge'}
I/SDY     ( 1962): [Sync]:H:Row: Row{ver=1, k='SiFc6YCyf2VA7P1oDV7FwtDGycjbY3Yw', v='kJAIlrOwDkUGtJJZjKsEBtzAYYn4cWsL'}
I/SDY     ( 1962): [Sync]:H:Row: Row{ver=1, k='wEDOXEaVBuH4ePGAHJpPgeKREvU4fLPS', v='Twx7dvsxcCvm1EAqiqZGa727vtmsROaW'}
I/SDY     ( 1962): [Sync]:H:Row: Row{ver=1, k='fWIpwUnubRESzEZchB1NDuf53Wy8wXbA', v='KeOj0HAHn5XOrXKefDA3c1bFhOK0a4Js'}
I/SDY     ( 1962): [Sync]:H:Row: Row{ver=1, k='4vIDvun7GQ7xFe3lYacHOwYuL6sEEyAg', v='39W1zURXpaQGH1GZsfDOyvFxVMk5BAn3'}
I/SDY     ( 1962): [Sync]:H:Row: Row{ver=1, k='QJuA0fDJs2VU968qExgQS6SzywNOwfFN', v='NIEaE9AhHadifEMZyiI6oQ6KhWbouH6u'}
I/SDY     ( 1962): [Sync]:H:Row: Row{ver=1, k='WXBvp8myUBvBdEoQ59sdMdHWSEQNzP6V', v='xj3VqukDBWZ6FcxQVc7WBxCF7LN2GVhg'}
I/SDY     ( 1962): [Sync]:H:Row: Row{ver=1, k='ZKczxHNi2vXG5V0xXgrqm4c0sOCuqPAE', v='H6gP3i8PE4oQEfJ2Snj5uohQeqnMadJY'}
I/SDY     ( 1962): [Sync]:H:Row: Row{ver=1, k='UZpJlNoAkY8v6DomKZ0zmf4KLYC1NRHw', v='8W6oSSsnn9aSfQ1TBxjv62L7jbXBAaGq'}
I/SDY     ( 1962): [Sync]:H:Row: Row{ver=1, k='FCPjRnHZYXvmFeOqGzfENqT73ILvUjhR', v='aUKXmQiFNegTQ3c4ghxPHGDVUjjM6o9l'}
I/SDY     ( 1962): [Sync]:H:Row: Row{ver=1, k='MWSOXBLP7hfk37CO6juuvH6MwwXZe8Sb', v='aGB9GjVTmBCsAYzm12Awt1ccajV70bOG'}
I/SDY     ( 1962): [Sync]:H:Row: Row{ver=1, k='gpaDcDwdB7QDcdFgoxYoXRMpIgTCWIU5', v='JVV36WodGEzCiOOg2RQn6932vh8V6pN9'}
I/SDY     ( 1962): [Sync]:H:Row: Row{ver=1, k='F7dXYMlMWo9FAKD4NbJHTIePqsPDDImi', v='aN8m9SULZTnJyutiamM8NeQuKTyYu9dd'}
I/SDY     ( 1962): [Sync]:H:Row: Row{ver=1, k='XK1MJkczzh1yfXKW9DqcqdVNFX2vIQXh', v='2eHocmS8JShaKzXLAubNJbvl30DwNZpo'}
I/SDY     ( 1962): [Sync]:H:Row: Row{ver=1, k='gspf5SvNpBZ6bQlNafFEPKDeJIJ9WF4K', v='ek3PAToEkfU7BMT5l9A1qLBcdzgnjn89'}
I/SDY     ( 1962): [Sync]:H:Row: Row{ver=1, k='D3GbKDigCaAH5MYpM1qc3T2YVcLB5FwS', v='dE96jxlGlgRD2hPdgFZ5bEDtW4DfeQ3d'}
I/SDY     ( 1962): [Sync]:H:Row: Row{ver=1, k='NmX0lO10aBkHrzU07bZbsxI63ehzUquo', v='GFGiSeCTlWvvl248teOneTY5DNhHwIl4'}
I/SDY     ( 1962): [Sync]:H:Response: [Row{ver=1, k='MWSOXBLP7hfk37CO6juuvH6MwwXZe8Sb', v='aGB9GjVTmBCsAYzm12Awt1ccajV70bOG'}, Row{ver=1, k='4vIDvun7GQ7xFe3lYacHOwYuL6sEEyAg', v='39W1zURXpaQGH1GZsfDOyvFxVMk5BAn3'}, Row{ver=1, k='gpaDcDwdB7QDcdFgoxYoXRMpIgTCWIU5', v='JVV36WodGEzCiOOg2RQn6932vh8V6pN9'}, Row{ver=1, k='ZKczxHNi2vXG5V0xXgrqm4c0sOCuqPAE', v='H6gP3i8PE4oQEfJ2Snj5uohQeqnMadJY'}, Row{ver=1, k='D3GbKDigCaAH5MYpM1qc3T2YVcLB5FwS', v='dE96jxlGlgRD2hPdgFZ5bEDtW4DfeQ3d'}, Row{ver=1, k='SiFc6YCyf2VA7P1oDV7FwtDGycjbY3Yw', v='kJAIlrOwDkUGtJJZjKsEBtzAYYn4cWsL'}, Row{ver=1, k='UZpJlNoAkY8v6DomKZ0zmf4KLYC1NRHw', v='8W6oSSsnn9aSfQ1TBxjv62L7jbXBAaGq'}, Row{ver=1, k='fWIpwUnubRESzEZchB1NDuf53Wy8wXbA', v='KeOj0HAHn5XOrXKefDA3c1bFhOK0a4Js'}, Row{ver=1, k='F7dXYMlMWo9FAKD4NbJHTIePqsPDDImi', v='aN8m9SULZTnJyutiamM8NeQuKTyYu9dd'}, Row{ver=1, k='WXBvp8myUBvBdEoQ59sdMdHWSEQNzP6V', v='xj3VqukDBWZ6FcxQVc7WBxCF7LN2GVhg'}, Row{ver=1, k='NmX0lO10aBkHrzU07bZbsxI63ehzUquo', v='GFGiSeCTlWvvl248teOneTY5DNhHwIl4'}, Row{ver=1, k='w1lzXVzwpoW6b0r4YIyHCVxDJgcAp87q', v='eRnLEZRgtduJA9AwoR1WfxD3MNG9coge'}, Row{ver=1, k='gspf5SvNpBZ6bQlNafFEPKDeJIJ9WF4K', v='ek3PAToEkfU7BMT5l9A1qLBcdzgnjn89'}, Row{ver=1, k='XK1MJkczzh1yfXKW9DqcqdVNFX2vIQXh', v='2eHocmS8JShaKzXLAubNJbvl30DwNZpo'}, Row{ver=1, k='wEDOXEaVBuH4ePGAHJpPgeKREvU4fLPS', v='Twx7dvsxcCvm1EAqiqZGa727vtmsROaW'}, Row{ver=1, k='FCPjRnHZYXvmFeOqGzfENqT73ILvUjhR', v='aUKXmQiFNegTQ3c4ghxPHGDVUjjM6o9l'}, Row{ver=1, k='QJuA0fDJs2VU968qExgQS6SzywNOwfFN', v='NIEaE9AhHadifEMZyiI6oQ6KhWbouH6u'}]
I/SDY     ( 1962): [MSend]: M{Id=1, Ty=SyncResponse, sId='5556', rId='5556', data=[Row{ver=1, k='MWSOXBLP7hfk37CO6juuvH6MwwXZe8Sb', v='aGB9GjVTmBCsAYzm12Awt1ccajV70bOG'}, Row{ver=1, k='4vIDvun7GQ7xFe3lYacHOwYuL6sEEyAg', v='39W1zURXpaQGH1GZsfDOyvFxVMk5BAn3'}, Row{ver=1, k='gpaDcDwdB7QDcdFgoxYoXRMpIgTCWIU5', v='JVV36WodGEzCiOOg2RQn6932vh8V6pN9'}, Row{ver=1, k='ZKczxHNi2vXG5V0xXgrqm4c0sOCuqPAE', v='H6gP3i8PE4oQEfJ2Snj5uohQeqnMadJY'}, Row{ver=1, k='D3GbKDigCaAH5MYpM1qc3T2YVcLB5FwS', v='dE96jxlGlgRD2hPdgFZ5bEDtW4DfeQ3d'}, Row{ver=1, k='SiFc6YCyf2VA7P1oDV7FwtDGycjbY3Yw', v='kJAIlrOwDkUGtJJZjKsEBtzAYYn4cWsL'}, Row{ver=1, k='UZpJlNoAkY8v6DomKZ0zmf4KLYC1NRHw', v='8W6oSSsnn9aSfQ1TBxjv62L7jbXBAaGq'}, Row{ver=1, k='fWIpwUnubRESzEZchB1NDuf53Wy8wXbA', v='KeOj0HAHn5XOrXKefDA3c1bFhOK0a4Js'}, Row{ver=1, k='F7dXYMlMWo9FAKD4NbJHTIePqsPDDImi', v='aN8m9SULZTnJyutiamM8NeQuKTyYu9dd'}, Row{ver=1, k='WXBvp8myUBvBdEoQ59sdMdHWSEQNzP6V', v='xj3VqukDBWZ6FcxQVc7WBxCF7LN2GVhg'}, Row{ver=1, k='NmX0lO10aBkHrzU07bZbsxI63ehzUquo', v='GFGiSeCTlWvvl248teOneTY5DNhHwIl4'}, Row{ver=1, k='w1lzXVzwpoW6b0r4YIyHCVxDJgcAp87q', v='eRnLEZRgtduJA9AwoR1WfxD3MNG9coge'}, Row{ver=1, k='gspf5SvNpBZ6bQlNafFEPKDeJIJ9WF4K', v='ek3PAToEkfU7BMT5l9A1qLBcdzgnjn89'}, Row{ver=1, k='XK1MJkczzh1yfXKW9DqcqdVNFX2vIQXh', v='2eHocmS8JShaKzXLAubNJbvl30DwNZpo'}, Row{ver=1, k='wEDOXEaVBuH4ePGAHJpPgeKREvU4fLPS', v='Twx7dvsxcCvm1EAqiqZGa727vtmsROaW'}, Row{ver=1, k='FCPjRnHZYXvmFeOqGzfENqT73ILvUjhR', v='aUKXmQiFNegTQ3c4ghxPHGDVUjjM6o9l'}, Row{ver=1, k='QJuA0fDJs2VU968qExgQS6SzywNOwfFN', v='NIEaE9AhHadifEMZyiI6oQ6KhWbouH6u'}]}
I/SDY     ( 1962): [MSend]: port: 11112 msg: M{Id=1, Ty=SyncResponse, sId='5556', rId='5556', data=[Row{ver=1, k='MWSOXBLP7hfk37CO6juuvH6MwwXZe8Sb', v='aGB9GjVTmBCsAYzm12Awt1ccajV70bOG'}, Row{ver=1, k='4vIDvun7GQ7xFe3lYacHOwYuL6sEEyAg', v='39W1zURXpaQGH1GZsfDOyvFxVMk5BAn3'}, Row{ver=1, k='gpaDcDwdB7QDcdFgoxYoXRMpIgTCWIU5', v='JVV36WodGEzCiOOg2RQn6932vh8V6pN9'}, Row{ver=1, k='ZKczxHNi2vXG5V0xXgrqm4c0sOCuqPAE', v='H6gP3i8PE4oQEfJ2Snj5uohQeqnMadJY'}, Row{ver=1, k='D3GbKDigCaAH5MYpM1qc3T2YVcLB5FwS', v='dE96jxlGlgRD2hPdgFZ5bEDtW4DfeQ3d'}, Row{ver=1, k='SiFc6YCyf2VA7P1oDV7FwtDGycjbY3Yw', v='kJAIlrOwDkUGtJJZjKsEBtzAYYn4cWsL'}, Row{ver=1, k='UZpJlNoAkY8v6DomKZ0zmf4KLYC1NRHw', v='8W6oSSsnn9aSfQ1TBxjv62L7jbXBAaGq'}, Row{ver=1, k='fWIpwUnubRESzEZchB1NDuf53Wy8wXbA', v='KeOj0HAHn5XOrXKefDA3c1bFhOK0a4Js'}, Row{ver=1, k='F7dXYMlMWo9FAKD4NbJHTIePqsPDDImi', v='aN8m9SULZTnJyutiamM8NeQuKTyYu9dd'}, Row{ver=1, k='WXBvp8myUBvBdEoQ59sdMdHWSEQNzP6V', v='xj3VqukDBWZ6FcxQVc7WBxCF7LN2GVhg'}, Row{ver=1, k='NmX0lO10aBkHrzU07bZbsxI63ehzUquo', v='GFGiSeCTlWvvl248teOneTY5DNhHwIl4'}, Row{ver=1, k='w1lzXVzwpoW6b0r4YIyHCVxDJgcAp87q', v='eRnLEZRgtduJA9AwoR1WfxD3MNG9coge'}, Row{ver=1, k='gspf5SvNpBZ6bQlNafFEPKDeJIJ9WF4K', v='ek3PAToEkfU7BMT5l9A1qLBcdzgnjn89'}, Row{ver=1, k='XK1MJkczzh1yfXKW9DqcqdVNFX2vIQXh', v='2eHocmS8JShaKzXLAubNJbvl30DwNZpo'}, Row{ver=1, k='wEDOXEaVBuH4ePGAHJpPgeKREvU4fLPS', v='Twx7dvsxcCvm1EAqiqZGa727vtmsROaW'}, Row{ver=1, k='FCPjRnHZYXvmFeOqGzfENqT73ILvUjhR', v='aUKXmQiFNegTQ3c4ghxPHGDVUjjM6o9l'}, Row{ver=1, k='QJuA0fDJs2VU968qExgQS6SzywNOwfFN', v='NIEaE9AhHadifEMZyiI6oQ6KhWbouH6u'}]}
I/SDY     ( 1962): [SERVER]: M{Id=9, Ty=InsertResponse, sId='5554', rId='5554', data=18}
I/SDY     ( 1962): [HandleMessage]: M{Id=9, Ty=InsertResponse, sId='5554', rId='5554', data=18}
I/SDY     ( 1962): [Response]:H: M{Id=9, Ty=InsertResponse, sId='5554', rId='5554', data=18}
I/SDY     ( 1962): [MSend]: M{Id=9, Ty=Insert, sId='5554', rId='5560', data=Row{ver=1, k='c6QZiqEAUHBnLZKQ1z4pjuyUwawXeJpA', v='FgfirWdKJ6oCBDorumQYE6YjUbKEFIIf'}}
I/SDY     ( 1962): [MSend]: port: 11120 msg: M{Id=9, Ty=Insert, sId='5554', rId='5560', data=Row{ver=1, k='c6QZiqEAUHBnLZKQ1z4pjuyUwawXeJpA', v='FgfirWdKJ6oCBDorumQYE6YjUbKEFIIf'}}
I/SDY     ( 1962): [SERVER]: M{Id=9, Ty=InsertResponse, sId='5554', rId='5554', data=30}
I/SDY     ( 1962): [HandleMessage]: M{Id=9, Ty=InsertResponse, sId='5554', rId='5554', data=30}
I/SDY     ( 1962): [Response]:H: M{Id=9, Ty=InsertResponse, sId='5554', rId='5554', data=30}
I/SDY     ( 1962): [Insert]:Done: M{Id=9, Ty=Insert, sId='5554', rId='null', data=Row{ver=1, k='c6QZiqEAUHBnLZKQ1z4pjuyUwawXeJpA', v='FgfirWdKJ6oCBDorumQYE6YjUbKEFIIf'}}
I/SDY     ( 1962): [Insert]:Done: value=FgfirWdKJ6oCBDorumQYE6YjUbKEFIIf key=c6QZiqEAUHBnLZKQ1z4pjuyUwawXeJpA Done:r: 1
D/AndroidRuntime( 2056): Shutting down VM
D/jdwp    ( 2056): Got wake-up signal, bailing out of select
D/dalvikvm( 2056): Debugger has detached; object registry had 1 entries
I/SDY     ( 1962): [SERVER]: M{Id=9, Ty=InsertResponse, sId='5554', rId='5554', data=16}
I/SDY     ( 1962): [HandleMessage]: M{Id=9, Ty=InsertResponse, sId='5554', rId='5554', data=16}
I/SDY     ( 1962): [Response]:H: M{Id=9, Ty=InsertResponse, sId='5554', rId='5554', data=16}
D/AndroidRuntime( 2067): 
D/AndroidRuntime( 2067): >>>>>> AndroidRuntime START com.android.internal.os.RuntimeInit <<<<<<
W/linker  ( 2067): libdvm.so has text relocations. This is wasting memory and is a security risk. Please fix.
D/AndroidRuntime( 2067): CheckJNI is ON
D/dalvikvm( 2067): Trying to load lib libjavacore.so 0x0
D/dalvikvm( 2067): Added shared lib libjavacore.so 0x0
D/dalvikvm( 2067): Trying to load lib libnativehelper.so 0x0
D/dalvikvm( 2067): Added shared lib libnativehelper.so 0x0
D/dalvikvm( 2067): No JNI_OnLoad found in libnativehelper.so 0x0, skipping init
D/dalvikvm( 2067): Note: class Landroid/app/ActivityManagerNative; has 179 unimplemented (abstract) methods
I/SDY     ( 1962): [SERVER]: M{Id=2, Ty=Insert, sId='5556', rId='5554', data=Row{ver=1, k='G1iwXqivjfsBmLTdfo8sGw08pzp8uzCZ', v='WJSaJqqAw7dRCYRcXsBo7fGBPlJsyFxt'}}
I/SDY     ( 1962): [HandleMessage]: M{Id=2, Ty=Insert, sId='5556', rId='5554', data=Row{ver=1, k='G1iwXqivjfsBmLTdfo8sGw08pzp8uzCZ', v='WJSaJqqAw7dRCYRcXsBo7fGBPlJsyFxt'}}
I/SDY     ( 1962): [Insert]:H: M{Id=2, Ty=Insert, sId='5556', rId='5554', data=Row{ver=1, k='G1iwXqivjfsBmLTdfo8sGw08pzp8uzCZ', v='WJSaJqqAw7dRCYRcXsBo7fGBPlJsyFxt'}}
I/SDY     ( 1962): [[Query]:Local: G1iwXqivjfsBmLTdfo8sGw08pzp8uzCZ ,count: 0
I/SDY     ( 1962): [Insert]:Local: value=WJSaJqqAw7dRCYRcXsBo7fGBPlJsyFxt node=5562 key=G1iwXqivjfsBmLTdfo8sGw08pzp8uzCZ version=1 ,rowId: 22
I/SDY     ( 1962): [Insert]:H:Done: M{Id=2, Ty=InsertResponse, sId='5556', rId='5556', data=22}
I/SDY     ( 1962): [SERVER]: M{Id=18, Ty=Insert, sId='5560', rId='5554', data=Row{ver=1, k='3I8QZA4s1CGjsQoGzZDm7XNx6fOEK5TJ', v='0Y18WSoXp9hXkYAhn0bb7zZqz5z2ojwl'}}
I/SDY     ( 1962): [HandleMessage]: M{Id=18, Ty=Insert, sId='5560', rId='5554', data=Row{ver=1, k='3I8QZA4s1CGjsQoGzZDm7XNx6fOEK5TJ', v='0Y18WSoXp9hXkYAhn0bb7zZqz5z2ojwl'}}
I/SDY     ( 1962): [Insert]:H: M{Id=18, Ty=Insert, sId='5560', rId='5554', data=Row{ver=1, k='3I8QZA4s1CGjsQoGzZDm7XNx6fOEK5TJ', v='0Y18WSoXp9hXkYAhn0bb7zZqz5z2ojwl'}}
I/SDY     ( 1962): [[Query]:Local: 3I8QZA4s1CGjsQoGzZDm7XNx6fOEK5TJ ,count: 0
I/SDY     ( 1962): [Insert]:Local: value=0Y18WSoXp9hXkYAhn0bb7zZqz5z2ojwl node=5554 key=3I8QZA4s1CGjsQoGzZDm7XNx6fOEK5TJ version=1 ,rowId: 23
I/SDY     ( 1962): [Insert]:H:Done: M{Id=18, Ty=InsertResponse, sId='5560', rId='5560', data=23}
I/SDY     ( 1962): [MSend]: M{Id=2, Ty=InsertResponse, sId='5556', rId='5556', data=22}
I/SDY     ( 1962): [MSend]: port: 11112 msg: M{Id=2, Ty=InsertResponse, sId='5556', rId='5556', data=22}
I/SDY     ( 1962): [MSend]: M{Id=18, Ty=InsertResponse, sId='5560', rId='5560', data=23}
I/SDY     ( 1962): [MSend]: port: 11120 msg: M{Id=18, Ty=InsertResponse, sId='5560', rId='5560', data=23}
E/memtrack( 2067): Couldn't load memtrack module (No such file or directory)
E/android.os.Debug( 2067): failed to load memtrack module: -2
D/AndroidRuntime( 2067): Calling main entry com.android.commands.content.Content
I/SDY     ( 1962): [Query]: c6QZiqEAUHBnLZKQ1z4pjuyUwawXeJpA
I/SDY     ( 1962): [Query]: c6QZiqEAUHBnLZKQ1z4pjuyUwawXeJpA
I/SDY     ( 1962): [Query]: M{Id=10, Ty=Query, sId='5554', rId='null', data=Row{ver=1, k='c6QZiqEAUHBnLZKQ1z4pjuyUwawXeJpA', v='null'}} ,nodes: [5558, 5560, 5562]
I/SDY     ( 1962): [Add_Msg_Q]: M{Id=10, Ty=Query, sId='5554', rId='5558', data=Row{ver=1, k='c6QZiqEAUHBnLZKQ1z4pjuyUwawXeJpA', v='null'}}
I/SDY     ( 1962): [Add_Msg_Q]: M{Id=10, Ty=Query, sId='5554', rId='5560', data=Row{ver=1, k='c6QZiqEAUHBnLZKQ1z4pjuyUwawXeJpA', v='null'}}
I/SDY     ( 1962): [Add_Msg_Q]: M{Id=10, Ty=Query, sId='5554', rId='5562', data=Row{ver=1, k='c6QZiqEAUHBnLZKQ1z4pjuyUwawXeJpA', v='null'}}
I/SDY     ( 1962): [MSend]: M{Id=10, Ty=Query, sId='5554', rId='5558', data=Row{ver=1, k='c6QZiqEAUHBnLZKQ1z4pjuyUwawXeJpA', v='null'}}
I/SDY     ( 1962): [MSend]: port: 11116 msg: M{Id=10, Ty=Query, sId='5554', rId='5558', data=Row{ver=1, k='c6QZiqEAUHBnLZKQ1z4pjuyUwawXeJpA', v='null'}}
I/SDY     ( 1962): [MSend]: M{Id=10, Ty=Query, sId='5554', rId='5562', data=Row{ver=1, k='c6QZiqEAUHBnLZKQ1z4pjuyUwawXeJpA', v='null'}}
I/SDY     ( 1962): [MSend]: port: 11124 msg: M{Id=10, Ty=Query, sId='5554', rId='5562', data=Row{ver=1, k='c6QZiqEAUHBnLZKQ1z4pjuyUwawXeJpA', v='null'}}
I/SDY     ( 1962): [MSend]: M{Id=10, Ty=Query, sId='5554', rId='5560', data=Row{ver=1, k='c6QZiqEAUHBnLZKQ1z4pjuyUwawXeJpA', v='null'}}
I/SDY     ( 1962): [MSend]: port: 11120 msg: M{Id=10, Ty=Query, sId='5554', rId='5560', data=Row{ver=1, k='c6QZiqEAUHBnLZKQ1z4pjuyUwawXeJpA', v='null'}}
I/SDY     ( 1962): [SERVER]: M{Id=10, Ty=QueryResponse, sId='5554', rId='5554', data=Row{ver=1, k='c6QZiqEAUHBnLZKQ1z4pjuyUwawXeJpA', v='FgfirWdKJ6oCBDorumQYE6YjUbKEFIIf'}}
I/SDY     ( 1962): [HandleMessage]: M{Id=10, Ty=QueryResponse, sId='5554', rId='5554', data=Row{ver=1, k='c6QZiqEAUHBnLZKQ1z4pjuyUwawXeJpA', v='FgfirWdKJ6oCBDorumQYE6YjUbKEFIIf'}}
I/SDY     ( 1962): [Response]:H: M{Id=10, Ty=QueryResponse, sId='5554', rId='5554', data=Row{ver=1, k='c6QZiqEAUHBnLZKQ1z4pjuyUwawXeJpA', v='FgfirWdKJ6oCBDorumQYE6YjUbKEFIIf'}}
I/SDY     ( 1962): [SERVER]: M{Id=10, Ty=QueryResponse, sId='5554', rId='5554', data=Row{ver=1, k='c6QZiqEAUHBnLZKQ1z4pjuyUwawXeJpA', v='FgfirWdKJ6oCBDorumQYE6YjUbKEFIIf'}}
I/SDY     ( 1962): [HandleMessage]: M{Id=10, Ty=QueryResponse, sId='5554', rId='5554', data=Row{ver=1, k='c6QZiqEAUHBnLZKQ1z4pjuyUwawXeJpA', v='FgfirWdKJ6oCBDorumQYE6YjUbKEFIIf'}}
I/SDY     ( 1962): [Response]:H: M{Id=10, Ty=QueryResponse, sId='5554', rId='5554', data=Row{ver=1, k='c6QZiqEAUHBnLZKQ1z4pjuyUwawXeJpA', v='FgfirWdKJ6oCBDorumQYE6YjUbKEFIIf'}}
I/SDY     ( 1962): [Query]:Done: c6QZiqEAUHBnLZKQ1z4pjuyUwawXeJpA,value: FgfirWdKJ6oCBDorumQYE6YjUbKEFIIf ,version: 1
I/SDY     ( 1962): [Query]:Done: c6QZiqEAUHBnLZKQ1z4pjuyUwawXeJpA ,cursor:  1
D/AndroidRuntime( 2067): Shutting down VM
D/jdwp    ( 2067): Got wake-up signal, bailing out of select
D/dalvikvm( 2067): Debugger has detached; object registry had 1 entries
I/SDY     ( 1962): [SERVER]: M{Id=10, Ty=QueryResponse, sId='5554', rId='5554', data=Row{ver=1, k='c6QZiqEAUHBnLZKQ1z4pjuyUwawXeJpA', v='FgfirWdKJ6oCBDorumQYE6YjUbKEFIIf'}}
I/SDY     ( 1962): [HandleMessage]: M{Id=10, Ty=QueryResponse, sId='5554', rId='5554', data=Row{ver=1, k='c6QZiqEAUHBnLZKQ1z4pjuyUwawXeJpA', v='FgfirWdKJ6oCBDorumQYE6YjUbKEFIIf'}}
I/SDY     ( 1962): [Response]:H: M{Id=10, Ty=QueryResponse, sId='5554', rId='5554', data=Row{ver=1, k='c6QZiqEAUHBnLZKQ1z4pjuyUwawXeJpA', v='FgfirWdKJ6oCBDorumQYE6YjUbKEFIIf'}}
D/AndroidRuntime( 2078): 
D/AndroidRuntime( 2078): >>>>>> AndroidRuntime START com.android.internal.os.RuntimeInit <<<<<<
W/linker  ( 2078): libdvm.so has text relocations. This is wasting memory and is a security risk. Please fix.
D/AndroidRuntime( 2078): CheckJNI is ON
D/dalvikvm( 2078): Trying to load lib libjavacore.so 0x0
D/dalvikvm( 2078): Added shared lib libjavacore.so 0x0
D/dalvikvm( 2078): Trying to load lib libnativehelper.so 0x0
D/dalvikvm( 2078): Added shared lib libnativehelper.so 0x0
D/dalvikvm( 2078): No JNI_OnLoad found in libnativehelper.so 0x0, skipping init
D/dalvikvm( 2078): Note: class Landroid/app/ActivityManagerNative; has 179 unimplemented (abstract) methods
I/SDY     ( 1962): [SERVER]: M{Id=3, Ty=Query, sId='5556', rId='5554', data=Row{ver=1, k='G1iwXqivjfsBmLTdfo8sGw08pzp8uzCZ', v='null'}}
I/SDY     ( 1962): [HandleMessage]: M{Id=3, Ty=Query, sId='5556', rId='5554', data=Row{ver=1, k='G1iwXqivjfsBmLTdfo8sGw08pzp8uzCZ', v='null'}}
I/SDY     ( 1962): [Query]:H: M{Id=3, Ty=Query, sId='5556', rId='5554', data=Row{ver=1, k='G1iwXqivjfsBmLTdfo8sGw08pzp8uzCZ', v='null'}}
I/SDY     ( 1962): [[Query]:Local: G1iwXqivjfsBmLTdfo8sGw08pzp8uzCZ ,count: 1
I/SDY     ( 1962): [Query]:H:Done M{Id=3, Ty=QueryResponse, sId='5556', rId='5556', data=Row{ver=1, k='G1iwXqivjfsBmLTdfo8sGw08pzp8uzCZ', v='WJSaJqqAw7dRCYRcXsBo7fGBPlJsyFxt'}}
E/memtrack( 2078): Couldn't load memtrack module (No such file or directory)
E/android.os.Debug( 2078): failed to load memtrack module: -2
I/SDY     ( 1962): [MSend]: M{Id=3, Ty=QueryResponse, sId='5556', rId='5556', data=Row{ver=1, k='G1iwXqivjfsBmLTdfo8sGw08pzp8uzCZ', v='WJSaJqqAw7dRCYRcXsBo7fGBPlJsyFxt'}}
I/SDY     ( 1962): [MSend]: port: 11112 msg: M{Id=3, Ty=QueryResponse, sId='5556', rId='5556', data=Row{ver=1, k='G1iwXqivjfsBmLTdfo8sGw08pzp8uzCZ', v='WJSaJqqAw7dRCYRcXsBo7fGBPlJsyFxt'}}
D/AndroidRuntime( 2078): Calling main entry com.android.commands.content.Content
I/SDY     ( 1962): [Insert]: value=KwoxOYD4YURuFwo6mAJleNN5qMvUILb2 key=wlFo1nvIpHpSin8asb7SxlkOsla5w4gx
I/SDY     ( 1962): [Insert]: [5558, 5560, 5562] ,m: M{Id=11, Ty=Insert, sId='5554', rId='null', data=Row{ver=1, k='wlFo1nvIpHpSin8asb7SxlkOsla5w4gx', v='KwoxOYD4YURuFwo6mAJleNN5qMvUILb2'}}
I/SDY     ( 1962): [Add_Msg_Q]: M{Id=11, Ty=Insert, sId='5554', rId='5558', data=Row{ver=1, k='wlFo1nvIpHpSin8asb7SxlkOsla5w4gx', v='KwoxOYD4YURuFwo6mAJleNN5qMvUILb2'}}
I/SDY     ( 1962): [Add_Msg_Q]: M{Id=11, Ty=Insert, sId='5554', rId='5560', data=Row{ver=1, k='wlFo1nvIpHpSin8asb7SxlkOsla5w4gx', v='KwoxOYD4YURuFwo6mAJleNN5qMvUILb2'}}
I/SDY     ( 1962): [Add_Msg_Q]: M{Id=11, Ty=Insert, sId='5554', rId='5562', data=Row{ver=1, k='wlFo1nvIpHpSin8asb7SxlkOsla5w4gx', v='KwoxOYD4YURuFwo6mAJleNN5qMvUILb2'}}
I/SDY     ( 1962): [MSend]: M{Id=11, Ty=Insert, sId='5554', rId='5558', data=Row{ver=1, k='wlFo1nvIpHpSin8asb7SxlkOsla5w4gx', v='KwoxOYD4YURuFwo6mAJleNN5qMvUILb2'}}
I/SDY     ( 1962): [MSend]: port: 11116 msg: M{Id=11, Ty=Insert, sId='5554', rId='5558', data=Row{ver=1, k='wlFo1nvIpHpSin8asb7SxlkOsla5w4gx', v='KwoxOYD4YURuFwo6mAJleNN5qMvUILb2'}}
I/SDY     ( 1962): [MSend]: M{Id=11, Ty=Insert, sId='5554', rId='5562', data=Row{ver=1, k='wlFo1nvIpHpSin8asb7SxlkOsla5w4gx', v='KwoxOYD4YURuFwo6mAJleNN5qMvUILb2'}}
I/SDY     ( 1962): [MSend]: port: 11124 msg: M{Id=11, Ty=Insert, sId='5554', rId='5562', data=Row{ver=1, k='wlFo1nvIpHpSin8asb7SxlkOsla5w4gx', v='KwoxOYD4YURuFwo6mAJleNN5qMvUILb2'}}
I/SDY     ( 1962): [SERVER]: M{Id=19, Ty=Query, sId='5560', rId='5554', data=Row{ver=1, k='3I8QZA4s1CGjsQoGzZDm7XNx6fOEK5TJ', v='null'}}
I/SDY     ( 1962): [HandleMessage]: M{Id=19, Ty=Query, sId='5560', rId='5554', data=Row{ver=1, k='3I8QZA4s1CGjsQoGzZDm7XNx6fOEK5TJ', v='null'}}
I/SDY     ( 1962): [Query]:H: M{Id=19, Ty=Query, sId='5560', rId='5554', data=Row{ver=1, k='3I8QZA4s1CGjsQoGzZDm7XNx6fOEK5TJ', v='null'}}
I/SDY     ( 1962): [[Query]:Local: 3I8QZA4s1CGjsQoGzZDm7XNx6fOEK5TJ ,count: 1
I/SDY     ( 1962): [Query]:H:Done M{Id=19, Ty=QueryResponse, sId='5560', rId='5560', data=Row{ver=1, k='3I8QZA4s1CGjsQoGzZDm7XNx6fOEK5TJ', v='0Y18WSoXp9hXkYAhn0bb7zZqz5z2ojwl'}}
I/SDY     ( 1962): [MSend]: M{Id=11, Ty=Insert, sId='5554', rId='5560', data=Row{ver=1, k='wlFo1nvIpHpSin8asb7SxlkOsla5w4gx', v='KwoxOYD4YURuFwo6mAJleNN5qMvUILb2'}}
I/SDY     ( 1962): [MSend]: port: 11120 msg: M{Id=11, Ty=Insert, sId='5554', rId='5560', data=Row{ver=1, k='wlFo1nvIpHpSin8asb7SxlkOsla5w4gx', v='KwoxOYD4YURuFwo6mAJleNN5qMvUILb2'}}
I/SDY     ( 1962): [MSend]: M{Id=19, Ty=QueryResponse, sId='5560', rId='5560', data=Row{ver=1, k='3I8QZA4s1CGjsQoGzZDm7XNx6fOEK5TJ', v='0Y18WSoXp9hXkYAhn0bb7zZqz5z2ojwl'}}
I/SDY     ( 1962): [MSend]: port: 11120 msg: M{Id=19, Ty=QueryResponse, sId='5560', rId='5560', data=Row{ver=1, k='3I8QZA4s1CGjsQoGzZDm7XNx6fOEK5TJ', v='0Y18WSoXp9hXkYAhn0bb7zZqz5z2ojwl'}}
I/SDY     ( 1962): [SERVER]: M{Id=11, Ty=InsertResponse, sId='5554', rId='5554', data=33}
I/SDY     ( 1962): [HandleMessage]: M{Id=11, Ty=InsertResponse, sId='5554', rId='5554', data=33}
I/SDY     ( 1962): [Response]:H: M{Id=11, Ty=InsertResponse, sId='5554', rId='5554', data=33}
I/SDY     ( 1962): [SERVER]: M{Id=11, Ty=InsertResponse, sId='5554', rId='5554', data=19}
I/SDY     ( 1962): [HandleMessage]: M{Id=11, Ty=InsertResponse, sId='5554', rId='5554', data=19}
I/SDY     ( 1962): [Response]:H: M{Id=11, Ty=InsertResponse, sId='5554', rId='5554', data=19}
I/SDY     ( 1962): [Insert]:Done: M{Id=11, Ty=Insert, sId='5554', rId='null', data=Row{ver=1, k='wlFo1nvIpHpSin8asb7SxlkOsla5w4gx', v='KwoxOYD4YURuFwo6mAJleNN5qMvUILb2'}}
I/SDY     ( 1962): [Insert]:Done: value=KwoxOYD4YURuFwo6mAJleNN5qMvUILb2 key=wlFo1nvIpHpSin8asb7SxlkOsla5w4gx Done:r: 1
D/AndroidRuntime( 2078): Shutting down VM
D/jdwp    ( 2078): Got wake-up signal, bailing out of select
D/dalvikvm( 2078): Debugger has detached; object registry had 1 entries
E/SDY     ( 1962): Exception in ServerSocket: 
E/SDY     ( 1962): java.io.EOFException
E/SDY     ( 1962): 	at libcore.io.Streams.readFully(Streams.java:83)
E/SDY     ( 1962): 	at java.io.DataInputStream.readShort(DataInputStream.java:152)
E/SDY     ( 1962): 	at java.io.DataInputStream.readUnsignedShort(DataInputStream.java:165)
E/SDY     ( 1962): 	at java.io.DataInputStream.readUTF(DataInputStream.java:169)
E/SDY     ( 1962): 	at java.io.ObjectInputStream.readFieldDescriptors(ObjectInputStream.java:894)
E/SDY     ( 1962): 	at java.io.ObjectInputStream.readClassDescriptor(ObjectInputStream.java:1722)
E/SDY     ( 1962): 	at java.io.ObjectInputStream.readNewClassDesc(ObjectInputStream.java:1634)
E/SDY     ( 1962): 	at java.io.ObjectInputStream.readClassDesc(ObjectInputStream.java:657)
E/SDY     ( 1962): 	at java.io.ObjectInputStream.readNewObject(ObjectInputStream.java:1784)
E/SDY     ( 1962): 	at java.io.ObjectInputStream.readNonPrimitiveContent(ObjectInputStream.java:761)
E/SDY     ( 1962): 	at java.io.ObjectInputStream.readObject(ObjectInputStream.java:1985)
E/SDY     ( 1962): 	at java.io.ObjectInputStream.readObject(ObjectInputStream.java:1942)
E/SDY     ( 1962): 	at edu.buffalo.cse.cse486586.simpledynamo.SimpleDynamoProvider$ServerTask.doInBackground(SimpleDynamoProvider.java:715)
E/SDY     ( 1962): 	at edu.buffalo.cse.cse486586.simpledynamo.SimpleDynamoProvider$ServerTask.doInBackground(SimpleDynamoProvider.java:706)
E/SDY     ( 1962): 	at android.os.AsyncTask$2.call(AsyncTask.java:288)
E/SDY     ( 1962): 	at java.util.concurrent.FutureTask.run(FutureTask.java:237)
E/SDY     ( 1962): 	at java.util.concurrent.ThreadPoolExecutor.runWorker(ThreadPoolExecutor.java:1112)
E/SDY     ( 1962): 	at java.util.concurrent.ThreadPoolExecutor$Worker.run(ThreadPoolExecutor.java:587)
E/SDY     ( 1962): 	at java.lang.Thread.run(Thread.java:841)
D/AndroidRuntime( 2089): 
D/AndroidRuntime( 2089): >>>>>> AndroidRuntime START com.android.internal.os.RuntimeInit <<<<<<
W/linker  ( 2089): libdvm.so has text relocations. This is wasting memory and is a security risk. Please fix.
D/AndroidRuntime( 2089): CheckJNI is ON
D/dalvikvm( 2089): Trying to load lib libjavacore.so 0x0
D/dalvikvm( 2089): Added shared lib libjavacore.so 0x0
D/dalvikvm( 2089): Trying to load lib libnativehelper.so 0x0
D/dalvikvm( 2089): Added shared lib libnativehelper.so 0x0
D/dalvikvm( 2089): No JNI_OnLoad found in libnativehelper.so 0x0, skipping init
D/dalvikvm( 2089): Note: class Landroid/app/ActivityManagerNative; has 179 unimplemented (abstract) methods
E/memtrack( 2089): Couldn't load memtrack module (No such file or directory)
E/android.os.Debug( 2089): failed to load memtrack module: -2
D/AndroidRuntime( 2089): Calling main entry com.android.commands.content.Content
D/dalvikvm( 1962): GC_FOR_ALLOC freed 517K, 17% free 2881K/3448K, paused 55ms, total 55ms
I/SDY     ( 1962): [SERVER]: M{Id=4, Ty=Insert, sId='5556', rId='5554', data=Row{ver=1, k='nxoWCCTNmnCpYEAbCIVJsUNU0y6ebiDO', v='gmsHLjHJPCIiGlRES7xbbizlGNgYbDvq'}}
I/SDY     ( 1962): [HandleMessage]: M{Id=4, Ty=Insert, sId='5556', rId='5554', data=Row{ver=1, k='nxoWCCTNmnCpYEAbCIVJsUNU0y6ebiDO', v='gmsHLjHJPCIiGlRES7xbbizlGNgYbDvq'}}
I/SDY     ( 1962): [Insert]:H: M{Id=4, Ty=Insert, sId='5556', rId='5554', data=Row{ver=1, k='nxoWCCTNmnCpYEAbCIVJsUNU0y6ebiDO', v='gmsHLjHJPCIiGlRES7xbbizlGNgYbDvq'}}
I/SDY     ( 1962): [[Query]:Local: nxoWCCTNmnCpYEAbCIVJsUNU0y6ebiDO ,count: 0
I/SDY     ( 1962): [Query]: wlFo1nvIpHpSin8asb7SxlkOsla5w4gx
I/SDY     ( 1962): [Query]: wlFo1nvIpHpSin8asb7SxlkOsla5w4gx
I/SDY     ( 1962): [Query]: M{Id=12, Ty=Query, sId='5554', rId='null', data=Row{ver=1, k='wlFo1nvIpHpSin8asb7SxlkOsla5w4gx', v='null'}} ,nodes: [5558, 5560, 5562]
I/SDY     ( 1962): [Add_Msg_Q]: M{Id=12, Ty=Query, sId='5554', rId='5558', data=Row{ver=1, k='wlFo1nvIpHpSin8asb7SxlkOsla5w4gx', v='null'}}
I/SDY     ( 1962): [Insert]:Local: value=gmsHLjHJPCIiGlRES7xbbizlGNgYbDvq node=5562 key=nxoWCCTNmnCpYEAbCIVJsUNU0y6ebiDO version=1 ,rowId: 24
I/SDY     ( 1962): [Insert]:H:Done: M{Id=4, Ty=InsertResponse, sId='5556', rId='5556', data=24}
I/SDY     ( 1962): [Add_Msg_Q]: M{Id=12, Ty=Query, sId='5554', rId='5560', data=Row{ver=1, k='wlFo1nvIpHpSin8asb7SxlkOsla5w4gx', v='null'}}
I/SDY     ( 1962): [Add_Msg_Q]: M{Id=12, Ty=Query, sId='5554', rId='5562', data=Row{ver=1, k='wlFo1nvIpHpSin8asb7SxlkOsla5w4gx', v='null'}}
I/SDY     ( 1962): [MSend]: M{Id=12, Ty=Query, sId='5554', rId='5558', data=Row{ver=1, k='wlFo1nvIpHpSin8asb7SxlkOsla5w4gx', v='null'}}
I/SDY     ( 1962): [MSend]: port: 11116 msg: M{Id=12, Ty=Query, sId='5554', rId='5558', data=Row{ver=1, k='wlFo1nvIpHpSin8asb7SxlkOsla5w4gx', v='null'}}
E/SDY     ( 1962): [MSend]:Exception M{Id=12, Ty=Query, sId='5554', rId='5558', data=Row{ver=1, k='wlFo1nvIpHpSin8asb7SxlkOsla5w4gx', v='null'}} , null
I/SDY     ( 1962): [MSend]: M{Id=4, Ty=InsertResponse, sId='5556', rId='5556', data=24}
I/SDY     ( 1962): [MSend]: port: 11112 msg: M{Id=4, Ty=InsertResponse, sId='5556', rId='5556', data=24}
I/SDY     ( 1962): [SERVER]: M{Id=20, Ty=Insert, sId='5560', rId='5554', data=Row{ver=1, k='4yVDOA5cvfjAP1y7BFU581CPDS7UVupb', v='u6HHzBch62ZxOEtSOLJdGAg3ctLSpeWy'}}
I/SDY     ( 1962): [HandleMessage]: M{Id=20, Ty=Insert, sId='5560', rId='5554', data=Row{ver=1, k='4yVDOA5cvfjAP1y7BFU581CPDS7UVupb', v='u6HHzBch62ZxOEtSOLJdGAg3ctLSpeWy'}}
I/SDY     ( 1962): [Insert]:H: M{Id=20, Ty=Insert, sId='5560', rId='5554', data=Row{ver=1, k='4yVDOA5cvfjAP1y7BFU581CPDS7UVupb', v='u6HHzBch62ZxOEtSOLJdGAg3ctLSpeWy'}}
I/SDY     ( 1962): [[Query]:Local: 4yVDOA5cvfjAP1y7BFU581CPDS7UVupb ,count: 0
I/SDY     ( 1962): [Insert]:Local: value=u6HHzBch62ZxOEtSOLJdGAg3ctLSpeWy node=5562 key=4yVDOA5cvfjAP1y7BFU581CPDS7UVupb version=1 ,rowId: 25
I/SDY     ( 1962): [Insert]:H:Done: M{Id=20, Ty=InsertResponse, sId='5560', rId='5560', data=25}
I/SDY     ( 1962): [MSend]: M{Id=12, Ty=Query, sId='5554', rId='5562', data=Row{ver=1, k='wlFo1nvIpHpSin8asb7SxlkOsla5w4gx', v='null'}}
I/SDY     ( 1962): [MSend]: port: 11124 msg: M{Id=12, Ty=Query, sId='5554', rId='5562', data=Row{ver=1, k='wlFo1nvIpHpSin8asb7SxlkOsla5w4gx', v='null'}}
I/SDY     ( 1962): [MSend]: M{Id=20, Ty=InsertResponse, sId='5560', rId='5560', data=25}
I/SDY     ( 1962): [MSend]: port: 11120 msg: M{Id=20, Ty=InsertResponse, sId='5560', rId='5560', data=25}
I/SDY     ( 1962): [MSend]: M{Id=12, Ty=Query, sId='5554', rId='5560', data=Row{ver=1, k='wlFo1nvIpHpSin8asb7SxlkOsla5w4gx', v='null'}}
I/SDY     ( 1962): [MSend]: port: 11120 msg: M{Id=12, Ty=Query, sId='5554', rId='5560', data=Row{ver=1, k='wlFo1nvIpHpSin8asb7SxlkOsla5w4gx', v='null'}}
I/SDY     ( 1962): [SERVER]: M{Id=12, Ty=QueryResponse, sId='5554', rId='5554', data=Row{ver=1, k='wlFo1nvIpHpSin8asb7SxlkOsla5w4gx', v='KwoxOYD4YURuFwo6mAJleNN5qMvUILb2'}}
I/SDY     ( 1962): [HandleMessage]: M{Id=12, Ty=QueryResponse, sId='5554', rId='5554', data=Row{ver=1, k='wlFo1nvIpHpSin8asb7SxlkOsla5w4gx', v='KwoxOYD4YURuFwo6mAJleNN5qMvUILb2'}}
I/SDY     ( 1962): [Response]:H: M{Id=12, Ty=QueryResponse, sId='5554', rId='5554', data=Row{ver=1, k='wlFo1nvIpHpSin8asb7SxlkOsla5w4gx', v='KwoxOYD4YURuFwo6mAJleNN5qMvUILb2'}}
I/SDY     ( 1962): [SERVER]: M{Id=12, Ty=QueryResponse, sId='5554', rId='5554', data=Row{ver=1, k='wlFo1nvIpHpSin8asb7SxlkOsla5w4gx', v='KwoxOYD4YURuFwo6mAJleNN5qMvUILb2'}}
I/SDY     ( 1962): [HandleMessage]: M{Id=12, Ty=QueryResponse, sId='5554', rId='5554', data=Row{ver=1, k='wlFo1nvIpHpSin8asb7SxlkOsla5w4gx', v='KwoxOYD4YURuFwo6mAJleNN5qMvUILb2'}}
I/SDY     ( 1962): [Response]:H: M{Id=12, Ty=QueryResponse, sId='5554', rId='5554', data=Row{ver=1, k='wlFo1nvIpHpSin8asb7SxlkOsla5w4gx', v='KwoxOYD4YURuFwo6mAJleNN5qMvUILb2'}}
I/SDY     ( 1962): [Query]:Done: wlFo1nvIpHpSin8asb7SxlkOsla5w4gx,value: KwoxOYD4YURuFwo6mAJleNN5qMvUILb2 ,version: 1
I/SDY     ( 1962): [Query]:Done: wlFo1nvIpHpSin8asb7SxlkOsla5w4gx ,cursor:  1
D/AndroidRuntime( 2089): Shutting down VM
D/dalvikvm( 2089): Debugger has detached; object registry had 1 entries
D/AndroidRuntime( 2100): 
D/AndroidRuntime( 2100): >>>>>> AndroidRuntime START com.android.internal.os.RuntimeInit <<<<<<
W/linker  ( 2100): libdvm.so has text relocations. This is wasting memory and is a security risk. Please fix.
D/AndroidRuntime( 2100): CheckJNI is ON
D/dalvikvm( 2100): Trying to load lib libjavacore.so 0x0
D/dalvikvm( 2100): Added shared lib libjavacore.so 0x0
D/dalvikvm( 2100): Trying to load lib libnativehelper.so 0x0
D/dalvikvm( 2100): Added shared lib libnativehelper.so 0x0
D/dalvikvm( 2100): No JNI_OnLoad found in libnativehelper.so 0x0, skipping init
D/dalvikvm( 2100): Note: class Landroid/app/ActivityManagerNative; has 179 unimplemented (abstract) methods
I/SDY     ( 1962): [SERVER]: M{Id=5, Ty=Query, sId='5556', rId='5554', data=Row{ver=1, k='nxoWCCTNmnCpYEAbCIVJsUNU0y6ebiDO', v='null'}}
I/SDY     ( 1962): [HandleMessage]: M{Id=5, Ty=Query, sId='5556', rId='5554', data=Row{ver=1, k='nxoWCCTNmnCpYEAbCIVJsUNU0y6ebiDO', v='null'}}
I/SDY     ( 1962): [Query]:H: M{Id=5, Ty=Query, sId='5556', rId='5554', data=Row{ver=1, k='nxoWCCTNmnCpYEAbCIVJsUNU0y6ebiDO', v='null'}}
I/SDY     ( 1962): [[Query]:Local: nxoWCCTNmnCpYEAbCIVJsUNU0y6ebiDO ,count: 1
I/SDY     ( 1962): [Query]:H:Done M{Id=5, Ty=QueryResponse, sId='5556', rId='5556', data=Row{ver=1, k='nxoWCCTNmnCpYEAbCIVJsUNU0y6ebiDO', v='gmsHLjHJPCIiGlRES7xbbizlGNgYbDvq'}}
I/SDY     ( 1962): [MSend]: M{Id=5, Ty=QueryResponse, sId='5556', rId='5556', data=Row{ver=1, k='nxoWCCTNmnCpYEAbCIVJsUNU0y6ebiDO', v='gmsHLjHJPCIiGlRES7xbbizlGNgYbDvq'}}
I/SDY     ( 1962): [MSend]: port: 11112 msg: M{Id=5, Ty=QueryResponse, sId='5556', rId='5556', data=Row{ver=1, k='nxoWCCTNmnCpYEAbCIVJsUNU0y6ebiDO', v='gmsHLjHJPCIiGlRES7xbbizlGNgYbDvq'}}
E/memtrack( 2100): Couldn't load memtrack module (No such file or directory)
E/android.os.Debug( 2100): failed to load memtrack module: -2
I/SDY     ( 1962): [SERVER]: M{Id=21, Ty=Query, sId='5560', rId='5554', data=Row{ver=1, k='4yVDOA5cvfjAP1y7BFU581CPDS7UVupb', v='null'}}
I/SDY     ( 1962): [HandleMessage]: M{Id=21, Ty=Query, sId='5560', rId='5554', data=Row{ver=1, k='4yVDOA5cvfjAP1y7BFU581CPDS7UVupb', v='null'}}
I/SDY     ( 1962): [Query]:H: M{Id=21, Ty=Query, sId='5560', rId='5554', data=Row{ver=1, k='4yVDOA5cvfjAP1y7BFU581CPDS7UVupb', v='null'}}
I/SDY     ( 1962): [[Query]:Local: 4yVDOA5cvfjAP1y7BFU581CPDS7UVupb ,count: 1
I/SDY     ( 1962): [Query]:H:Done M{Id=21, Ty=QueryResponse, sId='5560', rId='5560', data=Row{ver=1, k='4yVDOA5cvfjAP1y7BFU581CPDS7UVupb', v='u6HHzBch62ZxOEtSOLJdGAg3ctLSpeWy'}}
I/SDY     ( 1962): [MSend]: M{Id=21, Ty=QueryResponse, sId='5560', rId='5560', data=Row{ver=1, k='4yVDOA5cvfjAP1y7BFU581CPDS7UVupb', v='u6HHzBch62ZxOEtSOLJdGAg3ctLSpeWy'}}
I/SDY     ( 1962): [MSend]: port: 11120 msg: M{Id=21, Ty=QueryResponse, sId='5560', rId='5560', data=Row{ver=1, k='4yVDOA5cvfjAP1y7BFU581CPDS7UVupb', v='u6HHzBch62ZxOEtSOLJdGAg3ctLSpeWy'}}
D/AndroidRuntime( 2100): Calling main entry com.android.commands.content.Content
I/SDY     ( 1962): [Insert]: value=8O5xb4KGXKQHQRTYgSbHDfbSv4znXkyr key=aaN0qIb6zQd3nMdzT7rNFKYDasSn6cV8
I/SDY     ( 1962): [Insert]: [5562, 5556, 5554] ,m: M{Id=13, Ty=Insert, sId='5554', rId='null', data=Row{ver=1, k='aaN0qIb6zQd3nMdzT7rNFKYDasSn6cV8', v='8O5xb4KGXKQHQRTYgSbHDfbSv4znXkyr'}}
I/SDY     ( 1962): [Add_Msg_Q]: M{Id=13, Ty=Insert, sId='5554', rId='5562', data=Row{ver=1, k='aaN0qIb6zQd3nMdzT7rNFKYDasSn6cV8', v='8O5xb4KGXKQHQRTYgSbHDfbSv4znXkyr'}}
I/SDY     ( 1962): [Add_Msg_Q]: M{Id=13, Ty=Insert, sId='5554', rId='5556', data=Row{ver=1, k='aaN0qIb6zQd3nMdzT7rNFKYDasSn6cV8', v='8O5xb4KGXKQHQRTYgSbHDfbSv4znXkyr'}}
I/SDY     ( 1962): [Add_Msg_Q]: M{Id=13, Ty=Insert, sId='5554', rId='5554', data=Row{ver=1, k='aaN0qIb6zQd3nMdzT7rNFKYDasSn6cV8', v='8O5xb4KGXKQHQRTYgSbHDfbSv4znXkyr'}}
I/SDY     ( 1962): [MSend]: M{Id=13, Ty=Insert, sId='5554', rId='5562', data=Row{ver=1, k='aaN0qIb6zQd3nMdzT7rNFKYDasSn6cV8', v='8O5xb4KGXKQHQRTYgSbHDfbSv4znXkyr'}}
I/SDY     ( 1962): [MSend]: port: 11124 msg: M{Id=13, Ty=Insert, sId='5554', rId='5562', data=Row{ver=1, k='aaN0qIb6zQd3nMdzT7rNFKYDasSn6cV8', v='8O5xb4KGXKQHQRTYgSbHDfbSv4znXkyr'}}
I/SDY     ( 1962): [MSend]: M{Id=13, Ty=Insert, sId='5554', rId='5554', data=Row{ver=1, k='aaN0qIb6zQd3nMdzT7rNFKYDasSn6cV8', v='8O5xb4KGXKQHQRTYgSbHDfbSv4znXkyr'}}
I/SDY     ( 1962): [HandleMessage]: M{Id=13, Ty=Insert, sId='5554', rId='5554', data=Row{ver=1, k='aaN0qIb6zQd3nMdzT7rNFKYDasSn6cV8', v='8O5xb4KGXKQHQRTYgSbHDfbSv4znXkyr'}}
I/SDY     ( 1962): [Insert]:H: M{Id=13, Ty=Insert, sId='5554', rId='5554', data=Row{ver=1, k='aaN0qIb6zQd3nMdzT7rNFKYDasSn6cV8', v='8O5xb4KGXKQHQRTYgSbHDfbSv4znXkyr'}}
I/SDY     ( 1962): [[Query]:Local: aaN0qIb6zQd3nMdzT7rNFKYDasSn6cV8 ,count: 0
I/SDY     ( 1962): [Insert]:Local: value=8O5xb4KGXKQHQRTYgSbHDfbSv4znXkyr node=5562 key=aaN0qIb6zQd3nMdzT7rNFKYDasSn6cV8 version=1 ,rowId: 26
I/SDY     ( 1962): [Insert]:H:Done: M{Id=13, Ty=InsertResponse, sId='5554', rId='5554', data=26}
I/SDY     ( 1962): [MSend]: M{Id=13, Ty=Insert, sId='5554', rId='5556', data=Row{ver=1, k='aaN0qIb6zQd3nMdzT7rNFKYDasSn6cV8', v='8O5xb4KGXKQHQRTYgSbHDfbSv4znXkyr'}}
I/SDY     ( 1962): [MSend]: port: 11112 msg: M{Id=13, Ty=Insert, sId='5554', rId='5556', data=Row{ver=1, k='aaN0qIb6zQd3nMdzT7rNFKYDasSn6cV8', v='8O5xb4KGXKQHQRTYgSbHDfbSv4znXkyr'}}
I/SDY     ( 1962): [MSend]: M{Id=13, Ty=InsertResponse, sId='5554', rId='5554', data=26}
I/SDY     ( 1962): [HandleMessage]: M{Id=13, Ty=InsertResponse, sId='5554', rId='5554', data=26}
I/SDY     ( 1962): [Response]:H: M{Id=13, Ty=InsertResponse, sId='5554', rId='5554', data=26}
I/SDY     ( 1962): [SERVER]: M{Id=13, Ty=InsertResponse, sId='5554', rId='5554', data=37}
I/SDY     ( 1962): [SERVER]: M{Id=13, Ty=InsertResponse, sId='5554', rId='5554', data=36}
I/SDY     ( 1962): [HandleMessage]: M{Id=13, Ty=InsertResponse, sId='5554', rId='5554', data=37}
I/SDY     ( 1962): [Response]:H: M{Id=13, Ty=InsertResponse, sId='5554', rId='5554', data=37}
I/SDY     ( 1962): [HandleMessage]: M{Id=13, Ty=InsertResponse, sId='5554', rId='5554', data=36}
I/SDY     ( 1962): [Response]:H: M{Id=13, Ty=InsertResponse, sId='5554', rId='5554', data=36}
I/SDY     ( 1962): [Insert]:Done: M{Id=13, Ty=Insert, sId='5554', rId='null', data=Row{ver=1, k='aaN0qIb6zQd3nMdzT7rNFKYDasSn6cV8', v='8O5xb4KGXKQHQRTYgSbHDfbSv4znXkyr'}}
I/SDY     ( 1962): [Insert]:Done: value=8O5xb4KGXKQHQRTYgSbHDfbSv4znXkyr key=aaN0qIb6zQd3nMdzT7rNFKYDasSn6cV8 Done:r: 1
D/AndroidRuntime( 2100): Shutting down VM
D/jdwp    ( 2100): Got wake-up signal, bailing out of select
D/dalvikvm( 2100): Debugger has detached; object registry had 1 entries
D/AndroidRuntime( 2111): 
D/AndroidRuntime( 2111): >>>>>> AndroidRuntime START com.android.internal.os.RuntimeInit <<<<<<
W/linker  ( 2111): libdvm.so has text relocations. This is wasting memory and is a security risk. Please fix.
D/AndroidRuntime( 2111): CheckJNI is ON
D/dalvikvm( 2111): Trying to load lib libjavacore.so 0x0
D/dalvikvm( 2111): Added shared lib libjavacore.so 0x0
D/dalvikvm( 2111): Trying to load lib libnativehelper.so 0x0
D/dalvikvm( 2111): Added shared lib libnativehelper.so 0x0
D/dalvikvm( 2111): No JNI_OnLoad found in libnativehelper.so 0x0, skipping init
D/dalvikvm( 2111): Note: class Landroid/app/ActivityManagerNative; has 179 unimplemented (abstract) methods
I/SDY     ( 1962): [SERVER]: M{Id=22, Ty=Insert, sId='5560', rId='5554', data=Row{ver=1, k='iLrQyZMlhMVSNWDuyvK1sJK4j9FIwlQL', v='mSVylZn7JEcEqWCGJeTCjLH4Et7kXjkf'}}
I/SDY     ( 1962): [HandleMessage]: M{Id=22, Ty=Insert, sId='5560', rId='5554', data=Row{ver=1, k='iLrQyZMlhMVSNWDuyvK1sJK4j9FIwlQL', v='mSVylZn7JEcEqWCGJeTCjLH4Et7kXjkf'}}
I/SDY     ( 1962): [Insert]:H: M{Id=22, Ty=Insert, sId='5560', rId='5554', data=Row{ver=1, k='iLrQyZMlhMVSNWDuyvK1sJK4j9FIwlQL', v='mSVylZn7JEcEqWCGJeTCjLH4Et7kXjkf'}}
I/SDY     ( 1962): [[Query]:Local: iLrQyZMlhMVSNWDuyvK1sJK4j9FIwlQL ,count: 0
I/SDY     ( 1962): [Insert]:Local: value=mSVylZn7JEcEqWCGJeTCjLH4Et7kXjkf node=5554 key=iLrQyZMlhMVSNWDuyvK1sJK4j9FIwlQL version=1 ,rowId: 27
I/SDY     ( 1962): [Insert]:H:Done: M{Id=22, Ty=InsertResponse, sId='5560', rId='5560', data=27}
I/SDY     ( 1962): [MSend]: M{Id=22, Ty=InsertResponse, sId='5560', rId='5560', data=27}
I/SDY     ( 1962): [MSend]: port: 11120 msg: M{Id=22, Ty=InsertResponse, sId='5560', rId='5560', data=27}
E/memtrack( 2111): Couldn't load memtrack module (No such file or directory)
E/android.os.Debug( 2111): failed to load memtrack module: -2
D/AndroidRuntime( 2111): Calling main entry com.android.commands.content.Content
I/SDY     ( 1962): [Query]: aaN0qIb6zQd3nMdzT7rNFKYDasSn6cV8
I/SDY     ( 1962): [Query]: aaN0qIb6zQd3nMdzT7rNFKYDasSn6cV8
I/SDY     ( 1962): [Query]: M{Id=14, Ty=Query, sId='5554', rId='null', data=Row{ver=1, k='aaN0qIb6zQd3nMdzT7rNFKYDasSn6cV8', v='null'}} ,nodes: [5562, 5556, 5554]
I/SDY     ( 1962): [Add_Msg_Q]: M{Id=14, Ty=Query, sId='5554', rId='5562', data=Row{ver=1, k='aaN0qIb6zQd3nMdzT7rNFKYDasSn6cV8', v='null'}}
I/SDY     ( 1962): [Add_Msg_Q]: M{Id=14, Ty=Query, sId='5554', rId='5556', data=Row{ver=1, k='aaN0qIb6zQd3nMdzT7rNFKYDasSn6cV8', v='null'}}
I/SDY     ( 1962): [Add_Msg_Q]: M{Id=14, Ty=Query, sId='5554', rId='5554', data=Row{ver=1, k='aaN0qIb6zQd3nMdzT7rNFKYDasSn6cV8', v='null'}}
I/SDY     ( 1962): [MSend]: M{Id=14, Ty=Query, sId='5554', rId='5562', data=Row{ver=1, k='aaN0qIb6zQd3nMdzT7rNFKYDasSn6cV8', v='null'}}
I/SDY     ( 1962): [MSend]: port: 11124 msg: M{Id=14, Ty=Query, sId='5554', rId='5562', data=Row{ver=1, k='aaN0qIb6zQd3nMdzT7rNFKYDasSn6cV8', v='null'}}
I/SDY     ( 1962): [MSend]: M{Id=14, Ty=Query, sId='5554', rId='5554', data=Row{ver=1, k='aaN0qIb6zQd3nMdzT7rNFKYDasSn6cV8', v='null'}}
I/SDY     ( 1962): [HandleMessage]: M{Id=14, Ty=Query, sId='5554', rId='5554', data=Row{ver=1, k='aaN0qIb6zQd3nMdzT7rNFKYDasSn6cV8', v='null'}}
I/SDY     ( 1962): [Query]:H: M{Id=14, Ty=Query, sId='5554', rId='5554', data=Row{ver=1, k='aaN0qIb6zQd3nMdzT7rNFKYDasSn6cV8', v='null'}}
I/SDY     ( 1962): [MSend]: M{Id=14, Ty=Query, sId='5554', rId='5556', data=Row{ver=1, k='aaN0qIb6zQd3nMdzT7rNFKYDasSn6cV8', v='null'}}
I/SDY     ( 1962): [MSend]: port: 11112 msg: M{Id=14, Ty=Query, sId='5554', rId='5556', data=Row{ver=1, k='aaN0qIb6zQd3nMdzT7rNFKYDasSn6cV8', v='null'}}
I/SDY     ( 1962): [[Query]:Local: aaN0qIb6zQd3nMdzT7rNFKYDasSn6cV8 ,count: 1
I/SDY     ( 1962): [Query]:H:Done M{Id=14, Ty=QueryResponse, sId='5554', rId='5554', data=Row{ver=1, k='aaN0qIb6zQd3nMdzT7rNFKYDasSn6cV8', v='8O5xb4KGXKQHQRTYgSbHDfbSv4znXkyr'}}
I/SDY     ( 1962): [MSend]: M{Id=14, Ty=QueryResponse, sId='5554', rId='5554', data=Row{ver=1, k='aaN0qIb6zQd3nMdzT7rNFKYDasSn6cV8', v='8O5xb4KGXKQHQRTYgSbHDfbSv4znXkyr'}}
I/SDY     ( 1962): [HandleMessage]: M{Id=14, Ty=QueryResponse, sId='5554', rId='5554', data=Row{ver=1, k='aaN0qIb6zQd3nMdzT7rNFKYDasSn6cV8', v='8O5xb4KGXKQHQRTYgSbHDfbSv4znXkyr'}}
I/SDY     ( 1962): [Response]:H: M{Id=14, Ty=QueryResponse, sId='5554', rId='5554', data=Row{ver=1, k='aaN0qIb6zQd3nMdzT7rNFKYDasSn6cV8', v='8O5xb4KGXKQHQRTYgSbHDfbSv4znXkyr'}}
I/SDY     ( 1962): [SERVER]: M{Id=14, Ty=QueryResponse, sId='5554', rId='5554', data=Row{ver=1, k='aaN0qIb6zQd3nMdzT7rNFKYDasSn6cV8', v='8O5xb4KGXKQHQRTYgSbHDfbSv4znXkyr'}}
I/SDY     ( 1962): [HandleMessage]: M{Id=14, Ty=QueryResponse, sId='5554', rId='5554', data=Row{ver=1, k='aaN0qIb6zQd3nMdzT7rNFKYDasSn6cV8', v='8O5xb4KGXKQHQRTYgSbHDfbSv4znXkyr'}}
I/SDY     ( 1962): [Response]:H: M{Id=14, Ty=QueryResponse, sId='5554', rId='5554', data=Row{ver=1, k='aaN0qIb6zQd3nMdzT7rNFKYDasSn6cV8', v='8O5xb4KGXKQHQRTYgSbHDfbSv4znXkyr'}}
I/SDY     ( 1962): [Query]:Done: aaN0qIb6zQd3nMdzT7rNFKYDasSn6cV8,value: 8O5xb4KGXKQHQRTYgSbHDfbSv4znXkyr ,version: 1
I/SDY     ( 1962): [Query]:Done: aaN0qIb6zQd3nMdzT7rNFKYDasSn6cV8 ,cursor:  1
I/SDY     ( 1962): [SERVER]: M{Id=14, Ty=QueryResponse, sId='5554', rId='5554', data=Row{ver=1, k='aaN0qIb6zQd3nMdzT7rNFKYDasSn6cV8', v='8O5xb4KGXKQHQRTYgSbHDfbSv4znXkyr'}}
I/SDY     ( 1962): [HandleMessage]: M{Id=14, Ty=QueryResponse, sId='5554', rId='5554', data=Row{ver=1, k='aaN0qIb6zQd3nMdzT7rNFKYDasSn6cV8', v='8O5xb4KGXKQHQRTYgSbHDfbSv4znXkyr'}}
I/SDY     ( 1962): [Response]:H: M{Id=14, Ty=QueryResponse, sId='5554', rId='5554', data=Row{ver=1, k='aaN0qIb6zQd3nMdzT7rNFKYDasSn6cV8', v='8O5xb4KGXKQHQRTYgSbHDfbSv4znXkyr'}}
D/AndroidRuntime( 2111): Shutting down VM
D/dalvikvm( 2111): Debugger has detached; object registry had 1 entries
D/AndroidRuntime( 2122): 
D/AndroidRuntime( 2122): >>>>>> AndroidRuntime START com.android.internal.os.RuntimeInit <<<<<<
W/linker  ( 2122): libdvm.so has text relocations. This is wasting memory and is a security risk. Please fix.
D/AndroidRuntime( 2122): CheckJNI is ON
I/SDY     ( 1962): [SERVER]: M{Id=22, Ty=Insert, sId='5562', rId='5554', data=Row{ver=1, k='Sp5NlumVrti2hDQygktLBjTXOi8TlrUT', v='4RwjP0r9k5ZYihww3t1qZiQMFCXyWqc8'}}
I/SDY     ( 1962): [HandleMessage]: M{Id=22, Ty=Insert, sId='5562', rId='5554', data=Row{ver=1, k='Sp5NlumVrti2hDQygktLBjTXOi8TlrUT', v='4RwjP0r9k5ZYihww3t1qZiQMFCXyWqc8'}}
I/SDY     ( 1962): [Insert]:H: M{Id=22, Ty=Insert, sId='5562', rId='5554', data=Row{ver=1, k='Sp5NlumVrti2hDQygktLBjTXOi8TlrUT', v='4RwjP0r9k5ZYihww3t1qZiQMFCXyWqc8'}}
I/SDY     ( 1962): [[Query]:Local: Sp5NlumVrti2hDQygktLBjTXOi8TlrUT ,count: 0
I/SDY     ( 1962): [Insert]:Local: value=4RwjP0r9k5ZYihww3t1qZiQMFCXyWqc8 node=5562 key=Sp5NlumVrti2hDQygktLBjTXOi8TlrUT version=1 ,rowId: 28
I/SDY     ( 1962): [Insert]:H:Done: M{Id=22, Ty=InsertResponse, sId='5562', rId='5562', data=28}
I/SDY     ( 1962): [MSend]: M{Id=22, Ty=InsertResponse, sId='5562', rId='5562', data=28}
I/SDY     ( 1962): [MSend]: port: 11124 msg: M{Id=22, Ty=InsertResponse, sId='5562', rId='5562', data=28}
D/dalvikvm( 2122): Trying to load lib libjavacore.so 0x0
D/dalvikvm( 2122): Added shared lib libjavacore.so 0x0
D/dalvikvm( 2122): Trying to load lib libnativehelper.so 0x0
D/dalvikvm( 2122): Added shared lib libnativehelper.so 0x0
D/dalvikvm( 2122): No JNI_OnLoad found in libnativehelper.so 0x0, skipping init
D/dalvikvm( 2122): Note: class Landroid/app/ActivityManagerNative; has 179 unimplemented (abstract) methods
I/SDY     ( 1962): [SERVER]: M{Id=23, Ty=Query, sId='5560', rId='5554', data=Row{ver=1, k='iLrQyZMlhMVSNWDuyvK1sJK4j9FIwlQL', v='null'}}
I/SDY     ( 1962): [HandleMessage]: M{Id=23, Ty=Query, sId='5560', rId='5554', data=Row{ver=1, k='iLrQyZMlhMVSNWDuyvK1sJK4j9FIwlQL', v='null'}}
I/SDY     ( 1962): [Query]:H: M{Id=23, Ty=Query, sId='5560', rId='5554', data=Row{ver=1, k='iLrQyZMlhMVSNWDuyvK1sJK4j9FIwlQL', v='null'}}
I/SDY     ( 1962): [[Query]:Local: iLrQyZMlhMVSNWDuyvK1sJK4j9FIwlQL ,count: 1
I/SDY     ( 1962): [Query]:H:Done M{Id=23, Ty=QueryResponse, sId='5560', rId='5560', data=Row{ver=1, k='iLrQyZMlhMVSNWDuyvK1sJK4j9FIwlQL', v='mSVylZn7JEcEqWCGJeTCjLH4Et7kXjkf'}}
I/SDY     ( 1962): [MSend]: M{Id=23, Ty=QueryResponse, sId='5560', rId='5560', data=Row{ver=1, k='iLrQyZMlhMVSNWDuyvK1sJK4j9FIwlQL', v='mSVylZn7JEcEqWCGJeTCjLH4Et7kXjkf'}}
I/SDY     ( 1962): [MSend]: port: 11120 msg: M{Id=23, Ty=QueryResponse, sId='5560', rId='5560', data=Row{ver=1, k='iLrQyZMlhMVSNWDuyvK1sJK4j9FIwlQL', v='mSVylZn7JEcEqWCGJeTCjLH4Et7kXjkf'}}
E/memtrack( 2122): Couldn't load memtrack module (No such file or directory)
E/android.os.Debug( 2122): failed to load memtrack module: -2
D/AndroidRuntime( 2122): Calling main entry com.android.commands.content.Content
I/SDY     ( 1962): [Insert]: value=x81lRYohhLoCb6grGVWxAlzteVS3QvXf key=nMUUahtoFP3HXUuLk2TWllCtodVAP4Sx
I/SDY     ( 1962): [Insert]: [5562, 5556, 5554] ,m: M{Id=15, Ty=Insert, sId='5554', rId='null', data=Row{ver=1, k='nMUUahtoFP3HXUuLk2TWllCtodVAP4Sx', v='x81lRYohhLoCb6grGVWxAlzteVS3QvXf'}}
I/SDY     ( 1962): [Add_Msg_Q]: M{Id=15, Ty=Insert, sId='5554', rId='5562', data=Row{ver=1, k='nMUUahtoFP3HXUuLk2TWllCtodVAP4Sx', v='x81lRYohhLoCb6grGVWxAlzteVS3QvXf'}}
I/SDY     ( 1962): [Add_Msg_Q]: M{Id=15, Ty=Insert, sId='5554', rId='5556', data=Row{ver=1, k='nMUUahtoFP3HXUuLk2TWllCtodVAP4Sx', v='x81lRYohhLoCb6grGVWxAlzteVS3QvXf'}}
I/SDY     ( 1962): [Add_Msg_Q]: M{Id=15, Ty=Insert, sId='5554', rId='5554', data=Row{ver=1, k='nMUUahtoFP3HXUuLk2TWllCtodVAP4Sx', v='x81lRYohhLoCb6grGVWxAlzteVS3QvXf'}}
I/SDY     ( 1962): [MSend]: M{Id=15, Ty=Insert, sId='5554', rId='5562', data=Row{ver=1, k='nMUUahtoFP3HXUuLk2TWllCtodVAP4Sx', v='x81lRYohhLoCb6grGVWxAlzteVS3QvXf'}}
I/SDY     ( 1962): [MSend]: port: 11124 msg: M{Id=15, Ty=Insert, sId='5554', rId='5562', data=Row{ver=1, k='nMUUahtoFP3HXUuLk2TWllCtodVAP4Sx', v='x81lRYohhLoCb6grGVWxAlzteVS3QvXf'}}
I/SDY     ( 1962): [MSend]: M{Id=15, Ty=Insert, sId='5554', rId='5554', data=Row{ver=1, k='nMUUahtoFP3HXUuLk2TWllCtodVAP4Sx', v='x81lRYohhLoCb6grGVWxAlzteVS3QvXf'}}
I/SDY     ( 1962): [HandleMessage]: M{Id=15, Ty=Insert, sId='5554', rId='5554', data=Row{ver=1, k='nMUUahtoFP3HXUuLk2TWllCtodVAP4Sx', v='x81lRYohhLoCb6grGVWxAlzteVS3QvXf'}}
I/SDY     ( 1962): [Insert]:H: M{Id=15, Ty=Insert, sId='5554', rId='5554', data=Row{ver=1, k='nMUUahtoFP3HXUuLk2TWllCtodVAP4Sx', v='x81lRYohhLoCb6grGVWxAlzteVS3QvXf'}}
I/SDY     ( 1962): [[Query]:Local: nMUUahtoFP3HXUuLk2TWllCtodVAP4Sx ,count: 0
I/SDY     ( 1962): [MSend]: M{Id=15, Ty=Insert, sId='5554', rId='5556', data=Row{ver=1, k='nMUUahtoFP3HXUuLk2TWllCtodVAP4Sx', v='x81lRYohhLoCb6grGVWxAlzteVS3QvXf'}}
I/SDY     ( 1962): [MSend]: port: 11112 msg: M{Id=15, Ty=Insert, sId='5554', rId='5556', data=Row{ver=1, k='nMUUahtoFP3HXUuLk2TWllCtodVAP4Sx', v='x81lRYohhLoCb6grGVWxAlzteVS3QvXf'}}
D/dalvikvm( 1962): GC_FOR_ALLOC freed 501K, 17% free 2891K/3448K, paused 15ms, total 16ms
I/SDY     ( 1962): [Insert]:Local: value=x81lRYohhLoCb6grGVWxAlzteVS3QvXf node=5562 key=nMUUahtoFP3HXUuLk2TWllCtodVAP4Sx version=1 ,rowId: 29
I/SDY     ( 1962): [Insert]:H:Done: M{Id=15, Ty=InsertResponse, sId='5554', rId='5554', data=29}
I/SDY     ( 1962): [SERVER]: M{Id=15, Ty=InsertResponse, sId='5554', rId='5554', data=40}
I/SDY     ( 1962): [HandleMessage]: M{Id=15, Ty=InsertResponse, sId='5554', rId='5554', data=40}
I/SDY     ( 1962): [Response]:H: M{Id=15, Ty=InsertResponse, sId='5554', rId='5554', data=40}
I/SDY     ( 1962): [MSend]: M{Id=15, Ty=InsertResponse, sId='5554', rId='5554', data=29}
I/SDY     ( 1962): [HandleMessage]: M{Id=15, Ty=InsertResponse, sId='5554', rId='5554', data=29}
I/SDY     ( 1962): [Response]:H: M{Id=15, Ty=InsertResponse, sId='5554', rId='5554', data=29}
I/SDY     ( 1962): [Insert]:Done: M{Id=15, Ty=Insert, sId='5554', rId='null', data=Row{ver=1, k='nMUUahtoFP3HXUuLk2TWllCtodVAP4Sx', v='x81lRYohhLoCb6grGVWxAlzteVS3QvXf'}}
I/SDY     ( 1962): [Insert]:Done: value=x81lRYohhLoCb6grGVWxAlzteVS3QvXf key=nMUUahtoFP3HXUuLk2TWllCtodVAP4Sx Done:r: 1
D/AndroidRuntime( 2122): Shutting down VM
D/jdwp    ( 2122): Got wake-up signal, bailing out of select
D/dalvikvm( 2122): Debugger has detached; object registry had 1 entries
I/SDY     ( 1962): [SERVER]: M{Id=15, Ty=InsertResponse, sId='5554', rId='5554', data=39}
I/SDY     ( 1962): [HandleMessage]: M{Id=15, Ty=InsertResponse, sId='5554', rId='5554', data=39}
I/SDY     ( 1962): [Response]:H: M{Id=15, Ty=InsertResponse, sId='5554', rId='5554', data=39}
I/SDY     ( 1962): [SERVER]: M{Id=8, Ty=Insert, sId='5556', rId='5554', data=Row{ver=1, k='XHZfzvVAShZ0XGIl05xmq4PBouaJBNv0', v='X7srWkpCoq97TcdkdLR1jCrAWoUqXeK8'}}
I/SDY     ( 1962): [HandleMessage]: M{Id=8, Ty=Insert, sId='5556', rId='5554', data=Row{ver=1, k='XHZfzvVAShZ0XGIl05xmq4PBouaJBNv0', v='X7srWkpCoq97TcdkdLR1jCrAWoUqXeK8'}}
I/SDY     ( 1962): [Insert]:H: M{Id=8, Ty=Insert, sId='5556', rId='5554', data=Row{ver=1, k='XHZfzvVAShZ0XGIl05xmq4PBouaJBNv0', v='X7srWkpCoq97TcdkdLR1jCrAWoUqXeK8'}}
I/SDY     ( 1962): [[Query]:Local: XHZfzvVAShZ0XGIl05xmq4PBouaJBNv0 ,count: 0
I/SDY     ( 1962): [SERVER]: M{Id=23, Ty=Query, sId='5562', rId='5554', data=Row{ver=1, k='Sp5NlumVrti2hDQygktLBjTXOi8TlrUT', v='null'}}
