I/SDY     ( 1962): [Response]:H: M{Id=1, Ty=SyncResponse, sId='5554', rId='5554', data=[Row{ver=1, k='wEDOXEaVBuH4ePGAHJpPgeKREvU4fLPS', v='Twx7dvsxcCvm1EAqiqZGa727vtmsROaW'}, Row{ver=1, k='fWIpwUnubRESzEZchB1NDuf53Wy8wXbA', v='KeOj0HAHn5XOrXKefDA3c1bFhOK0a4Js'}, Row{ver=1, k='QJuA0fDJs2VU968qExgQS6SzywNOwfFN', v='NIEaE9AhHadifEMZyiI6oQ6KhWbouH6u'}, Row{ver=1, k='w1lzXVzwpoW6b0r4YIyHCVxDJgcAp87q', v='eRnLEZRgtduJA9AwoR1WfxD3MNG9coge'}, Row{ver=1, k='ZKczxHNi2vXG5V0xXgrqm4c0sOCuqPAE', v='H6gP3i8PE4oQEfJ2Snj5uohQeqnMadJY'}, Row{ver=1, k='WXBvp8myUBvBdEoQ59sdMdHWSEQNzP6V', v='xj3VqukDBWZ6FcxQVc7WBxCF7LN2GVhg'}, Row{ver=1, k='4vIDvun7GQ7xFe3lYacHOwYuL6sEEyAg', v='39W1zURXpaQGH1GZsfDOyvFxVMk5BAn3'}, Row{ver=1, k='SiFc6YCyf2VA7P1oDV7FwtDGycjbY3Yw', v='kJAIlrOwDkUGtJJZjKsEBtzAYYn4cWsL'}]}
D/dalvikvm( 1975): Note: class Landroid/app/ActivityManagerNative; has 179 unimplemented (abstract) methods
I/SDY     ( 1962): [SERVER]: M{Id=1, Ty=SyncResponse, sId='5554', rId='5554', data=[Row{ver=1, k='w1lzXVzwpoW6b0r4YIyHCVxDJgcAp87q', v='eRnLEZRgtduJA9AwoR1WfxD3MNG9coge'}, Row{ver=1, k='QJuA0fDJs2VU968qExgQS6SzywNOwfFN', v='NIEaE9AhHadifEMZyiI6oQ6KhWbouH6u'}, Row{ver=1, k='fWIpwUnubRESzEZchB1NDuf53Wy8wXbA', v='KeOj0HAHn5XOrXKefDA3c1bFhOK0a4Js'}, Row{ver=1, k='4vIDvun7GQ7xFe3lYacHOwYuL6sEEyAg', v='39W1zURXpaQGH1GZsfDOyvFxVMk5BAn3'}, Row{ver=1, k='WXBvp8myUBvBdEoQ59sdMdHWSEQNzP6V', v='xj3VqukDBWZ6FcxQVc7WBxCF7LN2GVhg'}, Row{ver=1, k='UZpJlNoAkY8v6DomKZ0zmf4KLYC1NRHw', v='8W6oSSsnn9aSfQ1TBxjv62L7jbXBAaGq'}, Row{ver=1, k='SiFc6YCyf2VA7P1oDV7FwtDGycjbY3Yw', v='kJAIlrOwDkUGtJJZjKsEBtzAYYn4cWsL'}, Row{ver=1, k='wEDOXEaVBuH4ePGAHJpPgeKREvU4fLPS', v='Twx7dvsxcCvm1EAqiqZGa727vtmsROaW'}, Row{ver=1, k='ZKczxHNi2vXG5V0xXgrqm4c0sOCuqPAE', v='H6gP3i8PE4oQEfJ2Snj5uohQeqnMadJY'}, Row{ver=1, k='FCPjRnHZYXvmFeOqGzfENqT73ILvUjhR', v='aUKXmQiFNegTQ3c4ghxPHGDVUjjM6o9l'}]}
I/SDY     ( 1962): [HandleMessage]: M{Id=1, Ty=SyncResponse, sId='5554', rId='5554', data=[Row{ver=1, k='w1lzXVzwpoW6b0r4YIyHCVxDJgcAp87q', v='eRnLEZRgtduJA9AwoR1WfxD3MNG9coge'}, Row{ver=1, k='QJuA0fDJs2VU968qExgQS6SzywNOwfFN', v='NIEaE9AhHadifEMZyiI6oQ6KhWbouH6u'}, Row{ver=1, k='fWIpwUnubRESzEZchB1NDuf53Wy8wXbA', v='KeOj0HAHn5XOrXKefDA3c1bFhOK0a4Js'}, Row{ver=1, k='4vIDvun7GQ7xFe3lYacHOwYuL6sEEyAg', v='39W1zURXpaQGH1GZsfDOyvFxVMk5BAn3'}, Row{ver=1, k='WXBvp8myUBvBdEoQ59sdMdHWSEQNzP6V', v='xj3VqukDBWZ6FcxQVc7WBxCF7LN2GVhg'}, Row{ver=1, k='UZpJlNoAkY8v6DomKZ0zmf4KLYC1NRHw', v='8W6oSSsnn9aSfQ1TBxjv62L7jbXBAaGq'}, Row{ver=1, k='SiFc6YCyf2VA7P1oDV7FwtDGycjbY3Yw', v='kJAIlrOwDkUGtJJZjKsEBtzAYYn4cWsL'}, Row{ver=1, k='wEDOXEaVBuH4ePGAHJpPgeKREvU4fLPS', v='Twx7dvsxcCvm1EAqiqZGa727vtmsROaW'}, Row{ver=1, k='ZKczxHNi2vXG5V0xXgrqm4c0sOCuqPAE', v='H6gP3i8PE4oQEfJ2Snj5uohQeqnMadJY'}, Row{ver=1, k='FCPjRnHZYXvmFeOqGzfENqT73ILvUjhR', v='aUKXmQiFNegTQ3c4ghxPHGDVUjjM6o9l'}]}
I/SDY     ( 1962): [Response]:H: M{Id=1, Ty=SyncResponse, sId='5554', rId='5554', data=[Row{ver=1, k='w1lzXVzwpoW6b0r4YIyHCVxDJgcAp87q', v='eRnLEZRgtduJA9AwoR1WfxD3MNG9coge'}, Row{ver=1, k='QJuA0fDJs2VU968qExgQS6SzywNOwfFN', v='NIEaE9AhHadifEMZyiI6oQ6KhWbouH6u'}, Row{ver=1, k='fWIpwUnubRESzEZchB1NDuf53Wy8wXbA', v='KeOj0HAHn5XOrXKefDA3c1bFhOK0a4Js'}, Row{ver=1, k='4vIDvun7GQ7xFe3lYacHOwYuL6sEEyAg', v='39W1zURXpaQGH1GZsfDOyvFxVMk5BAn3'}, Row{ver=1, k='WXBvp8myUBvBdEoQ59sdMdHWSEQNzP6V', v='xj3VqukDBWZ6FcxQVc7WBxCF7LN2GVhg'}, Row{ver=1, k='UZpJlNoAkY8v6DomKZ0zmf4KLYC1NRHw', v='8W6oSSsnn9aSfQ1TBxjv62L7jbXBAaGq'}, Row{ver=1, k='SiFc6YCyf2VA7P1oDV7FwtDGycjbY3Yw', v='kJAIlrOwDkUGtJJZjKsEBtzAYYn4cWsL'}, Row{ver=1, k='wEDOXEaVBuH4ePGAHJpPgeKREvU4fLPS', v='Twx7dvsxcCvm1EAqiqZGa727vtmsROaW'}, Row{ver=1, k='ZKczxHNi2vXG5V0xXgrqm4c0sOCuqPAE', v='H6gP3i8PE4oQEfJ2Snj5uohQeqnMadJY'}, Row{ver=1, k='FCPjRnHZYXvmFeOqGzfENqT73ILvUjhR', v='aUKXmQiFNegTQ3c4ghxPHGDVUjjM6o9l'}]}
I/SDY     ( 1962): [MSend]: M{Id=1, Ty=Sync, sId='5554', rId='5558', data=[5554, 5556, 5562]}
I/SDY     ( 1962): [MSend]: port: 11116 msg: M{Id=1, Ty=Sync, sId='5554', rId='5558', data=[5554, 5556, 5562]}
I/SDY     ( 1962): [SERVER]: M{Id=1, Ty=SyncResponse, sId='5554', rId='5554', data=[]}
I/SDY     ( 1962): [HandleMessage]: M{Id=1, Ty=SyncResponse, sId='5554', rId='5554', data=[]}
I/SDY     ( 1962): [Response]:H: M{Id=1, Ty=SyncResponse, sId='5554', rId='5554', data=[]}
I/SDY     ( 1962): [Sync]:Wait:Done: 2016-05-01 16:20:14.116
I/SDY     ( 1962): [Sync]: responses: 3 , rr: 3
I/SDY     ( 1962): [Sync]:insert: value=eRnLEZRgtduJA9AwoR1WfxD3MNG9coge node=5562 key=w1lzXVzwpoW6b0r4YIyHCVxDJgcAp87q version=1
I/SDY     ( 1962): [Sync]:insert: value=kJAIlrOwDkUGtJJZjKsEBtzAYYn4cWsL node=5562 key=SiFc6YCyf2VA7P1oDV7FwtDGycjbY3Yw version=1
I/SDY     ( 1962): [Sync]:insert: value=Twx7dvsxcCvm1EAqiqZGa727vtmsROaW node=5562 key=wEDOXEaVBuH4ePGAHJpPgeKREvU4fLPS version=1
I/SDY     ( 1962): [Sync]:insert: value=KeOj0HAHn5XOrXKefDA3c1bFhOK0a4Js node=5562 key=fWIpwUnubRESzEZchB1NDuf53Wy8wXbA version=1
I/SDY     ( 1962): [Sync]:insert: value=39W1zURXpaQGH1GZsfDOyvFxVMk5BAn3 node=5562 key=4vIDvun7GQ7xFe3lYacHOwYuL6sEEyAg version=1
I/SDY     ( 1962): [Sync]:insert: value=NIEaE9AhHadifEMZyiI6oQ6KhWbouH6u node=5562 key=QJuA0fDJs2VU968qExgQS6SzywNOwfFN version=1
I/SDY     ( 1962): [Sync]:insert: value=xj3VqukDBWZ6FcxQVc7WBxCF7LN2GVhg node=5562 key=WXBvp8myUBvBdEoQ59sdMdHWSEQNzP6V version=1
I/SDY     ( 1962): [Sync]:insert: value=H6gP3i8PE4oQEfJ2Snj5uohQeqnMadJY node=5562 key=ZKczxHNi2vXG5V0xXgrqm4c0sOCuqPAE version=1
I/SDY     ( 1962): [Sync]:insert: value=8W6oSSsnn9aSfQ1TBxjv62L7jbXBAaGq node=5556 key=UZpJlNoAkY8v6DomKZ0zmf4KLYC1NRHw version=1
I/SDY     ( 1962): [Sync]:insert: value=aUKXmQiFNegTQ3c4ghxPHGDVUjjM6o9l node=5556 key=FCPjRnHZYXvmFeOqGzfENqT73ILvUjhR version=1
I/SDY     ( 1962): [Sync]:Done
E/memtrack( 1975): Couldn't load memtrack module (No such file or directory)
E/android.os.Debug( 1975): failed to load memtrack module: -2
I/SDY     ( 1962): [MSend]: M{Id=9, Ty=QueryResponse, sId='5556', rId='5556', data=null}
I/SDY     ( 1962): [MSend]: port: 11112 msg: M{Id=9, Ty=QueryResponse, sId='5556', rId='5556', data=null}
I/SDY     ( 1962): [SERVER]: M{Id=1, Ty=SyncResponse, sId='5554', rId='5554', data=[Row{ver=1, k='UZpJlNoAkY8v6DomKZ0zmf4KLYC1NRHw', v='8W6oSSsnn9aSfQ1TBxjv62L7jbXBAaGq'}, Row{ver=1, k='FCPjRnHZYXvmFeOqGzfENqT73ILvUjhR', v='aUKXmQiFNegTQ3c4ghxPHGDVUjjM6o9l'}]}
I/SDY     ( 1962): [HandleMessage]: M{Id=1, Ty=SyncResponse, sId='5554', rId='5554', data=[Row{ver=1, k='UZpJlNoAkY8v6DomKZ0zmf4KLYC1NRHw', v='8W6oSSsnn9aSfQ1TBxjv62L7jbXBAaGq'}, Row{ver=1, k='FCPjRnHZYXvmFeOqGzfENqT73ILvUjhR', v='aUKXmQiFNegTQ3c4ghxPHGDVUjjM6o9l'}]}
I/SDY     ( 1962): [Response]:H: M{Id=1, Ty=SyncResponse, sId='5554', rId='5554', data=[Row{ver=1, k='UZpJlNoAkY8v6DomKZ0zmf4KLYC1NRHw', v='8W6oSSsnn9aSfQ1TBxjv62L7jbXBAaGq'}, Row{ver=1, k='FCPjRnHZYXvmFeOqGzfENqT73ILvUjhR', v='aUKXmQiFNegTQ3c4ghxPHGDVUjjM6o9l'}]}
D/AndroidRuntime( 1975): Calling main entry com.android.commands.content.Content
I/SDY     ( 1962): [Query]: UR1FO3ZR8rwAtB8HsqMk4CUjKyP8u9UM
I/SDY     ( 1962): [Query]: UR1FO3ZR8rwAtB8HsqMk4CUjKyP8u9UM
I/SDY     ( 1962): [Query]: M{Id=2, Ty=Query, sId='5554', rId='null', data=Row{ver=1, k='UR1FO3ZR8rwAtB8HsqMk4CUjKyP8u9UM', v='null'}} ,nodes: [5558, 5560, 5562]
I/SDY     ( 1962): [Add_Msg_Q]: M{Id=2, Ty=Query, sId='5554', rId='5558', data=Row{ver=1, k='UR1FO3ZR8rwAtB8HsqMk4CUjKyP8u9UM', v='null'}}
I/SDY     ( 1962): [Add_Msg_Q]: M{Id=2, Ty=Query, sId='5554', rId='5560', data=Row{ver=1, k='UR1FO3ZR8rwAtB8HsqMk4CUjKyP8u9UM', v='null'}}
I/SDY     ( 1962): [Add_Msg_Q]: M{Id=2, Ty=Query, sId='5554', rId='5562', data=Row{ver=1, k='UR1FO3ZR8rwAtB8HsqMk4CUjKyP8u9UM', v='null'}}
I/SDY     ( 1962): [MSend]: M{Id=2, Ty=Query, sId='5554', rId='5558', data=Row{ver=1, k='UR1FO3ZR8rwAtB8HsqMk4CUjKyP8u9UM', v='null'}}
I/SDY     ( 1962): [MSend]: port: 11116 msg: M{Id=2, Ty=Query, sId='5554', rId='5558', data=Row{ver=1, k='UR1FO3ZR8rwAtB8HsqMk4CUjKyP8u9UM', v='null'}}
D/dalvikvm( 1962): GC_FOR_ALLOC freed 450K, 15% free 2872K/3372K, paused 5ms, total 5ms
I/SDY     ( 1962): [MSend]: M{Id=2, Ty=Query, sId='5554', rId='5562', data=Row{ver=1, k='UR1FO3ZR8rwAtB8HsqMk4CUjKyP8u9UM', v='null'}}
I/SDY     ( 1962): [MSend]: port: 11124 msg: M{Id=2, Ty=Query, sId='5554', rId='5562', data=Row{ver=1, k='UR1FO3ZR8rwAtB8HsqMk4CUjKyP8u9UM', v='null'}}
I/SDY     ( 1962): [MSend]: M{Id=2, Ty=Query, sId='5554', rId='5560', data=Row{ver=1, k='UR1FO3ZR8rwAtB8HsqMk4CUjKyP8u9UM', v='null'}}
I/SDY     ( 1962): [MSend]: port: 11120 msg: M{Id=2, Ty=Query, sId='5554', rId='5560', data=Row{ver=1, k='UR1FO3ZR8rwAtB8HsqMk4CUjKyP8u9UM', v='null'}}
I/SDY     ( 1962): [SERVER]: M{Id=2, Ty=QueryResponse, sId='5554', rId='5554', data=Row{ver=1, k='UR1FO3ZR8rwAtB8HsqMk4CUjKyP8u9UM', v='e39Lz0CZydb8m2d3F3kTgGzR1okbA655'}}
I/SDY     ( 1962): [HandleMessage]: M{Id=2, Ty=QueryResponse, sId='5554', rId='5554', data=Row{ver=1, k='UR1FO3ZR8rwAtB8HsqMk4CUjKyP8u9UM', v='e39Lz0CZydb8m2d3F3kTgGzR1okbA655'}}
I/SDY     ( 1962): [Response]:H: M{Id=2, Ty=QueryResponse, sId='5554', rId='5554', data=Row{ver=1, k='UR1FO3ZR8rwAtB8HsqMk4CUjKyP8u9UM', v='e39Lz0CZydb8m2d3F3kTgGzR1okbA655'}}
I/SDY     ( 1962): [SERVER]: M{Id=2, Ty=QueryResponse, sId='5554', rId='5554', data=Row{ver=1, k='UR1FO3ZR8rwAtB8HsqMk4CUjKyP8u9UM', v='e39Lz0CZydb8m2d3F3kTgGzR1okbA655'}}
I/SDY     ( 1962): [HandleMessage]: M{Id=2, Ty=QueryResponse, sId='5554', rId='5554', data=Row{ver=1, k='UR1FO3ZR8rwAtB8HsqMk4CUjKyP8u9UM', v='e39Lz0CZydb8m2d3F3kTgGzR1okbA655'}}
I/SDY     ( 1962): [Response]:H: M{Id=2, Ty=QueryResponse, sId='5554', rId='5554', data=Row{ver=1, k='UR1FO3ZR8rwAtB8HsqMk4CUjKyP8u9UM', v='e39Lz0CZydb8m2d3F3kTgGzR1okbA655'}}
I/SDY     ( 1962): [Query]:Done: UR1FO3ZR8rwAtB8HsqMk4CUjKyP8u9UM,value: e39Lz0CZydb8m2d3F3kTgGzR1okbA655 ,version: 1
I/SDY     ( 1962): [Query]:Done: UR1FO3ZR8rwAtB8HsqMk4CUjKyP8u9UM ,cursor:  1
D/AndroidRuntime( 1975): Shutting down VM
D/dalvikvm( 1975): Debugger has detached; object registry had 1 entries
I/SDY     ( 1962): [SERVER]: M{Id=2, Ty=QueryResponse, sId='5554', rId='5554', data=Row{ver=1, k='UR1FO3ZR8rwAtB8HsqMk4CUjKyP8u9UM', v='e39Lz0CZydb8m2d3F3kTgGzR1okbA655'}}
I/SDY     ( 1962): [HandleMessage]: M{Id=2, Ty=QueryResponse, sId='5554', rId='5554', data=Row{ver=1, k='UR1FO3ZR8rwAtB8HsqMk4CUjKyP8u9UM', v='e39Lz0CZydb8m2d3F3kTgGzR1okbA655'}}
I/SDY     ( 1962): [Response]:H: M{Id=2, Ty=QueryResponse, sId='5554', rId='5554', data=Row{ver=1, k='UR1FO3ZR8rwAtB8HsqMk4CUjKyP8u9UM', v='e39Lz0CZydb8m2d3F3kTgGzR1okbA655'}}
D/AndroidRuntime( 1990): 
D/AndroidRuntime( 1990): >>>>>> AndroidRuntime START com.android.internal.os.RuntimeInit <<<<<<
W/linker  ( 1990): libdvm.so has text relocations. This is wasting memory and is a security risk. Please fix.
D/AndroidRuntime( 1990): CheckJNI is ON
D/dalvikvm( 1990): Trying to load lib libjavacore.so 0x0
D/dalvikvm( 1990): Added shared lib libjavacore.so 0x0
D/dalvikvm( 1990): Trying to load lib libnativehelper.so 0x0
D/dalvikvm( 1990): Added shared lib libnativehelper.so 0x0
D/dalvikvm( 1990): No JNI_OnLoad found in libnativehelper.so 0x0, skipping init
D/dalvikvm( 1990): Note: class Landroid/app/ActivityManagerNative; has 179 unimplemented (abstract) methods
E/memtrack( 1990): Couldn't load memtrack module (No such file or directory)
E/android.os.Debug( 1990): failed to load memtrack module: -2
D/AndroidRuntime( 1990): Calling main entry com.android.commands.content.Content
I/SDY     ( 1962): [Insert]: value=oF8Scudd4vbnIo8qzFRxheyRz4hMeGXV key=QLcMh9gYAaYpdu1k6lTnHz2eEbeaNqOd
I/SDY     ( 1962): [Insert]: [5558, 5560, 5562] ,m: M{Id=3, Ty=Insert, sId='5554', rId='null', data=Row{ver=1, k='QLcMh9gYAaYpdu1k6lTnHz2eEbeaNqOd', v='oF8Scudd4vbnIo8qzFRxheyRz4hMeGXV'}}
I/SDY     ( 1962): [Add_Msg_Q]: M{Id=3, Ty=Insert, sId='5554', rId='5558', data=Row{ver=1, k='QLcMh9gYAaYpdu1k6lTnHz2eEbeaNqOd', v='oF8Scudd4vbnIo8qzFRxheyRz4hMeGXV'}}
I/SDY     ( 1962): [Add_Msg_Q]: M{Id=3, Ty=Insert, sId='5554', rId='5560', data=Row{ver=1, k='QLcMh9gYAaYpdu1k6lTnHz2eEbeaNqOd', v='oF8Scudd4vbnIo8qzFRxheyRz4hMeGXV'}}
I/SDY     ( 1962): [Add_Msg_Q]: M{Id=3, Ty=Insert, sId='5554', rId='5562', data=Row{ver=1, k='QLcMh9gYAaYpdu1k6lTnHz2eEbeaNqOd', v='oF8Scudd4vbnIo8qzFRxheyRz4hMeGXV'}}
I/SDY     ( 1962): [MSend]: M{Id=3, Ty=Insert, sId='5554', rId='5558', data=Row{ver=1, k='QLcMh9gYAaYpdu1k6lTnHz2eEbeaNqOd', v='oF8Scudd4vbnIo8qzFRxheyRz4hMeGXV'}}
I/SDY     ( 1962): [MSend]: port: 11116 msg: M{Id=3, Ty=Insert, sId='5554', rId='5558', data=Row{ver=1, k='QLcMh9gYAaYpdu1k6lTnHz2eEbeaNqOd', v='oF8Scudd4vbnIo8qzFRxheyRz4hMeGXV'}}
I/SDY     ( 1962): [MSend]: M{Id=3, Ty=Insert, sId='5554', rId='5562', data=Row{ver=1, k='QLcMh9gYAaYpdu1k6lTnHz2eEbeaNqOd', v='oF8Scudd4vbnIo8qzFRxheyRz4hMeGXV'}}
I/SDY     ( 1962): [MSend]: port: 11124 msg: M{Id=3, Ty=Insert, sId='5554', rId='5562', data=Row{ver=1, k='QLcMh9gYAaYpdu1k6lTnHz2eEbeaNqOd', v='oF8Scudd4vbnIo8qzFRxheyRz4hMeGXV'}}
I/SDY     ( 1962): [MSend]: M{Id=3, Ty=Insert, sId='5554', rId='5560', data=Row{ver=1, k='QLcMh9gYAaYpdu1k6lTnHz2eEbeaNqOd', v='oF8Scudd4vbnIo8qzFRxheyRz4hMeGXV'}}
I/SDY     ( 1962): [MSend]: port: 11120 msg: M{Id=3, Ty=Insert, sId='5554', rId='5560', data=Row{ver=1, k='QLcMh9gYAaYpdu1k6lTnHz2eEbeaNqOd', v='oF8Scudd4vbnIo8qzFRxheyRz4hMeGXV'}}
I/SDY     ( 1962): [SERVER]: M{Id=3, Ty=InsertResponse, sId='5554', rId='5554', data=11}
I/SDY     ( 1962): [HandleMessage]: M{Id=3, Ty=InsertResponse, sId='5554', rId='5554', data=11}
I/SDY     ( 1962): [Response]:H: M{Id=3, Ty=InsertResponse, sId='5554', rId='5554', data=11}
I/SDY     ( 1962): [SERVER]: M{Id=10, Ty=Insert, sId='5562', rId='5554', data=Row{ver=1, k='MWSOXBLP7hfk37CO6juuvH6MwwXZe8Sb', v='aGB9GjVTmBCsAYzm12Awt1ccajV70bOG'}}
I/SDY     ( 1962): [HandleMessage]: M{Id=10, Ty=Insert, sId='5562', rId='5554', data=Row{ver=1, k='MWSOXBLP7hfk37CO6juuvH6MwwXZe8Sb', v='aGB9GjVTmBCsAYzm12Awt1ccajV70bOG'}}
I/SDY     ( 1962): [Insert]:H: M{Id=10, Ty=Insert, sId='5562', rId='5554', data=Row{ver=1, k='MWSOXBLP7hfk37CO6juuvH6MwwXZe8Sb', v='aGB9GjVTmBCsAYzm12Awt1ccajV70bOG'}}
I/SDY     ( 1962): [[Query]:Local: MWSOXBLP7hfk37CO6juuvH6MwwXZe8Sb ,count: 0
I/SDY     ( 1962): [Insert]:Local: value=aGB9GjVTmBCsAYzm12Awt1ccajV70bOG node=5562 key=MWSOXBLP7hfk37CO6juuvH6MwwXZe8Sb version=1 ,rowId: 15
I/SDY     ( 1962): [Insert]:H:Done: M{Id=10, Ty=InsertResponse, sId='5562', rId='5562', data=15}
I/SDY     ( 1962): [MSend]: M{Id=10, Ty=InsertResponse, sId='5562', rId='5562', data=15}
I/SDY     ( 1962): [MSend]: port: 11124 msg: M{Id=10, Ty=InsertResponse, sId='5562', rId='5562', data=15}
I/SDY     ( 1962): [SERVER]: M{Id=3, Ty=InsertResponse, sId='5554', rId='5554', data=19}
I/SDY     ( 1962): [HandleMessage]: M{Id=3, Ty=InsertResponse, sId='5554', rId='5554', data=19}
I/SDY     ( 1962): [Response]:H: M{Id=3, Ty=InsertResponse, sId='5554', rId='5554', data=19}
I/SDY     ( 1962): [Insert]:Done: M{Id=3, Ty=Insert, sId='5554', rId='null', data=Row{ver=1, k='QLcMh9gYAaYpdu1k6lTnHz2eEbeaNqOd', v='oF8Scudd4vbnIo8qzFRxheyRz4hMeGXV'}}
I/SDY     ( 1962): [Insert]:Done: value=oF8Scudd4vbnIo8qzFRxheyRz4hMeGXV key=QLcMh9gYAaYpdu1k6lTnHz2eEbeaNqOd Done:r: 1
D/AndroidRuntime( 1990): Shutting down VM
D/jdwp    ( 1990): Got wake-up signal, bailing out of select
D/dalvikvm( 1990): Debugger has detached; object registry had 1 entries
I/SDY     ( 1962): [SERVER]: M{Id=3, Ty=InsertResponse, sId='5554', rId='5554', data=10}
I/SDY     ( 1962): [HandleMessage]: M{Id=3, Ty=InsertResponse, sId='5554', rId='5554', data=10}
I/SDY     ( 1962): [Response]:H: M{Id=3, Ty=InsertResponse, sId='5554', rId='5554', data=10}
I/SDY     ( 1962): [SERVER]: M{Id=12, Ty=Insert, sId='5560', rId='5554', data=Row{ver=1, k='gpaDcDwdB7QDcdFgoxYoXRMpIgTCWIU5', v='JVV36WodGEzCiOOg2RQn6932vh8V6pN9'}}
I/SDY     ( 1962): [HandleMessage]: M{Id=12, Ty=Insert, sId='5560', rId='5554', data=Row{ver=1, k='gpaDcDwdB7QDcdFgoxYoXRMpIgTCWIU5', v='JVV36WodGEzCiOOg2RQn6932vh8V6pN9'}}
I/SDY     ( 1962): [Insert]:H: M{Id=12, Ty=Insert, sId='5560', rId='5554', data=Row{ver=1, k='gpaDcDwdB7QDcdFgoxYoXRMpIgTCWIU5', v='JVV36WodGEzCiOOg2RQn6932vh8V6pN9'}}
I/SDY     ( 1962): [[Query]:Local: gpaDcDwdB7QDcdFgoxYoXRMpIgTCWIU5 ,count: 0
I/SDY     ( 1962): [Insert]:Local: value=JVV36WodGEzCiOOg2RQn6932vh8V6pN9 node=5562 key=gpaDcDwdB7QDcdFgoxYoXRMpIgTCWIU5 version=1 ,rowId: 16
I/SDY     ( 1962): [Insert]:H:Done: M{Id=12, Ty=InsertResponse, sId='5560', rId='5560', data=16}
I/SDY     ( 1962): [MSend]: M{Id=12, Ty=InsertResponse, sId='5560', rId='5560', data=16}
I/SDY     ( 1962): [MSend]: port: 11120 msg: M{Id=12, Ty=InsertResponse, sId='5560', rId='5560', data=16}
D/AndroidRuntime( 2001): 
D/AndroidRuntime( 2001): >>>>>> AndroidRuntime START com.android.internal.os.RuntimeInit <<<<<<
W/linker  ( 2001): libdvm.so has text relocations. This is wasting memory and is a security risk. Please fix.
D/AndroidRuntime( 2001): CheckJNI is ON
D/dalvikvm( 2001): Trying to load lib libjavacore.so 0x0
D/dalvikvm( 2001): Added shared lib libjavacore.so 0x0
D/dalvikvm( 2001): Trying to load lib libnativehelper.so 0x0
D/dalvikvm( 2001): Added shared lib libnativehelper.so 0x0
D/dalvikvm( 2001): No JNI_OnLoad found in libnativehelper.so 0x0, skipping init
D/dalvikvm( 2001): Note: class Landroid/app/ActivityManagerNative; has 179 unimplemented (abstract) methods
I/SDY     ( 1962): [SERVER]: M{Id=12, Ty=Insert, sId='5558', rId='5554', data=Row{ver=1, k='F7dXYMlMWo9FAKD4NbJHTIePqsPDDImi', v='aN8m9SULZTnJyutiamM8NeQuKTyYu9dd'}}
I/SDY     ( 1962): [HandleMessage]: M{Id=12, Ty=Insert, sId='5558', rId='5554', data=Row{ver=1, k='F7dXYMlMWo9FAKD4NbJHTIePqsPDDImi', v='aN8m9SULZTnJyutiamM8NeQuKTyYu9dd'}}
I/SDY     ( 1962): [Insert]:H: M{Id=12, Ty=Insert, sId='5558', rId='5554', data=Row{ver=1, k='F7dXYMlMWo9FAKD4NbJHTIePqsPDDImi', v='aN8m9SULZTnJyutiamM8NeQuKTyYu9dd'}}
I/SDY     ( 1962): [[Query]:Local: F7dXYMlMWo9FAKD4NbJHTIePqsPDDImi ,count: 0
I/SDY     ( 1962): [Insert]:Local: value=aN8m9SULZTnJyutiamM8NeQuKTyYu9dd node=5562 key=F7dXYMlMWo9FAKD4NbJHTIePqsPDDImi version=1 ,rowId: 17
I/SDY     ( 1962): [Insert]:H:Done: M{Id=12, Ty=InsertResponse, sId='5558', rId='5558', data=17}
I/SDY     ( 1962): [MSend]: M{Id=12, Ty=InsertResponse, sId='5558', rId='5558', data=17}
I/SDY     ( 1962): [MSend]: port: 11116 msg: M{Id=12, Ty=InsertResponse, sId='5558', rId='5558', data=17}
E/memtrack( 2001): Couldn't load memtrack module (No such file or directory)
E/android.os.Debug( 2001): failed to load memtrack module: -2
D/AndroidRuntime( 2001): Calling main entry com.android.commands.content.Content
I/SDY     ( 1962): [Query]: QLcMh9gYAaYpdu1k6lTnHz2eEbeaNqOd
I/SDY     ( 1962): [Query]: QLcMh9gYAaYpdu1k6lTnHz2eEbeaNqOd
I/SDY     ( 1962): [Query]: M{Id=4, Ty=Query, sId='5554', rId='null', data=Row{ver=1, k='QLcMh9gYAaYpdu1k6lTnHz2eEbeaNqOd', v='null'}} ,nodes: [5558, 5560, 5562]
I/SDY     ( 1962): [Add_Msg_Q]: M{Id=4, Ty=Query, sId='5554', rId='5558', data=Row{ver=1, k='QLcMh9gYAaYpdu1k6lTnHz2eEbeaNqOd', v='null'}}
I/SDY     ( 1962): [Add_Msg_Q]: M{Id=4, Ty=Query, sId='5554', rId='5560', data=Row{ver=1, k='QLcMh9gYAaYpdu1k6lTnHz2eEbeaNqOd', v='null'}}
I/SDY     ( 1962): [Add_Msg_Q]: M{Id=4, Ty=Query, sId='5554', rId='5562', data=Row{ver=1, k='QLcMh9gYAaYpdu1k6lTnHz2eEbeaNqOd', v='null'}}
I/SDY     ( 1962): [MSend]: M{Id=4, Ty=Query, sId='5554', rId='5558', data=Row{ver=1, k='QLcMh9gYAaYpdu1k6lTnHz2eEbeaNqOd', v='null'}}
I/SDY     ( 1962): [MSend]: port: 11116 msg: M{Id=4, Ty=Query, sId='5554', rId='5558', data=Row{ver=1, k='QLcMh9gYAaYpdu1k6lTnHz2eEbeaNqOd', v='null'}}
I/SDY     ( 1962): [MSend]: M{Id=4, Ty=Query, sId='5554', rId='5562', data=Row{ver=1, k='QLcMh9gYAaYpdu1k6lTnHz2eEbeaNqOd', v='null'}}
I/SDY     ( 1962): [MSend]: port: 11124 msg: M{Id=4, Ty=Query, sId='5554', rId='5562', data=Row{ver=1, k='QLcMh9gYAaYpdu1k6lTnHz2eEbeaNqOd', v='null'}}
I/SDY     ( 1962): [SERVER]: M{Id=4, Ty=QueryResponse, sId='5554', rId='5554', data=Row{ver=1, k='QLcMh9gYAaYpdu1k6lTnHz2eEbeaNqOd', v='oF8Scudd4vbnIo8qzFRxheyRz4hMeGXV'}}
I/SDY     ( 1962): [HandleMessage]: M{Id=4, Ty=QueryResponse, sId='5554', rId='5554', data=Row{ver=1, k='QLcMh9gYAaYpdu1k6lTnHz2eEbeaNqOd', v='oF8Scudd4vbnIo8qzFRxheyRz4hMeGXV'}}
I/SDY     ( 1962): [Response]:H: M{Id=4, Ty=QueryResponse, sId='5554', rId='5554', data=Row{ver=1, k='QLcMh9gYAaYpdu1k6lTnHz2eEbeaNqOd', v='oF8Scudd4vbnIo8qzFRxheyRz4hMeGXV'}}
I/SDY     ( 1962): [MSend]: M{Id=4, Ty=Query, sId='5554', rId='5560', data=Row{ver=1, k='QLcMh9gYAaYpdu1k6lTnHz2eEbeaNqOd', v='null'}}
I/SDY     ( 1962): [MSend]: port: 11120 msg: M{Id=4, Ty=Query, sId='5554', rId='5560', data=Row{ver=1, k='QLcMh9gYAaYpdu1k6lTnHz2eEbeaNqOd', v='null'}}
I/SDY     ( 1962): [SERVER]: M{Id=11, Ty=Query, sId='5562', rId='5554', data=Row{ver=1, k='MWSOXBLP7hfk37CO6juuvH6MwwXZe8Sb', v='null'}}
I/SDY     ( 1962): [HandleMessage]: M{Id=11, Ty=Query, sId='5562', rId='5554', data=Row{ver=1, k='MWSOXBLP7hfk37CO6juuvH6MwwXZe8Sb', v='null'}}
I/SDY     ( 1962): [Query]:H: M{Id=11, Ty=Query, sId='5562', rId='5554', data=Row{ver=1, k='MWSOXBLP7hfk37CO6juuvH6MwwXZe8Sb', v='null'}}
I/SDY     ( 1962): [[Query]:Local: MWSOXBLP7hfk37CO6juuvH6MwwXZe8Sb ,count: 1
I/SDY     ( 1962): [Query]:H:Done M{Id=11, Ty=QueryResponse, sId='5562', rId='5562', data=Row{ver=1, k='MWSOXBLP7hfk37CO6juuvH6MwwXZe8Sb', v='aGB9GjVTmBCsAYzm12Awt1ccajV70bOG'}}
I/SDY     ( 1962): [MSend]: M{Id=11, Ty=QueryResponse, sId='5562', rId='5562', data=Row{ver=1, k='MWSOXBLP7hfk37CO6juuvH6MwwXZe8Sb', v='aGB9GjVTmBCsAYzm12Awt1ccajV70bOG'}}
I/SDY     ( 1962): [MSend]: port: 11124 msg: M{Id=11, Ty=QueryResponse, sId='5562', rId='5562', data=Row{ver=1, k='MWSOXBLP7hfk37CO6juuvH6MwwXZe8Sb', v='aGB9GjVTmBCsAYzm12Awt1ccajV70bOG'}}
I/SDY     ( 1962): [SERVER]: M{Id=4, Ty=QueryResponse, sId='5554', rId='5554', data=Row{ver=1, k='QLcMh9gYAaYpdu1k6lTnHz2eEbeaNqOd', v='oF8Scudd4vbnIo8qzFRxheyRz4hMeGXV'}}
I/SDY     ( 1962): [SERVER]: M{Id=4, Ty=QueryResponse, sId='5554', rId='5554', data=Row{ver=1, k='QLcMh9gYAaYpdu1k6lTnHz2eEbeaNqOd', v='oF8Scudd4vbnIo8qzFRxheyRz4hMeGXV'}}
I/SDY     ( 1962): [HandleMessage]: M{Id=4, Ty=QueryResponse, sId='5554', rId='5554', data=Row{ver=1, k='QLcMh9gYAaYpdu1k6lTnHz2eEbeaNqOd', v='oF8Scudd4vbnIo8qzFRxheyRz4hMeGXV'}}
I/SDY     ( 1962): [Response]:H: M{Id=4, Ty=QueryResponse, sId='5554', rId='5554', data=Row{ver=1, k='QLcMh9gYAaYpdu1k6lTnHz2eEbeaNqOd', v='oF8Scudd4vbnIo8qzFRxheyRz4hMeGXV'}}
I/SDY     ( 1962): [HandleMessage]: M{Id=4, Ty=QueryResponse, sId='5554', rId='5554', data=Row{ver=1, k='QLcMh9gYAaYpdu1k6lTnHz2eEbeaNqOd', v='oF8Scudd4vbnIo8qzFRxheyRz4hMeGXV'}}
I/SDY     ( 1962): [Response]:H: M{Id=4, Ty=QueryResponse, sId='5554', rId='5554', data=Row{ver=1, k='QLcMh9gYAaYpdu1k6lTnHz2eEbeaNqOd', v='oF8Scudd4vbnIo8qzFRxheyRz4hMeGXV'}}
I/SDY     ( 1962): [Query]:Done: QLcMh9gYAaYpdu1k6lTnHz2eEbeaNqOd,value: oF8Scudd4vbnIo8qzFRxheyRz4hMeGXV ,version: 1
I/SDY     ( 1962): [Query]:Done: QLcMh9gYAaYpdu1k6lTnHz2eEbeaNqOd ,cursor:  1
D/AndroidRuntime( 2001): Shutting down VM
D/dalvikvm( 2001): Debugger has detached; object registry had 1 entries
I/SDY     ( 1962): [SERVER]: M{Id=13, Ty=Query, sId='5560', rId='5554', data=Row{ver=1, k='gpaDcDwdB7QDcdFgoxYoXRMpIgTCWIU5', v='null'}}
I/SDY     ( 1962): [HandleMessage]: M{Id=13, Ty=Query, sId='5560', rId='5554', data=Row{ver=1, k='gpaDcDwdB7QDcdFgoxYoXRMpIgTCWIU5', v='null'}}
I/SDY     ( 1962): [Query]:H: M{Id=13, Ty=Query, sId='5560', rId='5554', data=Row{ver=1, k='gpaDcDwdB7QDcdFgoxYoXRMpIgTCWIU5', v='null'}}
I/SDY     ( 1962): [[Query]:Local: gpaDcDwdB7QDcdFgoxYoXRMpIgTCWIU5 ,count: 1
I/SDY     ( 1962): [Query]:H:Done M{Id=13, Ty=QueryResponse, sId='5560', rId='5560', data=Row{ver=1, k='gpaDcDwdB7QDcdFgoxYoXRMpIgTCWIU5', v='JVV36WodGEzCiOOg2RQn6932vh8V6pN9'}}
I/SDY     ( 1962): [MSend]: M{Id=13, Ty=QueryResponse, sId='5560', rId='5560', data=Row{ver=1, k='gpaDcDwdB7QDcdFgoxYoXRMpIgTCWIU5', v='JVV36WodGEzCiOOg2RQn6932vh8V6pN9'}}
I/SDY     ( 1962): [MSend]: port: 11120 msg: M{Id=13, Ty=QueryResponse, sId='5560', rId='5560', data=Row{ver=1, k='gpaDcDwdB7QDcdFgoxYoXRMpIgTCWIU5', v='JVV36WodGEzCiOOg2RQn6932vh8V6pN9'}}
D/AndroidRuntime( 2012): 
D/AndroidRuntime( 2012): >>>>>> AndroidRuntime START com.android.internal.os.RuntimeInit <<<<<<
W/linker  ( 2012): libdvm.so has text relocations. This is wasting memory and is a security risk. Please fix.
D/AndroidRuntime( 2012): CheckJNI is ON
D/dalvikvm( 2012): Trying to load lib libjavacore.so 0x0
D/dalvikvm( 2012): Added shared lib libjavacore.so 0x0
D/dalvikvm( 2012): Trying to load lib libnativehelper.so 0x0
D/dalvikvm( 2012): Added shared lib libnativehelper.so 0x0
D/dalvikvm( 2012): No JNI_OnLoad found in libnativehelper.so 0x0, skipping init
D/dalvikvm( 2012): Note: class Landroid/app/ActivityManagerNative; has 179 unimplemented (abstract) methods
I/SDY     ( 1962): [SERVER]: M{Id=13, Ty=Query, sId='5558', rId='5554', data=Row{ver=1, k='F7dXYMlMWo9FAKD4NbJHTIePqsPDDImi', v='null'}}
I/SDY     ( 1962): [HandleMessage]: M{Id=13, Ty=Query, sId='5558', rId='5554', data=Row{ver=1, k='F7dXYMlMWo9FAKD4NbJHTIePqsPDDImi', v='null'}}
I/SDY     ( 1962): [Query]:H: M{Id=13, Ty=Query, sId='5558', rId='5554', data=Row{ver=1, k='F7dXYMlMWo9FAKD4NbJHTIePqsPDDImi', v='null'}}
I/SDY     ( 1962): [[Query]:Local: F7dXYMlMWo9FAKD4NbJHTIePqsPDDImi ,count: 1
I/SDY     ( 1962): [Query]:H:Done M{Id=13, Ty=QueryResponse, sId='5558', rId='5558', data=Row{ver=1, k='F7dXYMlMWo9FAKD4NbJHTIePqsPDDImi', v='aN8m9SULZTnJyutiamM8NeQuKTyYu9dd'}}
I/SDY     ( 1962): [MSend]: M{Id=13, Ty=QueryResponse, sId='5558', rId='5558', data=Row{ver=1, k='F7dXYMlMWo9FAKD4NbJHTIePqsPDDImi', v='aN8m9SULZTnJyutiamM8NeQuKTyYu9dd'}}
I/SDY     ( 1962): [MSend]: port: 11116 msg: M{Id=13, Ty=QueryResponse, sId='5558', rId='5558', data=Row{ver=1, k='F7dXYMlMWo9FAKD4NbJHTIePqsPDDImi', v='aN8m9SULZTnJyutiamM8NeQuKTyYu9dd'}}
E/memtrack( 2012): Couldn't load memtrack module (No such file or directory)
E/android.os.Debug( 2012): failed to load memtrack module: -2
D/AndroidRuntime( 2012): Calling main entry com.android.commands.content.Content
I/SDY     ( 1962): [Insert]: value=ek3PAToEkfU7BMT5l9A1qLBcdzgnjn89 key=gspf5SvNpBZ6bQlNafFEPKDeJIJ9WF4K
I/SDY     ( 1962): [Insert]: [5562, 5556, 5554] ,m: M{Id=5, Ty=Insert, sId='5554', rId='null', data=Row{ver=1, k='gspf5SvNpBZ6bQlNafFEPKDeJIJ9WF4K', v='ek3PAToEkfU7BMT5l9A1qLBcdzgnjn89'}}
I/SDY     ( 1962): [Add_Msg_Q]: M{Id=5, Ty=Insert, sId='5554', rId='5562', data=Row{ver=1, k='gspf5SvNpBZ6bQlNafFEPKDeJIJ9WF4K', v='ek3PAToEkfU7BMT5l9A1qLBcdzgnjn89'}}
I/SDY     ( 1962): [Add_Msg_Q]: M{Id=5, Ty=Insert, sId='5554', rId='5556', data=Row{ver=1, k='gspf5SvNpBZ6bQlNafFEPKDeJIJ9WF4K', v='ek3PAToEkfU7BMT5l9A1qLBcdzgnjn89'}}
I/SDY     ( 1962): [Add_Msg_Q]: M{Id=5, Ty=Insert, sId='5554', rId='5554', data=Row{ver=1, k='gspf5SvNpBZ6bQlNafFEPKDeJIJ9WF4K', v='ek3PAToEkfU7BMT5l9A1qLBcdzgnjn89'}}
I/SDY     ( 1962): [MSend]: M{Id=5, Ty=Insert, sId='5554', rId='5562', data=Row{ver=1, k='gspf5SvNpBZ6bQlNafFEPKDeJIJ9WF4K', v='ek3PAToEkfU7BMT5l9A1qLBcdzgnjn89'}}
I/SDY     ( 1962): [MSend]: port: 11124 msg: M{Id=5, Ty=Insert, sId='5554', rId='5562', data=Row{ver=1, k='gspf5SvNpBZ6bQlNafFEPKDeJIJ9WF4K', v='ek3PAToEkfU7BMT5l9A1qLBcdzgnjn89'}}
I/SDY     ( 1962): [SERVER]: M{Id=12, Ty=Insert, sId='5562', rId='5554', data=Row{ver=1, k='XK1MJkczzh1yfXKW9DqcqdVNFX2vIQXh', v='2eHocmS8JShaKzXLAubNJbvl30DwNZpo'}}
I/SDY     ( 1962): [HandleMessage]: M{Id=12, Ty=Insert, sId='5562', rId='5554', data=Row{ver=1, k='XK1MJkczzh1yfXKW9DqcqdVNFX2vIQXh', v='2eHocmS8JShaKzXLAubNJbvl30DwNZpo'}}
I/SDY     ( 1962): [Insert]:H: M{Id=12, Ty=Insert, sId='5562', rId='5554', data=Row{ver=1, k='XK1MJkczzh1yfXKW9DqcqdVNFX2vIQXh', v='2eHocmS8JShaKzXLAubNJbvl30DwNZpo'}}
I/SDY     ( 1962): [[Query]:Local: XK1MJkczzh1yfXKW9DqcqdVNFX2vIQXh ,count: 0
I/SDY     ( 1962): [Insert]:Local: value=2eHocmS8JShaKzXLAubNJbvl30DwNZpo node=5562 key=XK1MJkczzh1yfXKW9DqcqdVNFX2vIQXh version=1 ,rowId: 18
I/SDY     ( 1962): [Insert]:H:Done: M{Id=12, Ty=InsertResponse, sId='5562', rId='5562', data=18}
I/SDY     ( 1962): [MSend]: M{Id=5, Ty=Insert, sId='5554', rId='5554', data=Row{ver=1, k='gspf5SvNpBZ6bQlNafFEPKDeJIJ9WF4K', v='ek3PAToEkfU7BMT5l9A1qLBcdzgnjn89'}}
D/dalvikvm( 1962): GC_FOR_ALLOC freed 505K, 17% free 2881K/3436K, paused 19ms, total 19ms
I/SDY     ( 1962): [HandleMessage]: M{Id=5, Ty=Insert, sId='5554', rId='5554', data=Row{ver=1, k='gspf5SvNpBZ6bQlNafFEPKDeJIJ9WF4K', v='ek3PAToEkfU7BMT5l9A1qLBcdzgnjn89'}}
I/SDY     ( 1962): [Insert]:H: M{Id=5, Ty=Insert, sId='5554', rId='5554', data=Row{ver=1, k='gspf5SvNpBZ6bQlNafFEPKDeJIJ9WF4K', v='ek3PAToEkfU7BMT5l9A1qLBcdzgnjn89'}}
I/SDY     ( 1962): [[Query]:Local: gspf5SvNpBZ6bQlNafFEPKDeJIJ9WF4K ,count: 0
I/SDY     ( 1962): [Insert]:Local: value=ek3PAToEkfU7BMT5l9A1qLBcdzgnjn89 node=5562 key=gspf5SvNpBZ6bQlNafFEPKDeJIJ9WF4K version=1 ,rowId: 19
I/SDY     ( 1962): [Insert]:H:Done: M{Id=5, Ty=InsertResponse, sId='5554', rId='5554', data=19}
I/SDY     ( 1962): [MSend]: M{Id=5, Ty=Insert, sId='5554', rId='5556', data=Row{ver=1, k='gspf5SvNpBZ6bQlNafFEPKDeJIJ9WF4K', v='ek3PAToEkfU7BMT5l9A1qLBcdzgnjn89'}}
I/SDY     ( 1962): [MSend]: port: 11112 msg: M{Id=5, Ty=Insert, sId='5554', rId='5556', data=Row{ver=1, k='gspf5SvNpBZ6bQlNafFEPKDeJIJ9WF4K', v='ek3PAToEkfU7BMT5l9A1qLBcdzgnjn89'}}
E/SDY     ( 1962): [MSend]:Exception M{Id=5, Ty=Insert, sId='5554', rId='5556', data=Row{ver=1, k='gspf5SvNpBZ6bQlNafFEPKDeJIJ9WF4K', v='ek3PAToEkfU7BMT5l9A1qLBcdzgnjn89'}} , null
I/SDY     ( 1962): [MSend]: M{Id=5, Ty=InsertResponse, sId='5554', rId='5554', data=19}
I/SDY     ( 1962): [HandleMessage]: M{Id=5, Ty=InsertResponse, sId='5554', rId='5554', data=19}
I/SDY     ( 1962): [Response]:H: M{Id=5, Ty=InsertResponse, sId='5554', rId='5554', data=19}
I/SDY     ( 1962): [MSend]: M{Id=12, Ty=InsertResponse, sId='5562', rId='5562', data=18}
I/SDY     ( 1962): [MSend]: port: 11124 msg: M{Id=12, Ty=InsertResponse, sId='5562', rId='5562', data=18}
I/SDY     ( 1962): [SERVER]: M{Id=5, Ty=InsertResponse, sId='5554', rId='5554', data=23}
I/SDY     ( 1962): [HandleMessage]: M{Id=5, Ty=InsertResponse, sId='5554', rId='5554', data=23}
I/SDY     ( 1962): [Response]:H: M{Id=5, Ty=InsertResponse, sId='5554', rId='5554', data=23}
I/SDY     ( 1962): [Insert]:Done: M{Id=5, Ty=Insert, sId='5554', rId='null', data=Row{ver=1, k='gspf5SvNpBZ6bQlNafFEPKDeJIJ9WF4K', v='ek3PAToEkfU7BMT5l9A1qLBcdzgnjn89'}}
I/SDY     ( 1962): [Insert]:Done: value=ek3PAToEkfU7BMT5l9A1qLBcdzgnjn89 key=gspf5SvNpBZ6bQlNafFEPKDeJIJ9WF4K Done:r: 1
D/AndroidRuntime( 2012): Shutting down VM
D/jdwp    ( 2012): Got wake-up signal, bailing out of select
D/dalvikvm( 2012): Debugger has detached; object registry had 1 entries
D/AndroidRuntime( 2023): 
D/AndroidRuntime( 2023): >>>>>> AndroidRuntime START com.android.internal.os.RuntimeInit <<<<<<
W/linker  ( 2023): libdvm.so has text relocations. This is wasting memory and is a security risk. Please fix.
D/dalvikvm( 2023): Trying to load lib libjavacore.so 0x0
D/dalvikvm( 2023): Added shared lib libjavacore.so 0x0
D/AndroidRuntime( 2023): CheckJNI is ON
D/dalvikvm( 2023): Trying to load lib libnativehelper.so 0x0
D/dalvikvm( 2023): Added shared lib libnativehelper.so 0x0
D/dalvikvm( 2023): No JNI_OnLoad found in libnativehelper.so 0x0, skipping init
D/dalvikvm( 2023): Note: class Landroid/app/ActivityManagerNative; has 179 unimplemented (abstract) methods
E/memtrack( 2023): Couldn't load memtrack module (No such file or directory)
E/android.os.Debug( 2023): failed to load memtrack module: -2
D/AndroidRuntime( 2023): Calling main entry com.android.commands.content.Content
I/SDY     ( 1962): [Query]: gspf5SvNpBZ6bQlNafFEPKDeJIJ9WF4K
I/SDY     ( 1962): [Query]: gspf5SvNpBZ6bQlNafFEPKDeJIJ9WF4K
I/SDY     ( 1962): [Query]: M{Id=6, Ty=Query, sId='5554', rId='null', data=Row{ver=1, k='gspf5SvNpBZ6bQlNafFEPKDeJIJ9WF4K', v='null'}} ,nodes: [5562, 5556, 5554]
I/SDY     ( 1962): [Add_Msg_Q]: M{Id=6, Ty=Query, sId='5554', rId='5562', data=Row{ver=1, k='gspf5SvNpBZ6bQlNafFEPKDeJIJ9WF4K', v='null'}}
I/SDY     ( 1962): [SERVER]: M{Id=13, Ty=Query, sId='5562', rId='5554', data=Row{ver=1, k='XK1MJkczzh1yfXKW9DqcqdVNFX2vIQXh', v='null'}}
I/SDY     ( 1962): [HandleMessage]: M{Id=13, Ty=Query, sId='5562', rId='5554', data=Row{ver=1, k='XK1MJkczzh1yfXKW9DqcqdVNFX2vIQXh', v='null'}}
I/SDY     ( 1962): [Query]:H: M{Id=13, Ty=Query, sId='5562', rId='5554', data=Row{ver=1, k='XK1MJkczzh1yfXKW9DqcqdVNFX2vIQXh', v='null'}}
I/SDY     ( 1962): [[Query]:Local: XK1MJkczzh1yfXKW9DqcqdVNFX2vIQXh ,count: 1
I/SDY     ( 1962): [Query]:H:Done M{Id=13, Ty=QueryResponse, sId='5562', rId='5562', data=Row{ver=1, k='XK1MJkczzh1yfXKW9DqcqdVNFX2vIQXh', v='2eHocmS8JShaKzXLAubNJbvl30DwNZpo'}}
I/SDY     ( 1962): [Add_Msg_Q]: M{Id=6, Ty=Query, sId='5554', rId='5556', data=Row{ver=1, k='gspf5SvNpBZ6bQlNafFEPKDeJIJ9WF4K', v='null'}}
I/SDY     ( 1962): [Add_Msg_Q]: M{Id=6, Ty=Query, sId='5554', rId='5554', data=Row{ver=1, k='gspf5SvNpBZ6bQlNafFEPKDeJIJ9WF4K', v='null'}}
I/SDY     ( 1962): [MSend]: M{Id=6, Ty=Query, sId='5554', rId='5562', data=Row{ver=1, k='gspf5SvNpBZ6bQlNafFEPKDeJIJ9WF4K', v='null'}}
I/SDY     ( 1962): [MSend]: port: 11124 msg: M{Id=6, Ty=Query, sId='5554', rId='5562', data=Row{ver=1, k='gspf5SvNpBZ6bQlNafFEPKDeJIJ9WF4K', v='null'}}
I/SDY     ( 1962): [MSend]: M{Id=13, Ty=QueryResponse, sId='5562', rId='5562', data=Row{ver=1, k='XK1MJkczzh1yfXKW9DqcqdVNFX2vIQXh', v='2eHocmS8JShaKzXLAubNJbvl30DwNZpo'}}
I/SDY     ( 1962): [MSend]: port: 11124 msg: M{Id=13, Ty=QueryResponse, sId='5562', rId='5562', data=Row{ver=1, k='XK1MJkczzh1yfXKW9DqcqdVNFX2vIQXh', v='2eHocmS8JShaKzXLAubNJbvl30DwNZpo'}}
I/SDY     ( 1962): [MSend]: M{Id=6, Ty=Query, sId='5554', rId='5554', data=Row{ver=1, k='gspf5SvNpBZ6bQlNafFEPKDeJIJ9WF4K', v='null'}}
I/SDY     ( 1962): [HandleMessage]: M{Id=6, Ty=Query, sId='5554', rId='5554', data=Row{ver=1, k='gspf5SvNpBZ6bQlNafFEPKDeJIJ9WF4K', v='null'}}
I/SDY     ( 1962): [Query]:H: M{Id=6, Ty=Query, sId='5554', rId='5554', data=Row{ver=1, k='gspf5SvNpBZ6bQlNafFEPKDeJIJ9WF4K', v='null'}}
I/SDY     ( 1962): [[Query]:Local: gspf5SvNpBZ6bQlNafFEPKDeJIJ9WF4K ,count: 1
I/SDY     ( 1962): [Query]:H:Done M{Id=6, Ty=QueryResponse, sId='5554', rId='5554', data=Row{ver=1, k='gspf5SvNpBZ6bQlNafFEPKDeJIJ9WF4K', v='ek3PAToEkfU7BMT5l9A1qLBcdzgnjn89'}}
I/SDY     ( 1962): [MSend]: M{Id=6, Ty=Query, sId='5554', rId='5556', data=Row{ver=1, k='gspf5SvNpBZ6bQlNafFEPKDeJIJ9WF4K', v='null'}}
I/SDY     ( 1962): [MSend]: port: 11112 msg: M{Id=6, Ty=Query, sId='5554', rId='5556', data=Row{ver=1, k='gspf5SvNpBZ6bQlNafFEPKDeJIJ9WF4K', v='null'}}
E/SDY     ( 1962): [MSend]:Exception M{Id=6, Ty=Query, sId='5554', rId='5556', data=Row{ver=1, k='gspf5SvNpBZ6bQlNafFEPKDeJIJ9WF4K', v='null'}} , null
I/SDY     ( 1962): [MSend]: M{Id=6, Ty=QueryResponse, sId='5554', rId='5554', data=Row{ver=1, k='gspf5SvNpBZ6bQlNafFEPKDeJIJ9WF4K', v='ek3PAToEkfU7BMT5l9A1qLBcdzgnjn89'}}
I/SDY     ( 1962): [HandleMessage]: M{Id=6, Ty=QueryResponse, sId='5554', rId='5554', data=Row{ver=1, k='gspf5SvNpBZ6bQlNafFEPKDeJIJ9WF4K', v='ek3PAToEkfU7BMT5l9A1qLBcdzgnjn89'}}
I/SDY     ( 1962): [Response]:H: M{Id=6, Ty=QueryResponse, sId='5554', rId='5554', data=Row{ver=1, k='gspf5SvNpBZ6bQlNafFEPKDeJIJ9WF4K', v='ek3PAToEkfU7BMT5l9A1qLBcdzgnjn89'}}
I/SDY     ( 1962): [SERVER]: M{Id=6, Ty=QueryResponse, sId='5554', rId='5554', data=Row{ver=1, k='gspf5SvNpBZ6bQlNafFEPKDeJIJ9WF4K', v='ek3PAToEkfU7BMT5l9A1qLBcdzgnjn89'}}
I/SDY     ( 1962): [HandleMessage]: M{Id=6, Ty=QueryResponse, sId='5554', rId='5554', data=Row{ver=1, k='gspf5SvNpBZ6bQlNafFEPKDeJIJ9WF4K', v='ek3PAToEkfU7BMT5l9A1qLBcdzgnjn89'}}
I/SDY     ( 1962): [Response]:H: M{Id=6, Ty=QueryResponse, sId='5554', rId='5554', data=Row{ver=1, k='gspf5SvNpBZ6bQlNafFEPKDeJIJ9WF4K', v='ek3PAToEkfU7BMT5l9A1qLBcdzgnjn89'}}
I/SDY     ( 1962): [Query]:Done: gspf5SvNpBZ6bQlNafFEPKDeJIJ9WF4K,value: ek3PAToEkfU7BMT5l9A1qLBcdzgnjn89 ,version: 1
I/SDY     ( 1962): [Query]:Done: gspf5SvNpBZ6bQlNafFEPKDeJIJ9WF4K ,cursor:  1
D/AndroidRuntime( 2023): Shutting down VM
D/dalvikvm( 2023): Debugger has detached; object registry had 1 entries
D/AndroidRuntime( 2034): 
D/AndroidRuntime( 2034): >>>>>> AndroidRuntime START com.android.internal.os.RuntimeInit <<<<<<
W/linker  ( 2034): libdvm.so has text relocations. This is wasting memory and is a security risk. Please fix.
D/AndroidRuntime( 2034): CheckJNI is ON
D/dalvikvm( 2034): Trying to load lib libjavacore.so 0x0
D/dalvikvm( 2034): Added shared lib libjavacore.so 0x0
D/dalvikvm( 2034): Trying to load lib libnativehelper.so 0x0
D/dalvikvm( 2034): Added shared lib libnativehelper.so 0x0
D/dalvikvm( 2034): No JNI_OnLoad found in libnativehelper.so 0x0, skipping init
D/dalvikvm( 2034): Note: class Landroid/app/ActivityManagerNative; has 179 unimplemented (abstract) methods
E/memtrack( 2034): Couldn't load memtrack module (No such file or directory)
E/android.os.Debug( 2034): failed to load memtrack module: -2
D/AndroidRuntime( 2034): Calling main entry com.android.commands.content.Content
I/SDY     ( 1962): [Insert]: value=W7jCv0qfLXDEy80rJYodOHwoZIdJ9nik key=190rbs3IRJWTRh1G0sWZ8XxWm5BjnMrg
I/SDY     ( 1962): [Insert]: [5558, 5560, 5562] ,m: M{Id=7, Ty=Insert, sId='5554', rId='null', data=Row{ver=1, k='190rbs3IRJWTRh1G0sWZ8XxWm5BjnMrg', v='W7jCv0qfLXDEy80rJYodOHwoZIdJ9nik'}}
I/SDY     ( 1962): [Add_Msg_Q]: M{Id=7, Ty=Insert, sId='5554', rId='5558', data=Row{ver=1, k='190rbs3IRJWTRh1G0sWZ8XxWm5BjnMrg', v='W7jCv0qfLXDEy80rJYodOHwoZIdJ9nik'}}
I/SDY     ( 1962): [Add_Msg_Q]: M{Id=7, Ty=Insert, sId='5554', rId='5560', data=Row{ver=1, k='190rbs3IRJWTRh1G0sWZ8XxWm5BjnMrg', v='W7jCv0qfLXDEy80rJYodOHwoZIdJ9nik'}}
I/SDY     ( 1962): [Add_Msg_Q]: M{Id=7, Ty=Insert, sId='5554', rId='5562', data=Row{ver=1, k='190rbs3IRJWTRh1G0sWZ8XxWm5BjnMrg', v='W7jCv0qfLXDEy80rJYodOHwoZIdJ9nik'}}
I/SDY     ( 1962): [MSend]: M{Id=7, Ty=Insert, sId='5554', rId='5558', data=Row{ver=1, k='190rbs3IRJWTRh1G0sWZ8XxWm5BjnMrg', v='W7jCv0qfLXDEy80rJYodOHwoZIdJ9nik'}}
I/SDY     ( 1962): [MSend]: port: 11116 msg: M{Id=7, Ty=Insert, sId='5554', rId='5558', data=Row{ver=1, k='190rbs3IRJWTRh1G0sWZ8XxWm5BjnMrg', v='W7jCv0qfLXDEy80rJYodOHwoZIdJ9nik'}}
I/SDY     ( 1962): [MSend]: M{Id=7, Ty=Insert, sId='5554', rId='5562', data=Row{ver=1, k='190rbs3IRJWTRh1G0sWZ8XxWm5BjnMrg', v='W7jCv0qfLXDEy80rJYodOHwoZIdJ9nik'}}
I/SDY     ( 1962): [MSend]: port: 11124 msg: M{Id=7, Ty=Insert, sId='5554', rId='5562', data=Row{ver=1, k='190rbs3IRJWTRh1G0sWZ8XxWm5BjnMrg', v='W7jCv0qfLXDEy80rJYodOHwoZIdJ9nik'}}
I/SDY     ( 1962): [MSend]: M{Id=7, Ty=Insert, sId='5554', rId='5560', data=Row{ver=1, k='190rbs3IRJWTRh1G0sWZ8XxWm5BjnMrg', v='W7jCv0qfLXDEy80rJYodOHwoZIdJ9nik'}}
I/SDY     ( 1962): [MSend]: port: 11120 msg: M{Id=7, Ty=Insert, sId='5554', rId='5560', data=Row{ver=1, k='190rbs3IRJWTRh1G0sWZ8XxWm5BjnMrg', v='W7jCv0qfLXDEy80rJYodOHwoZIdJ9nik'}}
I/SDY     ( 1962): [SERVER]: M{Id=7, Ty=InsertResponse, sId='5554', rId='5554', data=27}
I/SDY     ( 1962): [HandleMessage]: M{Id=7, Ty=InsertResponse, sId='5554', rId='5554', data=27}
I/SDY     ( 1962): [Response]:H: M{Id=7, Ty=InsertResponse, sId='5554', rId='5554', data=27}
I/SDY     ( 1962): [SERVER]: M{Id=16, Ty=Insert, sId='5560', rId='5554', data=Row{ver=1, k='D3GbKDigCaAH5MYpM1qc3T2YVcLB5FwS', v='dE96jxlGlgRD2hPdgFZ5bEDtW4DfeQ3d'}}
I/SDY     ( 1962): [HandleMessage]: M{Id=16, Ty=Insert, sId='5560', rId='5554', data=Row{ver=1, k='D3GbKDigCaAH5MYpM1qc3T2YVcLB5FwS', v='dE96jxlGlgRD2hPdgFZ5bEDtW4DfeQ3d'}}
I/SDY     ( 1962): [Insert]:H: M{Id=16, Ty=Insert, sId='5560', rId='5554', data=Row{ver=1, k='D3GbKDigCaAH5MYpM1qc3T2YVcLB5FwS', v='dE96jxlGlgRD2hPdgFZ5bEDtW4DfeQ3d'}}
I/SDY     ( 1962): [[Query]:Local: D3GbKDigCaAH5MYpM1qc3T2YVcLB5FwS ,count: 0
I/SDY     ( 1962): [Insert]:Local: value=dE96jxlGlgRD2hPdgFZ5bEDtW4DfeQ3d node=5562 key=D3GbKDigCaAH5MYpM1qc3T2YVcLB5FwS version=1 ,rowId: 20
I/SDY     ( 1962): [Insert]:H:Done: M{Id=16, Ty=InsertResponse, sId='5560', rId='5560', data=20}
I/SDY     ( 1962): [SERVER]: M{Id=7, Ty=InsertResponse, sId='5554', rId='5554', data=15}
I/SDY     ( 1962): [SERVER]: M{Id=7, Ty=InsertResponse, sId='5554', rId='5554', data=14}
I/SDY     ( 1962): [HandleMessage]: M{Id=7, Ty=InsertResponse, sId='5554', rId='5554', data=15}
I/SDY     ( 1962): [Response]:H: M{Id=7, Ty=InsertResponse, sId='5554', rId='5554', data=15}
I/SDY     ( 1962): [HandleMessage]: M{Id=7, Ty=InsertResponse, sId='5554', rId='5554', data=14}
I/SDY     ( 1962): [Response]:H: M{Id=7, Ty=InsertResponse, sId='5554', rId='5554', data=14}
I/SDY     ( 1962): [Insert]:Done: M{Id=7, Ty=Insert, sId='5554', rId='null', data=Row{ver=1, k='190rbs3IRJWTRh1G0sWZ8XxWm5BjnMrg', v='W7jCv0qfLXDEy80rJYodOHwoZIdJ9nik'}}
I/SDY     ( 1962): [Insert]:Done: value=W7jCv0qfLXDEy80rJYodOHwoZIdJ9nik key=190rbs3IRJWTRh1G0sWZ8XxWm5BjnMrg Done:r: 1
D/AndroidRuntime( 2034): Shutting down VM
D/jdwp    ( 2034): Got wake-up signal, bailing out of select
D/dalvikvm( 2034): Debugger has detached; object registry had 1 entries
I/SDY     ( 1962): [MSend]: M{Id=16, Ty=InsertResponse, sId='5560', rId='5560', data=20}
I/SDY     ( 1962): [MSend]: port: 11120 msg: M{Id=16, Ty=InsertResponse, sId='5560', rId='5560', data=20}
I/SDY     ( 1962): [SERVER]: M{Id=16, Ty=Insert, sId='5558', rId='5554', data=Row{ver=1, k='NmX0lO10aBkHrzU07bZbsxI63ehzUquo', v='GFGiSeCTlWvvl248teOneTY5DNhHwIl4'}}
I/SDY     ( 1962): [HandleMessage]: M{Id=16, Ty=Insert, sId='5558', rId='5554', data=Row{ver=1, k='NmX0lO10aBkHrzU07bZbsxI63ehzUquo', v='GFGiSeCTlWvvl248teOneTY5DNhHwIl4'}}
I/SDY     ( 1962): [Insert]:H: M{Id=16, Ty=Insert, sId='5558', rId='5554', data=Row{ver=1, k='NmX0lO10aBkHrzU07bZbsxI63ehzUquo', v='GFGiSeCTlWvvl248teOneTY5DNhHwIl4'}}
I/SDY     ( 1962): [[Query]:Local: NmX0lO10aBkHrzU07bZbsxI63ehzUquo ,count: 0
I/SDY     ( 1962): [Insert]:Local: value=GFGiSeCTlWvvl248teOneTY5DNhHwIl4 node=5556 key=NmX0lO10aBkHrzU07bZbsxI63ehzUquo version=1 ,rowId: 21
I/SDY     ( 1962): [Insert]:H:Done: M{Id=16, Ty=InsertResponse, sId='5558', rId='5558', data=21}
I/SDY     ( 1962): [MSend]: M{Id=16, Ty=InsertResponse, sId='5558', rId='5558', data=21}
I/SDY     ( 1962): [MSend]: port: 11116 msg: M{Id=16, Ty=InsertResponse, sId='5558', rId='5558', data=21}
D/AndroidRuntime( 2045): 
D/AndroidRuntime( 2045): >>>>>> AndroidRuntime START com.android.internal.os.RuntimeInit <<<<<<
W/linker  ( 2045): libdvm.so has text relocations. This is wasting memory and is a security risk. Please fix.
D/AndroidRuntime( 2045): CheckJNI is ON
D/dalvikvm( 2045): Trying to load lib libjavacore.so 0x0
D/dalvikvm( 2045): Added shared lib libjavacore.so 0x0
D/dalvikvm( 2045): Trying to load lib libnativehelper.so 0x0
D/dalvikvm( 2045): Added shared lib libnativehelper.so 0x0
D/dalvikvm( 2045): No JNI_OnLoad found in libnativehelper.so 0x0, skipping init
D/dalvikvm( 2045): Note: class Landroid/app/ActivityManagerNative; has 179 unimplemented (abstract) methods
E/memtrack( 2045): Couldn't load memtrack module (No such file or directory)
E/android.os.Debug( 2045): failed to load memtrack module: -2
D/AndroidRuntime( 2045): Calling main entry com.android.commands.content.Content
I/SDY     ( 1962): [Query]: 190rbs3IRJWTRh1G0sWZ8XxWm5BjnMrg
I/SDY     ( 1962): [Query]: 190rbs3IRJWTRh1G0sWZ8XxWm5BjnMrg
I/SDY     ( 1962): [Query]: M{Id=8, Ty=Query, sId='5554', rId='null', data=Row{ver=1, k='190rbs3IRJWTRh1G0sWZ8XxWm5BjnMrg', v='null'}} ,nodes: [5558, 5560, 5562]
I/SDY     ( 1962): [Add_Msg_Q]: M{Id=8, Ty=Query, sId='5554', rId='5558', data=Row{ver=1, k='190rbs3IRJWTRh1G0sWZ8XxWm5BjnMrg', v='null'}}
I/SDY     ( 1962): [Add_Msg_Q]: M{Id=8, Ty=Query, sId='5554', rId='5560', data=Row{ver=1, k='190rbs3IRJWTRh1G0sWZ8XxWm5BjnMrg', v='null'}}
I/SDY     ( 1962): [Add_Msg_Q]: M{Id=8, Ty=Query, sId='5554', rId='5562', data=Row{ver=1, k='190rbs3IRJWTRh1G0sWZ8XxWm5BjnMrg', v='null'}}
I/SDY     ( 1962): [MSend]: M{Id=8, Ty=Query, sId='5554', rId='5558', data=Row{ver=1, k='190rbs3IRJWTRh1G0sWZ8XxWm5BjnMrg', v='null'}}
I/SDY     ( 1962): [MSend]: port: 11116 msg: M{Id=8, Ty=Query, sId='5554', rId='5558', data=Row{ver=1, k='190rbs3IRJWTRh1G0sWZ8XxWm5BjnMrg', v='null'}}
I/SDY     ( 1962): [MSend]: M{Id=8, Ty=Query, sId='5554', rId='5562', data=Row{ver=1, k='190rbs3IRJWTRh1G0sWZ8XxWm5BjnMrg', v='null'}}
I/SDY     ( 1962): [MSend]: port: 11124 msg: M{Id=8, Ty=Query, sId='5554', rId='5562', data=Row{ver=1, k='190rbs3IRJWTRh1G0sWZ8XxWm5BjnMrg', v='null'}}
I/SDY     ( 1962): [MSend]: M{Id=8, Ty=Query, sId='5554', rId='5560', data=Row{ver=1, k='190rbs3IRJWTRh1G0sWZ8XxWm5BjnMrg', v='null'}}
I/SDY     ( 1962): [MSend]: port: 11120 msg: M{Id=8, Ty=Query, sId='5554', rId='5560', data=Row{ver=1, k='190rbs3IRJWTRh1G0sWZ8XxWm5BjnMrg', v='null'}}
I/SDY     ( 1962): [SERVER]: M{Id=8, Ty=QueryResponse, sId='5554', rId='5554', data=Row{ver=1, k='190rbs3IRJWTRh1G0sWZ8XxWm5BjnMrg', v='W7jCv0qfLXDEy80rJYodOHwoZIdJ9nik'}}
I/SDY     ( 1962): [SERVER]: M{Id=8, Ty=QueryResponse, sId='5554', rId='5554', data=Row{ver=1, k='190rbs3IRJWTRh1G0sWZ8XxWm5BjnMrg', v='W7jCv0qfLXDEy80rJYodOHwoZIdJ9nik'}}
I/SDY     ( 1962): [HandleMessage]: M{Id=8, Ty=QueryResponse, sId='5554', rId='5554', data=Row{ver=1, k='190rbs3IRJWTRh1G0sWZ8XxWm5BjnMrg', v='W7jCv0qfLXDEy80rJYodOHwoZIdJ9nik'}}
I/SDY     ( 1962): [Response]:H: M{Id=8, Ty=QueryResponse, sId='5554', rId='5554', data=Row{ver=1, k='190rbs3IRJWTRh1G0sWZ8XxWm5BjnMrg', v='W7jCv0qfLXDEy80rJYodOHwoZIdJ9nik'}}
I/SDY     ( 1962): [HandleMessage]: M{Id=8, Ty=QueryResponse, sId='5554', rId='5554', data=Row{ver=1, k='190rbs3IRJWTRh1G0sWZ8XxWm5BjnMrg', v='W7jCv0qfLXDEy80rJYodOHwoZIdJ9nik'}}
I/SDY     ( 1962): [Response]:H: M{Id=8, Ty=QueryResponse, sId='5554', rId='5554', data=Row{ver=1, k='190rbs3IRJWTRh1G0sWZ8XxWm5BjnMrg', v='W7jCv0qfLXDEy80rJYodOHwoZIdJ9nik'}}
I/SDY     ( 1962): [Query]:Done: 190rbs3IRJWTRh1G0sWZ8XxWm5BjnMrg,value: W7jCv0qfLXDEy80rJYodOHwoZIdJ9nik ,version: 1
I/SDY     ( 1962): [Query]:Done: 190rbs3IRJWTRh1G0sWZ8XxWm5BjnMrg ,cursor:  1
D/AndroidRuntime( 2045): Shutting down VM
D/dalvikvm( 2045): Debugger has detached; object registry had 1 entries
I/SDY     ( 1962): [SERVER]: M{Id=17, Ty=Query, sId='5560', rId='5554', data=Row{ver=1, k='D3GbKDigCaAH5MYpM1qc3T2YVcLB5FwS', v='null'}}
I/SDY     ( 1962): [SERVER]: M{Id=17, Ty=Query, sId='5558', rId='5554', data=Row{ver=1, k='NmX0lO10aBkHrzU07bZbsxI63ehzUquo', v='null'}}
I/SDY     ( 1962): [HandleMessage]: M{Id=17, Ty=Query, sId='5560', rId='5554', data=Row{ver=1, k='D3GbKDigCaAH5MYpM1qc3T2YVcLB5FwS', v='null'}}
I/SDY     ( 1962): [Query]:H: M{Id=17, Ty=Query, sId='5560', rId='5554', data=Row{ver=1, k='D3GbKDigCaAH5MYpM1qc3T2YVcLB5FwS', v='null'}}
I/SDY     ( 1962): [[Query]:Local: D3GbKDigCaAH5MYpM1qc3T2YVcLB5FwS ,count: 1
I/SDY     ( 1962): [Query]:H:Done M{Id=17, Ty=QueryResponse, sId='5560', rId='5560', data=Row{ver=1, k='D3GbKDigCaAH5MYpM1qc3T2YVcLB5FwS', v='dE96jxlGlgRD2hPdgFZ5bEDtW4DfeQ3d'}}
I/SDY     ( 1962): [HandleMessage]: M{Id=17, Ty=Query, sId='5558', rId='5554', data=Row{ver=1, k='NmX0lO10aBkHrzU07bZbsxI63ehzUquo', v='null'}}
I/SDY     ( 1962): [Query]:H: M{Id=17, Ty=Query, sId='5558', rId='5554', data=Row{ver=1, k='NmX0lO10aBkHrzU07bZbsxI63ehzUquo', v='null'}}
I/SDY     ( 1962): [[Query]:Local: NmX0lO10aBkHrzU07bZbsxI63ehzUquo ,count: 1
I/SDY     ( 1962): [Query]:H:Done M{Id=17, Ty=QueryResponse, sId='5558', rId='5558', data=Row{ver=1, k='NmX0lO10aBkHrzU07bZbsxI63ehzUquo', v='GFGiSeCTlWvvl248teOneTY5DNhHwIl4'}}
I/SDY     ( 1962): [SERVER]: M{Id=8, Ty=QueryResponse, sId='5554', rId='5554', data=Row{ver=1, k='190rbs3IRJWTRh1G0sWZ8XxWm5BjnMrg', v='W7jCv0qfLXDEy80rJYodOHwoZIdJ9nik'}}
I/SDY     ( 1962): [MSend]: M{Id=17, Ty=QueryResponse, sId='5560', rId='5560', data=Row{ver=1, k='D3GbKDigCaAH5MYpM1qc3T2YVcLB5FwS', v='dE96jxlGlgRD2hPdgFZ5bEDtW4DfeQ3d'}}
I/SDY     ( 1962): [MSend]: port: 11120 msg: M{Id=17, Ty=QueryResponse, sId='5560', rId='5560', data=Row{ver=1, k='D3GbKDigCaAH5MYpM1qc3T2YVcLB5FwS', v='dE96jxlGlgRD2hPdgFZ5bEDtW4DfeQ3d'}}
I/SDY     ( 1962): [HandleMessage]: M{Id=8, Ty=QueryResponse, sId='5554', rId='5554', data=Row{ver=1, k='190rbs3IRJWTRh1G0sWZ8XxWm5BjnMrg', v='W7jCv0qfLXDEy80rJYodOHwoZIdJ9nik'}}
I/SDY     ( 1962): [Response]:H: M{Id=8, Ty=QueryResponse, sId='5554', rId='5554', data=Row{ver=1, k='190rbs3IRJWTRh1G0sWZ8XxWm5BjnMrg', v='W7jCv0qfLXDEy80rJYodOHwoZIdJ9nik'}}
I/SDY     ( 1962): [MSend]: M{Id=17, Ty=QueryResponse, sId='5558', rId='5558', data=Row{ver=1, k='NmX0lO10aBkHrzU07bZbsxI63ehzUquo', v='GFGiSeCTlWvvl248teOneTY5DNhHwIl4'}}
I/SDY     ( 1962): [MSend]: port: 11116 msg: M{Id=17, Ty=QueryResponse, sId='5558', rId='5558', data=Row{ver=1, k='NmX0lO10aBkHrzU07bZbsxI63ehzUquo', v='GFGiSeCTlWvvl248teOneTY5DNhHwIl4'}}
D/AndroidRuntime( 2056): 
D/AndroidRuntime( 2056): >>>>>> AndroidRuntime START com.android.internal.os.RuntimeInit <<<<<<
W/linker  ( 2056): libdvm.so has text relocations. This is wasting memory and is a security risk. Please fix.
D/AndroidRuntime( 2056): CheckJNI is ON
D/dalvikvm( 2056): Trying to load lib libjavacore.so 0x0
D/dalvikvm( 2056): Added shared lib libjavacore.so 0x0
D/dalvikvm( 2056): Trying to load lib libnativehelper.so 0x0
D/dalvikvm( 2056): Added shared lib libnativehelper.so 0x0
D/dalvikvm( 2056): No JNI_OnLoad found in libnativehelper.so 0x0, skipping init
D/dalvikvm( 2056): Note: class Landroid/app/ActivityManagerNative; has 179 unimplemented (abstract) methods
E/memtrack( 2056): Couldn't load memtrack module (No such file or directory)
E/android.os.Debug( 2056): failed to load memtrack module: -2
D/AndroidRuntime( 2056): Calling main entry com.android.commands.content.Content
I/SDY     ( 1962): [Insert]: value=FgfirWdKJ6oCBDorumQYE6YjUbKEFIIf key=c6QZiqEAUHBnLZKQ1z4pjuyUwawXeJpA
I/SDY     ( 1962): [Insert]: [5558, 5560, 5562] ,m: M{Id=9, Ty=Insert, sId='5554', rId='null', data=Row{ver=1, k='c6QZiqEAUHBnLZKQ1z4pjuyUwawXeJpA', v='FgfirWdKJ6oCBDorumQYE6YjUbKEFIIf'}}
I/SDY     ( 1962): [Add_Msg_Q]: M{Id=9, Ty=Insert, sId='5554', rId='5558', data=Row{ver=1, k='c6QZiqEAUHBnLZKQ1z4pjuyUwawXeJpA', v='FgfirWdKJ6oCBDorumQYE6YjUbKEFIIf'}}
