I/SDY     ( 7648): [MSend]: M{Id=7, Ty=InsertResponse, sId='5558', rId='5558', data=5}
I/SDY     ( 7648): [MSend]: port: 11116 msg: M{Id=7, Ty=InsertResponse, sId='5558', rId='5558', data=5}
I/SDY     ( 7648): [MSend]: M{Id=7, Ty=Insert, sId='5554', rId='5558', data=Row{ver=1, k='OL0w8QQo12Jk555QrBzZMttTgDzudrwb', v='YJv233NwBg3o8z7xjCbg07waHPHPNAA9'}}
I/SDY     ( 7648): [MSend]: port: 11116 msg: M{Id=7, Ty=Insert, sId='5554', rId='5558', data=Row{ver=1, k='OL0w8QQo12Jk555QrBzZMttTgDzudrwb', v='YJv233NwBg3o8z7xjCbg07waHPHPNAA9'}}
I/SDY     ( 7648): [SERVER]: M{Id=7, Ty=InsertResponse, sId='5554', rId='5554', data=12}
I/SDY     ( 7648): [HandleMessage]: M{Id=7, Ty=InsertResponse, sId='5554', rId='5554', data=12}
I/SDY     ( 7648): [Response]:H: M{Id=7, Ty=InsertResponse, sId='5554', rId='5554', data=12}
I/SDY     ( 7648): [Insert]:Done: M{Id=7, Ty=Insert, sId='5554', rId='null', data=Row{ver=1, k='OL0w8QQo12Jk555QrBzZMttTgDzudrwb', v='YJv233NwBg3o8z7xjCbg07waHPHPNAA9'}}
I/SDY     ( 7648): [Insert]:Done: value=YJv233NwBg3o8z7xjCbg07waHPHPNAA9 key=OL0w8QQo12Jk555QrBzZMttTgDzudrwb Done:r: 1
D/AndroidRuntime( 7721): Shutting down VM
D/jdwp    ( 7721): Got wake-up signal, bailing out of select
D/dalvikvm( 7721): Debugger has detached; object registry had 1 entries
I/SDY     ( 7648): [SERVER]: M{Id=7, Ty=InsertResponse, sId='5554', rId='5554', data=12}
I/SDY     ( 7648): [HandleMessage]: M{Id=7, Ty=InsertResponse, sId='5554', rId='5554', data=12}
I/SDY     ( 7648): [Response]:H: M{Id=7, Ty=InsertResponse, sId='5554', rId='5554', data=12}
I/SDY     ( 7648): [SERVER]: M{Id=7, Ty=Insert, sId='5560', rId='5554', data=Row{ver=1, k='G7tIdKTpaSQTJifI6DbsEJa48S4JZ2Bj', v='cKnfKxd3ftPZfWGouxwHc9mvG7B1BVeQ'}}
I/SDY     ( 7648): [HandleMessage]: M{Id=7, Ty=Insert, sId='5560', rId='5554', data=Row{ver=1, k='G7tIdKTpaSQTJifI6DbsEJa48S4JZ2Bj', v='cKnfKxd3ftPZfWGouxwHc9mvG7B1BVeQ'}}
I/SDY     ( 7648): [Insert]:H: M{Id=7, Ty=Insert, sId='5560', rId='5554', data=Row{ver=1, k='G7tIdKTpaSQTJifI6DbsEJa48S4JZ2Bj', v='cKnfKxd3ftPZfWGouxwHc9mvG7B1BVeQ'}}
I/SDY     ( 7648): [[Query]:Local: G7tIdKTpaSQTJifI6DbsEJa48S4JZ2Bj ,count: 0
I/SDY     ( 7648): [Insert]:Local: value=cKnfKxd3ftPZfWGouxwHc9mvG7B1BVeQ node=5562 key=G7tIdKTpaSQTJifI6DbsEJa48S4JZ2Bj version=1 ,rowId: 6
I/SDY     ( 7648): [Insert]:H:Done: M{Id=7, Ty=InsertResponse, sId='5560', rId='5560', data=6}
I/SDY     ( 7648): [MSend]: M{Id=7, Ty=InsertResponse, sId='5560', rId='5560', data=6}
I/SDY     ( 7648): [MSend]: port: 11120 msg: M{Id=7, Ty=InsertResponse, sId='5560', rId='5560', data=6}
D/AndroidRuntime( 7732): 
D/AndroidRuntime( 7732): >>>>>> AndroidRuntime START com.android.internal.os.RuntimeInit <<<<<<
W/linker  ( 7732): libdvm.so has text relocations. This is wasting memory and is a security risk. Please fix.
D/AndroidRuntime( 7732): CheckJNI is ON
I/SDY     ( 7648): [SERVER]: M{Id=7, Ty=Insert, sId='5562', rId='5554', data=Row{ver=1, k='jZOgRVG7WvWBrN6cEvANdLFMT06GOUzp', v='Z78qvtip8FyHUFdoKHZZqROFL9eC043E'}}
I/SDY     ( 7648): [HandleMessage]: M{Id=7, Ty=Insert, sId='5562', rId='5554', data=Row{ver=1, k='jZOgRVG7WvWBrN6cEvANdLFMT06GOUzp', v='Z78qvtip8FyHUFdoKHZZqROFL9eC043E'}}
I/SDY     ( 7648): [Insert]:H: M{Id=7, Ty=Insert, sId='5562', rId='5554', data=Row{ver=1, k='jZOgRVG7WvWBrN6cEvANdLFMT06GOUzp', v='Z78qvtip8FyHUFdoKHZZqROFL9eC043E'}}
I/SDY     ( 7648): [[Query]:Local: jZOgRVG7WvWBrN6cEvANdLFMT06GOUzp ,count: 0
I/SDY     ( 7648): [Insert]:Local: value=Z78qvtip8FyHUFdoKHZZqROFL9eC043E node=5562 key=jZOgRVG7WvWBrN6cEvANdLFMT06GOUzp version=1 ,rowId: 7
I/SDY     ( 7648): [Insert]:H:Done: M{Id=7, Ty=InsertResponse, sId='5562', rId='5562', data=7}
I/SDY     ( 7648): [MSend]: M{Id=7, Ty=InsertResponse, sId='5562', rId='5562', data=7}
I/SDY     ( 7648): [MSend]: port: 11124 msg: M{Id=7, Ty=InsertResponse, sId='5562', rId='5562', data=7}
D/dalvikvm( 7732): Trying to load lib libjavacore.so 0x0
D/dalvikvm( 7732): Added shared lib libjavacore.so 0x0
D/dalvikvm( 7732): Trying to load lib libnativehelper.so 0x0
D/dalvikvm( 7732): Added shared lib libnativehelper.so 0x0
D/dalvikvm( 7732): No JNI_OnLoad found in libnativehelper.so 0x0, skipping init
D/dalvikvm( 7732): Note: class Landroid/app/ActivityManagerNative; has 179 unimplemented (abstract) methods
I/SDY     ( 7648): [SERVER]: M{Id=9, Ty=Query, sId='5556', rId='5554', data=Row{ver=1, k='nM4ylWG5zqKidkT26jCOw4OZzLX1RF4E', v='null'}}
I/SDY     ( 7648): [HandleMessage]: M{Id=9, Ty=Query, sId='5556', rId='5554', data=Row{ver=1, k='nM4ylWG5zqKidkT26jCOw4OZzLX1RF4E', v='null'}}
I/SDY     ( 7648): [Query]:H: M{Id=9, Ty=Query, sId='5556', rId='5554', data=Row{ver=1, k='nM4ylWG5zqKidkT26jCOw4OZzLX1RF4E', v='null'}}
I/SDY     ( 7648): [[Query]:Local: nM4ylWG5zqKidkT26jCOw4OZzLX1RF4E ,count: 1
I/SDY     ( 7648): [Query]:H:Done M{Id=9, Ty=QueryResponse, sId='5556', rId='5556', data=Row{ver=1, k='nM4ylWG5zqKidkT26jCOw4OZzLX1RF4E', v='pJBfZATjkMFk0ST4VYKy5nMd6CAZj5CQ'}}
I/SDY     ( 7648): [MSend]: M{Id=9, Ty=QueryResponse, sId='5556', rId='5556', data=Row{ver=1, k='nM4ylWG5zqKidkT26jCOw4OZzLX1RF4E', v='pJBfZATjkMFk0ST4VYKy5nMd6CAZj5CQ'}}
I/SDY     ( 7648): [MSend]: port: 11112 msg: M{Id=9, Ty=QueryResponse, sId='5556', rId='5556', data=Row{ver=1, k='nM4ylWG5zqKidkT26jCOw4OZzLX1RF4E', v='pJBfZATjkMFk0ST4VYKy5nMd6CAZj5CQ'}}
E/memtrack( 7732): Couldn't load memtrack module (No such file or directory)
E/android.os.Debug( 7732): failed to load memtrack module: -2
D/AndroidRuntime( 7732): Calling main entry com.android.commands.content.Content
I/SDY     ( 7648): [Query]: OviVPuD8hOUIua9dbHXQ8eQUUjMig0ZF
I/SDY     ( 7648): [Query]: OviVPuD8hOUIua9dbHXQ8eQUUjMig0ZF
I/SDY     ( 7648): [Query]: M{Id=8, Ty=Query, sId='5554', rId='null', data=Row{ver=1, k='OviVPuD8hOUIua9dbHXQ8eQUUjMig0ZF', v='null'}} ,nodes: [5560, 5562, 5556]
I/SDY     ( 7648): [Add_Msg_Q]: M{Id=8, Ty=Query, sId='5554', rId='5560', data=Row{ver=1, k='OviVPuD8hOUIua9dbHXQ8eQUUjMig0ZF', v='null'}}
I/SDY     ( 7648): [Add_Msg_Q]: M{Id=8, Ty=Query, sId='5554', rId='5562', data=Row{ver=1, k='OviVPuD8hOUIua9dbHXQ8eQUUjMig0ZF', v='null'}}
I/SDY     ( 7648): [Add_Msg_Q]: M{Id=8, Ty=Query, sId='5554', rId='5556', data=Row{ver=1, k='OviVPuD8hOUIua9dbHXQ8eQUUjMig0ZF', v='null'}}
I/SDY     ( 7648): [MSend]: M{Id=8, Ty=Query, sId='5554', rId='5560', data=Row{ver=1, k='OviVPuD8hOUIua9dbHXQ8eQUUjMig0ZF', v='null'}}
I/SDY     ( 7648): [MSend]: port: 11120 msg: M{Id=8, Ty=Query, sId='5554', rId='5560', data=Row{ver=1, k='OviVPuD8hOUIua9dbHXQ8eQUUjMig0ZF', v='null'}}
I/SDY     ( 7648): [MSend]: M{Id=8, Ty=Query, sId='5554', rId='5556', data=Row{ver=1, k='OviVPuD8hOUIua9dbHXQ8eQUUjMig0ZF', v='null'}}
I/SDY     ( 7648): [MSend]: port: 11112 msg: M{Id=8, Ty=Query, sId='5554', rId='5556', data=Row{ver=1, k='OviVPuD8hOUIua9dbHXQ8eQUUjMig0ZF', v='null'}}
D/AndroidRuntime( 7743): 
D/AndroidRuntime( 7743): >>>>>> AndroidRuntime START com.android.internal.os.RuntimeInit <<<<<<
W/linker  ( 7743): libdvm.so has text relocations. This is wasting memory and is a security risk. Please fix.
D/AndroidRuntime( 7743): CheckJNI is ON
I/SDY     ( 7648): [SERVER]: M{Id=8, Ty=QueryResponse, sId='5554', rId='5554', data=Row{ver=1, k='OviVPuD8hOUIua9dbHXQ8eQUUjMig0ZF', v='dOTHZDD99aopZaBIUKlJMgmK9HFMmxx4'}}
I/SDY     ( 7648): [HandleMessage]: M{Id=8, Ty=QueryResponse, sId='5554', rId='5554', data=Row{ver=1, k='OviVPuD8hOUIua9dbHXQ8eQUUjMig0ZF', v='dOTHZDD99aopZaBIUKlJMgmK9HFMmxx4'}}
I/SDY     ( 7648): [Response]:H: M{Id=8, Ty=QueryResponse, sId='5554', rId='5554', data=Row{ver=1, k='OviVPuD8hOUIua9dbHXQ8eQUUjMig0ZF', v='dOTHZDD99aopZaBIUKlJMgmK9HFMmxx4'}}
D/dalvikvm( 7743): Trying to load lib libjavacore.so 0x0
D/dalvikvm( 7743): Added shared lib libjavacore.so 0x0
D/dalvikvm( 7743): Trying to load lib libnativehelper.so 0x0
D/dalvikvm( 7743): Added shared lib libnativehelper.so 0x0
D/dalvikvm( 7743): No JNI_OnLoad found in libnativehelper.so 0x0, skipping init
I/SDY     ( 7648): [MSend]: M{Id=8, Ty=Query, sId='5554', rId='5562', data=Row{ver=1, k='OviVPuD8hOUIua9dbHXQ8eQUUjMig0ZF', v='null'}}
I/SDY     ( 7648): [MSend]: port: 11124 msg: M{Id=8, Ty=Query, sId='5554', rId='5562', data=Row{ver=1, k='OviVPuD8hOUIua9dbHXQ8eQUUjMig0ZF', v='null'}}
D/dalvikvm( 7743): Note: class Landroid/app/ActivityManagerNative; has 179 unimplemented (abstract) methods
I/SDY     ( 7648): [SERVER]: M{Id=8, Ty=QueryResponse, sId='5554', rId='5554', data=Row{ver=1, k='OviVPuD8hOUIua9dbHXQ8eQUUjMig0ZF', v='dOTHZDD99aopZaBIUKlJMgmK9HFMmxx4'}}
I/SDY     ( 7648): [HandleMessage]: M{Id=8, Ty=QueryResponse, sId='5554', rId='5554', data=Row{ver=1, k='OviVPuD8hOUIua9dbHXQ8eQUUjMig0ZF', v='dOTHZDD99aopZaBIUKlJMgmK9HFMmxx4'}}
I/SDY     ( 7648): [Response]:H: M{Id=8, Ty=QueryResponse, sId='5554', rId='5554', data=Row{ver=1, k='OviVPuD8hOUIua9dbHXQ8eQUUjMig0ZF', v='dOTHZDD99aopZaBIUKlJMgmK9HFMmxx4'}}
I/SDY     ( 7648): [Query]:Done: OviVPuD8hOUIua9dbHXQ8eQUUjMig0ZF,value: dOTHZDD99aopZaBIUKlJMgmK9HFMmxx4 ,version: 1
I/SDY     ( 7648): [Query]:Done: OviVPuD8hOUIua9dbHXQ8eQUUjMig0ZF ,cursor:  1
E/memtrack( 7743): Couldn't load memtrack module (No such file or directory)
E/android.os.Debug( 7743): failed to load memtrack module: -2
I/SDY     ( 7648): [SERVER]: M{Id=9, Ty=Query, sId='5558', rId='5554', data=Row{ver=1, k='QqrudL8Q35UJAGPf6COqP7vpccdnDEnJ', v='null'}}
I/SDY     ( 7648): [HandleMessage]: M{Id=9, Ty=Query, sId='5558', rId='5554', data=Row{ver=1, k='QqrudL8Q35UJAGPf6COqP7vpccdnDEnJ', v='null'}}
I/SDY     ( 7648): [Query]:H: M{Id=9, Ty=Query, sId='5558', rId='5554', data=Row{ver=1, k='QqrudL8Q35UJAGPf6COqP7vpccdnDEnJ', v='null'}}
I/SDY     ( 7648): [[Query]:Local: QqrudL8Q35UJAGPf6COqP7vpccdnDEnJ ,count: 1
I/SDY     ( 7648): [Query]:H:Done M{Id=9, Ty=QueryResponse, sId='5558', rId='5558', data=Row{ver=1, k='QqrudL8Q35UJAGPf6COqP7vpccdnDEnJ', v='eYyrrv0kpgOoRCwzleYepnYAXts2oz9M'}}
I/SDY     ( 7648): [SERVER]: M{Id=8, Ty=QueryResponse, sId='5554', rId='5554', data=Row{ver=1, k='OviVPuD8hOUIua9dbHXQ8eQUUjMig0ZF', v='dOTHZDD99aopZaBIUKlJMgmK9HFMmxx4'}}
D/AndroidRuntime( 7732): Shutting down VM
I/SDY     ( 7648): [HandleMessage]: M{Id=8, Ty=QueryResponse, sId='5554', rId='5554', data=Row{ver=1, k='OviVPuD8hOUIua9dbHXQ8eQUUjMig0ZF', v='dOTHZDD99aopZaBIUKlJMgmK9HFMmxx4'}}
I/SDY     ( 7648): [Response]:H: M{Id=8, Ty=QueryResponse, sId='5554', rId='5554', data=Row{ver=1, k='OviVPuD8hOUIua9dbHXQ8eQUUjMig0ZF', v='dOTHZDD99aopZaBIUKlJMgmK9HFMmxx4'}}
I/SDY     ( 7648): [MSend]: M{Id=9, Ty=QueryResponse, sId='5558', rId='5558', data=Row{ver=1, k='QqrudL8Q35UJAGPf6COqP7vpccdnDEnJ', v='eYyrrv0kpgOoRCwzleYepnYAXts2oz9M'}}
I/SDY     ( 7648): [MSend]: port: 11116 msg: M{Id=9, Ty=QueryResponse, sId='5558', rId='5558', data=Row{ver=1, k='QqrudL8Q35UJAGPf6COqP7vpccdnDEnJ', v='eYyrrv0kpgOoRCwzleYepnYAXts2oz9M'}}
D/dalvikvm( 7732): Debugger has detached; object registry had 1 entries
D/AndroidRuntime( 7743): Calling main entry com.android.commands.content.Content
I/SDY     ( 7648): [Query]: OL0w8QQo12Jk555QrBzZMttTgDzudrwb
I/SDY     ( 7648): [Query]: OL0w8QQo12Jk555QrBzZMttTgDzudrwb
D/dalvikvm( 7648): GC_FOR_ALLOC freed 509K, 17% free 2885K/3464K, paused 10ms, total 11ms
I/SDY     ( 7648): [Query]: M{Id=9, Ty=Query, sId='5554', rId='null', data=Row{ver=1, k='OL0w8QQo12Jk555QrBzZMttTgDzudrwb', v='null'}} ,nodes: [5554, 5558, 5560]
I/SDY     ( 7648): [Add_Msg_Q]: M{Id=9, Ty=Query, sId='5554', rId='5554', data=Row{ver=1, k='OL0w8QQo12Jk555QrBzZMttTgDzudrwb', v='null'}}
I/SDY     ( 7648): [Add_Msg_Q]: M{Id=9, Ty=Query, sId='5554', rId='5558', data=Row{ver=1, k='OL0w8QQo12Jk555QrBzZMttTgDzudrwb', v='null'}}
I/SDY     ( 7648): [Add_Msg_Q]: M{Id=9, Ty=Query, sId='5554', rId='5560', data=Row{ver=1, k='OL0w8QQo12Jk555QrBzZMttTgDzudrwb', v='null'}}
I/SDY     ( 7648): [MSend]: M{Id=9, Ty=Query, sId='5554', rId='5554', data=Row{ver=1, k='OL0w8QQo12Jk555QrBzZMttTgDzudrwb', v='null'}}
I/SDY     ( 7648): [HandleMessage]: M{Id=9, Ty=Query, sId='5554', rId='5554', data=Row{ver=1, k='OL0w8QQo12Jk555QrBzZMttTgDzudrwb', v='null'}}
I/SDY     ( 7648): [Query]:H: M{Id=9, Ty=Query, sId='5554', rId='5554', data=Row{ver=1, k='OL0w8QQo12Jk555QrBzZMttTgDzudrwb', v='null'}}
I/SDY     ( 7648): [[Query]:Local: OL0w8QQo12Jk555QrBzZMttTgDzudrwb ,count: 1
I/SDY     ( 7648): [MSend]: M{Id=9, Ty=Query, sId='5554', rId='5560', data=Row{ver=1, k='OL0w8QQo12Jk555QrBzZMttTgDzudrwb', v='null'}}
I/SDY     ( 7648): [MSend]: port: 11120 msg: M{Id=9, Ty=Query, sId='5554', rId='5560', data=Row{ver=1, k='OL0w8QQo12Jk555QrBzZMttTgDzudrwb', v='null'}}
I/SDY     ( 7648): [Query]:H:Done M{Id=9, Ty=QueryResponse, sId='5554', rId='5554', data=Row{ver=1, k='OL0w8QQo12Jk555QrBzZMttTgDzudrwb', v='YJv233NwBg3o8z7xjCbg07waHPHPNAA9'}}
I/SDY     ( 7648): [MSend]: M{Id=9, Ty=Query, sId='5554', rId='5558', data=Row{ver=1, k='OL0w8QQo12Jk555QrBzZMttTgDzudrwb', v='null'}}
I/SDY     ( 7648): [MSend]: port: 11116 msg: M{Id=9, Ty=Query, sId='5554', rId='5558', data=Row{ver=1, k='OL0w8QQo12Jk555QrBzZMttTgDzudrwb', v='null'}}
I/SDY     ( 7648): [MSend]: M{Id=9, Ty=QueryResponse, sId='5554', rId='5554', data=Row{ver=1, k='OL0w8QQo12Jk555QrBzZMttTgDzudrwb', v='YJv233NwBg3o8z7xjCbg07waHPHPNAA9'}}
I/SDY     ( 7648): [HandleMessage]: M{Id=9, Ty=QueryResponse, sId='5554', rId='5554', data=Row{ver=1, k='OL0w8QQo12Jk555QrBzZMttTgDzudrwb', v='YJv233NwBg3o8z7xjCbg07waHPHPNAA9'}}
I/SDY     ( 7648): [Response]:H: M{Id=9, Ty=QueryResponse, sId='5554', rId='5554', data=Row{ver=1, k='OL0w8QQo12Jk555QrBzZMttTgDzudrwb', v='YJv233NwBg3o8z7xjCbg07waHPHPNAA9'}}
I/SDY     ( 7648): [SERVER]: M{Id=9, Ty=Query, sId='5560', rId='5554', data=Row{ver=1, k='G7tIdKTpaSQTJifI6DbsEJa48S4JZ2Bj', v='null'}}
I/SDY     ( 7648): [HandleMessage]: M{Id=9, Ty=Query, sId='5560', rId='5554', data=Row{ver=1, k='G7tIdKTpaSQTJifI6DbsEJa48S4JZ2Bj', v='null'}}
I/SDY     ( 7648): [Query]:H: M{Id=9, Ty=Query, sId='5560', rId='5554', data=Row{ver=1, k='G7tIdKTpaSQTJifI6DbsEJa48S4JZ2Bj', v='null'}}
I/SDY     ( 7648): [[Query]:Local: G7tIdKTpaSQTJifI6DbsEJa48S4JZ2Bj ,count: 1
I/SDY     ( 7648): [Query]:H:Done M{Id=9, Ty=QueryResponse, sId='5560', rId='5560', data=Row{ver=1, k='G7tIdKTpaSQTJifI6DbsEJa48S4JZ2Bj', v='cKnfKxd3ftPZfWGouxwHc9mvG7B1BVeQ'}}
I/SDY     ( 7648): [MSend]: M{Id=9, Ty=QueryResponse, sId='5560', rId='5560', data=Row{ver=1, k='G7tIdKTpaSQTJifI6DbsEJa48S4JZ2Bj', v='cKnfKxd3ftPZfWGouxwHc9mvG7B1BVeQ'}}
I/SDY     ( 7648): [MSend]: port: 11120 msg: M{Id=9, Ty=QueryResponse, sId='5560', rId='5560', data=Row{ver=1, k='G7tIdKTpaSQTJifI6DbsEJa48S4JZ2Bj', v='cKnfKxd3ftPZfWGouxwHc9mvG7B1BVeQ'}}
I/SDY     ( 7648): [SERVER]: M{Id=9, Ty=QueryResponse, sId='5554', rId='5554', data=Row{ver=1, k='OL0w8QQo12Jk555QrBzZMttTgDzudrwb', v='YJv233NwBg3o8z7xjCbg07waHPHPNAA9'}}
I/SDY     ( 7648): [HandleMessage]: M{Id=9, Ty=QueryResponse, sId='5554', rId='5554', data=Row{ver=1, k='OL0w8QQo12Jk555QrBzZMttTgDzudrwb', v='YJv233NwBg3o8z7xjCbg07waHPHPNAA9'}}
I/SDY     ( 7648): [Response]:H: M{Id=9, Ty=QueryResponse, sId='5554', rId='5554', data=Row{ver=1, k='OL0w8QQo12Jk555QrBzZMttTgDzudrwb', v='YJv233NwBg3o8z7xjCbg07waHPHPNAA9'}}
I/SDY     ( 7648): [Query]:Done: OL0w8QQo12Jk555QrBzZMttTgDzudrwb,value: YJv233NwBg3o8z7xjCbg07waHPHPNAA9 ,version: 1
I/SDY     ( 7648): [Query]:Done: OL0w8QQo12Jk555QrBzZMttTgDzudrwb ,cursor:  1
I/SDY     ( 7648): [SERVER]: M{Id=9, Ty=QueryResponse, sId='5554', rId='5554', data=Row{ver=1, k='OL0w8QQo12Jk555QrBzZMttTgDzudrwb', v='YJv233NwBg3o8z7xjCbg07waHPHPNAA9'}}
I/SDY     ( 7648): [HandleMessage]: M{Id=9, Ty=QueryResponse, sId='5554', rId='5554', data=Row{ver=1, k='OL0w8QQo12Jk555QrBzZMttTgDzudrwb', v='YJv233NwBg3o8z7xjCbg07waHPHPNAA9'}}
I/SDY     ( 7648): [Response]:H: M{Id=9, Ty=QueryResponse, sId='5554', rId='5554', data=Row{ver=1, k='OL0w8QQo12Jk555QrBzZMttTgDzudrwb', v='YJv233NwBg3o8z7xjCbg07waHPHPNAA9'}}
D/AndroidRuntime( 7743): Shutting down VM
D/dalvikvm( 7743): Debugger has detached; object registry had 1 entries
I/SDY     ( 7648): [SERVER]: M{Id=8, Ty=Query, sId='5562', rId='5554', data=Row{ver=1, k='jZOgRVG7WvWBrN6cEvANdLFMT06GOUzp', v='null'}}
I/SDY     ( 7648): [HandleMessage]: M{Id=8, Ty=Query, sId='5562', rId='5554', data=Row{ver=1, k='jZOgRVG7WvWBrN6cEvANdLFMT06GOUzp', v='null'}}
I/SDY     ( 7648): [Query]:H: M{Id=8, Ty=Query, sId='5562', rId='5554', data=Row{ver=1, k='jZOgRVG7WvWBrN6cEvANdLFMT06GOUzp', v='null'}}
I/SDY     ( 7648): [[Query]:Local: jZOgRVG7WvWBrN6cEvANdLFMT06GOUzp ,count: 1
I/SDY     ( 7648): [Query]:H:Done M{Id=8, Ty=QueryResponse, sId='5562', rId='5562', data=Row{ver=1, k='jZOgRVG7WvWBrN6cEvANdLFMT06GOUzp', v='Z78qvtip8FyHUFdoKHZZqROFL9eC043E'}}
I/SDY     ( 7648): [MSend]: M{Id=8, Ty=QueryResponse, sId='5562', rId='5562', data=Row{ver=1, k='jZOgRVG7WvWBrN6cEvANdLFMT06GOUzp', v='Z78qvtip8FyHUFdoKHZZqROFL9eC043E'}}
I/SDY     ( 7648): [MSend]: port: 11124 msg: M{Id=8, Ty=QueryResponse, sId='5562', rId='5562', data=Row{ver=1, k='jZOgRVG7WvWBrN6cEvANdLFMT06GOUzp', v='Z78qvtip8FyHUFdoKHZZqROFL9eC043E'}}
D/AndroidRuntime( 7754): 
D/AndroidRuntime( 7754): >>>>>> AndroidRuntime START com.android.internal.os.RuntimeInit <<<<<<
W/linker  ( 7754): libdvm.so has text relocations. This is wasting memory and is a security risk. Please fix.
D/AndroidRuntime( 7754): CheckJNI is ON
D/dalvikvm( 7754): Trying to load lib libjavacore.so 0x0
D/dalvikvm( 7754): Added shared lib libjavacore.so 0x0
D/dalvikvm( 7754): Trying to load lib libnativehelper.so 0x0
D/dalvikvm( 7754): Added shared lib libnativehelper.so 0x0
D/dalvikvm( 7754): No JNI_OnLoad found in libnativehelper.so 0x0, skipping init
D/dalvikvm( 7754): Note: class Landroid/app/ActivityManagerNative; has 179 unimplemented (abstract) methods
E/memtrack( 7754): Couldn't load memtrack module (No such file or directory)
E/android.os.Debug( 7754): failed to load memtrack module: -2
D/AndroidRuntime( 7754): Calling main entry com.android.commands.content.Content
I/SDY     ( 7648): [Insert]: value=LmDATl3wp1umyXZc4gvm3gmVR7RCrGXF key=yW7PheBRfcaGuHIyarLnUJQ0Ulz54kNw
I/SDY     ( 7648): [Insert]: [5554, 5558, 5560] ,m: M{Id=10, Ty=Insert, sId='5554', rId='null', data=Row{ver=1, k='yW7PheBRfcaGuHIyarLnUJQ0Ulz54kNw', v='LmDATl3wp1umyXZc4gvm3gmVR7RCrGXF'}}
I/SDY     ( 7648): [Add_Msg_Q]: M{Id=10, Ty=Insert, sId='5554', rId='5554', data=Row{ver=1, k='yW7PheBRfcaGuHIyarLnUJQ0Ulz54kNw', v='LmDATl3wp1umyXZc4gvm3gmVR7RCrGXF'}}
I/SDY     ( 7648): [Add_Msg_Q]: M{Id=10, Ty=Insert, sId='5554', rId='5558', data=Row{ver=1, k='yW7PheBRfcaGuHIyarLnUJQ0Ulz54kNw', v='LmDATl3wp1umyXZc4gvm3gmVR7RCrGXF'}}
I/SDY     ( 7648): [Add_Msg_Q]: M{Id=10, Ty=Insert, sId='5554', rId='5560', data=Row{ver=1, k='yW7PheBRfcaGuHIyarLnUJQ0Ulz54kNw', v='LmDATl3wp1umyXZc4gvm3gmVR7RCrGXF'}}
I/SDY     ( 7648): [MSend]: M{Id=10, Ty=Insert, sId='5554', rId='5554', data=Row{ver=1, k='yW7PheBRfcaGuHIyarLnUJQ0Ulz54kNw', v='LmDATl3wp1umyXZc4gvm3gmVR7RCrGXF'}}
I/SDY     ( 7648): [HandleMessage]: M{Id=10, Ty=Insert, sId='5554', rId='5554', data=Row{ver=1, k='yW7PheBRfcaGuHIyarLnUJQ0Ulz54kNw', v='LmDATl3wp1umyXZc4gvm3gmVR7RCrGXF'}}
I/SDY     ( 7648): [Insert]:H: M{Id=10, Ty=Insert, sId='5554', rId='5554', data=Row{ver=1, k='yW7PheBRfcaGuHIyarLnUJQ0Ulz54kNw', v='LmDATl3wp1umyXZc4gvm3gmVR7RCrGXF'}}
I/SDY     ( 7648): [[Query]:Local: yW7PheBRfcaGuHIyarLnUJQ0Ulz54kNw ,count: 0
I/SDY     ( 7648): [Insert]:Local: value=LmDATl3wp1umyXZc4gvm3gmVR7RCrGXF node=5554 key=yW7PheBRfcaGuHIyarLnUJQ0Ulz54kNw version=1 ,rowId: 8
I/SDY     ( 7648): [Insert]:H:Done: M{Id=10, Ty=InsertResponse, sId='5554', rId='5554', data=8}
I/SDY     ( 7648): [MSend]: M{Id=10, Ty=Insert, sId='5554', rId='5560', data=Row{ver=1, k='yW7PheBRfcaGuHIyarLnUJQ0Ulz54kNw', v='LmDATl3wp1umyXZc4gvm3gmVR7RCrGXF'}}
I/SDY     ( 7648): [MSend]: port: 11120 msg: M{Id=10, Ty=Insert, sId='5554', rId='5560', data=Row{ver=1, k='yW7PheBRfcaGuHIyarLnUJQ0Ulz54kNw', v='LmDATl3wp1umyXZc4gvm3gmVR7RCrGXF'}}
I/SDY     ( 7648): [MSend]: M{Id=10, Ty=InsertResponse, sId='5554', rId='5554', data=8}
I/SDY     ( 7648): [HandleMessage]: M{Id=10, Ty=InsertResponse, sId='5554', rId='5554', data=8}
I/SDY     ( 7648): [Response]:H: M{Id=10, Ty=InsertResponse, sId='5554', rId='5554', data=8}
I/SDY     ( 7648): [MSend]: M{Id=10, Ty=Insert, sId='5554', rId='5558', data=Row{ver=1, k='yW7PheBRfcaGuHIyarLnUJQ0Ulz54kNw', v='LmDATl3wp1umyXZc4gvm3gmVR7RCrGXF'}}
I/SDY     ( 7648): [MSend]: port: 11116 msg: M{Id=10, Ty=Insert, sId='5554', rId='5558', data=Row{ver=1, k='yW7PheBRfcaGuHIyarLnUJQ0Ulz54kNw', v='LmDATl3wp1umyXZc4gvm3gmVR7RCrGXF'}}
I/SDY     ( 7648): [SERVER]: M{Id=10, Ty=InsertResponse, sId='5554', rId='5554', data=16}
I/SDY     ( 7648): [SERVER]: M{Id=10, Ty=InsertResponse, sId='5554', rId='5554', data=17}
I/SDY     ( 7648): [HandleMessage]: M{Id=10, Ty=InsertResponse, sId='5554', rId='5554', data=16}
I/SDY     ( 7648): [Response]:H: M{Id=10, Ty=InsertResponse, sId='5554', rId='5554', data=16}
I/SDY     ( 7648): [HandleMessage]: M{Id=10, Ty=InsertResponse, sId='5554', rId='5554', data=17}
I/SDY     ( 7648): [Response]:H: M{Id=10, Ty=InsertResponse, sId='5554', rId='5554', data=17}
I/SDY     ( 7648): [Insert]:Done: M{Id=10, Ty=Insert, sId='5554', rId='null', data=Row{ver=1, k='yW7PheBRfcaGuHIyarLnUJQ0Ulz54kNw', v='LmDATl3wp1umyXZc4gvm3gmVR7RCrGXF'}}
I/SDY     ( 7648): [Insert]:Done: value=LmDATl3wp1umyXZc4gvm3gmVR7RCrGXF key=yW7PheBRfcaGuHIyarLnUJQ0Ulz54kNw Done:r: 1
D/AndroidRuntime( 7754): Shutting down VM
D/jdwp    ( 7754): Got wake-up signal, bailing out of select
D/dalvikvm( 7754): Debugger has detached; object registry had 1 entries
D/AndroidRuntime( 7765): 
D/AndroidRuntime( 7765): >>>>>> AndroidRuntime START com.android.internal.os.RuntimeInit <<<<<<
W/linker  ( 7765): libdvm.so has text relocations. This is wasting memory and is a security risk. Please fix.
D/AndroidRuntime( 7765): CheckJNI is ON
D/dalvikvm( 7765): Trying to load lib libjavacore.so 0x0
D/dalvikvm( 7765): Added shared lib libjavacore.so 0x0
D/dalvikvm( 7765): Trying to load lib libnativehelper.so 0x0
D/dalvikvm( 7765): Added shared lib libnativehelper.so 0x0
D/dalvikvm( 7765): No JNI_OnLoad found in libnativehelper.so 0x0, skipping init
D/dalvikvm( 7765): Note: class Landroid/app/ActivityManagerNative; has 179 unimplemented (abstract) methods
E/memtrack( 7765): Couldn't load memtrack module (No such file or directory)
E/android.os.Debug( 7765): failed to load memtrack module: -2
I/SDY     ( 7648): [SERVER]: M{Id=10, Ty=Insert, sId='5560', rId='5554', data=Row{ver=1, k='kQ1EFSq6ZU9iBzwYtMftoDPNqKtjbjis', v='f7MTdQdzAKexYUo8fONIqvooj1c11IRx'}}
I/SDY     ( 7648): [HandleMessage]: M{Id=10, Ty=Insert, sId='5560', rId='5554', data=Row{ver=1, k='kQ1EFSq6ZU9iBzwYtMftoDPNqKtjbjis', v='f7MTdQdzAKexYUo8fONIqvooj1c11IRx'}}
I/SDY     ( 7648): [Insert]:H: M{Id=10, Ty=Insert, sId='5560', rId='5554', data=Row{ver=1, k='kQ1EFSq6ZU9iBzwYtMftoDPNqKtjbjis', v='f7MTdQdzAKexYUo8fONIqvooj1c11IRx'}}
I/SDY     ( 7648): [[Query]:Local: kQ1EFSq6ZU9iBzwYtMftoDPNqKtjbjis ,count: 0
D/AndroidRuntime( 7765): Calling main entry com.android.commands.content.Content
I/SDY     ( 7648): [Insert]:Local: value=f7MTdQdzAKexYUo8fONIqvooj1c11IRx node=5562 key=kQ1EFSq6ZU9iBzwYtMftoDPNqKtjbjis version=1 ,rowId: 9
I/SDY     ( 7648): [Insert]:H:Done: M{Id=10, Ty=InsertResponse, sId='5560', rId='5560', data=9}
I/SDY     ( 7648): [MSend]: M{Id=10, Ty=InsertResponse, sId='5560', rId='5560', data=9}
I/SDY     ( 7648): [MSend]: port: 11120 msg: M{Id=10, Ty=InsertResponse, sId='5560', rId='5560', data=9}
I/SDY     ( 7648): [Insert]: value=QPWUHTHdiLDFtylBS6h0dXbbh5V1pwVX key=1ARj5drn6kb3sLpkprKj4tWKmEa2yib6
I/SDY     ( 7648): [Insert]: [5558, 5560, 5562] ,m: M{Id=11, Ty=Insert, sId='5554', rId='null', data=Row{ver=1, k='1ARj5drn6kb3sLpkprKj4tWKmEa2yib6', v='QPWUHTHdiLDFtylBS6h0dXbbh5V1pwVX'}}
I/SDY     ( 7648): [Add_Msg_Q]: M{Id=11, Ty=Insert, sId='5554', rId='5558', data=Row{ver=1, k='1ARj5drn6kb3sLpkprKj4tWKmEa2yib6', v='QPWUHTHdiLDFtylBS6h0dXbbh5V1pwVX'}}
I/SDY     ( 7648): [Add_Msg_Q]: M{Id=11, Ty=Insert, sId='5554', rId='5560', data=Row{ver=1, k='1ARj5drn6kb3sLpkprKj4tWKmEa2yib6', v='QPWUHTHdiLDFtylBS6h0dXbbh5V1pwVX'}}
I/SDY     ( 7648): [Add_Msg_Q]: M{Id=11, Ty=Insert, sId='5554', rId='5562', data=Row{ver=1, k='1ARj5drn6kb3sLpkprKj4tWKmEa2yib6', v='QPWUHTHdiLDFtylBS6h0dXbbh5V1pwVX'}}
I/SDY     ( 7648): [MSend]: M{Id=11, Ty=Insert, sId='5554', rId='5558', data=Row{ver=1, k='1ARj5drn6kb3sLpkprKj4tWKmEa2yib6', v='QPWUHTHdiLDFtylBS6h0dXbbh5V1pwVX'}}
I/SDY     ( 7648): [MSend]: port: 11116 msg: M{Id=11, Ty=Insert, sId='5554', rId='5558', data=Row{ver=1, k='1ARj5drn6kb3sLpkprKj4tWKmEa2yib6', v='QPWUHTHdiLDFtylBS6h0dXbbh5V1pwVX'}}
I/SDY     ( 7648): [MSend]: M{Id=11, Ty=Insert, sId='5554', rId='5562', data=Row{ver=1, k='1ARj5drn6kb3sLpkprKj4tWKmEa2yib6', v='QPWUHTHdiLDFtylBS6h0dXbbh5V1pwVX'}}
I/SDY     ( 7648): [MSend]: port: 11124 msg: M{Id=11, Ty=Insert, sId='5554', rId='5562', data=Row{ver=1, k='1ARj5drn6kb3sLpkprKj4tWKmEa2yib6', v='QPWUHTHdiLDFtylBS6h0dXbbh5V1pwVX'}}
I/SDY     ( 7648): [MSend]: M{Id=11, Ty=Insert, sId='5554', rId='5560', data=Row{ver=1, k='1ARj5drn6kb3sLpkprKj4tWKmEa2yib6', v='QPWUHTHdiLDFtylBS6h0dXbbh5V1pwVX'}}
I/SDY     ( 7648): [MSend]: port: 11120 msg: M{Id=11, Ty=Insert, sId='5554', rId='5560', data=Row{ver=1, k='1ARj5drn6kb3sLpkprKj4tWKmEa2yib6', v='QPWUHTHdiLDFtylBS6h0dXbbh5V1pwVX'}}
I/SDY     ( 7648): [SERVER]: M{Id=11, Ty=InsertResponse, sId='5554', rId='5554', data=19}
I/SDY     ( 7648): [HandleMessage]: M{Id=11, Ty=InsertResponse, sId='5554', rId='5554', data=19}
I/SDY     ( 7648): [Response]:H: M{Id=11, Ty=InsertResponse, sId='5554', rId='5554', data=19}
I/SDY     ( 7648): [SERVER]: M{Id=11, Ty=InsertResponse, sId='5554', rId='5554', data=21}
I/SDY     ( 7648): [HandleMessage]: M{Id=11, Ty=InsertResponse, sId='5554', rId='5554', data=21}
I/SDY     ( 7648): [Response]:H: M{Id=11, Ty=InsertResponse, sId='5554', rId='5554', data=21}
I/SDY     ( 7648): [Insert]:Done: M{Id=11, Ty=Insert, sId='5554', rId='null', data=Row{ver=1, k='1ARj5drn6kb3sLpkprKj4tWKmEa2yib6', v='QPWUHTHdiLDFtylBS6h0dXbbh5V1pwVX'}}
I/SDY     ( 7648): [Insert]:Done: value=QPWUHTHdiLDFtylBS6h0dXbbh5V1pwVX key=1ARj5drn6kb3sLpkprKj4tWKmEa2yib6 Done:r: 1
D/AndroidRuntime( 7765): Shutting down VM
D/jdwp    ( 7765): Got wake-up signal, bailing out of select
D/dalvikvm( 7765): Debugger has detached; object registry had 1 entries
D/AndroidRuntime( 7776): 
D/AndroidRuntime( 7776): >>>>>> AndroidRuntime START com.android.internal.os.RuntimeInit <<<<<<
W/linker  ( 7776): libdvm.so has text relocations. This is wasting memory and is a security risk. Please fix.
D/AndroidRuntime( 7776): CheckJNI is ON
D/dalvikvm( 7776): Trying to load lib libjavacore.so 0x0
D/dalvikvm( 7776): Added shared lib libjavacore.so 0x0
D/dalvikvm( 7776): Trying to load lib libnativehelper.so 0x0
D/dalvikvm( 7776): Added shared lib libnativehelper.so 0x0
D/dalvikvm( 7776): No JNI_OnLoad found in libnativehelper.so 0x0, skipping init
D/dalvikvm( 7776): Note: class Landroid/app/ActivityManagerNative; has 179 unimplemented (abstract) methods
E/memtrack( 7776): Couldn't load memtrack module (No such file or directory)
E/android.os.Debug( 7776): failed to load memtrack module: -2
I/SDY     ( 7648): [SERVER]: M{Id=11, Ty=InsertResponse, sId='5554', rId='5554', data=26}
I/SDY     ( 7648): [HandleMessage]: M{Id=11, Ty=InsertResponse, sId='5554', rId='5554', data=26}
I/SDY     ( 7648): [Response]:H: M{Id=11, Ty=InsertResponse, sId='5554', rId='5554', data=26}
D/AndroidRuntime( 7776): Calling main entry com.android.commands.content.Content
I/SDY     ( 7648): [Query]: yW7PheBRfcaGuHIyarLnUJQ0Ulz54kNw
I/SDY     ( 7648): [Query]: yW7PheBRfcaGuHIyarLnUJQ0Ulz54kNw
I/SDY     ( 7648): [Query]: M{Id=12, Ty=Query, sId='5554', rId='null', data=Row{ver=1, k='yW7PheBRfcaGuHIyarLnUJQ0Ulz54kNw', v='null'}} ,nodes: [5554, 5558, 5560]
I/SDY     ( 7648): [Add_Msg_Q]: M{Id=12, Ty=Query, sId='5554', rId='5554', data=Row{ver=1, k='yW7PheBRfcaGuHIyarLnUJQ0Ulz54kNw', v='null'}}
I/SDY     ( 7648): [Add_Msg_Q]: M{Id=12, Ty=Query, sId='5554', rId='5558', data=Row{ver=1, k='yW7PheBRfcaGuHIyarLnUJQ0Ulz54kNw', v='null'}}
I/SDY     ( 7648): [Add_Msg_Q]: M{Id=12, Ty=Query, sId='5554', rId='5560', data=Row{ver=1, k='yW7PheBRfcaGuHIyarLnUJQ0Ulz54kNw', v='null'}}
I/SDY     ( 7648): [MSend]: M{Id=12, Ty=Query, sId='5554', rId='5554', data=Row{ver=1, k='yW7PheBRfcaGuHIyarLnUJQ0Ulz54kNw', v='null'}}
I/SDY     ( 7648): [HandleMessage]: M{Id=12, Ty=Query, sId='5554', rId='5554', data=Row{ver=1, k='yW7PheBRfcaGuHIyarLnUJQ0Ulz54kNw', v='null'}}
I/SDY     ( 7648): [Query]:H: M{Id=12, Ty=Query, sId='5554', rId='5554', data=Row{ver=1, k='yW7PheBRfcaGuHIyarLnUJQ0Ulz54kNw', v='null'}}
I/SDY     ( 7648): [[Query]:Local: yW7PheBRfcaGuHIyarLnUJQ0Ulz54kNw ,count: 1
I/SDY     ( 7648): [Query]:H:Done M{Id=12, Ty=QueryResponse, sId='5554', rId='5554', data=Row{ver=1, k='yW7PheBRfcaGuHIyarLnUJQ0Ulz54kNw', v='LmDATl3wp1umyXZc4gvm3gmVR7RCrGXF'}}
I/SDY     ( 7648): [MSend]: M{Id=12, Ty=Query, sId='5554', rId='5560', data=Row{ver=1, k='yW7PheBRfcaGuHIyarLnUJQ0Ulz54kNw', v='null'}}
I/SDY     ( 7648): [MSend]: port: 11120 msg: M{Id=12, Ty=Query, sId='5554', rId='5560', data=Row{ver=1, k='yW7PheBRfcaGuHIyarLnUJQ0Ulz54kNw', v='null'}}
I/SDY     ( 7648): [MSend]: M{Id=12, Ty=QueryResponse, sId='5554', rId='5554', data=Row{ver=1, k='yW7PheBRfcaGuHIyarLnUJQ0Ulz54kNw', v='LmDATl3wp1umyXZc4gvm3gmVR7RCrGXF'}}
I/SDY     ( 7648): [HandleMessage]: M{Id=12, Ty=QueryResponse, sId='5554', rId='5554', data=Row{ver=1, k='yW7PheBRfcaGuHIyarLnUJQ0Ulz54kNw', v='LmDATl3wp1umyXZc4gvm3gmVR7RCrGXF'}}
I/SDY     ( 7648): [Response]:H: M{Id=12, Ty=QueryResponse, sId='5554', rId='5554', data=Row{ver=1, k='yW7PheBRfcaGuHIyarLnUJQ0Ulz54kNw', v='LmDATl3wp1umyXZc4gvm3gmVR7RCrGXF'}}
I/SDY     ( 7648): [MSend]: M{Id=12, Ty=Query, sId='5554', rId='5558', data=Row{ver=1, k='yW7PheBRfcaGuHIyarLnUJQ0Ulz54kNw', v='null'}}
I/SDY     ( 7648): [MSend]: port: 11116 msg: M{Id=12, Ty=Query, sId='5554', rId='5558', data=Row{ver=1, k='yW7PheBRfcaGuHIyarLnUJQ0Ulz54kNw', v='null'}}
I/SDY     ( 7648): [SERVER]: M{Id=12, Ty=QueryResponse, sId='5554', rId='5554', data=Row{ver=1, k='yW7PheBRfcaGuHIyarLnUJQ0Ulz54kNw', v='LmDATl3wp1umyXZc4gvm3gmVR7RCrGXF'}}
I/SDY     ( 7648): [HandleMessage]: M{Id=12, Ty=QueryResponse, sId='5554', rId='5554', data=Row{ver=1, k='yW7PheBRfcaGuHIyarLnUJQ0Ulz54kNw', v='LmDATl3wp1umyXZc4gvm3gmVR7RCrGXF'}}
I/SDY     ( 7648): [Response]:H: M{Id=12, Ty=QueryResponse, sId='5554', rId='5554', data=Row{ver=1, k='yW7PheBRfcaGuHIyarLnUJQ0Ulz54kNw', v='LmDATl3wp1umyXZc4gvm3gmVR7RCrGXF'}}
I/SDY     ( 7648): [Query]:Done: yW7PheBRfcaGuHIyarLnUJQ0Ulz54kNw,value: LmDATl3wp1umyXZc4gvm3gmVR7RCrGXF ,version: 1
I/SDY     ( 7648): [Query]:Done: yW7PheBRfcaGuHIyarLnUJQ0Ulz54kNw ,cursor:  1
D/AndroidRuntime( 7776): Shutting down VM
D/dalvikvm( 7776): Debugger has detached; object registry had 1 entries
I/SDY     ( 7648): [SERVER]: M{Id=12, Ty=QueryResponse, sId='5554', rId='5554', data=Row{ver=1, k='yW7PheBRfcaGuHIyarLnUJQ0Ulz54kNw', v='LmDATl3wp1umyXZc4gvm3gmVR7RCrGXF'}}
I/SDY     ( 7648): [HandleMessage]: M{Id=12, Ty=QueryResponse, sId='5554', rId='5554', data=Row{ver=1, k='yW7PheBRfcaGuHIyarLnUJQ0Ulz54kNw', v='LmDATl3wp1umyXZc4gvm3gmVR7RCrGXF'}}
I/SDY     ( 7648): [Response]:H: M{Id=12, Ty=QueryResponse, sId='5554', rId='5554', data=Row{ver=1, k='yW7PheBRfcaGuHIyarLnUJQ0Ulz54kNw', v='LmDATl3wp1umyXZc4gvm3gmVR7RCrGXF'}}
D/AndroidRuntime( 7787): 
D/AndroidRuntime( 7787): >>>>>> AndroidRuntime START com.android.internal.os.RuntimeInit <<<<<<
W/linker  ( 7787): libdvm.so has text relocations. This is wasting memory and is a security risk. Please fix.
D/AndroidRuntime( 7787): CheckJNI is ON
D/dalvikvm( 7787): Trying to load lib libjavacore.so 0x0
D/dalvikvm( 7787): Added shared lib libjavacore.so 0x0
D/dalvikvm( 7787): Trying to load lib libnativehelper.so 0x0
D/dalvikvm( 7787): Added shared lib libnativehelper.so 0x0
D/dalvikvm( 7787): No JNI_OnLoad found in libnativehelper.so 0x0, skipping init
D/dalvikvm( 7787): Note: class Landroid/app/ActivityManagerNative; has 179 unimplemented (abstract) methods
E/memtrack( 7787): Couldn't load memtrack module (No such file or directory)
E/android.os.Debug( 7787): failed to load memtrack module: -2
D/AndroidRuntime( 7787): Calling main entry com.android.commands.content.Content
I/SDY     ( 7648): [Query]: 1ARj5drn6kb3sLpkprKj4tWKmEa2yib6
I/SDY     ( 7648): [Query]: 1ARj5drn6kb3sLpkprKj4tWKmEa2yib6
I/SDY     ( 7648): [Query]: M{Id=13, Ty=Query, sId='5554', rId='null', data=Row{ver=1, k='1ARj5drn6kb3sLpkprKj4tWKmEa2yib6', v='null'}} ,nodes: [5558, 5560, 5562]
I/SDY     ( 7648): [Add_Msg_Q]: M{Id=13, Ty=Query, sId='5554', rId='5558', data=Row{ver=1, k='1ARj5drn6kb3sLpkprKj4tWKmEa2yib6', v='null'}}
I/SDY     ( 7648): [SERVER]: M{Id=12, Ty=Query, sId='5560', rId='5554', data=Row{ver=1, k='kQ1EFSq6ZU9iBzwYtMftoDPNqKtjbjis', v='null'}}
I/SDY     ( 7648): [HandleMessage]: M{Id=12, Ty=Query, sId='5560', rId='5554', data=Row{ver=1, k='kQ1EFSq6ZU9iBzwYtMftoDPNqKtjbjis', v='null'}}
I/SDY     ( 7648): [Query]:H: M{Id=12, Ty=Query, sId='5560', rId='5554', data=Row{ver=1, k='kQ1EFSq6ZU9iBzwYtMftoDPNqKtjbjis', v='null'}}
I/SDY     ( 7648): [[Query]:Local: kQ1EFSq6ZU9iBzwYtMftoDPNqKtjbjis ,count: 1
I/SDY     ( 7648): [Query]:H:Done M{Id=12, Ty=QueryResponse, sId='5560', rId='5560', data=Row{ver=1, k='kQ1EFSq6ZU9iBzwYtMftoDPNqKtjbjis', v='f7MTdQdzAKexYUo8fONIqvooj1c11IRx'}}
I/SDY     ( 7648): [Add_Msg_Q]: M{Id=13, Ty=Query, sId='5554', rId='5560', data=Row{ver=1, k='1ARj5drn6kb3sLpkprKj4tWKmEa2yib6', v='null'}}
I/SDY     ( 7648): [Add_Msg_Q]: M{Id=13, Ty=Query, sId='5554', rId='5562', data=Row{ver=1, k='1ARj5drn6kb3sLpkprKj4tWKmEa2yib6', v='null'}}
I/SDY     ( 7648): [MSend]: M{Id=13, Ty=Query, sId='5554', rId='5558', data=Row{ver=1, k='1ARj5drn6kb3sLpkprKj4tWKmEa2yib6', v='null'}}
I/SDY     ( 7648): [MSend]: port: 11116 msg: M{Id=13, Ty=Query, sId='5554', rId='5558', data=Row{ver=1, k='1ARj5drn6kb3sLpkprKj4tWKmEa2yib6', v='null'}}
I/SDY     ( 7648): [MSend]: M{Id=12, Ty=QueryResponse, sId='5560', rId='5560', data=Row{ver=1, k='kQ1EFSq6ZU9iBzwYtMftoDPNqKtjbjis', v='f7MTdQdzAKexYUo8fONIqvooj1c11IRx'}}
I/SDY     ( 7648): [MSend]: port: 11120 msg: M{Id=12, Ty=QueryResponse, sId='5560', rId='5560', data=Row{ver=1, k='kQ1EFSq6ZU9iBzwYtMftoDPNqKtjbjis', v='f7MTdQdzAKexYUo8fONIqvooj1c11IRx'}}
I/SDY     ( 7648): [MSend]: M{Id=13, Ty=Query, sId='5554', rId='5562', data=Row{ver=1, k='1ARj5drn6kb3sLpkprKj4tWKmEa2yib6', v='null'}}
I/SDY     ( 7648): [MSend]: port: 11124 msg: M{Id=13, Ty=Query, sId='5554', rId='5562', data=Row{ver=1, k='1ARj5drn6kb3sLpkprKj4tWKmEa2yib6', v='null'}}
I/SDY     ( 7648): [MSend]: M{Id=13, Ty=Query, sId='5554', rId='5560', data=Row{ver=1, k='1ARj5drn6kb3sLpkprKj4tWKmEa2yib6', v='null'}}
I/SDY     ( 7648): [MSend]: port: 11120 msg: M{Id=13, Ty=Query, sId='5554', rId='5560', data=Row{ver=1, k='1ARj5drn6kb3sLpkprKj4tWKmEa2yib6', v='null'}}
I/SDY     ( 7648): [SERVER]: M{Id=13, Ty=QueryResponse, sId='5554', rId='5554', data=Row{ver=1, k='1ARj5drn6kb3sLpkprKj4tWKmEa2yib6', v='QPWUHTHdiLDFtylBS6h0dXbbh5V1pwVX'}}
D/dalvikvm( 7648): GC_FOR_ALLOC freed 513K, 17% free 2885K/3468K, paused 4ms, total 4ms
I/SDY     ( 7648): [HandleMessage]: M{Id=13, Ty=QueryResponse, sId='5554', rId='5554', data=Row{ver=1, k='1ARj5drn6kb3sLpkprKj4tWKmEa2yib6', v='QPWUHTHdiLDFtylBS6h0dXbbh5V1pwVX'}}
I/SDY     ( 7648): [Response]:H: M{Id=13, Ty=QueryResponse, sId='5554', rId='5554', data=Row{ver=1, k='1ARj5drn6kb3sLpkprKj4tWKmEa2yib6', v='QPWUHTHdiLDFtylBS6h0dXbbh5V1pwVX'}}
D/AndroidRuntime( 7798): 
D/AndroidRuntime( 7798): >>>>>> AndroidRuntime START com.android.internal.os.RuntimeInit <<<<<<
W/linker  ( 7798): libdvm.so has text relocations. This is wasting memory and is a security risk. Please fix.
D/AndroidRuntime( 7798): CheckJNI is ON
D/dalvikvm( 7798): Trying to load lib libjavacore.so 0x0
D/dalvikvm( 7798): Added shared lib libjavacore.so 0x0
D/dalvikvm( 7798): Trying to load lib libnativehelper.so 0x0
D/dalvikvm( 7798): Added shared lib libnativehelper.so 0x0
D/dalvikvm( 7798): No JNI_OnLoad found in libnativehelper.so 0x0, skipping init
D/dalvikvm( 7798): Note: class Landroid/app/ActivityManagerNative; has 179 unimplemented (abstract) methods
I/SDY     ( 7648): [SERVER]: M{Id=13, Ty=QueryResponse, sId='5554', rId='5554', data=Row{ver=1, k='1ARj5drn6kb3sLpkprKj4tWKmEa2yib6', v='QPWUHTHdiLDFtylBS6h0dXbbh5V1pwVX'}}
I/SDY     ( 7648): [HandleMessage]: M{Id=13, Ty=QueryResponse, sId='5554', rId='5554', data=Row{ver=1, k='1ARj5drn6kb3sLpkprKj4tWKmEa2yib6', v='QPWUHTHdiLDFtylBS6h0dXbbh5V1pwVX'}}
I/SDY     ( 7648): [Response]:H: M{Id=13, Ty=QueryResponse, sId='5554', rId='5554', data=Row{ver=1, k='1ARj5drn6kb3sLpkprKj4tWKmEa2yib6', v='QPWUHTHdiLDFtylBS6h0dXbbh5V1pwVX'}}
I/SDY     ( 7648): [Query]:Done: 1ARj5drn6kb3sLpkprKj4tWKmEa2yib6,value: QPWUHTHdiLDFtylBS6h0dXbbh5V1pwVX ,version: 1
I/SDY     ( 7648): [Query]:Done: 1ARj5drn6kb3sLpkprKj4tWKmEa2yib6 ,cursor:  1
D/AndroidRuntime( 7787): Shutting down VM
D/jdwp    ( 7787): Got wake-up signal, bailing out of select
D/dalvikvm( 7787): Debugger has detached; object registry had 1 entries
E/memtrack( 7798): Couldn't load memtrack module (No such file or directory)
E/android.os.Debug( 7798): failed to load memtrack module: -2
I/SDY     ( 7648): [SERVER]: M{Id=13, Ty=QueryResponse, sId='5554', rId='5554', data=Row{ver=1, k='1ARj5drn6kb3sLpkprKj4tWKmEa2yib6', v='QPWUHTHdiLDFtylBS6h0dXbbh5V1pwVX'}}
I/SDY     ( 7648): [HandleMessage]: M{Id=13, Ty=QueryResponse, sId='5554', rId='5554', data=Row{ver=1, k='1ARj5drn6kb3sLpkprKj4tWKmEa2yib6', v='QPWUHTHdiLDFtylBS6h0dXbbh5V1pwVX'}}
I/SDY     ( 7648): [Response]:H: M{Id=13, Ty=QueryResponse, sId='5554', rId='5554', data=Row{ver=1, k='1ARj5drn6kb3sLpkprKj4tWKmEa2yib6', v='QPWUHTHdiLDFtylBS6h0dXbbh5V1pwVX'}}
D/AndroidRuntime( 7798): Calling main entry com.android.commands.content.Content
I/SDY     ( 7648): [Insert]: value=qRCiOJzkN4ZWjfkVzaXUw1QoTN9DJNKU key=BuAt0bSSs6JyecYJPU6AmJppr880KJKb
I/SDY     ( 7648): [Insert]: [5562, 5556, 5554] ,m: M{Id=14, Ty=Insert, sId='5554', rId='null', data=Row{ver=1, k='BuAt0bSSs6JyecYJPU6AmJppr880KJKb', v='qRCiOJzkN4ZWjfkVzaXUw1QoTN9DJNKU'}}
I/SDY     ( 7648): [Add_Msg_Q]: M{Id=14, Ty=Insert, sId='5554', rId='5562', data=Row{ver=1, k='BuAt0bSSs6JyecYJPU6AmJppr880KJKb', v='qRCiOJzkN4ZWjfkVzaXUw1QoTN9DJNKU'}}
I/SDY     ( 7648): [Add_Msg_Q]: M{Id=14, Ty=Insert, sId='5554', rId='5556', data=Row{ver=1, k='BuAt0bSSs6JyecYJPU6AmJppr880KJKb', v='qRCiOJzkN4ZWjfkVzaXUw1QoTN9DJNKU'}}
I/SDY     ( 7648): [Add_Msg_Q]: M{Id=14, Ty=Insert, sId='5554', rId='5554', data=Row{ver=1, k='BuAt0bSSs6JyecYJPU6AmJppr880KJKb', v='qRCiOJzkN4ZWjfkVzaXUw1QoTN9DJNKU'}}
I/SDY     ( 7648): [MSend]: M{Id=14, Ty=Insert, sId='5554', rId='5562', data=Row{ver=1, k='BuAt0bSSs6JyecYJPU6AmJppr880KJKb', v='qRCiOJzkN4ZWjfkVzaXUw1QoTN9DJNKU'}}
I/SDY     ( 7648): [MSend]: port: 11124 msg: M{Id=14, Ty=Insert, sId='5554', rId='5562', data=Row{ver=1, k='BuAt0bSSs6JyecYJPU6AmJppr880KJKb', v='qRCiOJzkN4ZWjfkVzaXUw1QoTN9DJNKU'}}
I/SDY     ( 7648): [MSend]: M{Id=14, Ty=Insert, sId='5554', rId='5554', data=Row{ver=1, k='BuAt0bSSs6JyecYJPU6AmJppr880KJKb', v='qRCiOJzkN4ZWjfkVzaXUw1QoTN9DJNKU'}}
I/SDY     ( 7648): [HandleMessage]: M{Id=14, Ty=Insert, sId='5554', rId='5554', data=Row{ver=1, k='BuAt0bSSs6JyecYJPU6AmJppr880KJKb', v='qRCiOJzkN4ZWjfkVzaXUw1QoTN9DJNKU'}}
I/SDY     ( 7648): [Insert]:H: M{Id=14, Ty=Insert, sId='5554', rId='5554', data=Row{ver=1, k='BuAt0bSSs6JyecYJPU6AmJppr880KJKb', v='qRCiOJzkN4ZWjfkVzaXUw1QoTN9DJNKU'}}
I/SDY     ( 7648): [[Query]:Local: BuAt0bSSs6JyecYJPU6AmJppr880KJKb ,count: 0
I/SDY     ( 7648): [Insert]:Local: value=qRCiOJzkN4ZWjfkVzaXUw1QoTN9DJNKU node=5562 key=BuAt0bSSs6JyecYJPU6AmJppr880KJKb version=1 ,rowId: 10
I/SDY     ( 7648): [Insert]:H:Done: M{Id=14, Ty=InsertResponse, sId='5554', rId='5554', data=10}
I/SDY     ( 7648): [MSend]: M{Id=14, Ty=Insert, sId='5554', rId='5556', data=Row{ver=1, k='BuAt0bSSs6JyecYJPU6AmJppr880KJKb', v='qRCiOJzkN4ZWjfkVzaXUw1QoTN9DJNKU'}}
I/SDY     ( 7648): [MSend]: port: 11112 msg: M{Id=14, Ty=Insert, sId='5554', rId='5556', data=Row{ver=1, k='BuAt0bSSs6JyecYJPU6AmJppr880KJKb', v='qRCiOJzkN4ZWjfkVzaXUw1QoTN9DJNKU'}}
I/SDY     ( 7648): [MSend]: M{Id=14, Ty=InsertResponse, sId='5554', rId='5554', data=10}
I/SDY     ( 7648): [HandleMessage]: M{Id=14, Ty=InsertResponse, sId='5554', rId='5554', data=10}
I/SDY     ( 7648): [Response]:H: M{Id=14, Ty=InsertResponse, sId='5554', rId='5554', data=10}
I/SDY     ( 7648): [SERVER]: M{Id=14, Ty=InsertResponse, sId='5554', rId='5554', data=13}
I/SDY     ( 7648): [HandleMessage]: M{Id=14, Ty=InsertResponse, sId='5554', rId='5554', data=13}
I/SDY     ( 7648): [Response]:H: M{Id=14, Ty=InsertResponse, sId='5554', rId='5554', data=13}
I/SDY     ( 7648): [Insert]:Done: M{Id=14, Ty=Insert, sId='5554', rId='null', data=Row{ver=1, k='BuAt0bSSs6JyecYJPU6AmJppr880KJKb', v='qRCiOJzkN4ZWjfkVzaXUw1QoTN9DJNKU'}}
I/SDY     ( 7648): [Insert]:Done: value=qRCiOJzkN4ZWjfkVzaXUw1QoTN9DJNKU key=BuAt0bSSs6JyecYJPU6AmJppr880KJKb Done:r: 1
D/AndroidRuntime( 7798): Shutting down VM
D/jdwp    ( 7798): Got wake-up signal, bailing out of select
D/dalvikvm( 7798): Debugger has detached; object registry had 1 entries
I/SDY     ( 7648): [SERVER]: M{Id=14, Ty=InsertResponse, sId='5554', rId='5554', data=29}
I/SDY     ( 7648): [HandleMessage]: M{Id=14, Ty=InsertResponse, sId='5554', rId='5554', data=29}
I/SDY     ( 7648): [Response]:H: M{Id=14, Ty=InsertResponse, sId='5554', rId='5554', data=29}
I/SDY     ( 7648): [SERVER]: M{Id=15, Ty=Insert, sId='5558', rId='5554', data=Row{ver=1, k='e6rtlQZvad4aX3YeTJ2ZYeRBtVbHYbvn', v='MMyzRGW2X4cTqXsO6CdbQfTTsFBqH2qy'}}
I/SDY     ( 7648): [HandleMessage]: M{Id=15, Ty=Insert, sId='5558', rId='5554', data=Row{ver=1, k='e6rtlQZvad4aX3YeTJ2ZYeRBtVbHYbvn', v='MMyzRGW2X4cTqXsO6CdbQfTTsFBqH2qy'}}
I/SDY     ( 7648): [Insert]:H: M{Id=15, Ty=Insert, sId='5558', rId='5554', data=Row{ver=1, k='e6rtlQZvad4aX3YeTJ2ZYeRBtVbHYbvn', v='MMyzRGW2X4cTqXsO6CdbQfTTsFBqH2qy'}}
I/SDY     ( 7648): [[Query]:Local: e6rtlQZvad4aX3YeTJ2ZYeRBtVbHYbvn ,count: 0
I/SDY     ( 7648): [Insert]:Local: value=MMyzRGW2X4cTqXsO6CdbQfTTsFBqH2qy node=5562 key=e6rtlQZvad4aX3YeTJ2ZYeRBtVbHYbvn version=1 ,rowId: 11
I/SDY     ( 7648): [Insert]:H:Done: M{Id=15, Ty=InsertResponse, sId='5558', rId='5558', data=11}
I/SDY     ( 7648): [MSend]: M{Id=15, Ty=InsertResponse, sId='5558', rId='5558', data=11}
I/SDY     ( 7648): [MSend]: port: 11116 msg: M{Id=15, Ty=InsertResponse, sId='5558', rId='5558', data=11}
I/SDY     ( 7648): [SERVER]: M{Id=15, Ty=Insert, sId='5556', rId='5554', data=Row{ver=1, k='3o8OO41jDOrzFHkPZdPTjyRDHQ4tfnqU', v='MHDWerWrxsLNQk6tZ3AgztacbKSTqHoy'}}
I/SDY     ( 7648): [HandleMessage]: M{Id=15, Ty=Insert, sId='5556', rId='5554', data=Row{ver=1, k='3o8OO41jDOrzFHkPZdPTjyRDHQ4tfnqU', v='MHDWerWrxsLNQk6tZ3AgztacbKSTqHoy'}}
I/SDY     ( 7648): [Insert]:H: M{Id=15, Ty=Insert, sId='5556', rId='5554', data=Row{ver=1, k='3o8OO41jDOrzFHkPZdPTjyRDHQ4tfnqU', v='MHDWerWrxsLNQk6tZ3AgztacbKSTqHoy'}}
I/SDY     ( 7648): [[Query]:Local: 3o8OO41jDOrzFHkPZdPTjyRDHQ4tfnqU ,count: 0
I/SDY     ( 7648): [Insert]:Local: value=MHDWerWrxsLNQk6tZ3AgztacbKSTqHoy node=5556 key=3o8OO41jDOrzFHkPZdPTjyRDHQ4tfnqU version=1 ,rowId: 12
I/SDY     ( 7648): [Insert]:H:Done: M{Id=15, Ty=InsertResponse, sId='5556', rId='5556', data=12}
I/SDY     ( 7648): [MSend]: M{Id=15, Ty=InsertResponse, sId='5556', rId='5556', data=12}
I/SDY     ( 7648): [MSend]: port: 11112 msg: M{Id=15, Ty=InsertResponse, sId='5556', rId='5556', data=12}
D/AndroidRuntime( 7809): 
D/AndroidRuntime( 7809): >>>>>> AndroidRuntime START com.android.internal.os.RuntimeInit <<<<<<
W/linker  ( 7809): libdvm.so has text relocations. This is wasting memory and is a security risk. Please fix.
D/AndroidRuntime( 7809): CheckJNI is ON
D/dalvikvm( 7809): Trying to load lib libjavacore.so 0x0
D/dalvikvm( 7809): Added shared lib libjavacore.so 0x0
D/dalvikvm( 7809): Trying to load lib libnativehelper.so 0x0
D/dalvikvm( 7809): Added shared lib libnativehelper.so 0x0
D/dalvikvm( 7809): No JNI_OnLoad found in libnativehelper.so 0x0, skipping init
D/dalvikvm( 7809): Note: class Landroid/app/ActivityManagerNative; has 179 unimplemented (abstract) methods
E/memtrack( 7809): Couldn't load memtrack module (No such file or directory)
E/android.os.Debug( 7809): failed to load memtrack module: -2
D/AndroidRuntime( 7809): Calling main entry com.android.commands.content.Content
D/AndroidRuntime( 7818): 
D/AndroidRuntime( 7818): >>>>>> AndroidRuntime START com.android.internal.os.RuntimeInit <<<<<<
W/linker  ( 7818): libdvm.so has text relocations. This is wasting memory and is a security risk. Please fix.
I/SDY     ( 7648): [SERVER]: M{Id=14, Ty=Insert, sId='5560', rId='5554', data=Row{ver=1, k='UEOABrzsnJaVwyXlsMByddRFbULFkMHU', v='YlJmlywF2g6ANqraDlR5gwgx20Y4BaDb'}}
I/SDY     ( 7648): [HandleMessage]: M{Id=14, Ty=Insert, sId='5560', rId='5554', data=Row{ver=1, k='UEOABrzsnJaVwyXlsMByddRFbULFkMHU', v='YlJmlywF2g6ANqraDlR5gwgx20Y4BaDb'}}
I/SDY     ( 7648): [Insert]:H: M{Id=14, Ty=Insert, sId='5560', rId='5554', data=Row{ver=1, k='UEOABrzsnJaVwyXlsMByddRFbULFkMHU', v='YlJmlywF2g6ANqraDlR5gwgx20Y4BaDb'}}
I/SDY     ( 7648): [[Query]:Local: UEOABrzsnJaVwyXlsMByddRFbULFkMHU ,count: 0
I/SDY     ( 7648): [Insert]: value=0hQuMqEhMyD4nsmBBSZwUaFyLI56nAhm key=IQTeAN5vIuK0QjzHnzXgCLw3iAxnAx3a
I/SDY     ( 7648): [Insert]: [5558, 5560, 5562] ,m: M{Id=15, Ty=Insert, sId='5554', rId='null', data=Row{ver=1, k='IQTeAN5vIuK0QjzHnzXgCLw3iAxnAx3a', v='0hQuMqEhMyD4nsmBBSZwUaFyLI56nAhm'}}
I/SDY     ( 7648): [Add_Msg_Q]: M{Id=15, Ty=Insert, sId='5554', rId='5558', data=Row{ver=1, k='IQTeAN5vIuK0QjzHnzXgCLw3iAxnAx3a', v='0hQuMqEhMyD4nsmBBSZwUaFyLI56nAhm'}}
I/SDY     ( 7648): [Insert]:Local: value=YlJmlywF2g6ANqraDlR5gwgx20Y4BaDb node=5562 key=UEOABrzsnJaVwyXlsMByddRFbULFkMHU version=1 ,rowId: 13
I/SDY     ( 7648): [Insert]:H:Done: M{Id=14, Ty=InsertResponse, sId='5560', rId='5560', data=13}
I/SDY     ( 7648): [Add_Msg_Q]: M{Id=15, Ty=Insert, sId='5554', rId='5560', data=Row{ver=1, k='IQTeAN5vIuK0QjzHnzXgCLw3iAxnAx3a', v='0hQuMqEhMyD4nsmBBSZwUaFyLI56nAhm'}}
I/SDY     ( 7648): [Add_Msg_Q]: M{Id=15, Ty=Insert, sId='5554', rId='5562', data=Row{ver=1, k='IQTeAN5vIuK0QjzHnzXgCLw3iAxnAx3a', v='0hQuMqEhMyD4nsmBBSZwUaFyLI56nAhm'}}
I/SDY     ( 7648): [MSend]: M{Id=15, Ty=Insert, sId='5554', rId='5558', data=Row{ver=1, k='IQTeAN5vIuK0QjzHnzXgCLw3iAxnAx3a', v='0hQuMqEhMyD4nsmBBSZwUaFyLI56nAhm'}}
I/SDY     ( 7648): [MSend]: port: 11116 msg: M{Id=15, Ty=Insert, sId='5554', rId='5558', data=Row{ver=1, k='IQTeAN5vIuK0QjzHnzXgCLw3iAxnAx3a', v='0hQuMqEhMyD4nsmBBSZwUaFyLI56nAhm'}}
D/AndroidRuntime( 7818): CheckJNI is ON
D/dalvikvm( 7818): Trying to load lib libjavacore.so 0x0
D/dalvikvm( 7818): Added shared lib libjavacore.so 0x0
D/dalvikvm( 7818): Trying to load lib libnativehelper.so 0x0
D/dalvikvm( 7818): Added shared lib libnativehelper.so 0x0
D/dalvikvm( 7818): No JNI_OnLoad found in libnativehelper.so 0x0, skipping init
D/dalvikvm( 7818): Note: class Landroid/app/ActivityManagerNative; has 179 unimplemented (abstract) methods
I/SDY     ( 7648): [MSend]: M{Id=14, Ty=InsertResponse, sId='5560', rId='5560', data=13}
I/SDY     ( 7648): [MSend]: port: 11120 msg: M{Id=14, Ty=InsertResponse, sId='5560', rId='5560', data=13}
I/SDY     ( 7648): [MSend]: M{Id=15, Ty=Insert, sId='5554', rId='5562', data=Row{ver=1, k='IQTeAN5vIuK0QjzHnzXgCLw3iAxnAx3a', v='0hQuMqEhMyD4nsmBBSZwUaFyLI56nAhm'}}
I/SDY     ( 7648): [MSend]: port: 11124 msg: M{Id=15, Ty=Insert, sId='5554', rId='5562', data=Row{ver=1, k='IQTeAN5vIuK0QjzHnzXgCLw3iAxnAx3a', v='0hQuMqEhMyD4nsmBBSZwUaFyLI56nAhm'}}
E/memtrack( 7818): Couldn't load memtrack module (No such file or directory)
E/android.os.Debug( 7818): failed to load memtrack module: -2
I/SDY     ( 7648): [SERVER]: M{Id=15, Ty=InsertResponse, sId='5554', rId='5554', data=24}
I/SDY     ( 7648): [HandleMessage]: M{Id=15, Ty=InsertResponse, sId='5554', rId='5554', data=24}
I/SDY     ( 7648): [Response]:H: M{Id=15, Ty=InsertResponse, sId='5554', rId='5554', data=24}
I/SDY     ( 7648): [SERVER]: M{Id=14, Ty=Insert, sId='5562', rId='5554', data=Row{ver=1, k='YajIZTbgvehMFniAmG7KqrzOfcwn8VtX', v='QiuiHuLWKillPaUFkPK9ApKC2t5pFsPt'}}
I/SDY     ( 7648): [HandleMessage]: M{Id=14, Ty=Insert, sId='5562', rId='5554', data=Row{ver=1, k='YajIZTbgvehMFniAmG7KqrzOfcwn8VtX', v='QiuiHuLWKillPaUFkPK9ApKC2t5pFsPt'}}
I/SDY     ( 7648): [Insert]:H: M{Id=14, Ty=Insert, sId='5562', rId='5554', data=Row{ver=1, k='YajIZTbgvehMFniAmG7KqrzOfcwn8VtX', v='QiuiHuLWKillPaUFkPK9ApKC2t5pFsPt'}}
D/AndroidRuntime( 7818): Calling main entry com.android.commands.content.Content
I/SDY     ( 7648): [[Query]:Local: YajIZTbgvehMFniAmG7KqrzOfcwn8VtX ,count: 0
I/SDY     ( 7648): [Insert]:Local: value=QiuiHuLWKillPaUFkPK9ApKC2t5pFsPt node=5562 key=YajIZTbgvehMFniAmG7KqrzOfcwn8VtX version=1 ,rowId: 14
I/SDY     ( 7648): [Insert]:H:Done: M{Id=14, Ty=InsertResponse, sId='5562', rId='5562', data=14}
I/SDY     ( 7648): [Query]: BuAt0bSSs6JyecYJPU6AmJppr880KJKb
I/SDY     ( 7648): [Query]: BuAt0bSSs6JyecYJPU6AmJppr880KJKb
I/SDY     ( 7648): [Query]: M{Id=16, Ty=Query, sId='5554', rId='null', data=Row{ver=1, k='BuAt0bSSs6JyecYJPU6AmJppr880KJKb', v='null'}} ,nodes: [5562, 5556, 5554]
I/SDY     ( 7648): [Add_Msg_Q]: M{Id=16, Ty=Query, sId='5554', rId='5562', data=Row{ver=1, k='BuAt0bSSs6JyecYJPU6AmJppr880KJKb', v='null'}}
I/SDY     ( 7648): [Add_Msg_Q]: M{Id=16, Ty=Query, sId='5554', rId='5556', data=Row{ver=1, k='BuAt0bSSs6JyecYJPU6AmJppr880KJKb', v='null'}}
I/SDY     ( 7648): [Add_Msg_Q]: M{Id=16, Ty=Query, sId='5554', rId='5554', data=Row{ver=1, k='BuAt0bSSs6JyecYJPU6AmJppr880KJKb', v='null'}}
I/SDY     ( 7648): [MSend]: M{Id=15, Ty=Insert, sId='5554', rId='5560', data=Row{ver=1, k='IQTeAN5vIuK0QjzHnzXgCLw3iAxnAx3a', v='0hQuMqEhMyD4nsmBBSZwUaFyLI56nAhm'}}
I/SDY     ( 7648): [MSend]: port: 11120 msg: M{Id=15, Ty=Insert, sId='5554', rId='5560', data=Row{ver=1, k='IQTeAN5vIuK0QjzHnzXgCLw3iAxnAx3a', v='0hQuMqEhMyD4nsmBBSZwUaFyLI56nAhm'}}
