I/SDY     ( 6906): [Response]:H: M{Id=16, Ty=QueryResponse, sId='5554', rId='5554', data=Row{ver=1, k='uEoKsspaH2Md2TZv16tiDDBgP7lpKoVT', v='8lmXb4TwlEYcAMvCZZmgU1TznYpStc3K'}}
I/SDY     ( 6906): [Query]:Done: uEoKsspaH2Md2TZv16tiDDBgP7lpKoVT,value: 8lmXb4TwlEYcAMvCZZmgU1TznYpStc3K ,version: 1
I/SDY     ( 6906): [Query]:Done: uEoKsspaH2Md2TZv16tiDDBgP7lpKoVT ,cursor:  1
D/AndroidRuntime( 7114): Shutting down VM
D/jdwp    ( 7114): Got wake-up signal, bailing out of select
D/dalvikvm( 7114): Debugger has detached; object registry had 1 entries
I/SDY     ( 6906): [SERVER]: M{Id=16, Ty=QueryResponse, sId='5554', rId='5554', data=Row{ver=1, k='uEoKsspaH2Md2TZv16tiDDBgP7lpKoVT', v='8lmXb4TwlEYcAMvCZZmgU1TznYpStc3K'}}
I/SDY     ( 6906): [HandleMessage]: M{Id=16, Ty=QueryResponse, sId='5554', rId='5554', data=Row{ver=1, k='uEoKsspaH2Md2TZv16tiDDBgP7lpKoVT', v='8lmXb4TwlEYcAMvCZZmgU1TznYpStc3K'}}
I/SDY     ( 6906): [Response]:H: M{Id=16, Ty=QueryResponse, sId='5554', rId='5554', data=Row{ver=1, k='uEoKsspaH2Md2TZv16tiDDBgP7lpKoVT', v='8lmXb4TwlEYcAMvCZZmgU1TznYpStc3K'}}
D/AndroidRuntime( 7125): 
D/AndroidRuntime( 7125): >>>>>> AndroidRuntime START com.android.internal.os.RuntimeInit <<<<<<
W/linker  ( 7125): libdvm.so has text relocations. This is wasting memory and is a security risk. Please fix.
D/AndroidRuntime( 7125): CheckJNI is ON
D/dalvikvm( 7125): Trying to load lib libjavacore.so 0x0
D/dalvikvm( 7125): Added shared lib libjavacore.so 0x0
D/dalvikvm( 7125): Trying to load lib libnativehelper.so 0x0
D/dalvikvm( 7125): Added shared lib libnativehelper.so 0x0
D/dalvikvm( 7125): No JNI_OnLoad found in libnativehelper.so 0x0, skipping init
D/dalvikvm( 7125): Note: class Landroid/app/ActivityManagerNative; has 179 unimplemented (abstract) methods
E/memtrack( 7125): Couldn't load memtrack module (No such file or directory)
E/android.os.Debug( 7125): failed to load memtrack module: -2
D/AndroidRuntime( 7125): Calling main entry com.android.commands.content.Content
I/SDY     ( 6906): [Query]: QVGuHnfipUZiPfY1lFPlTcX9uNE2VwmP
I/SDY     ( 6906): [Query]: QVGuHnfipUZiPfY1lFPlTcX9uNE2VwmP
I/SDY     ( 6906): [Query]: M{Id=17, Ty=Query, sId='5554', rId='null', data=Row{ver=1, k='QVGuHnfipUZiPfY1lFPlTcX9uNE2VwmP', v='null'}} ,nodes: [5558, 5560, 5562]
I/SDY     ( 6906): [Add_Msg_Q]: M{Id=17, Ty=Query, sId='5554', rId='5558', data=Row{ver=1, k='QVGuHnfipUZiPfY1lFPlTcX9uNE2VwmP', v='null'}}
I/SDY     ( 6906): [Add_Msg_Q]: M{Id=17, Ty=Query, sId='5554', rId='5560', data=Row{ver=1, k='QVGuHnfipUZiPfY1lFPlTcX9uNE2VwmP', v='null'}}
I/SDY     ( 6906): [Add_Msg_Q]: M{Id=17, Ty=Query, sId='5554', rId='5562', data=Row{ver=1, k='QVGuHnfipUZiPfY1lFPlTcX9uNE2VwmP', v='null'}}
I/SDY     ( 6906): [MSend]: M{Id=17, Ty=Query, sId='5554', rId='5558', data=Row{ver=1, k='QVGuHnfipUZiPfY1lFPlTcX9uNE2VwmP', v='null'}}
I/SDY     ( 6906): [MSend]: port: 11116 msg: M{Id=17, Ty=Query, sId='5554', rId='5558', data=Row{ver=1, k='QVGuHnfipUZiPfY1lFPlTcX9uNE2VwmP', v='null'}}
I/SDY     ( 6906): [MSend]: M{Id=17, Ty=Query, sId='5554', rId='5562', data=Row{ver=1, k='QVGuHnfipUZiPfY1lFPlTcX9uNE2VwmP', v='null'}}
I/SDY     ( 6906): [MSend]: port: 11124 msg: M{Id=17, Ty=Query, sId='5554', rId='5562', data=Row{ver=1, k='QVGuHnfipUZiPfY1lFPlTcX9uNE2VwmP', v='null'}}
I/SDY     ( 6906): [MSend]: M{Id=17, Ty=Query, sId='5554', rId='5560', data=Row{ver=1, k='QVGuHnfipUZiPfY1lFPlTcX9uNE2VwmP', v='null'}}
I/SDY     ( 6906): [MSend]: port: 11120 msg: M{Id=17, Ty=Query, sId='5554', rId='5560', data=Row{ver=1, k='QVGuHnfipUZiPfY1lFPlTcX9uNE2VwmP', v='null'}}
I/SDY     ( 6906): [SERVER]: M{Id=17, Ty=QueryResponse, sId='5554', rId='5554', data=Row{ver=1, k='QVGuHnfipUZiPfY1lFPlTcX9uNE2VwmP', v='utm8xGqqoy24cFep3lZgRqWauRMlbM60'}}
I/SDY     ( 6906): [HandleMessage]: M{Id=17, Ty=QueryResponse, sId='5554', rId='5554', data=Row{ver=1, k='QVGuHnfipUZiPfY1lFPlTcX9uNE2VwmP', v='utm8xGqqoy24cFep3lZgRqWauRMlbM60'}}
I/SDY     ( 6906): [Response]:H: M{Id=17, Ty=QueryResponse, sId='5554', rId='5554', data=Row{ver=1, k='QVGuHnfipUZiPfY1lFPlTcX9uNE2VwmP', v='utm8xGqqoy24cFep3lZgRqWauRMlbM60'}}
I/SDY     ( 6906): [SERVER]: M{Id=17, Ty=QueryResponse, sId='5554', rId='5554', data=Row{ver=1, k='QVGuHnfipUZiPfY1lFPlTcX9uNE2VwmP', v='utm8xGqqoy24cFep3lZgRqWauRMlbM60'}}
I/SDY     ( 6906): [HandleMessage]: M{Id=17, Ty=QueryResponse, sId='5554', rId='5554', data=Row{ver=1, k='QVGuHnfipUZiPfY1lFPlTcX9uNE2VwmP', v='utm8xGqqoy24cFep3lZgRqWauRMlbM60'}}
I/SDY     ( 6906): [Response]:H: M{Id=17, Ty=QueryResponse, sId='5554', rId='5554', data=Row{ver=1, k='QVGuHnfipUZiPfY1lFPlTcX9uNE2VwmP', v='utm8xGqqoy24cFep3lZgRqWauRMlbM60'}}
I/SDY     ( 6906): [Query]:Done: QVGuHnfipUZiPfY1lFPlTcX9uNE2VwmP,value: utm8xGqqoy24cFep3lZgRqWauRMlbM60 ,version: 1
I/SDY     ( 6906): [Query]:Done: QVGuHnfipUZiPfY1lFPlTcX9uNE2VwmP ,cursor:  1
D/AndroidRuntime( 7125): Shutting down VM
D/dalvikvm( 7125): Debugger has detached; object registry had 1 entries
I/SDY     ( 6906): [SERVER]: M{Id=17, Ty=QueryResponse, sId='5554', rId='5554', data=Row{ver=1, k='QVGuHnfipUZiPfY1lFPlTcX9uNE2VwmP', v='utm8xGqqoy24cFep3lZgRqWauRMlbM60'}}
I/SDY     ( 6906): [HandleMessage]: M{Id=17, Ty=QueryResponse, sId='5554', rId='5554', data=Row{ver=1, k='QVGuHnfipUZiPfY1lFPlTcX9uNE2VwmP', v='utm8xGqqoy24cFep3lZgRqWauRMlbM60'}}
I/SDY     ( 6906): [Response]:H: M{Id=17, Ty=QueryResponse, sId='5554', rId='5554', data=Row{ver=1, k='QVGuHnfipUZiPfY1lFPlTcX9uNE2VwmP', v='utm8xGqqoy24cFep3lZgRqWauRMlbM60'}}
D/AndroidRuntime( 7136): 
D/AndroidRuntime( 7136): >>>>>> AndroidRuntime START com.android.internal.os.RuntimeInit <<<<<<
W/linker  ( 7136): libdvm.so has text relocations. This is wasting memory and is a security risk. Please fix.
D/AndroidRuntime( 7136): CheckJNI is ON
D/dalvikvm( 7136): Trying to load lib libjavacore.so 0x0
D/dalvikvm( 7136): Added shared lib libjavacore.so 0x0
D/dalvikvm( 7136): Trying to load lib libnativehelper.so 0x0
D/dalvikvm( 7136): Added shared lib libnativehelper.so 0x0
D/dalvikvm( 7136): No JNI_OnLoad found in libnativehelper.so 0x0, skipping init
D/dalvikvm( 7136): Note: class Landroid/app/ActivityManagerNative; has 179 unimplemented (abstract) methods
E/memtrack( 7136): Couldn't load memtrack module (No such file or directory)
E/android.os.Debug( 7136): failed to load memtrack module: -2
D/AndroidRuntime( 7136): Calling main entry com.android.commands.content.Content
I/SDY     ( 6906): [Query]: ZFBDwjJEw2yN59O7z2031E3U2Rc73CHk
I/SDY     ( 6906): [Query]: ZFBDwjJEw2yN59O7z2031E3U2Rc73CHk
I/SDY     ( 6906): [Query]: M{Id=18, Ty=Query, sId='5554', rId='null', data=Row{ver=1, k='ZFBDwjJEw2yN59O7z2031E3U2Rc73CHk', v='null'}} ,nodes: [5560, 5562, 5556]
I/SDY     ( 6906): [Add_Msg_Q]: M{Id=18, Ty=Query, sId='5554', rId='5560', data=Row{ver=1, k='ZFBDwjJEw2yN59O7z2031E3U2Rc73CHk', v='null'}}
I/SDY     ( 6906): [Add_Msg_Q]: M{Id=18, Ty=Query, sId='5554', rId='5562', data=Row{ver=1, k='ZFBDwjJEw2yN59O7z2031E3U2Rc73CHk', v='null'}}
I/SDY     ( 6906): [Add_Msg_Q]: M{Id=18, Ty=Query, sId='5554', rId='5556', data=Row{ver=1, k='ZFBDwjJEw2yN59O7z2031E3U2Rc73CHk', v='null'}}
I/SDY     ( 6906): [MSend]: M{Id=18, Ty=Query, sId='5554', rId='5560', data=Row{ver=1, k='ZFBDwjJEw2yN59O7z2031E3U2Rc73CHk', v='null'}}
I/SDY     ( 6906): [MSend]: port: 11120 msg: M{Id=18, Ty=Query, sId='5554', rId='5560', data=Row{ver=1, k='ZFBDwjJEw2yN59O7z2031E3U2Rc73CHk', v='null'}}
I/SDY     ( 6906): [MSend]: M{Id=18, Ty=Query, sId='5554', rId='5556', data=Row{ver=1, k='ZFBDwjJEw2yN59O7z2031E3U2Rc73CHk', v='null'}}
I/SDY     ( 6906): [MSend]: port: 11112 msg: M{Id=18, Ty=Query, sId='5554', rId='5556', data=Row{ver=1, k='ZFBDwjJEw2yN59O7z2031E3U2Rc73CHk', v='null'}}
I/SDY     ( 6906): [SERVER]: M{Id=18, Ty=QueryResponse, sId='5554', rId='5554', data=Row{ver=1, k='ZFBDwjJEw2yN59O7z2031E3U2Rc73CHk', v='MxBqTDxs8MZoblxRvQEq39ml3Jo7JeoS'}}
I/SDY     ( 6906): [HandleMessage]: M{Id=18, Ty=QueryResponse, sId='5554', rId='5554', data=Row{ver=1, k='ZFBDwjJEw2yN59O7z2031E3U2Rc73CHk', v='MxBqTDxs8MZoblxRvQEq39ml3Jo7JeoS'}}
I/SDY     ( 6906): [Response]:H: M{Id=18, Ty=QueryResponse, sId='5554', rId='5554', data=Row{ver=1, k='ZFBDwjJEw2yN59O7z2031E3U2Rc73CHk', v='MxBqTDxs8MZoblxRvQEq39ml3Jo7JeoS'}}
I/SDY     ( 6906): [MSend]: M{Id=18, Ty=Query, sId='5554', rId='5562', data=Row{ver=1, k='ZFBDwjJEw2yN59O7z2031E3U2Rc73CHk', v='null'}}
I/SDY     ( 6906): [MSend]: port: 11124 msg: M{Id=18, Ty=Query, sId='5554', rId='5562', data=Row{ver=1, k='ZFBDwjJEw2yN59O7z2031E3U2Rc73CHk', v='null'}}
I/SDY     ( 6906): [SERVER]: M{Id=18, Ty=QueryResponse, sId='5554', rId='5554', data=Row{ver=1, k='ZFBDwjJEw2yN59O7z2031E3U2Rc73CHk', v='MxBqTDxs8MZoblxRvQEq39ml3Jo7JeoS'}}
I/SDY     ( 6906): [HandleMessage]: M{Id=18, Ty=QueryResponse, sId='5554', rId='5554', data=Row{ver=1, k='ZFBDwjJEw2yN59O7z2031E3U2Rc73CHk', v='MxBqTDxs8MZoblxRvQEq39ml3Jo7JeoS'}}
I/SDY     ( 6906): [Response]:H: M{Id=18, Ty=QueryResponse, sId='5554', rId='5554', data=Row{ver=1, k='ZFBDwjJEw2yN59O7z2031E3U2Rc73CHk', v='MxBqTDxs8MZoblxRvQEq39ml3Jo7JeoS'}}
I/SDY     ( 6906): [Query]:Done: ZFBDwjJEw2yN59O7z2031E3U2Rc73CHk,value: MxBqTDxs8MZoblxRvQEq39ml3Jo7JeoS ,version: 1
I/SDY     ( 6906): [Query]:Done: ZFBDwjJEw2yN59O7z2031E3U2Rc73CHk ,cursor:  1
D/AndroidRuntime( 7136): Shutting down VM
D/jdwp    ( 7136): Got wake-up signal, bailing out of select
D/dalvikvm( 7136): Debugger has detached; object registry had 1 entries
I/SDY     ( 6906): [SERVER]: M{Id=18, Ty=QueryResponse, sId='5554', rId='5554', data=Row{ver=1, k='ZFBDwjJEw2yN59O7z2031E3U2Rc73CHk', v='MxBqTDxs8MZoblxRvQEq39ml3Jo7JeoS'}}
I/SDY     ( 6906): [HandleMessage]: M{Id=18, Ty=QueryResponse, sId='5554', rId='5554', data=Row{ver=1, k='ZFBDwjJEw2yN59O7z2031E3U2Rc73CHk', v='MxBqTDxs8MZoblxRvQEq39ml3Jo7JeoS'}}
I/SDY     ( 6906): [Response]:H: M{Id=18, Ty=QueryResponse, sId='5554', rId='5554', data=Row{ver=1, k='ZFBDwjJEw2yN59O7z2031E3U2Rc73CHk', v='MxBqTDxs8MZoblxRvQEq39ml3Jo7JeoS'}}
D/AndroidRuntime( 7147): 
D/AndroidRuntime( 7147): >>>>>> AndroidRuntime START com.android.internal.os.RuntimeInit <<<<<<
W/linker  ( 7147): libdvm.so has text relocations. This is wasting memory and is a security risk. Please fix.
D/AndroidRuntime( 7147): CheckJNI is ON
D/dalvikvm( 7147): Trying to load lib libjavacore.so 0x0
D/dalvikvm( 7147): Added shared lib libjavacore.so 0x0
D/dalvikvm( 7147): Trying to load lib libnativehelper.so 0x0
D/dalvikvm( 7147): Added shared lib libnativehelper.so 0x0
D/dalvikvm( 7147): No JNI_OnLoad found in libnativehelper.so 0x0, skipping init
D/dalvikvm( 7147): Note: class Landroid/app/ActivityManagerNative; has 179 unimplemented (abstract) methods
E/memtrack( 7147): Couldn't load memtrack module (No such file or directory)
E/android.os.Debug( 7147): failed to load memtrack module: -2
D/AndroidRuntime( 7147): Calling main entry com.android.commands.content.Content
I/SDY     ( 6906): [Query]: 4Nu0nQdg7uTnShyqarjHYOCCLjGLE9Mb
I/SDY     ( 6906): [Query]: 4Nu0nQdg7uTnShyqarjHYOCCLjGLE9Mb
I/SDY     ( 6906): [Query]: M{Id=19, Ty=Query, sId='5554', rId='null', data=Row{ver=1, k='4Nu0nQdg7uTnShyqarjHYOCCLjGLE9Mb', v='null'}} ,nodes: [5558, 5560, 5562]
I/SDY     ( 6906): [Add_Msg_Q]: M{Id=19, Ty=Query, sId='5554', rId='5558', data=Row{ver=1, k='4Nu0nQdg7uTnShyqarjHYOCCLjGLE9Mb', v='null'}}
I/SDY     ( 6906): [Add_Msg_Q]: M{Id=19, Ty=Query, sId='5554', rId='5560', data=Row{ver=1, k='4Nu0nQdg7uTnShyqarjHYOCCLjGLE9Mb', v='null'}}
I/SDY     ( 6906): [Add_Msg_Q]: M{Id=19, Ty=Query, sId='5554', rId='5562', data=Row{ver=1, k='4Nu0nQdg7uTnShyqarjHYOCCLjGLE9Mb', v='null'}}
I/SDY     ( 6906): [MSend]: M{Id=19, Ty=Query, sId='5554', rId='5558', data=Row{ver=1, k='4Nu0nQdg7uTnShyqarjHYOCCLjGLE9Mb', v='null'}}
I/SDY     ( 6906): [MSend]: port: 11116 msg: M{Id=19, Ty=Query, sId='5554', rId='5558', data=Row{ver=1, k='4Nu0nQdg7uTnShyqarjHYOCCLjGLE9Mb', v='null'}}
I/SDY     ( 6906): [MSend]: M{Id=19, Ty=Query, sId='5554', rId='5562', data=Row{ver=1, k='4Nu0nQdg7uTnShyqarjHYOCCLjGLE9Mb', v='null'}}
I/SDY     ( 6906): [MSend]: port: 11124 msg: M{Id=19, Ty=Query, sId='5554', rId='5562', data=Row{ver=1, k='4Nu0nQdg7uTnShyqarjHYOCCLjGLE9Mb', v='null'}}
I/SDY     ( 6906): [MSend]: M{Id=19, Ty=Query, sId='5554', rId='5560', data=Row{ver=1, k='4Nu0nQdg7uTnShyqarjHYOCCLjGLE9Mb', v='null'}}
I/SDY     ( 6906): [MSend]: port: 11120 msg: M{Id=19, Ty=Query, sId='5554', rId='5560', data=Row{ver=1, k='4Nu0nQdg7uTnShyqarjHYOCCLjGLE9Mb', v='null'}}
I/SDY     ( 6906): [SERVER]: M{Id=19, Ty=QueryResponse, sId='5554', rId='5554', data=Row{ver=1, k='4Nu0nQdg7uTnShyqarjHYOCCLjGLE9Mb', v='J5W7UH8Ay2Nh7UiV0Le4vK1PurU1Ikn7'}}
D/dalvikvm( 6906): GC_FOR_ALLOC freed 515K, 17% free 2879K/3464K, paused 7ms, total 8ms
I/SDY     ( 6906): [HandleMessage]: M{Id=19, Ty=QueryResponse, sId='5554', rId='5554', data=Row{ver=1, k='4Nu0nQdg7uTnShyqarjHYOCCLjGLE9Mb', v='J5W7UH8Ay2Nh7UiV0Le4vK1PurU1Ikn7'}}
I/SDY     ( 6906): [Response]:H: M{Id=19, Ty=QueryResponse, sId='5554', rId='5554', data=Row{ver=1, k='4Nu0nQdg7uTnShyqarjHYOCCLjGLE9Mb', v='J5W7UH8Ay2Nh7UiV0Le4vK1PurU1Ikn7'}}
I/SDY     ( 6906): [SERVER]: M{Id=19, Ty=QueryResponse, sId='5554', rId='5554', data=Row{ver=1, k='4Nu0nQdg7uTnShyqarjHYOCCLjGLE9Mb', v='J5W7UH8Ay2Nh7UiV0Le4vK1PurU1Ikn7'}}
I/SDY     ( 6906): [HandleMessage]: M{Id=19, Ty=QueryResponse, sId='5554', rId='5554', data=Row{ver=1, k='4Nu0nQdg7uTnShyqarjHYOCCLjGLE9Mb', v='J5W7UH8Ay2Nh7UiV0Le4vK1PurU1Ikn7'}}
I/SDY     ( 6906): [Response]:H: M{Id=19, Ty=QueryResponse, sId='5554', rId='5554', data=Row{ver=1, k='4Nu0nQdg7uTnShyqarjHYOCCLjGLE9Mb', v='J5W7UH8Ay2Nh7UiV0Le4vK1PurU1Ikn7'}}
I/SDY     ( 6906): [Query]:Done: 4Nu0nQdg7uTnShyqarjHYOCCLjGLE9Mb,value: J5W7UH8Ay2Nh7UiV0Le4vK1PurU1Ikn7 ,version: 1
I/SDY     ( 6906): [Query]:Done: 4Nu0nQdg7uTnShyqarjHYOCCLjGLE9Mb ,cursor:  1
I/SDY     ( 6906): [SERVER]: M{Id=19, Ty=QueryResponse, sId='5554', rId='5554', data=Row{ver=1, k='4Nu0nQdg7uTnShyqarjHYOCCLjGLE9Mb', v='J5W7UH8Ay2Nh7UiV0Le4vK1PurU1Ikn7'}}
I/SDY     ( 6906): [HandleMessage]: M{Id=19, Ty=QueryResponse, sId='5554', rId='5554', data=Row{ver=1, k='4Nu0nQdg7uTnShyqarjHYOCCLjGLE9Mb', v='J5W7UH8Ay2Nh7UiV0Le4vK1PurU1Ikn7'}}
I/SDY     ( 6906): [Response]:H: M{Id=19, Ty=QueryResponse, sId='5554', rId='5554', data=Row{ver=1, k='4Nu0nQdg7uTnShyqarjHYOCCLjGLE9Mb', v='J5W7UH8Ay2Nh7UiV0Le4vK1PurU1Ikn7'}}
D/AndroidRuntime( 7147): Shutting down VM
D/dalvikvm( 7147): Debugger has detached; object registry had 1 entries
D/AndroidRuntime( 7158): 
D/AndroidRuntime( 7158): >>>>>> AndroidRuntime START com.android.internal.os.RuntimeInit <<<<<<
W/linker  ( 7158): libdvm.so has text relocations. This is wasting memory and is a security risk. Please fix.
D/AndroidRuntime( 7158): CheckJNI is ON
D/dalvikvm( 7158): Trying to load lib libjavacore.so 0x0
D/dalvikvm( 7158): Added shared lib libjavacore.so 0x0
D/dalvikvm( 7158): Trying to load lib libnativehelper.so 0x0
D/dalvikvm( 7158): Added shared lib libnativehelper.so 0x0
D/dalvikvm( 7158): No JNI_OnLoad found in libnativehelper.so 0x0, skipping init
D/dalvikvm( 7158): Note: class Landroid/app/ActivityManagerNative; has 179 unimplemented (abstract) methods
E/memtrack( 7158): Couldn't load memtrack module (No such file or directory)
E/android.os.Debug( 7158): failed to load memtrack module: -2
D/AndroidRuntime( 7158): Calling main entry com.android.commands.content.Content
I/SDY     ( 6906): [Query]: Ucwhx9Rb9Tp5smUfGGM4XY5g5XBYcmsg
I/SDY     ( 6906): [Query]: Ucwhx9Rb9Tp5smUfGGM4XY5g5XBYcmsg
I/SDY     ( 6906): [Query]: M{Id=20, Ty=Query, sId='5554', rId='null', data=Row{ver=1, k='Ucwhx9Rb9Tp5smUfGGM4XY5g5XBYcmsg', v='null'}} ,nodes: [5558, 5560, 5562]
I/SDY     ( 6906): [Add_Msg_Q]: M{Id=20, Ty=Query, sId='5554', rId='5558', data=Row{ver=1, k='Ucwhx9Rb9Tp5smUfGGM4XY5g5XBYcmsg', v='null'}}
I/SDY     ( 6906): [Add_Msg_Q]: M{Id=20, Ty=Query, sId='5554', rId='5560', data=Row{ver=1, k='Ucwhx9Rb9Tp5smUfGGM4XY5g5XBYcmsg', v='null'}}
I/SDY     ( 6906): [Add_Msg_Q]: M{Id=20, Ty=Query, sId='5554', rId='5562', data=Row{ver=1, k='Ucwhx9Rb9Tp5smUfGGM4XY5g5XBYcmsg', v='null'}}
I/SDY     ( 6906): [MSend]: M{Id=20, Ty=Query, sId='5554', rId='5558', data=Row{ver=1, k='Ucwhx9Rb9Tp5smUfGGM4XY5g5XBYcmsg', v='null'}}
I/SDY     ( 6906): [MSend]: port: 11116 msg: M{Id=20, Ty=Query, sId='5554', rId='5558', data=Row{ver=1, k='Ucwhx9Rb9Tp5smUfGGM4XY5g5XBYcmsg', v='null'}}
I/SDY     ( 6906): [MSend]: M{Id=20, Ty=Query, sId='5554', rId='5562', data=Row{ver=1, k='Ucwhx9Rb9Tp5smUfGGM4XY5g5XBYcmsg', v='null'}}
I/SDY     ( 6906): [MSend]: port: 11124 msg: M{Id=20, Ty=Query, sId='5554', rId='5562', data=Row{ver=1, k='Ucwhx9Rb9Tp5smUfGGM4XY5g5XBYcmsg', v='null'}}
I/SDY     ( 6906): [MSend]: M{Id=20, Ty=Query, sId='5554', rId='5560', data=Row{ver=1, k='Ucwhx9Rb9Tp5smUfGGM4XY5g5XBYcmsg', v='null'}}
I/SDY     ( 6906): [MSend]: port: 11120 msg: M{Id=20, Ty=Query, sId='5554', rId='5560', data=Row{ver=1, k='Ucwhx9Rb9Tp5smUfGGM4XY5g5XBYcmsg', v='null'}}
I/SDY     ( 6906): [SERVER]: M{Id=20, Ty=QueryResponse, sId='5554', rId='5554', data=Row{ver=1, k='Ucwhx9Rb9Tp5smUfGGM4XY5g5XBYcmsg', v='208OWAfbGQghmmvMM3XcQBa3DnLu0GUW'}}
I/SDY     ( 6906): [HandleMessage]: M{Id=20, Ty=QueryResponse, sId='5554', rId='5554', data=Row{ver=1, k='Ucwhx9Rb9Tp5smUfGGM4XY5g5XBYcmsg', v='208OWAfbGQghmmvMM3XcQBa3DnLu0GUW'}}
I/SDY     ( 6906): [Response]:H: M{Id=20, Ty=QueryResponse, sId='5554', rId='5554', data=Row{ver=1, k='Ucwhx9Rb9Tp5smUfGGM4XY5g5XBYcmsg', v='208OWAfbGQghmmvMM3XcQBa3DnLu0GUW'}}
I/SDY     ( 6906): [SERVER]: M{Id=20, Ty=QueryResponse, sId='5554', rId='5554', data=Row{ver=1, k='Ucwhx9Rb9Tp5smUfGGM4XY5g5XBYcmsg', v='208OWAfbGQghmmvMM3XcQBa3DnLu0GUW'}}
I/SDY     ( 6906): [HandleMessage]: M{Id=20, Ty=QueryResponse, sId='5554', rId='5554', data=Row{ver=1, k='Ucwhx9Rb9Tp5smUfGGM4XY5g5XBYcmsg', v='208OWAfbGQghmmvMM3XcQBa3DnLu0GUW'}}
I/SDY     ( 6906): [Response]:H: M{Id=20, Ty=QueryResponse, sId='5554', rId='5554', data=Row{ver=1, k='Ucwhx9Rb9Tp5smUfGGM4XY5g5XBYcmsg', v='208OWAfbGQghmmvMM3XcQBa3DnLu0GUW'}}
I/SDY     ( 6906): [Query]:Done: Ucwhx9Rb9Tp5smUfGGM4XY5g5XBYcmsg,value: 208OWAfbGQghmmvMM3XcQBa3DnLu0GUW ,version: 1
I/SDY     ( 6906): [Query]:Done: Ucwhx9Rb9Tp5smUfGGM4XY5g5XBYcmsg ,cursor:  1
I/SDY     ( 6906): [SERVER]: M{Id=20, Ty=QueryResponse, sId='5554', rId='5554', data=Row{ver=1, k='Ucwhx9Rb9Tp5smUfGGM4XY5g5XBYcmsg', v='208OWAfbGQghmmvMM3XcQBa3DnLu0GUW'}}
I/SDY     ( 6906): [HandleMessage]: M{Id=20, Ty=QueryResponse, sId='5554', rId='5554', data=Row{ver=1, k='Ucwhx9Rb9Tp5smUfGGM4XY5g5XBYcmsg', v='208OWAfbGQghmmvMM3XcQBa3DnLu0GUW'}}
I/SDY     ( 6906): [Response]:H: M{Id=20, Ty=QueryResponse, sId='5554', rId='5554', data=Row{ver=1, k='Ucwhx9Rb9Tp5smUfGGM4XY5g5XBYcmsg', v='208OWAfbGQghmmvMM3XcQBa3DnLu0GUW'}}
D/AndroidRuntime( 7158): Shutting down VM
D/dalvikvm( 7158): Debugger has detached; object registry had 1 entries
D/AndroidRuntime( 7169): 
D/AndroidRuntime( 7169): >>>>>> AndroidRuntime START com.android.internal.os.RuntimeInit <<<<<<
W/linker  ( 7169): libdvm.so has text relocations. This is wasting memory and is a security risk. Please fix.
D/AndroidRuntime( 7169): CheckJNI is ON
D/dalvikvm( 7169): Trying to load lib libjavacore.so 0x0
D/dalvikvm( 7169): Added shared lib libjavacore.so 0x0
D/dalvikvm( 7169): Trying to load lib libnativehelper.so 0x0
D/dalvikvm( 7169): Added shared lib libnativehelper.so 0x0
D/dalvikvm( 7169): No JNI_OnLoad found in libnativehelper.so 0x0, skipping init
D/dalvikvm( 7169): Note: class Landroid/app/ActivityManagerNative; has 179 unimplemented (abstract) methods
E/memtrack( 7169): Couldn't load memtrack module (No such file or directory)
E/android.os.Debug( 7169): failed to load memtrack module: -2
D/AndroidRuntime( 7169): Calling main entry com.android.commands.content.Content
I/SDY     ( 6906): [Query]: vu3465CdEYsQ3oFBtLrBtJUUpnYqgckj
I/SDY     ( 6906): [Query]: vu3465CdEYsQ3oFBtLrBtJUUpnYqgckj
I/SDY     ( 6906): [Query]: M{Id=21, Ty=Query, sId='5554', rId='null', data=Row{ver=1, k='vu3465CdEYsQ3oFBtLrBtJUUpnYqgckj', v='null'}} ,nodes: [5558, 5560, 5562]
I/SDY     ( 6906): [Add_Msg_Q]: M{Id=21, Ty=Query, sId='5554', rId='5558', data=Row{ver=1, k='vu3465CdEYsQ3oFBtLrBtJUUpnYqgckj', v='null'}}
I/SDY     ( 6906): [Add_Msg_Q]: M{Id=21, Ty=Query, sId='5554', rId='5560', data=Row{ver=1, k='vu3465CdEYsQ3oFBtLrBtJUUpnYqgckj', v='null'}}
I/SDY     ( 6906): [Add_Msg_Q]: M{Id=21, Ty=Query, sId='5554', rId='5562', data=Row{ver=1, k='vu3465CdEYsQ3oFBtLrBtJUUpnYqgckj', v='null'}}
I/SDY     ( 6906): [MSend]: M{Id=21, Ty=Query, sId='5554', rId='5558', data=Row{ver=1, k='vu3465CdEYsQ3oFBtLrBtJUUpnYqgckj', v='null'}}
I/SDY     ( 6906): [MSend]: port: 11116 msg: M{Id=21, Ty=Query, sId='5554', rId='5558', data=Row{ver=1, k='vu3465CdEYsQ3oFBtLrBtJUUpnYqgckj', v='null'}}
I/SDY     ( 6906): [MSend]: M{Id=21, Ty=Query, sId='5554', rId='5562', data=Row{ver=1, k='vu3465CdEYsQ3oFBtLrBtJUUpnYqgckj', v='null'}}
I/SDY     ( 6906): [MSend]: port: 11124 msg: M{Id=21, Ty=Query, sId='5554', rId='5562', data=Row{ver=1, k='vu3465CdEYsQ3oFBtLrBtJUUpnYqgckj', v='null'}}
I/SDY     ( 6906): [SERVER]: M{Id=21, Ty=QueryResponse, sId='5554', rId='5554', data=Row{ver=1, k='vu3465CdEYsQ3oFBtLrBtJUUpnYqgckj', v='ex4qw6xLQ3MF1Vt56GkWQO9Mlwwscteo'}}
I/SDY     ( 6906): [HandleMessage]: M{Id=21, Ty=QueryResponse, sId='5554', rId='5554', data=Row{ver=1, k='vu3465CdEYsQ3oFBtLrBtJUUpnYqgckj', v='ex4qw6xLQ3MF1Vt56GkWQO9Mlwwscteo'}}
I/SDY     ( 6906): [Response]:H: M{Id=21, Ty=QueryResponse, sId='5554', rId='5554', data=Row{ver=1, k='vu3465CdEYsQ3oFBtLrBtJUUpnYqgckj', v='ex4qw6xLQ3MF1Vt56GkWQO9Mlwwscteo'}}
I/SDY     ( 6906): [MSend]: M{Id=21, Ty=Query, sId='5554', rId='5560', data=Row{ver=1, k='vu3465CdEYsQ3oFBtLrBtJUUpnYqgckj', v='null'}}
I/SDY     ( 6906): [MSend]: port: 11120 msg: M{Id=21, Ty=Query, sId='5554', rId='5560', data=Row{ver=1, k='vu3465CdEYsQ3oFBtLrBtJUUpnYqgckj', v='null'}}
I/SDY     ( 6906): [SERVER]: M{Id=21, Ty=QueryResponse, sId='5554', rId='5554', data=Row{ver=1, k='vu3465CdEYsQ3oFBtLrBtJUUpnYqgckj', v='ex4qw6xLQ3MF1Vt56GkWQO9Mlwwscteo'}}
I/SDY     ( 6906): [HandleMessage]: M{Id=21, Ty=QueryResponse, sId='5554', rId='5554', data=Row{ver=1, k='vu3465CdEYsQ3oFBtLrBtJUUpnYqgckj', v='ex4qw6xLQ3MF1Vt56GkWQO9Mlwwscteo'}}
I/SDY     ( 6906): [Response]:H: M{Id=21, Ty=QueryResponse, sId='5554', rId='5554', data=Row{ver=1, k='vu3465CdEYsQ3oFBtLrBtJUUpnYqgckj', v='ex4qw6xLQ3MF1Vt56GkWQO9Mlwwscteo'}}
I/SDY     ( 6906): [Query]:Done: vu3465CdEYsQ3oFBtLrBtJUUpnYqgckj,value: ex4qw6xLQ3MF1Vt56GkWQO9Mlwwscteo ,version: 1
I/SDY     ( 6906): [Query]:Done: vu3465CdEYsQ3oFBtLrBtJUUpnYqgckj ,cursor:  1
D/AndroidRuntime( 7169): Shutting down VM
D/dalvikvm( 7169): Debugger has detached; object registry had 1 entries
I/SDY     ( 6906): [SERVER]: M{Id=21, Ty=QueryResponse, sId='5554', rId='5554', data=Row{ver=1, k='vu3465CdEYsQ3oFBtLrBtJUUpnYqgckj', v='ex4qw6xLQ3MF1Vt56GkWQO9Mlwwscteo'}}
I/SDY     ( 6906): [HandleMessage]: M{Id=21, Ty=QueryResponse, sId='5554', rId='5554', data=Row{ver=1, k='vu3465CdEYsQ3oFBtLrBtJUUpnYqgckj', v='ex4qw6xLQ3MF1Vt56GkWQO9Mlwwscteo'}}
I/SDY     ( 6906): [Response]:H: M{Id=21, Ty=QueryResponse, sId='5554', rId='5554', data=Row{ver=1, k='vu3465CdEYsQ3oFBtLrBtJUUpnYqgckj', v='ex4qw6xLQ3MF1Vt56GkWQO9Mlwwscteo'}}
D/AndroidRuntime( 7180): 
D/AndroidRuntime( 7180): >>>>>> AndroidRuntime START com.android.internal.os.RuntimeInit <<<<<<
W/linker  ( 7180): libdvm.so has text relocations. This is wasting memory and is a security risk. Please fix.
D/AndroidRuntime( 7180): CheckJNI is ON
D/dalvikvm( 7180): Trying to load lib libjavacore.so 0x0
D/dalvikvm( 7180): Added shared lib libjavacore.so 0x0
D/dalvikvm( 7180): Trying to load lib libnativehelper.so 0x0
D/dalvikvm( 7180): Added shared lib libnativehelper.so 0x0
D/dalvikvm( 7180): No JNI_OnLoad found in libnativehelper.so 0x0, skipping init
D/dalvikvm( 7180): Note: class Landroid/app/ActivityManagerNative; has 179 unimplemented (abstract) methods
E/memtrack( 7180): Couldn't load memtrack module (No such file or directory)
E/android.os.Debug( 7180): failed to load memtrack module: -2
D/AndroidRuntime( 7180): Calling main entry com.android.commands.content.Content
I/SDY     ( 6906): [Query]: acVkBkbKacgR5stgeEtp0VltnkoICxP5
I/SDY     ( 6906): [Query]: acVkBkbKacgR5stgeEtp0VltnkoICxP5
I/SDY     ( 6906): [Query]: M{Id=22, Ty=Query, sId='5554', rId='null', data=Row{ver=1, k='acVkBkbKacgR5stgeEtp0VltnkoICxP5', v='null'}} ,nodes: [5562, 5556, 5554]
I/SDY     ( 6906): [Add_Msg_Q]: M{Id=22, Ty=Query, sId='5554', rId='5562', data=Row{ver=1, k='acVkBkbKacgR5stgeEtp0VltnkoICxP5', v='null'}}
I/SDY     ( 6906): [Add_Msg_Q]: M{Id=22, Ty=Query, sId='5554', rId='5556', data=Row{ver=1, k='acVkBkbKacgR5stgeEtp0VltnkoICxP5', v='null'}}
I/SDY     ( 6906): [Add_Msg_Q]: M{Id=22, Ty=Query, sId='5554', rId='5554', data=Row{ver=1, k='acVkBkbKacgR5stgeEtp0VltnkoICxP5', v='null'}}
I/SDY     ( 6906): [MSend]: M{Id=22, Ty=Query, sId='5554', rId='5562', data=Row{ver=1, k='acVkBkbKacgR5stgeEtp0VltnkoICxP5', v='null'}}
I/SDY     ( 6906): [MSend]: port: 11124 msg: M{Id=22, Ty=Query, sId='5554', rId='5562', data=Row{ver=1, k='acVkBkbKacgR5stgeEtp0VltnkoICxP5', v='null'}}
I/SDY     ( 6906): [MSend]: M{Id=22, Ty=Query, sId='5554', rId='5554', data=Row{ver=1, k='acVkBkbKacgR5stgeEtp0VltnkoICxP5', v='null'}}
I/SDY     ( 6906): [HandleMessage]: M{Id=22, Ty=Query, sId='5554', rId='5554', data=Row{ver=1, k='acVkBkbKacgR5stgeEtp0VltnkoICxP5', v='null'}}
I/SDY     ( 6906): [Query]:H: M{Id=22, Ty=Query, sId='5554', rId='5554', data=Row{ver=1, k='acVkBkbKacgR5stgeEtp0VltnkoICxP5', v='null'}}
I/SDY     ( 6906): [[Query]:Local: acVkBkbKacgR5stgeEtp0VltnkoICxP5 ,count: 1
I/SDY     ( 6906): [Query]:H:Done M{Id=22, Ty=QueryResponse, sId='5554', rId='5554', data=Row{ver=1, k='acVkBkbKacgR5stgeEtp0VltnkoICxP5', v='cfTldsXqUS6wNRfe0vbB5RO4fDcDv1ta'}}
I/SDY     ( 6906): [MSend]: M{Id=22, Ty=Query, sId='5554', rId='5556', data=Row{ver=1, k='acVkBkbKacgR5stgeEtp0VltnkoICxP5', v='null'}}
I/SDY     ( 6906): [MSend]: port: 11112 msg: M{Id=22, Ty=Query, sId='5554', rId='5556', data=Row{ver=1, k='acVkBkbKacgR5stgeEtp0VltnkoICxP5', v='null'}}
I/SDY     ( 6906): [MSend]: M{Id=22, Ty=QueryResponse, sId='5554', rId='5554', data=Row{ver=1, k='acVkBkbKacgR5stgeEtp0VltnkoICxP5', v='cfTldsXqUS6wNRfe0vbB5RO4fDcDv1ta'}}
I/SDY     ( 6906): [HandleMessage]: M{Id=22, Ty=QueryResponse, sId='5554', rId='5554', data=Row{ver=1, k='acVkBkbKacgR5stgeEtp0VltnkoICxP5', v='cfTldsXqUS6wNRfe0vbB5RO4fDcDv1ta'}}
I/SDY     ( 6906): [Response]:H: M{Id=22, Ty=QueryResponse, sId='5554', rId='5554', data=Row{ver=1, k='acVkBkbKacgR5stgeEtp0VltnkoICxP5', v='cfTldsXqUS6wNRfe0vbB5RO4fDcDv1ta'}}
I/SDY     ( 6906): [SERVER]: M{Id=22, Ty=QueryResponse, sId='5554', rId='5554', data=Row{ver=1, k='acVkBkbKacgR5stgeEtp0VltnkoICxP5', v='cfTldsXqUS6wNRfe0vbB5RO4fDcDv1ta'}}
I/SDY     ( 6906): [HandleMessage]: M{Id=22, Ty=QueryResponse, sId='5554', rId='5554', data=Row{ver=1, k='acVkBkbKacgR5stgeEtp0VltnkoICxP5', v='cfTldsXqUS6wNRfe0vbB5RO4fDcDv1ta'}}
I/SDY     ( 6906): [Response]:H: M{Id=22, Ty=QueryResponse, sId='5554', rId='5554', data=Row{ver=1, k='acVkBkbKacgR5stgeEtp0VltnkoICxP5', v='cfTldsXqUS6wNRfe0vbB5RO4fDcDv1ta'}}
I/SDY     ( 6906): [Query]:Done: acVkBkbKacgR5stgeEtp0VltnkoICxP5,value: cfTldsXqUS6wNRfe0vbB5RO4fDcDv1ta ,version: 1
I/SDY     ( 6906): [Query]:Done: acVkBkbKacgR5stgeEtp0VltnkoICxP5 ,cursor:  1
D/AndroidRuntime( 7180): Shutting down VM
D/jdwp    ( 7180): Got wake-up signal, bailing out of select
D/dalvikvm( 7180): Debugger has detached; object registry had 1 entries
I/SDY     ( 6906): [SERVER]: M{Id=22, Ty=QueryResponse, sId='5554', rId='5554', data=Row{ver=1, k='acVkBkbKacgR5stgeEtp0VltnkoICxP5', v='cfTldsXqUS6wNRfe0vbB5RO4fDcDv1ta'}}
I/SDY     ( 6906): [HandleMessage]: M{Id=22, Ty=QueryResponse, sId='5554', rId='5554', data=Row{ver=1, k='acVkBkbKacgR5stgeEtp0VltnkoICxP5', v='cfTldsXqUS6wNRfe0vbB5RO4fDcDv1ta'}}
I/SDY     ( 6906): [Response]:H: M{Id=22, Ty=QueryResponse, sId='5554', rId='5554', data=Row{ver=1, k='acVkBkbKacgR5stgeEtp0VltnkoICxP5', v='cfTldsXqUS6wNRfe0vbB5RO4fDcDv1ta'}}
D/AndroidRuntime( 7191): 
D/AndroidRuntime( 7191): >>>>>> AndroidRuntime START com.android.internal.os.RuntimeInit <<<<<<
W/linker  ( 7191): libdvm.so has text relocations. This is wasting memory and is a security risk. Please fix.
D/AndroidRuntime( 7191): CheckJNI is ON
D/dalvikvm( 7191): Trying to load lib libjavacore.so 0x0
D/dalvikvm( 7191): Added shared lib libjavacore.so 0x0
D/dalvikvm( 7191): Trying to load lib libnativehelper.so 0x0
D/dalvikvm( 7191): Added shared lib libnativehelper.so 0x0
D/dalvikvm( 7191): No JNI_OnLoad found in libnativehelper.so 0x0, skipping init
D/dalvikvm( 7191): Note: class Landroid/app/ActivityManagerNative; has 179 unimplemented (abstract) methods
E/memtrack( 7191): Couldn't load memtrack module (No such file or directory)
E/android.os.Debug( 7191): failed to load memtrack module: -2
D/AndroidRuntime( 7191): Calling main entry com.android.commands.content.Content
I/SDY     ( 6906): [Query]: 8IOCbG81vwdOynYCIRIaPCdXUIYROTqw
I/SDY     ( 6906): [Query]: 8IOCbG81vwdOynYCIRIaPCdXUIYROTqw
I/SDY     ( 6906): [Query]: M{Id=23, Ty=Query, sId='5554', rId='null', data=Row{ver=1, k='8IOCbG81vwdOynYCIRIaPCdXUIYROTqw', v='null'}} ,nodes: [5562, 5556, 5554]
I/SDY     ( 6906): [Add_Msg_Q]: M{Id=23, Ty=Query, sId='5554', rId='5562', data=Row{ver=1, k='8IOCbG81vwdOynYCIRIaPCdXUIYROTqw', v='null'}}
I/SDY     ( 6906): [Add_Msg_Q]: M{Id=23, Ty=Query, sId='5554', rId='5556', data=Row{ver=1, k='8IOCbG81vwdOynYCIRIaPCdXUIYROTqw', v='null'}}
I/SDY     ( 6906): [Add_Msg_Q]: M{Id=23, Ty=Query, sId='5554', rId='5554', data=Row{ver=1, k='8IOCbG81vwdOynYCIRIaPCdXUIYROTqw', v='null'}}
I/SDY     ( 6906): [MSend]: M{Id=23, Ty=Query, sId='5554', rId='5562', data=Row{ver=1, k='8IOCbG81vwdOynYCIRIaPCdXUIYROTqw', v='null'}}
I/SDY     ( 6906): [MSend]: port: 11124 msg: M{Id=23, Ty=Query, sId='5554', rId='5562', data=Row{ver=1, k='8IOCbG81vwdOynYCIRIaPCdXUIYROTqw', v='null'}}
I/SDY     ( 6906): [MSend]: M{Id=23, Ty=Query, sId='5554', rId='5554', data=Row{ver=1, k='8IOCbG81vwdOynYCIRIaPCdXUIYROTqw', v='null'}}
I/SDY     ( 6906): [HandleMessage]: M{Id=23, Ty=Query, sId='5554', rId='5554', data=Row{ver=1, k='8IOCbG81vwdOynYCIRIaPCdXUIYROTqw', v='null'}}
I/SDY     ( 6906): [Query]:H: M{Id=23, Ty=Query, sId='5554', rId='5554', data=Row{ver=1, k='8IOCbG81vwdOynYCIRIaPCdXUIYROTqw', v='null'}}
I/SDY     ( 6906): [[Query]:Local: 8IOCbG81vwdOynYCIRIaPCdXUIYROTqw ,count: 1
I/SDY     ( 6906): [Query]:H:Done M{Id=23, Ty=QueryResponse, sId='5554', rId='5554', data=Row{ver=1, k='8IOCbG81vwdOynYCIRIaPCdXUIYROTqw', v='hYqrzl6XKikXpU16yVqJ6J0lvDkaatFq'}}
I/SDY     ( 6906): [MSend]: M{Id=23, Ty=Query, sId='5554', rId='5556', data=Row{ver=1, k='8IOCbG81vwdOynYCIRIaPCdXUIYROTqw', v='null'}}
I/SDY     ( 6906): [MSend]: port: 11112 msg: M{Id=23, Ty=Query, sId='5554', rId='5556', data=Row{ver=1, k='8IOCbG81vwdOynYCIRIaPCdXUIYROTqw', v='null'}}
I/SDY     ( 6906): [MSend]: M{Id=23, Ty=QueryResponse, sId='5554', rId='5554', data=Row{ver=1, k='8IOCbG81vwdOynYCIRIaPCdXUIYROTqw', v='hYqrzl6XKikXpU16yVqJ6J0lvDkaatFq'}}
I/SDY     ( 6906): [HandleMessage]: M{Id=23, Ty=QueryResponse, sId='5554', rId='5554', data=Row{ver=1, k='8IOCbG81vwdOynYCIRIaPCdXUIYROTqw', v='hYqrzl6XKikXpU16yVqJ6J0lvDkaatFq'}}
I/SDY     ( 6906): [Response]:H: M{Id=23, Ty=QueryResponse, sId='5554', rId='5554', data=Row{ver=1, k='8IOCbG81vwdOynYCIRIaPCdXUIYROTqw', v='hYqrzl6XKikXpU16yVqJ6J0lvDkaatFq'}}
I/SDY     ( 6906): [SERVER]: M{Id=23, Ty=QueryResponse, sId='5554', rId='5554', data=Row{ver=1, k='8IOCbG81vwdOynYCIRIaPCdXUIYROTqw', v='hYqrzl6XKikXpU16yVqJ6J0lvDkaatFq'}}
I/SDY     ( 6906): [HandleMessage]: M{Id=23, Ty=QueryResponse, sId='5554', rId='5554', data=Row{ver=1, k='8IOCbG81vwdOynYCIRIaPCdXUIYROTqw', v='hYqrzl6XKikXpU16yVqJ6J0lvDkaatFq'}}
I/SDY     ( 6906): [Response]:H: M{Id=23, Ty=QueryResponse, sId='5554', rId='5554', data=Row{ver=1, k='8IOCbG81vwdOynYCIRIaPCdXUIYROTqw', v='hYqrzl6XKikXpU16yVqJ6J0lvDkaatFq'}}
I/SDY     ( 6906): [Query]:Done: 8IOCbG81vwdOynYCIRIaPCdXUIYROTqw,value: hYqrzl6XKikXpU16yVqJ6J0lvDkaatFq ,version: 1
I/SDY     ( 6906): [Query]:Done: 8IOCbG81vwdOynYCIRIaPCdXUIYROTqw ,cursor:  1
D/AndroidRuntime( 7191): Shutting down VM
D/dalvikvm( 7191): Debugger has detached; object registry had 1 entries
I/SDY     ( 6906): [SERVER]: M{Id=23, Ty=QueryResponse, sId='5554', rId='5554', data=Row{ver=1, k='8IOCbG81vwdOynYCIRIaPCdXUIYROTqw', v='hYqrzl6XKikXpU16yVqJ6J0lvDkaatFq'}}
I/SDY     ( 6906): [HandleMessage]: M{Id=23, Ty=QueryResponse, sId='5554', rId='5554', data=Row{ver=1, k='8IOCbG81vwdOynYCIRIaPCdXUIYROTqw', v='hYqrzl6XKikXpU16yVqJ6J0lvDkaatFq'}}
I/SDY     ( 6906): [Response]:H: M{Id=23, Ty=QueryResponse, sId='5554', rId='5554', data=Row{ver=1, k='8IOCbG81vwdOynYCIRIaPCdXUIYROTqw', v='hYqrzl6XKikXpU16yVqJ6J0lvDkaatFq'}}
D/AndroidRuntime( 7202): 
D/AndroidRuntime( 7202): >>>>>> AndroidRuntime START com.android.internal.os.RuntimeInit <<<<<<
W/linker  ( 7202): libdvm.so has text relocations. This is wasting memory and is a security risk. Please fix.
D/AndroidRuntime( 7202): CheckJNI is ON
D/dalvikvm( 7202): Trying to load lib libjavacore.so 0x0
D/dalvikvm( 7202): Added shared lib libjavacore.so 0x0
D/dalvikvm( 7202): Trying to load lib libnativehelper.so 0x0
D/dalvikvm( 7202): Added shared lib libnativehelper.so 0x0
D/dalvikvm( 7202): No JNI_OnLoad found in libnativehelper.so 0x0, skipping init
D/dalvikvm( 7202): Note: class Landroid/app/ActivityManagerNative; has 179 unimplemented (abstract) methods
E/memtrack( 7202): Couldn't load memtrack module (No such file or directory)
E/android.os.Debug( 7202): failed to load memtrack module: -2
D/AndroidRuntime( 7202): Calling main entry com.android.commands.content.Content
I/SDY     ( 6906): [Query]: 0wj2DNmHADJLvUDoNVt1NHrqKutCfgYI
I/SDY     ( 6906): [Query]: 0wj2DNmHADJLvUDoNVt1NHrqKutCfgYI
I/SDY     ( 6906): [Query]: M{Id=24, Ty=Query, sId='5554', rId='null', data=Row{ver=1, k='0wj2DNmHADJLvUDoNVt1NHrqKutCfgYI', v='null'}} ,nodes: [5558, 5560, 5562]
I/SDY     ( 6906): [Add_Msg_Q]: M{Id=24, Ty=Query, sId='5554', rId='5558', data=Row{ver=1, k='0wj2DNmHADJLvUDoNVt1NHrqKutCfgYI', v='null'}}
I/SDY     ( 6906): [Add_Msg_Q]: M{Id=24, Ty=Query, sId='5554', rId='5560', data=Row{ver=1, k='0wj2DNmHADJLvUDoNVt1NHrqKutCfgYI', v='null'}}
I/SDY     ( 6906): [Add_Msg_Q]: M{Id=24, Ty=Query, sId='5554', rId='5562', data=Row{ver=1, k='0wj2DNmHADJLvUDoNVt1NHrqKutCfgYI', v='null'}}
I/SDY     ( 6906): [MSend]: M{Id=24, Ty=Query, sId='5554', rId='5558', data=Row{ver=1, k='0wj2DNmHADJLvUDoNVt1NHrqKutCfgYI', v='null'}}
I/SDY     ( 6906): [MSend]: port: 11116 msg: M{Id=24, Ty=Query, sId='5554', rId='5558', data=Row{ver=1, k='0wj2DNmHADJLvUDoNVt1NHrqKutCfgYI', v='null'}}
I/SDY     ( 6906): [MSend]: M{Id=24, Ty=Query, sId='5554', rId='5562', data=Row{ver=1, k='0wj2DNmHADJLvUDoNVt1NHrqKutCfgYI', v='null'}}
I/SDY     ( 6906): [MSend]: port: 11124 msg: M{Id=24, Ty=Query, sId='5554', rId='5562', data=Row{ver=1, k='0wj2DNmHADJLvUDoNVt1NHrqKutCfgYI', v='null'}}
I/SDY     ( 6906): [MSend]: M{Id=24, Ty=Query, sId='5554', rId='5560', data=Row{ver=1, k='0wj2DNmHADJLvUDoNVt1NHrqKutCfgYI', v='null'}}
I/SDY     ( 6906): [MSend]: port: 11120 msg: M{Id=24, Ty=Query, sId='5554', rId='5560', data=Row{ver=1, k='0wj2DNmHADJLvUDoNVt1NHrqKutCfgYI', v='null'}}
I/SDY     ( 6906): [SERVER]: M{Id=24, Ty=QueryResponse, sId='5554', rId='5554', data=Row{ver=1, k='0wj2DNmHADJLvUDoNVt1NHrqKutCfgYI', v='cEQHE2HAry6pwxiga1KrH3v7fS5l2cId'}}
I/SDY     ( 6906): [HandleMessage]: M{Id=24, Ty=QueryResponse, sId='5554', rId='5554', data=Row{ver=1, k='0wj2DNmHADJLvUDoNVt1NHrqKutCfgYI', v='cEQHE2HAry6pwxiga1KrH3v7fS5l2cId'}}
I/SDY     ( 6906): [Response]:H: M{Id=24, Ty=QueryResponse, sId='5554', rId='5554', data=Row{ver=1, k='0wj2DNmHADJLvUDoNVt1NHrqKutCfgYI', v='cEQHE2HAry6pwxiga1KrH3v7fS5l2cId'}}
I/SDY     ( 6906): [SERVER]: M{Id=24, Ty=QueryResponse, sId='5554', rId='5554', data=Row{ver=1, k='0wj2DNmHADJLvUDoNVt1NHrqKutCfgYI', v='cEQHE2HAry6pwxiga1KrH3v7fS5l2cId'}}
I/SDY     ( 6906): [SERVER]: M{Id=24, Ty=QueryResponse, sId='5554', rId='5554', data=Row{ver=1, k='0wj2DNmHADJLvUDoNVt1NHrqKutCfgYI', v='cEQHE2HAry6pwxiga1KrH3v7fS5l2cId'}}
I/SDY     ( 6906): [HandleMessage]: M{Id=24, Ty=QueryResponse, sId='5554', rId='5554', data=Row{ver=1, k='0wj2DNmHADJLvUDoNVt1NHrqKutCfgYI', v='cEQHE2HAry6pwxiga1KrH3v7fS5l2cId'}}
I/SDY     ( 6906): [Response]:H: M{Id=24, Ty=QueryResponse, sId='5554', rId='5554', data=Row{ver=1, k='0wj2DNmHADJLvUDoNVt1NHrqKutCfgYI', v='cEQHE2HAry6pwxiga1KrH3v7fS5l2cId'}}
I/SDY     ( 6906): [HandleMessage]: M{Id=24, Ty=QueryResponse, sId='5554', rId='5554', data=Row{ver=1, k='0wj2DNmHADJLvUDoNVt1NHrqKutCfgYI', v='cEQHE2HAry6pwxiga1KrH3v7fS5l2cId'}}
I/SDY     ( 6906): [Response]:H: M{Id=24, Ty=QueryResponse, sId='5554', rId='5554', data=Row{ver=1, k='0wj2DNmHADJLvUDoNVt1NHrqKutCfgYI', v='cEQHE2HAry6pwxiga1KrH3v7fS5l2cId'}}
I/SDY     ( 6906): [Query]:Done: 0wj2DNmHADJLvUDoNVt1NHrqKutCfgYI,value: cEQHE2HAry6pwxiga1KrH3v7fS5l2cId ,version: 1
I/SDY     ( 6906): [Query]:Done: 0wj2DNmHADJLvUDoNVt1NHrqKutCfgYI ,cursor:  1
D/dalvikvm( 6906): GC_FOR_ALLOC freed 508K, 17% free 2883K/3464K, paused 18ms, total 18ms
D/AndroidRuntime( 7202): Shutting down VM
D/dalvikvm( 7202): Debugger has detached; object registry had 1 entries
D/AndroidRuntime( 7213): 
D/AndroidRuntime( 7213): >>>>>> AndroidRuntime START com.android.internal.os.RuntimeInit <<<<<<
W/linker  ( 7213): libdvm.so has text relocations. This is wasting memory and is a security risk. Please fix.
D/AndroidRuntime( 7213): CheckJNI is ON
D/dalvikvm( 7213): Trying to load lib libjavacore.so 0x0
D/dalvikvm( 7213): Added shared lib libjavacore.so 0x0
D/dalvikvm( 7213): Trying to load lib libnativehelper.so 0x0
D/dalvikvm( 7213): Added shared lib libnativehelper.so 0x0
D/dalvikvm( 7213): No JNI_OnLoad found in libnativehelper.so 0x0, skipping init
D/dalvikvm( 7213): Note: class Landroid/app/ActivityManagerNative; has 179 unimplemented (abstract) methods
E/memtrack( 7213): Couldn't load memtrack module (No such file or directory)
E/android.os.Debug( 7213): failed to load memtrack module: -2
D/AndroidRuntime( 7213): Calling main entry com.android.commands.content.Content
I/SDY     ( 6906): [Query]: vpEP9sWIB1Lk2hlfoeXCTxGXojqMvg9p
I/SDY     ( 6906): [Query]: vpEP9sWIB1Lk2hlfoeXCTxGXojqMvg9p
I/SDY     ( 6906): [Query]: M{Id=25, Ty=Query, sId='5554', rId='null', data=Row{ver=1, k='vpEP9sWIB1Lk2hlfoeXCTxGXojqMvg9p', v='null'}} ,nodes: [5562, 5556, 5554]
I/SDY     ( 6906): [Add_Msg_Q]: M{Id=25, Ty=Query, sId='5554', rId='5562', data=Row{ver=1, k='vpEP9sWIB1Lk2hlfoeXCTxGXojqMvg9p', v='null'}}
I/SDY     ( 6906): [Add_Msg_Q]: M{Id=25, Ty=Query, sId='5554', rId='5556', data=Row{ver=1, k='vpEP9sWIB1Lk2hlfoeXCTxGXojqMvg9p', v='null'}}
I/SDY     ( 6906): [Add_Msg_Q]: M{Id=25, Ty=Query, sId='5554', rId='5554', data=Row{ver=1, k='vpEP9sWIB1Lk2hlfoeXCTxGXojqMvg9p', v='null'}}
I/SDY     ( 6906): [MSend]: M{Id=25, Ty=Query, sId='5554', rId='5562', data=Row{ver=1, k='vpEP9sWIB1Lk2hlfoeXCTxGXojqMvg9p', v='null'}}
I/SDY     ( 6906): [MSend]: port: 11124 msg: M{Id=25, Ty=Query, sId='5554', rId='5562', data=Row{ver=1, k='vpEP9sWIB1Lk2hlfoeXCTxGXojqMvg9p', v='null'}}
I/SDY     ( 6906): [MSend]: M{Id=25, Ty=Query, sId='5554', rId='5554', data=Row{ver=1, k='vpEP9sWIB1Lk2hlfoeXCTxGXojqMvg9p', v='null'}}
I/SDY     ( 6906): [HandleMessage]: M{Id=25, Ty=Query, sId='5554', rId='5554', data=Row{ver=1, k='vpEP9sWIB1Lk2hlfoeXCTxGXojqMvg9p', v='null'}}
I/SDY     ( 6906): [Query]:H: M{Id=25, Ty=Query, sId='5554', rId='5554', data=Row{ver=1, k='vpEP9sWIB1Lk2hlfoeXCTxGXojqMvg9p', v='null'}}
I/SDY     ( 6906): [[Query]:Local: vpEP9sWIB1Lk2hlfoeXCTxGXojqMvg9p ,count: 1
I/SDY     ( 6906): [Query]:H:Done M{Id=25, Ty=QueryResponse, sId='5554', rId='5554', data=Row{ver=1, k='vpEP9sWIB1Lk2hlfoeXCTxGXojqMvg9p', v='x42fKbKobohRVlXYbPvOraKBogLaDi2U'}}
I/SDY     ( 6906): [MSend]: M{Id=25, Ty=Query, sId='5554', rId='5556', data=Row{ver=1, k='vpEP9sWIB1Lk2hlfoeXCTxGXojqMvg9p', v='null'}}
I/SDY     ( 6906): [MSend]: port: 11112 msg: M{Id=25, Ty=Query, sId='5554', rId='5556', data=Row{ver=1, k='vpEP9sWIB1Lk2hlfoeXCTxGXojqMvg9p', v='null'}}
I/SDY     ( 6906): [MSend]: M{Id=25, Ty=QueryResponse, sId='5554', rId='5554', data=Row{ver=1, k='vpEP9sWIB1Lk2hlfoeXCTxGXojqMvg9p', v='x42fKbKobohRVlXYbPvOraKBogLaDi2U'}}
I/SDY     ( 6906): [HandleMessage]: M{Id=25, Ty=QueryResponse, sId='5554', rId='5554', data=Row{ver=1, k='vpEP9sWIB1Lk2hlfoeXCTxGXojqMvg9p', v='x42fKbKobohRVlXYbPvOraKBogLaDi2U'}}
I/SDY     ( 6906): [Response]:H: M{Id=25, Ty=QueryResponse, sId='5554', rId='5554', data=Row{ver=1, k='vpEP9sWIB1Lk2hlfoeXCTxGXojqMvg9p', v='x42fKbKobohRVlXYbPvOraKBogLaDi2U'}}
I/SDY     ( 6906): [SERVER]: M{Id=25, Ty=QueryResponse, sId='5554', rId='5554', data=Row{ver=1, k='vpEP9sWIB1Lk2hlfoeXCTxGXojqMvg9p', v='x42fKbKobohRVlXYbPvOraKBogLaDi2U'}}
I/SDY     ( 6906): [HandleMessage]: M{Id=25, Ty=QueryResponse, sId='5554', rId='5554', data=Row{ver=1, k='vpEP9sWIB1Lk2hlfoeXCTxGXojqMvg9p', v='x42fKbKobohRVlXYbPvOraKBogLaDi2U'}}
I/SDY     ( 6906): [Response]:H: M{Id=25, Ty=QueryResponse, sId='5554', rId='5554', data=Row{ver=1, k='vpEP9sWIB1Lk2hlfoeXCTxGXojqMvg9p', v='x42fKbKobohRVlXYbPvOraKBogLaDi2U'}}
I/SDY     ( 6906): [Query]:Done: vpEP9sWIB1Lk2hlfoeXCTxGXojqMvg9p,value: x42fKbKobohRVlXYbPvOraKBogLaDi2U ,version: 1
I/SDY     ( 6906): [Query]:Done: vpEP9sWIB1Lk2hlfoeXCTxGXojqMvg9p ,cursor:  1
D/AndroidRuntime( 7213): Shutting down VM
D/dalvikvm( 7213): Debugger has detached; object registry had 1 entries
I/SDY     ( 6906): [SERVER]: M{Id=25, Ty=QueryResponse, sId='5554', rId='5554', data=Row{ver=1, k='vpEP9sWIB1Lk2hlfoeXCTxGXojqMvg9p', v='x42fKbKobohRVlXYbPvOraKBogLaDi2U'}}
I/SDY     ( 6906): [HandleMessage]: M{Id=25, Ty=QueryResponse, sId='5554', rId='5554', data=Row{ver=1, k='vpEP9sWIB1Lk2hlfoeXCTxGXojqMvg9p', v='x42fKbKobohRVlXYbPvOraKBogLaDi2U'}}
I/SDY     ( 6906): [Response]:H: M{Id=25, Ty=QueryResponse, sId='5554', rId='5554', data=Row{ver=1, k='vpEP9sWIB1Lk2hlfoeXCTxGXojqMvg9p', v='x42fKbKobohRVlXYbPvOraKBogLaDi2U'}}
D/AndroidRuntime( 7224): 
D/AndroidRuntime( 7224): >>>>>> AndroidRuntime START com.android.internal.os.RuntimeInit <<<<<<
W/linker  ( 7224): libdvm.so has text relocations. This is wasting memory and is a security risk. Please fix.
D/AndroidRuntime( 7224): CheckJNI is ON
D/dalvikvm( 7224): Trying to load lib libjavacore.so 0x0
D/dalvikvm( 7224): Added shared lib libjavacore.so 0x0
D/dalvikvm( 7224): Trying to load lib libnativehelper.so 0x0
D/dalvikvm( 7224): Added shared lib libnativehelper.so 0x0
D/dalvikvm( 7224): No JNI_OnLoad found in libnativehelper.so 0x0, skipping init
D/dalvikvm( 7224): Note: class Landroid/app/ActivityManagerNative; has 179 unimplemented (abstract) methods
E/memtrack( 7224): Couldn't load memtrack module (No such file or directory)
E/android.os.Debug( 7224): failed to load memtrack module: -2
D/AndroidRuntime( 7224): Calling main entry com.android.commands.content.Content
I/SDY     ( 6906): [Query]: N19BLc4OFevmU9kOZIpYgQC3sMC0krUz
I/SDY     ( 6906): [Query]: N19BLc4OFevmU9kOZIpYgQC3sMC0krUz
I/SDY     ( 6906): [Query]: M{Id=26, Ty=Query, sId='5554', rId='null', data=Row{ver=1, k='N19BLc4OFevmU9kOZIpYgQC3sMC0krUz', v='null'}} ,nodes: [5558, 5560, 5562]
I/SDY     ( 6906): [Add_Msg_Q]: M{Id=26, Ty=Query, sId='5554', rId='5558', data=Row{ver=1, k='N19BLc4OFevmU9kOZIpYgQC3sMC0krUz', v='null'}}
I/SDY     ( 6906): [Add_Msg_Q]: M{Id=26, Ty=Query, sId='5554', rId='5560', data=Row{ver=1, k='N19BLc4OFevmU9kOZIpYgQC3sMC0krUz', v='null'}}
I/SDY     ( 6906): [Add_Msg_Q]: M{Id=26, Ty=Query, sId='5554', rId='5562', data=Row{ver=1, k='N19BLc4OFevmU9kOZIpYgQC3sMC0krUz', v='null'}}
I/SDY     ( 6906): [MSend]: M{Id=26, Ty=Query, sId='5554', rId='5558', data=Row{ver=1, k='N19BLc4OFevmU9kOZIpYgQC3sMC0krUz', v='null'}}
I/SDY     ( 6906): [MSend]: port: 11116 msg: M{Id=26, Ty=Query, sId='5554', rId='5558', data=Row{ver=1, k='N19BLc4OFevmU9kOZIpYgQC3sMC0krUz', v='null'}}
I/SDY     ( 6906): [MSend]: M{Id=26, Ty=Query, sId='5554', rId='5562', data=Row{ver=1, k='N19BLc4OFevmU9kOZIpYgQC3sMC0krUz', v='null'}}
I/SDY     ( 6906): [MSend]: port: 11124 msg: M{Id=26, Ty=Query, sId='5554', rId='5562', data=Row{ver=1, k='N19BLc4OFevmU9kOZIpYgQC3sMC0krUz', v='null'}}
I/SDY     ( 6906): [MSend]: M{Id=26, Ty=Query, sId='5554', rId='5560', data=Row{ver=1, k='N19BLc4OFevmU9kOZIpYgQC3sMC0krUz', v='null'}}
I/SDY     ( 6906): [MSend]: port: 11120 msg: M{Id=26, Ty=Query, sId='5554', rId='5560', data=Row{ver=1, k='N19BLc4OFevmU9kOZIpYgQC3sMC0krUz', v='null'}}
I/SDY     ( 6906): [SERVER]: M{Id=26, Ty=QueryResponse, sId='5554', rId='5554', data=Row{ver=1, k='N19BLc4OFevmU9kOZIpYgQC3sMC0krUz', v='5TuIWyHOfHbfjjevxz2k3z1YN0R1K1l0'}}
I/SDY     ( 6906): [HandleMessage]: M{Id=26, Ty=QueryResponse, sId='5554', rId='5554', data=Row{ver=1, k='N19BLc4OFevmU9kOZIpYgQC3sMC0krUz', v='5TuIWyHOfHbfjjevxz2k3z1YN0R1K1l0'}}
I/SDY     ( 6906): [Response]:H: M{Id=26, Ty=QueryResponse, sId='5554', rId='5554', data=Row{ver=1, k='N19BLc4OFevmU9kOZIpYgQC3sMC0krUz', v='5TuIWyHOfHbfjjevxz2k3z1YN0R1K1l0'}}
I/SDY     ( 6906): [SERVER]: M{Id=26, Ty=QueryResponse, sId='5554', rId='5554', data=Row{ver=1, k='N19BLc4OFevmU9kOZIpYgQC3sMC0krUz', v='5TuIWyHOfHbfjjevxz2k3z1YN0R1K1l0'}}
I/SDY     ( 6906): [HandleMessage]: M{Id=26, Ty=QueryResponse, sId='5554', rId='5554', data=Row{ver=1, k='N19BLc4OFevmU9kOZIpYgQC3sMC0krUz', v='5TuIWyHOfHbfjjevxz2k3z1YN0R1K1l0'}}
I/SDY     ( 6906): [Response]:H: M{Id=26, Ty=QueryResponse, sId='5554', rId='5554', data=Row{ver=1, k='N19BLc4OFevmU9kOZIpYgQC3sMC0krUz', v='5TuIWyHOfHbfjjevxz2k3z1YN0R1K1l0'}}
I/SDY     ( 6906): [Query]:Done: N19BLc4OFevmU9kOZIpYgQC3sMC0krUz,value: 5TuIWyHOfHbfjjevxz2k3z1YN0R1K1l0 ,version: 1
I/SDY     ( 6906): [Query]:Done: N19BLc4OFevmU9kOZIpYgQC3sMC0krUz ,cursor:  1
I/SDY     ( 6906): [SERVER]: M{Id=26, Ty=QueryResponse, sId='5554', rId='5554', data=Row{ver=1, k='N19BLc4OFevmU9kOZIpYgQC3sMC0krUz', v='5TuIWyHOfHbfjjevxz2k3z1YN0R1K1l0'}}
I/SDY     ( 6906): [HandleMessage]: M{Id=26, Ty=QueryResponse, sId='5554', rId='5554', data=Row{ver=1, k='N19BLc4OFevmU9kOZIpYgQC3sMC0krUz', v='5TuIWyHOfHbfjjevxz2k3z1YN0R1K1l0'}}
I/SDY     ( 6906): [Response]:H: M{Id=26, Ty=QueryResponse, sId='5554', rId='5554', data=Row{ver=1, k='N19BLc4OFevmU9kOZIpYgQC3sMC0krUz', v='5TuIWyHOfHbfjjevxz2k3z1YN0R1K1l0'}}
D/AndroidRuntime( 7224): Shutting down VM
D/dalvikvm( 7224): Debugger has detached; object registry had 1 entries
D/AndroidRuntime( 7235): 
D/AndroidRuntime( 7235): >>>>>> AndroidRuntime START com.android.internal.os.RuntimeInit <<<<<<
W/linker  ( 7235): libdvm.so has text relocations. This is wasting memory and is a security risk. Please fix.
D/AndroidRuntime( 7235): CheckJNI is ON
D/dalvikvm( 7235): Trying to load lib libjavacore.so 0x0
D/dalvikvm( 7235): Added shared lib libjavacore.so 0x0
D/dalvikvm( 7235): Trying to load lib libnativehelper.so 0x0
D/dalvikvm( 7235): Added shared lib libnativehelper.so 0x0
D/dalvikvm( 7235): No JNI_OnLoad found in libnativehelper.so 0x0, skipping init
D/dalvikvm( 7235): Note: class Landroid/app/ActivityManagerNative; has 179 unimplemented (abstract) methods
E/memtrack( 7235): Couldn't load memtrack module (No such file or directory)
E/android.os.Debug( 7235): failed to load memtrack module: -2
D/AndroidRuntime( 7235): Calling main entry com.android.commands.content.Content
I/SDY     ( 6906): [Query]: rvmDJ1aXQN0SXCz0GMXjC9WTtiV1r0HC
I/SDY     ( 6906): [Query]: rvmDJ1aXQN0SXCz0GMXjC9WTtiV1r0HC
I/SDY     ( 6906): [Query]: M{Id=27, Ty=Query, sId='5554', rId='null', data=Row{ver=1, k='rvmDJ1aXQN0SXCz0GMXjC9WTtiV1r0HC', v='null'}} ,nodes: [5560, 5562, 5556]
I/SDY     ( 6906): [Add_Msg_Q]: M{Id=27, Ty=Query, sId='5554', rId='5560', data=Row{ver=1, k='rvmDJ1aXQN0SXCz0GMXjC9WTtiV1r0HC', v='null'}}
I/SDY     ( 6906): [Add_Msg_Q]: M{Id=27, Ty=Query, sId='5554', rId='5562', data=Row{ver=1, k='rvmDJ1aXQN0SXCz0GMXjC9WTtiV1r0HC', v='null'}}
I/SDY     ( 6906): [Add_Msg_Q]: M{Id=27, Ty=Query, sId='5554', rId='5556', data=Row{ver=1, k='rvmDJ1aXQN0SXCz0GMXjC9WTtiV1r0HC', v='null'}}
I/SDY     ( 6906): [MSend]: M{Id=27, Ty=Query, sId='5554', rId='5560', data=Row{ver=1, k='rvmDJ1aXQN0SXCz0GMXjC9WTtiV1r0HC', v='null'}}
I/SDY     ( 6906): [MSend]: port: 11120 msg: M{Id=27, Ty=Query, sId='5554', rId='5560', data=Row{ver=1, k='rvmDJ1aXQN0SXCz0GMXjC9WTtiV1r0HC', v='null'}}
I/SDY     ( 6906): [MSend]: M{Id=27, Ty=Query, sId='5554', rId='5556', data=Row{ver=1, k='rvmDJ1aXQN0SXCz0GMXjC9WTtiV1r0HC', v='null'}}
I/SDY     ( 6906): [MSend]: port: 11112 msg: M{Id=27, Ty=Query, sId='5554', rId='5556', data=Row{ver=1, k='rvmDJ1aXQN0SXCz0GMXjC9WTtiV1r0HC', v='null'}}
I/SDY     ( 6906): [SERVER]: M{Id=27, Ty=QueryResponse, sId='5554', rId='5554', data=Row{ver=1, k='rvmDJ1aXQN0SXCz0GMXjC9WTtiV1r0HC', v='ikONMPrjNmqAP0KJ5V8GHf03ufJSHzXw'}}
I/SDY     ( 6906): [HandleMessage]: M{Id=27, Ty=QueryResponse, sId='5554', rId='5554', data=Row{ver=1, k='rvmDJ1aXQN0SXCz0GMXjC9WTtiV1r0HC', v='ikONMPrjNmqAP0KJ5V8GHf03ufJSHzXw'}}
I/SDY     ( 6906): [Response]:H: M{Id=27, Ty=QueryResponse, sId='5554', rId='5554', data=Row{ver=1, k='rvmDJ1aXQN0SXCz0GMXjC9WTtiV1r0HC', v='ikONMPrjNmqAP0KJ5V8GHf03ufJSHzXw'}}
I/SDY     ( 6906): [MSend]: M{Id=27, Ty=Query, sId='5554', rId='5562', data=Row{ver=1, k='rvmDJ1aXQN0SXCz0GMXjC9WTtiV1r0HC', v='null'}}
I/SDY     ( 6906): [MSend]: port: 11124 msg: M{Id=27, Ty=Query, sId='5554', rId='5562', data=Row{ver=1, k='rvmDJ1aXQN0SXCz0GMXjC9WTtiV1r0HC', v='null'}}
I/SDY     ( 6906): [SERVER]: M{Id=27, Ty=QueryResponse, sId='5554', rId='5554', data=Row{ver=1, k='rvmDJ1aXQN0SXCz0GMXjC9WTtiV1r0HC', v='ikONMPrjNmqAP0KJ5V8GHf03ufJSHzXw'}}
I/SDY     ( 6906): [HandleMessage]: M{Id=27, Ty=QueryResponse, sId='5554', rId='5554', data=Row{ver=1, k='rvmDJ1aXQN0SXCz0GMXjC9WTtiV1r0HC', v='ikONMPrjNmqAP0KJ5V8GHf03ufJSHzXw'}}
I/SDY     ( 6906): [Response]:H: M{Id=27, Ty=QueryResponse, sId='5554', rId='5554', data=Row{ver=1, k='rvmDJ1aXQN0SXCz0GMXjC9WTtiV1r0HC', v='ikONMPrjNmqAP0KJ5V8GHf03ufJSHzXw'}}
