I/SDY     ( 6906): [[Query]:Local: uEoKsspaH2Md2TZv16tiDDBgP7lpKoVT ,count: 0
I/SDY     ( 6906): [Insert]:Local: value=8lmXb4TwlEYcAMvCZZmgU1TznYpStc3K node=5562 key=uEoKsspaH2Md2TZv16tiDDBgP7lpKoVT version=1 ,rowId: 6
I/SDY     ( 6906): [Insert]:H:Done: M{Id=3, Ty=InsertResponse, sId='5562', rId='5562', data=6}
I/SDY     ( 6906): [MSend]: M{Id=3, Ty=InsertResponse, sId='5562', rId='5562', data=6}
I/SDY     ( 6906): [MSend]: port: 11124 msg: M{Id=3, Ty=InsertResponse, sId='5562', rId='5562', data=6}
D/AndroidRuntime( 6980): 
D/AndroidRuntime( 6980): >>>>>> AndroidRuntime START com.android.internal.os.RuntimeInit <<<<<<
W/linker  ( 6980): libdvm.so has text relocations. This is wasting memory and is a security risk. Please fix.
D/AndroidRuntime( 6980): CheckJNI is ON
D/dalvikvm( 6980): Trying to load lib libjavacore.so 0x0
D/dalvikvm( 6980): Added shared lib libjavacore.so 0x0
D/dalvikvm( 6980): Trying to load lib libnativehelper.so 0x0
D/dalvikvm( 6980): Added shared lib libnativehelper.so 0x0
D/dalvikvm( 6980): No JNI_OnLoad found in libnativehelper.so 0x0, skipping init
D/dalvikvm( 6980): Note: class Landroid/app/ActivityManagerNative; has 179 unimplemented (abstract) methods
E/memtrack( 6980): Couldn't load memtrack module (No such file or directory)
E/android.os.Debug( 6980): failed to load memtrack module: -2
D/AndroidRuntime( 6980): Calling main entry com.android.commands.content.Content
I/SDY     ( 6906): [Query]: @
I/SDY     ( 6906): [Query]: @
I/SDY     ( 6906): [Query]:@:Done: 6
I/SDY     ( 6906): [Query]:@:Row:0:key:YwiZb6tdofYVf32IvK9KXC7NY8NbOlUk ,value: AMSMIJ4AA8NvoZHaGqBuxJizU3rQeoYa
I/SDY     ( 6906): [Query]:@:Row:1:key:8IOCbG81vwdOynYCIRIaPCdXUIYROTqw ,value: hYqrzl6XKikXpU16yVqJ6J0lvDkaatFq
I/SDY     ( 6906): [Query]:@:Row:2:key:acVkBkbKacgR5stgeEtp0VltnkoICxP5 ,value: cfTldsXqUS6wNRfe0vbB5RO4fDcDv1ta
I/SDY     ( 6906): [Query]:@:Row:3:key:vpEP9sWIB1Lk2hlfoeXCTxGXojqMvg9p ,value: x42fKbKobohRVlXYbPvOraKBogLaDi2U
I/SDY     ( 6906): [Query]:@:Row:4:key:fj9dIo10Y6COCnzHLmD6HFSb5d9S3tgD ,value: R3nvZFndEh1akmEZydcna4kGOQtmODqm
I/SDY     ( 6906): [Query]:@:Row:5:key:uEoKsspaH2Md2TZv16tiDDBgP7lpKoVT ,value: 8lmXb4TwlEYcAMvCZZmgU1TznYpStc3K
I/SDY     ( 6906): [Query]:Done: @ ,cursor:  6
D/AndroidRuntime( 6980): Shutting down VM
D/dalvikvm( 6980): Debugger has detached; object registry had 1 entries
D/AndroidRuntime( 6992): 
D/AndroidRuntime( 6992): >>>>>> AndroidRuntime START com.android.internal.os.RuntimeInit <<<<<<
W/linker  ( 6992): libdvm.so has text relocations. This is wasting memory and is a security risk. Please fix.
D/AndroidRuntime( 6992): CheckJNI is ON
D/dalvikvm( 6992): Trying to load lib libjavacore.so 0x0
D/dalvikvm( 6992): Added shared lib libjavacore.so 0x0
D/dalvikvm( 6992): Trying to load lib libnativehelper.so 0x0
D/dalvikvm( 6992): Added shared lib libnativehelper.so 0x0
D/dalvikvm( 6992): No JNI_OnLoad found in libnativehelper.so 0x0, skipping init
D/dalvikvm( 6992): Note: class Landroid/app/ActivityManagerNative; has 179 unimplemented (abstract) methods
E/memtrack( 6992): Couldn't load memtrack module (No such file or directory)
E/android.os.Debug( 6992): failed to load memtrack module: -2
D/AndroidRuntime( 6992): Calling main entry com.android.commands.content.Content
I/SDY     ( 6906): [Query]: @
I/SDY     ( 6906): [Query]: @
I/SDY     ( 6906): [Query]:@:Done: 6
I/SDY     ( 6906): [Query]:@:Row:0:key:YwiZb6tdofYVf32IvK9KXC7NY8NbOlUk ,value: AMSMIJ4AA8NvoZHaGqBuxJizU3rQeoYa
I/SDY     ( 6906): [Query]:@:Row:1:key:8IOCbG81vwdOynYCIRIaPCdXUIYROTqw ,value: hYqrzl6XKikXpU16yVqJ6J0lvDkaatFq
I/SDY     ( 6906): [Query]:@:Row:2:key:acVkBkbKacgR5stgeEtp0VltnkoICxP5 ,value: cfTldsXqUS6wNRfe0vbB5RO4fDcDv1ta
I/SDY     ( 6906): [Query]:@:Row:3:key:vpEP9sWIB1Lk2hlfoeXCTxGXojqMvg9p ,value: x42fKbKobohRVlXYbPvOraKBogLaDi2U
I/SDY     ( 6906): [Query]:@:Row:4:key:fj9dIo10Y6COCnzHLmD6HFSb5d9S3tgD ,value: R3nvZFndEh1akmEZydcna4kGOQtmODqm
I/SDY     ( 6906): [Query]:@:Row:5:key:uEoKsspaH2Md2TZv16tiDDBgP7lpKoVT ,value: 8lmXb4TwlEYcAMvCZZmgU1TznYpStc3K
I/SDY     ( 6906): [Query]:Done: @ ,cursor:  6
D/AndroidRuntime( 6992): Shutting down VM
D/dalvikvm( 6992): Debugger has detached; object registry had 1 entries
D/AndroidRuntime( 7004): 
D/AndroidRuntime( 7004): >>>>>> AndroidRuntime START com.android.internal.os.RuntimeInit <<<<<<
W/linker  ( 7004): libdvm.so has text relocations. This is wasting memory and is a security risk. Please fix.
D/AndroidRuntime( 7004): CheckJNI is ON
D/dalvikvm( 7004): Trying to load lib libjavacore.so 0x0
D/dalvikvm( 7004): Added shared lib libjavacore.so 0x0
D/dalvikvm( 7004): Trying to load lib libnativehelper.so 0x0
D/dalvikvm( 7004): Added shared lib libnativehelper.so 0x0
D/dalvikvm( 7004): No JNI_OnLoad found in libnativehelper.so 0x0, skipping init
D/dalvikvm( 7004): Note: class Landroid/app/ActivityManagerNative; has 179 unimplemented (abstract) methods
E/memtrack( 7004): Couldn't load memtrack module (No such file or directory)
E/android.os.Debug( 7004): failed to load memtrack module: -2
D/AndroidRuntime( 7004): Calling main entry com.android.commands.content.Content
I/SDY     ( 6906): [Query]: @
I/SDY     ( 6906): [Query]: @
I/SDY     ( 6906): [Query]:@:Done: 6
I/SDY     ( 6906): [Query]:@:Row:0:key:YwiZb6tdofYVf32IvK9KXC7NY8NbOlUk ,value: AMSMIJ4AA8NvoZHaGqBuxJizU3rQeoYa
I/SDY     ( 6906): [Query]:@:Row:1:key:8IOCbG81vwdOynYCIRIaPCdXUIYROTqw ,value: hYqrzl6XKikXpU16yVqJ6J0lvDkaatFq
I/SDY     ( 6906): [Query]:@:Row:2:key:acVkBkbKacgR5stgeEtp0VltnkoICxP5 ,value: cfTldsXqUS6wNRfe0vbB5RO4fDcDv1ta
I/SDY     ( 6906): [Query]:@:Row:3:key:vpEP9sWIB1Lk2hlfoeXCTxGXojqMvg9p ,value: x42fKbKobohRVlXYbPvOraKBogLaDi2U
I/SDY     ( 6906): [Query]:@:Row:4:key:fj9dIo10Y6COCnzHLmD6HFSb5d9S3tgD ,value: R3nvZFndEh1akmEZydcna4kGOQtmODqm
I/SDY     ( 6906): [Query]:@:Row:5:key:uEoKsspaH2Md2TZv16tiDDBgP7lpKoVT ,value: 8lmXb4TwlEYcAMvCZZmgU1TznYpStc3K
I/SDY     ( 6906): [Query]:Done: @ ,cursor:  6
D/AndroidRuntime( 7004): Shutting down VM
D/dalvikvm( 7004): Debugger has detached; object registry had 1 entries
D/AndroidRuntime( 7014): 
D/AndroidRuntime( 7014): >>>>>> AndroidRuntime START com.android.internal.os.RuntimeInit <<<<<<
W/linker  ( 7014): libdvm.so has text relocations. This is wasting memory and is a security risk. Please fix.
D/AndroidRuntime( 7014): CheckJNI is ON
D/dalvikvm( 7014): Trying to load lib libjavacore.so 0x0
D/dalvikvm( 7014): Added shared lib libjavacore.so 0x0
D/dalvikvm( 7014): Trying to load lib libnativehelper.so 0x0
D/dalvikvm( 7014): Added shared lib libnativehelper.so 0x0
D/dalvikvm( 7014): No JNI_OnLoad found in libnativehelper.so 0x0, skipping init
D/dalvikvm( 7014): Note: class Landroid/app/ActivityManagerNative; has 179 unimplemented (abstract) methods
E/memtrack( 7014): Couldn't load memtrack module (No such file or directory)
E/android.os.Debug( 7014): failed to load memtrack module: -2
D/AndroidRuntime( 7014): Calling main entry com.android.commands.content.Content
I/SDY     ( 6906): [Query]: 1SQwmaz8gKBmw2DBdiTqDw5gn3zHtxm2
I/SDY     ( 6906): [Query]: 1SQwmaz8gKBmw2DBdiTqDw5gn3zHtxm2
I/SDY     ( 6906): [Query]: M{Id=7, Ty=Query, sId='5554', rId='null', data=Row{ver=1, k='1SQwmaz8gKBmw2DBdiTqDw5gn3zHtxm2', v='null'}} ,nodes: [5560, 5562, 5556]
I/SDY     ( 6906): [Add_Msg_Q]: M{Id=7, Ty=Query, sId='5554', rId='5560', data=Row{ver=1, k='1SQwmaz8gKBmw2DBdiTqDw5gn3zHtxm2', v='null'}}
I/SDY     ( 6906): [Add_Msg_Q]: M{Id=7, Ty=Query, sId='5554', rId='5562', data=Row{ver=1, k='1SQwmaz8gKBmw2DBdiTqDw5gn3zHtxm2', v='null'}}
I/SDY     ( 6906): [Add_Msg_Q]: M{Id=7, Ty=Query, sId='5554', rId='5556', data=Row{ver=1, k='1SQwmaz8gKBmw2DBdiTqDw5gn3zHtxm2', v='null'}}
I/SDY     ( 6906): [MSend]: M{Id=7, Ty=Query, sId='5554', rId='5560', data=Row{ver=1, k='1SQwmaz8gKBmw2DBdiTqDw5gn3zHtxm2', v='null'}}
I/SDY     ( 6906): [MSend]: port: 11120 msg: M{Id=7, Ty=Query, sId='5554', rId='5560', data=Row{ver=1, k='1SQwmaz8gKBmw2DBdiTqDw5gn3zHtxm2', v='null'}}
I/SDY     ( 6906): [MSend]: M{Id=7, Ty=Query, sId='5554', rId='5556', data=Row{ver=1, k='1SQwmaz8gKBmw2DBdiTqDw5gn3zHtxm2', v='null'}}
I/SDY     ( 6906): [MSend]: port: 11112 msg: M{Id=7, Ty=Query, sId='5554', rId='5556', data=Row{ver=1, k='1SQwmaz8gKBmw2DBdiTqDw5gn3zHtxm2', v='null'}}
I/SDY     ( 6906): [SERVER]: M{Id=7, Ty=QueryResponse, sId='5554', rId='5554', data=Row{ver=1, k='1SQwmaz8gKBmw2DBdiTqDw5gn3zHtxm2', v='4wVI6zuAllh2UmqEofuGoOfMmMqCS28C'}}
I/SDY     ( 6906): [HandleMessage]: M{Id=7, Ty=QueryResponse, sId='5554', rId='5554', data=Row{ver=1, k='1SQwmaz8gKBmw2DBdiTqDw5gn3zHtxm2', v='4wVI6zuAllh2UmqEofuGoOfMmMqCS28C'}}
I/SDY     ( 6906): [Response]:H: M{Id=7, Ty=QueryResponse, sId='5554', rId='5554', data=Row{ver=1, k='1SQwmaz8gKBmw2DBdiTqDw5gn3zHtxm2', v='4wVI6zuAllh2UmqEofuGoOfMmMqCS28C'}}
I/SDY     ( 6906): [MSend]: M{Id=7, Ty=Query, sId='5554', rId='5562', data=Row{ver=1, k='1SQwmaz8gKBmw2DBdiTqDw5gn3zHtxm2', v='null'}}
I/SDY     ( 6906): [MSend]: port: 11124 msg: M{Id=7, Ty=Query, sId='5554', rId='5562', data=Row{ver=1, k='1SQwmaz8gKBmw2DBdiTqDw5gn3zHtxm2', v='null'}}
I/SDY     ( 6906): [SERVER]: M{Id=7, Ty=QueryResponse, sId='5554', rId='5554', data=Row{ver=1, k='1SQwmaz8gKBmw2DBdiTqDw5gn3zHtxm2', v='4wVI6zuAllh2UmqEofuGoOfMmMqCS28C'}}
I/SDY     ( 6906): [HandleMessage]: M{Id=7, Ty=QueryResponse, sId='5554', rId='5554', data=Row{ver=1, k='1SQwmaz8gKBmw2DBdiTqDw5gn3zHtxm2', v='4wVI6zuAllh2UmqEofuGoOfMmMqCS28C'}}
I/SDY     ( 6906): [Response]:H: M{Id=7, Ty=QueryResponse, sId='5554', rId='5554', data=Row{ver=1, k='1SQwmaz8gKBmw2DBdiTqDw5gn3zHtxm2', v='4wVI6zuAllh2UmqEofuGoOfMmMqCS28C'}}
I/SDY     ( 6906): [Query]:Done: 1SQwmaz8gKBmw2DBdiTqDw5gn3zHtxm2,value: 4wVI6zuAllh2UmqEofuGoOfMmMqCS28C ,version: 1
I/SDY     ( 6906): [Query]:Done: 1SQwmaz8gKBmw2DBdiTqDw5gn3zHtxm2 ,cursor:  1
D/AndroidRuntime( 7014): Shutting down VM
D/dalvikvm( 7014): Debugger has detached; object registry had 1 entries
I/SDY     ( 6906): [SERVER]: M{Id=7, Ty=QueryResponse, sId='5554', rId='5554', data=Row{ver=1, k='1SQwmaz8gKBmw2DBdiTqDw5gn3zHtxm2', v='4wVI6zuAllh2UmqEofuGoOfMmMqCS28C'}}
I/SDY     ( 6906): [HandleMessage]: M{Id=7, Ty=QueryResponse, sId='5554', rId='5554', data=Row{ver=1, k='1SQwmaz8gKBmw2DBdiTqDw5gn3zHtxm2', v='4wVI6zuAllh2UmqEofuGoOfMmMqCS28C'}}
I/SDY     ( 6906): [Response]:H: M{Id=7, Ty=QueryResponse, sId='5554', rId='5554', data=Row{ver=1, k='1SQwmaz8gKBmw2DBdiTqDw5gn3zHtxm2', v='4wVI6zuAllh2UmqEofuGoOfMmMqCS28C'}}
D/AndroidRuntime( 7025): 
D/AndroidRuntime( 7025): >>>>>> AndroidRuntime START com.android.internal.os.RuntimeInit <<<<<<
W/linker  ( 7025): libdvm.so has text relocations. This is wasting memory and is a security risk. Please fix.
D/AndroidRuntime( 7025): CheckJNI is ON
D/dalvikvm( 7025): Trying to load lib libjavacore.so 0x0
D/dalvikvm( 7025): Added shared lib libjavacore.so 0x0
D/dalvikvm( 7025): Trying to load lib libnativehelper.so 0x0
D/dalvikvm( 7025): Added shared lib libnativehelper.so 0x0
D/dalvikvm( 7025): No JNI_OnLoad found in libnativehelper.so 0x0, skipping init
D/dalvikvm( 7025): Note: class Landroid/app/ActivityManagerNative; has 179 unimplemented (abstract) methods
E/memtrack( 7025): Couldn't load memtrack module (No such file or directory)
E/android.os.Debug( 7025): failed to load memtrack module: -2
D/AndroidRuntime( 7025): Calling main entry com.android.commands.content.Content
I/SDY     ( 6906): [Query]: N19n1moKk1yarj4VwVmouQjgrZGEpt65
I/SDY     ( 6906): [Query]: N19n1moKk1yarj4VwVmouQjgrZGEpt65
I/SDY     ( 6906): [Query]: M{Id=8, Ty=Query, sId='5554', rId='null', data=Row{ver=1, k='N19n1moKk1yarj4VwVmouQjgrZGEpt65', v='null'}} ,nodes: [5560, 5562, 5556]
I/SDY     ( 6906): [Add_Msg_Q]: M{Id=8, Ty=Query, sId='5554', rId='5560', data=Row{ver=1, k='N19n1moKk1yarj4VwVmouQjgrZGEpt65', v='null'}}
I/SDY     ( 6906): [Add_Msg_Q]: M{Id=8, Ty=Query, sId='5554', rId='5562', data=Row{ver=1, k='N19n1moKk1yarj4VwVmouQjgrZGEpt65', v='null'}}
I/SDY     ( 6906): [Add_Msg_Q]: M{Id=8, Ty=Query, sId='5554', rId='5556', data=Row{ver=1, k='N19n1moKk1yarj4VwVmouQjgrZGEpt65', v='null'}}
I/SDY     ( 6906): [MSend]: M{Id=8, Ty=Query, sId='5554', rId='5560', data=Row{ver=1, k='N19n1moKk1yarj4VwVmouQjgrZGEpt65', v='null'}}
I/SDY     ( 6906): [MSend]: port: 11120 msg: M{Id=8, Ty=Query, sId='5554', rId='5560', data=Row{ver=1, k='N19n1moKk1yarj4VwVmouQjgrZGEpt65', v='null'}}
I/SDY     ( 6906): [MSend]: M{Id=8, Ty=Query, sId='5554', rId='5556', data=Row{ver=1, k='N19n1moKk1yarj4VwVmouQjgrZGEpt65', v='null'}}
I/SDY     ( 6906): [MSend]: port: 11112 msg: M{Id=8, Ty=Query, sId='5554', rId='5556', data=Row{ver=1, k='N19n1moKk1yarj4VwVmouQjgrZGEpt65', v='null'}}
I/SDY     ( 6906): [MSend]: M{Id=8, Ty=Query, sId='5554', rId='5562', data=Row{ver=1, k='N19n1moKk1yarj4VwVmouQjgrZGEpt65', v='null'}}
I/SDY     ( 6906): [MSend]: port: 11124 msg: M{Id=8, Ty=Query, sId='5554', rId='5562', data=Row{ver=1, k='N19n1moKk1yarj4VwVmouQjgrZGEpt65', v='null'}}
I/SDY     ( 6906): [SERVER]: M{Id=8, Ty=QueryResponse, sId='5554', rId='5554', data=Row{ver=1, k='N19n1moKk1yarj4VwVmouQjgrZGEpt65', v='k4H4IPxqmQjXbU3asqsRPD6J9eJY4iTC'}}
I/SDY     ( 6906): [HandleMessage]: M{Id=8, Ty=QueryResponse, sId='5554', rId='5554', data=Row{ver=1, k='N19n1moKk1yarj4VwVmouQjgrZGEpt65', v='k4H4IPxqmQjXbU3asqsRPD6J9eJY4iTC'}}
I/SDY     ( 6906): [Response]:H: M{Id=8, Ty=QueryResponse, sId='5554', rId='5554', data=Row{ver=1, k='N19n1moKk1yarj4VwVmouQjgrZGEpt65', v='k4H4IPxqmQjXbU3asqsRPD6J9eJY4iTC'}}
I/SDY     ( 6906): [SERVER]: M{Id=8, Ty=QueryResponse, sId='5554', rId='5554', data=Row{ver=1, k='N19n1moKk1yarj4VwVmouQjgrZGEpt65', v='k4H4IPxqmQjXbU3asqsRPD6J9eJY4iTC'}}
I/SDY     ( 6906): [HandleMessage]: M{Id=8, Ty=QueryResponse, sId='5554', rId='5554', data=Row{ver=1, k='N19n1moKk1yarj4VwVmouQjgrZGEpt65', v='k4H4IPxqmQjXbU3asqsRPD6J9eJY4iTC'}}
I/SDY     ( 6906): [Response]:H: M{Id=8, Ty=QueryResponse, sId='5554', rId='5554', data=Row{ver=1, k='N19n1moKk1yarj4VwVmouQjgrZGEpt65', v='k4H4IPxqmQjXbU3asqsRPD6J9eJY4iTC'}}
I/SDY     ( 6906): [Query]:Done: N19n1moKk1yarj4VwVmouQjgrZGEpt65,value: k4H4IPxqmQjXbU3asqsRPD6J9eJY4iTC ,version: 1
I/SDY     ( 6906): [Query]:Done: N19n1moKk1yarj4VwVmouQjgrZGEpt65 ,cursor:  1
D/AndroidRuntime( 7025): Shutting down VM
D/jdwp    ( 7025): Got wake-up signal, bailing out of select
D/dalvikvm( 7025): Debugger has detached; object registry had 1 entries
D/dalvikvm( 6906): GC_FOR_ALLOC freed 508K, 17% free 2878K/3456K, paused 21ms, total 21ms
I/SDY     ( 6906): [SERVER]: M{Id=8, Ty=QueryResponse, sId='5554', rId='5554', data=Row{ver=1, k='N19n1moKk1yarj4VwVmouQjgrZGEpt65', v='k4H4IPxqmQjXbU3asqsRPD6J9eJY4iTC'}}
I/SDY     ( 6906): [HandleMessage]: M{Id=8, Ty=QueryResponse, sId='5554', rId='5554', data=Row{ver=1, k='N19n1moKk1yarj4VwVmouQjgrZGEpt65', v='k4H4IPxqmQjXbU3asqsRPD6J9eJY4iTC'}}
I/SDY     ( 6906): [Response]:H: M{Id=8, Ty=QueryResponse, sId='5554', rId='5554', data=Row{ver=1, k='N19n1moKk1yarj4VwVmouQjgrZGEpt65', v='k4H4IPxqmQjXbU3asqsRPD6J9eJY4iTC'}}
D/AndroidRuntime( 7037): 
D/AndroidRuntime( 7037): >>>>>> AndroidRuntime START com.android.internal.os.RuntimeInit <<<<<<
W/linker  ( 7037): libdvm.so has text relocations. This is wasting memory and is a security risk. Please fix.
D/AndroidRuntime( 7037): CheckJNI is ON
D/dalvikvm( 7037): Trying to load lib libjavacore.so 0x0
D/dalvikvm( 7037): Added shared lib libjavacore.so 0x0
D/dalvikvm( 7037): Trying to load lib libnativehelper.so 0x0
D/dalvikvm( 7037): Added shared lib libnativehelper.so 0x0
D/dalvikvm( 7037): No JNI_OnLoad found in libnativehelper.so 0x0, skipping init
D/dalvikvm( 7037): Note: class Landroid/app/ActivityManagerNative; has 179 unimplemented (abstract) methods
E/memtrack( 7037): Couldn't load memtrack module (No such file or directory)
E/android.os.Debug( 7037): failed to load memtrack module: -2
D/AndroidRuntime( 7037): Calling main entry com.android.commands.content.Content
I/SDY     ( 6906): [Query]: 9FWL5pMuB3XSCDQLuRdjf6Qm9ryj087J
I/SDY     ( 6906): [Query]: 9FWL5pMuB3XSCDQLuRdjf6Qm9ryj087J
I/SDY     ( 6906): [Query]: M{Id=9, Ty=Query, sId='5554', rId='null', data=Row{ver=1, k='9FWL5pMuB3XSCDQLuRdjf6Qm9ryj087J', v='null'}} ,nodes: [5558, 5560, 5562]
I/SDY     ( 6906): [Add_Msg_Q]: M{Id=9, Ty=Query, sId='5554', rId='5558', data=Row{ver=1, k='9FWL5pMuB3XSCDQLuRdjf6Qm9ryj087J', v='null'}}
I/SDY     ( 6906): [Add_Msg_Q]: M{Id=9, Ty=Query, sId='5554', rId='5560', data=Row{ver=1, k='9FWL5pMuB3XSCDQLuRdjf6Qm9ryj087J', v='null'}}
I/SDY     ( 6906): [Add_Msg_Q]: M{Id=9, Ty=Query, sId='5554', rId='5562', data=Row{ver=1, k='9FWL5pMuB3XSCDQLuRdjf6Qm9ryj087J', v='null'}}
I/SDY     ( 6906): [MSend]: M{Id=9, Ty=Query, sId='5554', rId='5558', data=Row{ver=1, k='9FWL5pMuB3XSCDQLuRdjf6Qm9ryj087J', v='null'}}
I/SDY     ( 6906): [MSend]: port: 11116 msg: M{Id=9, Ty=Query, sId='5554', rId='5558', data=Row{ver=1, k='9FWL5pMuB3XSCDQLuRdjf6Qm9ryj087J', v='null'}}
I/SDY     ( 6906): [MSend]: M{Id=9, Ty=Query, sId='5554', rId='5562', data=Row{ver=1, k='9FWL5pMuB3XSCDQLuRdjf6Qm9ryj087J', v='null'}}
I/SDY     ( 6906): [MSend]: port: 11124 msg: M{Id=9, Ty=Query, sId='5554', rId='5562', data=Row{ver=1, k='9FWL5pMuB3XSCDQLuRdjf6Qm9ryj087J', v='null'}}
I/SDY     ( 6906): [MSend]: M{Id=9, Ty=Query, sId='5554', rId='5560', data=Row{ver=1, k='9FWL5pMuB3XSCDQLuRdjf6Qm9ryj087J', v='null'}}
I/SDY     ( 6906): [SERVER]: M{Id=9, Ty=QueryResponse, sId='5554', rId='5554', data=Row{ver=1, k='9FWL5pMuB3XSCDQLuRdjf6Qm9ryj087J', v='G64vwzVGjXcVPh94J5OTKDp5YzQZP3V4'}}
I/SDY     ( 6906): [HandleMessage]: M{Id=9, Ty=QueryResponse, sId='5554', rId='5554', data=Row{ver=1, k='9FWL5pMuB3XSCDQLuRdjf6Qm9ryj087J', v='G64vwzVGjXcVPh94J5OTKDp5YzQZP3V4'}}
I/SDY     ( 6906): [Response]:H: M{Id=9, Ty=QueryResponse, sId='5554', rId='5554', data=Row{ver=1, k='9FWL5pMuB3XSCDQLuRdjf6Qm9ryj087J', v='G64vwzVGjXcVPh94J5OTKDp5YzQZP3V4'}}
I/SDY     ( 6906): [MSend]: port: 11120 msg: M{Id=9, Ty=Query, sId='5554', rId='5560', data=Row{ver=1, k='9FWL5pMuB3XSCDQLuRdjf6Qm9ryj087J', v='null'}}
I/SDY     ( 6906): [SERVER]: M{Id=9, Ty=QueryResponse, sId='5554', rId='5554', data=Row{ver=1, k='9FWL5pMuB3XSCDQLuRdjf6Qm9ryj087J', v='G64vwzVGjXcVPh94J5OTKDp5YzQZP3V4'}}
I/SDY     ( 6906): [HandleMessage]: M{Id=9, Ty=QueryResponse, sId='5554', rId='5554', data=Row{ver=1, k='9FWL5pMuB3XSCDQLuRdjf6Qm9ryj087J', v='G64vwzVGjXcVPh94J5OTKDp5YzQZP3V4'}}
I/SDY     ( 6906): [Response]:H: M{Id=9, Ty=QueryResponse, sId='5554', rId='5554', data=Row{ver=1, k='9FWL5pMuB3XSCDQLuRdjf6Qm9ryj087J', v='G64vwzVGjXcVPh94J5OTKDp5YzQZP3V4'}}
I/SDY     ( 6906): [Query]:Done: 9FWL5pMuB3XSCDQLuRdjf6Qm9ryj087J,value: G64vwzVGjXcVPh94J5OTKDp5YzQZP3V4 ,version: 1
I/SDY     ( 6906): [Query]:Done: 9FWL5pMuB3XSCDQLuRdjf6Qm9ryj087J ,cursor:  1
I/SDY     ( 6906): [SERVER]: M{Id=9, Ty=QueryResponse, sId='5554', rId='5554', data=Row{ver=1, k='9FWL5pMuB3XSCDQLuRdjf6Qm9ryj087J', v='G64vwzVGjXcVPh94J5OTKDp5YzQZP3V4'}}
I/SDY     ( 6906): [HandleMessage]: M{Id=9, Ty=QueryResponse, sId='5554', rId='5554', data=Row{ver=1, k='9FWL5pMuB3XSCDQLuRdjf6Qm9ryj087J', v='G64vwzVGjXcVPh94J5OTKDp5YzQZP3V4'}}
I/SDY     ( 6906): [Response]:H: M{Id=9, Ty=QueryResponse, sId='5554', rId='5554', data=Row{ver=1, k='9FWL5pMuB3XSCDQLuRdjf6Qm9ryj087J', v='G64vwzVGjXcVPh94J5OTKDp5YzQZP3V4'}}
D/AndroidRuntime( 7037): Shutting down VM
D/dalvikvm( 7037): Debugger has detached; object registry had 1 entries
D/AndroidRuntime( 7048): 
D/AndroidRuntime( 7048): >>>>>> AndroidRuntime START com.android.internal.os.RuntimeInit <<<<<<
W/linker  ( 7048): libdvm.so has text relocations. This is wasting memory and is a security risk. Please fix.
D/AndroidRuntime( 7048): CheckJNI is ON
D/dalvikvm( 7048): Trying to load lib libjavacore.so 0x0
D/dalvikvm( 7048): Added shared lib libjavacore.so 0x0
D/dalvikvm( 7048): Trying to load lib libnativehelper.so 0x0
D/dalvikvm( 7048): Added shared lib libnativehelper.so 0x0
D/dalvikvm( 7048): No JNI_OnLoad found in libnativehelper.so 0x0, skipping init
D/dalvikvm( 7048): Note: class Landroid/app/ActivityManagerNative; has 179 unimplemented (abstract) methods
E/memtrack( 7048): Couldn't load memtrack module (No such file or directory)
E/android.os.Debug( 7048): failed to load memtrack module: -2
D/AndroidRuntime( 7048): Calling main entry com.android.commands.content.Content
I/SDY     ( 6906): [Query]: sp5bJbC1XXBqY83eUVCaHjAqectdfKIY
I/SDY     ( 6906): [Query]: sp5bJbC1XXBqY83eUVCaHjAqectdfKIY
I/SDY     ( 6906): [Query]: M{Id=10, Ty=Query, sId='5554', rId='null', data=Row{ver=1, k='sp5bJbC1XXBqY83eUVCaHjAqectdfKIY', v='null'}} ,nodes: [5558, 5560, 5562]
I/SDY     ( 6906): [Add_Msg_Q]: M{Id=10, Ty=Query, sId='5554', rId='5558', data=Row{ver=1, k='sp5bJbC1XXBqY83eUVCaHjAqectdfKIY', v='null'}}
I/SDY     ( 6906): [Add_Msg_Q]: M{Id=10, Ty=Query, sId='5554', rId='5560', data=Row{ver=1, k='sp5bJbC1XXBqY83eUVCaHjAqectdfKIY', v='null'}}
I/SDY     ( 6906): [Add_Msg_Q]: M{Id=10, Ty=Query, sId='5554', rId='5562', data=Row{ver=1, k='sp5bJbC1XXBqY83eUVCaHjAqectdfKIY', v='null'}}
I/SDY     ( 6906): [MSend]: M{Id=10, Ty=Query, sId='5554', rId='5558', data=Row{ver=1, k='sp5bJbC1XXBqY83eUVCaHjAqectdfKIY', v='null'}}
I/SDY     ( 6906): [MSend]: port: 11116 msg: M{Id=10, Ty=Query, sId='5554', rId='5558', data=Row{ver=1, k='sp5bJbC1XXBqY83eUVCaHjAqectdfKIY', v='null'}}
I/SDY     ( 6906): [MSend]: M{Id=10, Ty=Query, sId='5554', rId='5562', data=Row{ver=1, k='sp5bJbC1XXBqY83eUVCaHjAqectdfKIY', v='null'}}
I/SDY     ( 6906): [MSend]: port: 11124 msg: M{Id=10, Ty=Query, sId='5554', rId='5562', data=Row{ver=1, k='sp5bJbC1XXBqY83eUVCaHjAqectdfKIY', v='null'}}
I/SDY     ( 6906): [MSend]: M{Id=10, Ty=Query, sId='5554', rId='5560', data=Row{ver=1, k='sp5bJbC1XXBqY83eUVCaHjAqectdfKIY', v='null'}}
I/SDY     ( 6906): [MSend]: port: 11120 msg: M{Id=10, Ty=Query, sId='5554', rId='5560', data=Row{ver=1, k='sp5bJbC1XXBqY83eUVCaHjAqectdfKIY', v='null'}}
I/SDY     ( 6906): [SERVER]: M{Id=10, Ty=QueryResponse, sId='5554', rId='5554', data=Row{ver=1, k='sp5bJbC1XXBqY83eUVCaHjAqectdfKIY', v='0OGzEoKCtwbiphl4cgixveiDIDt9C1Bx'}}
I/SDY     ( 6906): [HandleMessage]: M{Id=10, Ty=QueryResponse, sId='5554', rId='5554', data=Row{ver=1, k='sp5bJbC1XXBqY83eUVCaHjAqectdfKIY', v='0OGzEoKCtwbiphl4cgixveiDIDt9C1Bx'}}
I/SDY     ( 6906): [Response]:H: M{Id=10, Ty=QueryResponse, sId='5554', rId='5554', data=Row{ver=1, k='sp5bJbC1XXBqY83eUVCaHjAqectdfKIY', v='0OGzEoKCtwbiphl4cgixveiDIDt9C1Bx'}}
I/SDY     ( 6906): [SERVER]: M{Id=10, Ty=QueryResponse, sId='5554', rId='5554', data=Row{ver=1, k='sp5bJbC1XXBqY83eUVCaHjAqectdfKIY', v='0OGzEoKCtwbiphl4cgixveiDIDt9C1Bx'}}
I/SDY     ( 6906): [HandleMessage]: M{Id=10, Ty=QueryResponse, sId='5554', rId='5554', data=Row{ver=1, k='sp5bJbC1XXBqY83eUVCaHjAqectdfKIY', v='0OGzEoKCtwbiphl4cgixveiDIDt9C1Bx'}}
I/SDY     ( 6906): [Response]:H: M{Id=10, Ty=QueryResponse, sId='5554', rId='5554', data=Row{ver=1, k='sp5bJbC1XXBqY83eUVCaHjAqectdfKIY', v='0OGzEoKCtwbiphl4cgixveiDIDt9C1Bx'}}
I/SDY     ( 6906): [Query]:Done: sp5bJbC1XXBqY83eUVCaHjAqectdfKIY,value: 0OGzEoKCtwbiphl4cgixveiDIDt9C1Bx ,version: 1
I/SDY     ( 6906): [Query]:Done: sp5bJbC1XXBqY83eUVCaHjAqectdfKIY ,cursor:  1
I/SDY     ( 6906): [SERVER]: M{Id=10, Ty=QueryResponse, sId='5554', rId='5554', data=Row{ver=1, k='sp5bJbC1XXBqY83eUVCaHjAqectdfKIY', v='0OGzEoKCtwbiphl4cgixveiDIDt9C1Bx'}}
I/SDY     ( 6906): [HandleMessage]: M{Id=10, Ty=QueryResponse, sId='5554', rId='5554', data=Row{ver=1, k='sp5bJbC1XXBqY83eUVCaHjAqectdfKIY', v='0OGzEoKCtwbiphl4cgixveiDIDt9C1Bx'}}
I/SDY     ( 6906): [Response]:H: M{Id=10, Ty=QueryResponse, sId='5554', rId='5554', data=Row{ver=1, k='sp5bJbC1XXBqY83eUVCaHjAqectdfKIY', v='0OGzEoKCtwbiphl4cgixveiDIDt9C1Bx'}}
D/AndroidRuntime( 7048): Shutting down VM
D/dalvikvm( 7048): Debugger has detached; object registry had 1 entries
D/AndroidRuntime( 7059): 
D/AndroidRuntime( 7059): >>>>>> AndroidRuntime START com.android.internal.os.RuntimeInit <<<<<<
W/linker  ( 7059): libdvm.so has text relocations. This is wasting memory and is a security risk. Please fix.
D/AndroidRuntime( 7059): CheckJNI is ON
D/dalvikvm( 7059): Trying to load lib libjavacore.so 0x0
D/dalvikvm( 7059): Added shared lib libjavacore.so 0x0
D/dalvikvm( 7059): Trying to load lib libnativehelper.so 0x0
D/dalvikvm( 7059): Added shared lib libnativehelper.so 0x0
D/dalvikvm( 7059): No JNI_OnLoad found in libnativehelper.so 0x0, skipping init
D/dalvikvm( 7059): Note: class Landroid/app/ActivityManagerNative; has 179 unimplemented (abstract) methods
E/memtrack( 7059): Couldn't load memtrack module (No such file or directory)
E/android.os.Debug( 7059): failed to load memtrack module: -2
D/AndroidRuntime( 7059): Calling main entry com.android.commands.content.Content
I/SDY     ( 6906): [Query]: CqGCbZJgDqCYk9FOU9lQTfOsPrtACvAs
I/SDY     ( 6906): [Query]: CqGCbZJgDqCYk9FOU9lQTfOsPrtACvAs
I/SDY     ( 6906): [Query]: M{Id=11, Ty=Query, sId='5554', rId='null', data=Row{ver=1, k='CqGCbZJgDqCYk9FOU9lQTfOsPrtACvAs', v='null'}} ,nodes: [5558, 5560, 5562]
I/SDY     ( 6906): [Add_Msg_Q]: M{Id=11, Ty=Query, sId='5554', rId='5558', data=Row{ver=1, k='CqGCbZJgDqCYk9FOU9lQTfOsPrtACvAs', v='null'}}
I/SDY     ( 6906): [Add_Msg_Q]: M{Id=11, Ty=Query, sId='5554', rId='5560', data=Row{ver=1, k='CqGCbZJgDqCYk9FOU9lQTfOsPrtACvAs', v='null'}}
I/SDY     ( 6906): [Add_Msg_Q]: M{Id=11, Ty=Query, sId='5554', rId='5562', data=Row{ver=1, k='CqGCbZJgDqCYk9FOU9lQTfOsPrtACvAs', v='null'}}
I/SDY     ( 6906): [MSend]: M{Id=11, Ty=Query, sId='5554', rId='5558', data=Row{ver=1, k='CqGCbZJgDqCYk9FOU9lQTfOsPrtACvAs', v='null'}}
I/SDY     ( 6906): [MSend]: port: 11116 msg: M{Id=11, Ty=Query, sId='5554', rId='5558', data=Row{ver=1, k='CqGCbZJgDqCYk9FOU9lQTfOsPrtACvAs', v='null'}}
I/SDY     ( 6906): [MSend]: M{Id=11, Ty=Query, sId='5554', rId='5562', data=Row{ver=1, k='CqGCbZJgDqCYk9FOU9lQTfOsPrtACvAs', v='null'}}
I/SDY     ( 6906): [MSend]: port: 11124 msg: M{Id=11, Ty=Query, sId='5554', rId='5562', data=Row{ver=1, k='CqGCbZJgDqCYk9FOU9lQTfOsPrtACvAs', v='null'}}
I/SDY     ( 6906): [MSend]: M{Id=11, Ty=Query, sId='5554', rId='5560', data=Row{ver=1, k='CqGCbZJgDqCYk9FOU9lQTfOsPrtACvAs', v='null'}}
I/SDY     ( 6906): [MSend]: port: 11120 msg: M{Id=11, Ty=Query, sId='5554', rId='5560', data=Row{ver=1, k='CqGCbZJgDqCYk9FOU9lQTfOsPrtACvAs', v='null'}}
I/SDY     ( 6906): [SERVER]: M{Id=11, Ty=QueryResponse, sId='5554', rId='5554', data=Row{ver=1, k='CqGCbZJgDqCYk9FOU9lQTfOsPrtACvAs', v='0siBrvPXHTJ77hYTc433ugU9auXq9O9J'}}
I/SDY     ( 6906): [HandleMessage]: M{Id=11, Ty=QueryResponse, sId='5554', rId='5554', data=Row{ver=1, k='CqGCbZJgDqCYk9FOU9lQTfOsPrtACvAs', v='0siBrvPXHTJ77hYTc433ugU9auXq9O9J'}}
I/SDY     ( 6906): [Response]:H: M{Id=11, Ty=QueryResponse, sId='5554', rId='5554', data=Row{ver=1, k='CqGCbZJgDqCYk9FOU9lQTfOsPrtACvAs', v='0siBrvPXHTJ77hYTc433ugU9auXq9O9J'}}
I/SDY     ( 6906): [SERVER]: M{Id=11, Ty=QueryResponse, sId='5554', rId='5554', data=Row{ver=1, k='CqGCbZJgDqCYk9FOU9lQTfOsPrtACvAs', v='0siBrvPXHTJ77hYTc433ugU9auXq9O9J'}}
I/SDY     ( 6906): [HandleMessage]: M{Id=11, Ty=QueryResponse, sId='5554', rId='5554', data=Row{ver=1, k='CqGCbZJgDqCYk9FOU9lQTfOsPrtACvAs', v='0siBrvPXHTJ77hYTc433ugU9auXq9O9J'}}
I/SDY     ( 6906): [Response]:H: M{Id=11, Ty=QueryResponse, sId='5554', rId='5554', data=Row{ver=1, k='CqGCbZJgDqCYk9FOU9lQTfOsPrtACvAs', v='0siBrvPXHTJ77hYTc433ugU9auXq9O9J'}}
I/SDY     ( 6906): [Query]:Done: CqGCbZJgDqCYk9FOU9lQTfOsPrtACvAs,value: 0siBrvPXHTJ77hYTc433ugU9auXq9O9J ,version: 1
I/SDY     ( 6906): [Query]:Done: CqGCbZJgDqCYk9FOU9lQTfOsPrtACvAs ,cursor:  1
D/AndroidRuntime( 7059): Shutting down VM
D/jdwp    ( 7059): Got wake-up signal, bailing out of select
D/dalvikvm( 7059): Debugger has detached; object registry had 1 entries
D/AndroidRuntime( 7070): 
D/AndroidRuntime( 7070): >>>>>> AndroidRuntime START com.android.internal.os.RuntimeInit <<<<<<
W/linker  ( 7070): libdvm.so has text relocations. This is wasting memory and is a security risk. Please fix.
D/AndroidRuntime( 7070): CheckJNI is ON
D/dalvikvm( 7070): Trying to load lib libjavacore.so 0x0
D/dalvikvm( 7070): Added shared lib libjavacore.so 0x0
D/dalvikvm( 7070): Trying to load lib libnativehelper.so 0x0
D/dalvikvm( 7070): Added shared lib libnativehelper.so 0x0
D/dalvikvm( 7070): No JNI_OnLoad found in libnativehelper.so 0x0, skipping init
D/dalvikvm( 7070): Note: class Landroid/app/ActivityManagerNative; has 179 unimplemented (abstract) methods
E/memtrack( 7070): Couldn't load memtrack module (No such file or directory)
E/android.os.Debug( 7070): failed to load memtrack module: -2
D/AndroidRuntime( 7070): Calling main entry com.android.commands.content.Content
I/SDY     ( 6906): [Query]: H4N7OCHaZDQ91DSHzz2tkE13LH6XN2oD
I/SDY     ( 6906): [Query]: H4N7OCHaZDQ91DSHzz2tkE13LH6XN2oD
I/SDY     ( 6906): [Query]: M{Id=12, Ty=Query, sId='5554', rId='null', data=Row{ver=1, k='H4N7OCHaZDQ91DSHzz2tkE13LH6XN2oD', v='null'}} ,nodes: [5558, 5560, 5562]
I/SDY     ( 6906): [Add_Msg_Q]: M{Id=12, Ty=Query, sId='5554', rId='5558', data=Row{ver=1, k='H4N7OCHaZDQ91DSHzz2tkE13LH6XN2oD', v='null'}}
I/SDY     ( 6906): [Add_Msg_Q]: M{Id=12, Ty=Query, sId='5554', rId='5560', data=Row{ver=1, k='H4N7OCHaZDQ91DSHzz2tkE13LH6XN2oD', v='null'}}
I/SDY     ( 6906): [Add_Msg_Q]: M{Id=12, Ty=Query, sId='5554', rId='5562', data=Row{ver=1, k='H4N7OCHaZDQ91DSHzz2tkE13LH6XN2oD', v='null'}}
I/SDY     ( 6906): [MSend]: M{Id=12, Ty=Query, sId='5554', rId='5558', data=Row{ver=1, k='H4N7OCHaZDQ91DSHzz2tkE13LH6XN2oD', v='null'}}
I/SDY     ( 6906): [MSend]: port: 11116 msg: M{Id=12, Ty=Query, sId='5554', rId='5558', data=Row{ver=1, k='H4N7OCHaZDQ91DSHzz2tkE13LH6XN2oD', v='null'}}
I/SDY     ( 6906): [MSend]: M{Id=12, Ty=Query, sId='5554', rId='5562', data=Row{ver=1, k='H4N7OCHaZDQ91DSHzz2tkE13LH6XN2oD', v='null'}}
I/SDY     ( 6906): [MSend]: port: 11124 msg: M{Id=12, Ty=Query, sId='5554', rId='5562', data=Row{ver=1, k='H4N7OCHaZDQ91DSHzz2tkE13LH6XN2oD', v='null'}}
I/SDY     ( 6906): [MSend]: M{Id=12, Ty=Query, sId='5554', rId='5560', data=Row{ver=1, k='H4N7OCHaZDQ91DSHzz2tkE13LH6XN2oD', v='null'}}
I/SDY     ( 6906): [MSend]: port: 11120 msg: M{Id=12, Ty=Query, sId='5554', rId='5560', data=Row{ver=1, k='H4N7OCHaZDQ91DSHzz2tkE13LH6XN2oD', v='null'}}
I/SDY     ( 6906): [SERVER]: M{Id=11, Ty=QueryResponse, sId='5554', rId='5554', data=Row{ver=1, k='CqGCbZJgDqCYk9FOU9lQTfOsPrtACvAs', v='0siBrvPXHTJ77hYTc433ugU9auXq9O9J'}}
I/SDY     ( 6906): [HandleMessage]: M{Id=11, Ty=QueryResponse, sId='5554', rId='5554', data=Row{ver=1, k='CqGCbZJgDqCYk9FOU9lQTfOsPrtACvAs', v='0siBrvPXHTJ77hYTc433ugU9auXq9O9J'}}
I/SDY     ( 6906): [Response]:H: M{Id=11, Ty=QueryResponse, sId='5554', rId='5554', data=Row{ver=1, k='CqGCbZJgDqCYk9FOU9lQTfOsPrtACvAs', v='0siBrvPXHTJ77hYTc433ugU9auXq9O9J'}}
I/SDY     ( 6906): [SERVER]: M{Id=12, Ty=QueryResponse, sId='5554', rId='5554', data=Row{ver=1, k='H4N7OCHaZDQ91DSHzz2tkE13LH6XN2oD', v='VpBE5EGYjD7dw1RWdUlJbqNeMLoUCwTm'}}
I/SDY     ( 6906): [HandleMessage]: M{Id=12, Ty=QueryResponse, sId='5554', rId='5554', data=Row{ver=1, k='H4N7OCHaZDQ91DSHzz2tkE13LH6XN2oD', v='VpBE5EGYjD7dw1RWdUlJbqNeMLoUCwTm'}}
I/SDY     ( 6906): [Response]:H: M{Id=12, Ty=QueryResponse, sId='5554', rId='5554', data=Row{ver=1, k='H4N7OCHaZDQ91DSHzz2tkE13LH6XN2oD', v='VpBE5EGYjD7dw1RWdUlJbqNeMLoUCwTm'}}
I/SDY     ( 6906): [SERVER]: M{Id=12, Ty=QueryResponse, sId='5554', rId='5554', data=Row{ver=1, k='H4N7OCHaZDQ91DSHzz2tkE13LH6XN2oD', v='VpBE5EGYjD7dw1RWdUlJbqNeMLoUCwTm'}}
I/SDY     ( 6906): [HandleMessage]: M{Id=12, Ty=QueryResponse, sId='5554', rId='5554', data=Row{ver=1, k='H4N7OCHaZDQ91DSHzz2tkE13LH6XN2oD', v='VpBE5EGYjD7dw1RWdUlJbqNeMLoUCwTm'}}
I/SDY     ( 6906): [Response]:H: M{Id=12, Ty=QueryResponse, sId='5554', rId='5554', data=Row{ver=1, k='H4N7OCHaZDQ91DSHzz2tkE13LH6XN2oD', v='VpBE5EGYjD7dw1RWdUlJbqNeMLoUCwTm'}}
I/SDY     ( 6906): [Query]:Done: H4N7OCHaZDQ91DSHzz2tkE13LH6XN2oD,value: VpBE5EGYjD7dw1RWdUlJbqNeMLoUCwTm ,version: 1
I/SDY     ( 6906): [Query]:Done: H4N7OCHaZDQ91DSHzz2tkE13LH6XN2oD ,cursor:  1
D/AndroidRuntime( 7070): Shutting down VM
D/jdwp    ( 7070): Got wake-up signal, bailing out of select
D/dalvikvm( 7070): Debugger has detached; object registry had 1 entries
I/SDY     ( 6906): [SERVER]: M{Id=12, Ty=QueryResponse, sId='5554', rId='5554', data=Row{ver=1, k='H4N7OCHaZDQ91DSHzz2tkE13LH6XN2oD', v='VpBE5EGYjD7dw1RWdUlJbqNeMLoUCwTm'}}
I/SDY     ( 6906): [HandleMessage]: M{Id=12, Ty=QueryResponse, sId='5554', rId='5554', data=Row{ver=1, k='H4N7OCHaZDQ91DSHzz2tkE13LH6XN2oD', v='VpBE5EGYjD7dw1RWdUlJbqNeMLoUCwTm'}}
I/SDY     ( 6906): [Response]:H: M{Id=12, Ty=QueryResponse, sId='5554', rId='5554', data=Row{ver=1, k='H4N7OCHaZDQ91DSHzz2tkE13LH6XN2oD', v='VpBE5EGYjD7dw1RWdUlJbqNeMLoUCwTm'}}
D/AndroidRuntime( 7081): 
D/AndroidRuntime( 7081): >>>>>> AndroidRuntime START com.android.internal.os.RuntimeInit <<<<<<
W/linker  ( 7081): libdvm.so has text relocations. This is wasting memory and is a security risk. Please fix.
D/AndroidRuntime( 7081): CheckJNI is ON
D/dalvikvm( 7081): Trying to load lib libjavacore.so 0x0
D/dalvikvm( 7081): Added shared lib libjavacore.so 0x0
D/dalvikvm( 7081): Trying to load lib libnativehelper.so 0x0
D/dalvikvm( 7081): Added shared lib libnativehelper.so 0x0
D/dalvikvm( 7081): No JNI_OnLoad found in libnativehelper.so 0x0, skipping init
D/dalvikvm( 7081): Note: class Landroid/app/ActivityManagerNative; has 179 unimplemented (abstract) methods
E/memtrack( 7081): Couldn't load memtrack module (No such file or directory)
E/android.os.Debug( 7081): failed to load memtrack module: -2
D/AndroidRuntime( 7081): Calling main entry com.android.commands.content.Content
I/SDY     ( 6906): [Query]: fj9dIo10Y6COCnzHLmD6HFSb5d9S3tgD
I/SDY     ( 6906): [Query]: fj9dIo10Y6COCnzHLmD6HFSb5d9S3tgD
I/SDY     ( 6906): [Query]: M{Id=13, Ty=Query, sId='5554', rId='null', data=Row{ver=1, k='fj9dIo10Y6COCnzHLmD6HFSb5d9S3tgD', v='null'}} ,nodes: [5562, 5556, 5554]
I/SDY     ( 6906): [Add_Msg_Q]: M{Id=13, Ty=Query, sId='5554', rId='5562', data=Row{ver=1, k='fj9dIo10Y6COCnzHLmD6HFSb5d9S3tgD', v='null'}}
I/SDY     ( 6906): [Add_Msg_Q]: M{Id=13, Ty=Query, sId='5554', rId='5556', data=Row{ver=1, k='fj9dIo10Y6COCnzHLmD6HFSb5d9S3tgD', v='null'}}
I/SDY     ( 6906): [Add_Msg_Q]: M{Id=13, Ty=Query, sId='5554', rId='5554', data=Row{ver=1, k='fj9dIo10Y6COCnzHLmD6HFSb5d9S3tgD', v='null'}}
I/SDY     ( 6906): [MSend]: M{Id=13, Ty=Query, sId='5554', rId='5562', data=Row{ver=1, k='fj9dIo10Y6COCnzHLmD6HFSb5d9S3tgD', v='null'}}
I/SDY     ( 6906): [MSend]: port: 11124 msg: M{Id=13, Ty=Query, sId='5554', rId='5562', data=Row{ver=1, k='fj9dIo10Y6COCnzHLmD6HFSb5d9S3tgD', v='null'}}
I/SDY     ( 6906): [MSend]: M{Id=13, Ty=Query, sId='5554', rId='5554', data=Row{ver=1, k='fj9dIo10Y6COCnzHLmD6HFSb5d9S3tgD', v='null'}}
I/SDY     ( 6906): [HandleMessage]: M{Id=13, Ty=Query, sId='5554', rId='5554', data=Row{ver=1, k='fj9dIo10Y6COCnzHLmD6HFSb5d9S3tgD', v='null'}}
I/SDY     ( 6906): [Query]:H: M{Id=13, Ty=Query, sId='5554', rId='5554', data=Row{ver=1, k='fj9dIo10Y6COCnzHLmD6HFSb5d9S3tgD', v='null'}}
I/SDY     ( 6906): [[Query]:Local: fj9dIo10Y6COCnzHLmD6HFSb5d9S3tgD ,count: 1
I/SDY     ( 6906): [Query]:H:Done M{Id=13, Ty=QueryResponse, sId='5554', rId='5554', data=Row{ver=1, k='fj9dIo10Y6COCnzHLmD6HFSb5d9S3tgD', v='R3nvZFndEh1akmEZydcna4kGOQtmODqm'}}
I/SDY     ( 6906): [MSend]: M{Id=13, Ty=Query, sId='5554', rId='5556', data=Row{ver=1, k='fj9dIo10Y6COCnzHLmD6HFSb5d9S3tgD', v='null'}}
I/SDY     ( 6906): [MSend]: port: 11112 msg: M{Id=13, Ty=Query, sId='5554', rId='5556', data=Row{ver=1, k='fj9dIo10Y6COCnzHLmD6HFSb5d9S3tgD', v='null'}}
I/SDY     ( 6906): [MSend]: M{Id=13, Ty=QueryResponse, sId='5554', rId='5554', data=Row{ver=1, k='fj9dIo10Y6COCnzHLmD6HFSb5d9S3tgD', v='R3nvZFndEh1akmEZydcna4kGOQtmODqm'}}
I/SDY     ( 6906): [HandleMessage]: M{Id=13, Ty=QueryResponse, sId='5554', rId='5554', data=Row{ver=1, k='fj9dIo10Y6COCnzHLmD6HFSb5d9S3tgD', v='R3nvZFndEh1akmEZydcna4kGOQtmODqm'}}
I/SDY     ( 6906): [Response]:H: M{Id=13, Ty=QueryResponse, sId='5554', rId='5554', data=Row{ver=1, k='fj9dIo10Y6COCnzHLmD6HFSb5d9S3tgD', v='R3nvZFndEh1akmEZydcna4kGOQtmODqm'}}
I/SDY     ( 6906): [SERVER]: M{Id=13, Ty=QueryResponse, sId='5554', rId='5554', data=Row{ver=1, k='fj9dIo10Y6COCnzHLmD6HFSb5d9S3tgD', v='R3nvZFndEh1akmEZydcna4kGOQtmODqm'}}
I/SDY     ( 6906): [HandleMessage]: M{Id=13, Ty=QueryResponse, sId='5554', rId='5554', data=Row{ver=1, k='fj9dIo10Y6COCnzHLmD6HFSb5d9S3tgD', v='R3nvZFndEh1akmEZydcna4kGOQtmODqm'}}
I/SDY     ( 6906): [Response]:H: M{Id=13, Ty=QueryResponse, sId='5554', rId='5554', data=Row{ver=1, k='fj9dIo10Y6COCnzHLmD6HFSb5d9S3tgD', v='R3nvZFndEh1akmEZydcna4kGOQtmODqm'}}
I/SDY     ( 6906): [Query]:Done: fj9dIo10Y6COCnzHLmD6HFSb5d9S3tgD,value: R3nvZFndEh1akmEZydcna4kGOQtmODqm ,version: 1
I/SDY     ( 6906): [Query]:Done: fj9dIo10Y6COCnzHLmD6HFSb5d9S3tgD ,cursor:  1
D/AndroidRuntime( 7081): Shutting down VM
D/dalvikvm( 7081): Debugger has detached; object registry had 1 entries
I/SDY     ( 6906): [SERVER]: M{Id=13, Ty=QueryResponse, sId='5554', rId='5554', data=Row{ver=1, k='fj9dIo10Y6COCnzHLmD6HFSb5d9S3tgD', v='R3nvZFndEh1akmEZydcna4kGOQtmODqm'}}
I/SDY     ( 6906): [HandleMessage]: M{Id=13, Ty=QueryResponse, sId='5554', rId='5554', data=Row{ver=1, k='fj9dIo10Y6COCnzHLmD6HFSb5d9S3tgD', v='R3nvZFndEh1akmEZydcna4kGOQtmODqm'}}
I/SDY     ( 6906): [Response]:H: M{Id=13, Ty=QueryResponse, sId='5554', rId='5554', data=Row{ver=1, k='fj9dIo10Y6COCnzHLmD6HFSb5d9S3tgD', v='R3nvZFndEh1akmEZydcna4kGOQtmODqm'}}
D/AndroidRuntime( 7092): 
D/AndroidRuntime( 7092): >>>>>> AndroidRuntime START com.android.internal.os.RuntimeInit <<<<<<
W/linker  ( 7092): libdvm.so has text relocations. This is wasting memory and is a security risk. Please fix.
D/AndroidRuntime( 7092): CheckJNI is ON
D/dalvikvm( 7092): Trying to load lib libjavacore.so 0x0
D/dalvikvm( 7092): Added shared lib libjavacore.so 0x0
D/dalvikvm( 7092): Trying to load lib libnativehelper.so 0x0
D/dalvikvm( 7092): Added shared lib libnativehelper.so 0x0
D/dalvikvm( 7092): No JNI_OnLoad found in libnativehelper.so 0x0, skipping init
D/dalvikvm( 7092): Note: class Landroid/app/ActivityManagerNative; has 179 unimplemented (abstract) methods
E/memtrack( 7092): Couldn't load memtrack module (No such file or directory)
E/android.os.Debug( 7092): failed to load memtrack module: -2
D/AndroidRuntime( 7092): Calling main entry com.android.commands.content.Content
I/SDY     ( 6906): [Query]: MfouQJZZFXjSGo4nROWM1Bp5YreUJBL1
I/SDY     ( 6906): [Query]: MfouQJZZFXjSGo4nROWM1Bp5YreUJBL1
I/SDY     ( 6906): [Query]: M{Id=14, Ty=Query, sId='5554', rId='null', data=Row{ver=1, k='MfouQJZZFXjSGo4nROWM1Bp5YreUJBL1', v='null'}} ,nodes: [5558, 5560, 5562]
I/SDY     ( 6906): [Add_Msg_Q]: M{Id=14, Ty=Query, sId='5554', rId='5558', data=Row{ver=1, k='MfouQJZZFXjSGo4nROWM1Bp5YreUJBL1', v='null'}}
D/dalvikvm( 6906): GC_FOR_ALLOC freed 508K, 17% free 2881K/3460K, paused 17ms, total 17ms
I/SDY     ( 6906): [Add_Msg_Q]: M{Id=14, Ty=Query, sId='5554', rId='5560', data=Row{ver=1, k='MfouQJZZFXjSGo4nROWM1Bp5YreUJBL1', v='null'}}
I/SDY     ( 6906): [MSend]: M{Id=14, Ty=Query, sId='5554', rId='5558', data=Row{ver=1, k='MfouQJZZFXjSGo4nROWM1Bp5YreUJBL1', v='null'}}
I/SDY     ( 6906): [MSend]: port: 11116 msg: M{Id=14, Ty=Query, sId='5554', rId='5558', data=Row{ver=1, k='MfouQJZZFXjSGo4nROWM1Bp5YreUJBL1', v='null'}}
I/SDY     ( 6906): [Add_Msg_Q]: M{Id=14, Ty=Query, sId='5554', rId='5562', data=Row{ver=1, k='MfouQJZZFXjSGo4nROWM1Bp5YreUJBL1', v='null'}}
I/SDY     ( 6906): [MSend]: M{Id=14, Ty=Query, sId='5554', rId='5560', data=Row{ver=1, k='MfouQJZZFXjSGo4nROWM1Bp5YreUJBL1', v='null'}}
I/SDY     ( 6906): [MSend]: port: 11120 msg: M{Id=14, Ty=Query, sId='5554', rId='5560', data=Row{ver=1, k='MfouQJZZFXjSGo4nROWM1Bp5YreUJBL1', v='null'}}
I/SDY     ( 6906): [MSend]: M{Id=14, Ty=Query, sId='5554', rId='5562', data=Row{ver=1, k='MfouQJZZFXjSGo4nROWM1Bp5YreUJBL1', v='null'}}
I/SDY     ( 6906): [MSend]: port: 11124 msg: M{Id=14, Ty=Query, sId='5554', rId='5562', data=Row{ver=1, k='MfouQJZZFXjSGo4nROWM1Bp5YreUJBL1', v='null'}}
I/SDY     ( 6906): [SERVER]: M{Id=14, Ty=QueryResponse, sId='5554', rId='5554', data=Row{ver=1, k='MfouQJZZFXjSGo4nROWM1Bp5YreUJBL1', v='YK5HaWEqJqqF8fvDwfiKj2MSjqsaDuQc'}}
I/SDY     ( 6906): [HandleMessage]: M{Id=14, Ty=QueryResponse, sId='5554', rId='5554', data=Row{ver=1, k='MfouQJZZFXjSGo4nROWM1Bp5YreUJBL1', v='YK5HaWEqJqqF8fvDwfiKj2MSjqsaDuQc'}}
I/SDY     ( 6906): [Response]:H: M{Id=14, Ty=QueryResponse, sId='5554', rId='5554', data=Row{ver=1, k='MfouQJZZFXjSGo4nROWM1Bp5YreUJBL1', v='YK5HaWEqJqqF8fvDwfiKj2MSjqsaDuQc'}}
I/SDY     ( 6906): [SERVER]: M{Id=14, Ty=QueryResponse, sId='5554', rId='5554', data=Row{ver=1, k='MfouQJZZFXjSGo4nROWM1Bp5YreUJBL1', v='YK5HaWEqJqqF8fvDwfiKj2MSjqsaDuQc'}}
I/SDY     ( 6906): [HandleMessage]: M{Id=14, Ty=QueryResponse, sId='5554', rId='5554', data=Row{ver=1, k='MfouQJZZFXjSGo4nROWM1Bp5YreUJBL1', v='YK5HaWEqJqqF8fvDwfiKj2MSjqsaDuQc'}}
I/SDY     ( 6906): [Response]:H: M{Id=14, Ty=QueryResponse, sId='5554', rId='5554', data=Row{ver=1, k='MfouQJZZFXjSGo4nROWM1Bp5YreUJBL1', v='YK5HaWEqJqqF8fvDwfiKj2MSjqsaDuQc'}}
I/SDY     ( 6906): [Query]:Done: MfouQJZZFXjSGo4nROWM1Bp5YreUJBL1,value: YK5HaWEqJqqF8fvDwfiKj2MSjqsaDuQc ,version: 1
I/SDY     ( 6906): [Query]:Done: MfouQJZZFXjSGo4nROWM1Bp5YreUJBL1 ,cursor:  1
D/AndroidRuntime( 7092): Shutting down VM
D/dalvikvm( 7092): Debugger has detached; object registry had 1 entries
I/SDY     ( 6906): [SERVER]: M{Id=14, Ty=QueryResponse, sId='5554', rId='5554', data=Row{ver=1, k='MfouQJZZFXjSGo4nROWM1Bp5YreUJBL1', v='YK5HaWEqJqqF8fvDwfiKj2MSjqsaDuQc'}}
I/SDY     ( 6906): [HandleMessage]: M{Id=14, Ty=QueryResponse, sId='5554', rId='5554', data=Row{ver=1, k='MfouQJZZFXjSGo4nROWM1Bp5YreUJBL1', v='YK5HaWEqJqqF8fvDwfiKj2MSjqsaDuQc'}}
I/SDY     ( 6906): [Response]:H: M{Id=14, Ty=QueryResponse, sId='5554', rId='5554', data=Row{ver=1, k='MfouQJZZFXjSGo4nROWM1Bp5YreUJBL1', v='YK5HaWEqJqqF8fvDwfiKj2MSjqsaDuQc'}}
D/AndroidRuntime( 7103): 
D/AndroidRuntime( 7103): >>>>>> AndroidRuntime START com.android.internal.os.RuntimeInit <<<<<<
W/linker  ( 7103): libdvm.so has text relocations. This is wasting memory and is a security risk. Please fix.
D/AndroidRuntime( 7103): CheckJNI is ON
D/dalvikvm( 7103): Trying to load lib libjavacore.so 0x0
D/dalvikvm( 7103): Added shared lib libjavacore.so 0x0
D/dalvikvm( 7103): Trying to load lib libnativehelper.so 0x0
D/dalvikvm( 7103): Added shared lib libnativehelper.so 0x0
D/dalvikvm( 7103): No JNI_OnLoad found in libnativehelper.so 0x0, skipping init
D/dalvikvm( 7103): Note: class Landroid/app/ActivityManagerNative; has 179 unimplemented (abstract) methods
E/memtrack( 7103): Couldn't load memtrack module (No such file or directory)
E/android.os.Debug( 7103): failed to load memtrack module: -2
D/AndroidRuntime( 7103): Calling main entry com.android.commands.content.Content
I/SDY     ( 6906): [Query]: GeONEs7JxSnqlinLWYPGjvfpBQjXbfqn
I/SDY     ( 6906): [Query]: GeONEs7JxSnqlinLWYPGjvfpBQjXbfqn
I/SDY     ( 6906): [Query]: M{Id=15, Ty=Query, sId='5554', rId='null', data=Row{ver=1, k='GeONEs7JxSnqlinLWYPGjvfpBQjXbfqn', v='null'}} ,nodes: [5558, 5560, 5562]
I/SDY     ( 6906): [Add_Msg_Q]: M{Id=15, Ty=Query, sId='5554', rId='5558', data=Row{ver=1, k='GeONEs7JxSnqlinLWYPGjvfpBQjXbfqn', v='null'}}
I/SDY     ( 6906): [Add_Msg_Q]: M{Id=15, Ty=Query, sId='5554', rId='5560', data=Row{ver=1, k='GeONEs7JxSnqlinLWYPGjvfpBQjXbfqn', v='null'}}
I/SDY     ( 6906): [Add_Msg_Q]: M{Id=15, Ty=Query, sId='5554', rId='5562', data=Row{ver=1, k='GeONEs7JxSnqlinLWYPGjvfpBQjXbfqn', v='null'}}
I/SDY     ( 6906): [MSend]: M{Id=15, Ty=Query, sId='5554', rId='5558', data=Row{ver=1, k='GeONEs7JxSnqlinLWYPGjvfpBQjXbfqn', v='null'}}
I/SDY     ( 6906): [MSend]: port: 11116 msg: M{Id=15, Ty=Query, sId='5554', rId='5558', data=Row{ver=1, k='GeONEs7JxSnqlinLWYPGjvfpBQjXbfqn', v='null'}}
I/SDY     ( 6906): [MSend]: M{Id=15, Ty=Query, sId='5554', rId='5562', data=Row{ver=1, k='GeONEs7JxSnqlinLWYPGjvfpBQjXbfqn', v='null'}}
I/SDY     ( 6906): [MSend]: port: 11124 msg: M{Id=15, Ty=Query, sId='5554', rId='5562', data=Row{ver=1, k='GeONEs7JxSnqlinLWYPGjvfpBQjXbfqn', v='null'}}
I/SDY     ( 6906): [MSend]: M{Id=15, Ty=Query, sId='5554', rId='5560', data=Row{ver=1, k='GeONEs7JxSnqlinLWYPGjvfpBQjXbfqn', v='null'}}
I/SDY     ( 6906): [MSend]: port: 11120 msg: M{Id=15, Ty=Query, sId='5554', rId='5560', data=Row{ver=1, k='GeONEs7JxSnqlinLWYPGjvfpBQjXbfqn', v='null'}}
I/SDY     ( 6906): [SERVER]: M{Id=15, Ty=QueryResponse, sId='5554', rId='5554', data=Row{ver=1, k='GeONEs7JxSnqlinLWYPGjvfpBQjXbfqn', v='jsz3rVb10j4cxqlX1LcRJl4oAtkaxnjq'}}
I/SDY     ( 6906): [HandleMessage]: M{Id=15, Ty=QueryResponse, sId='5554', rId='5554', data=Row{ver=1, k='GeONEs7JxSnqlinLWYPGjvfpBQjXbfqn', v='jsz3rVb10j4cxqlX1LcRJl4oAtkaxnjq'}}
I/SDY     ( 6906): [Response]:H: M{Id=15, Ty=QueryResponse, sId='5554', rId='5554', data=Row{ver=1, k='GeONEs7JxSnqlinLWYPGjvfpBQjXbfqn', v='jsz3rVb10j4cxqlX1LcRJl4oAtkaxnjq'}}
I/SDY     ( 6906): [SERVER]: M{Id=15, Ty=QueryResponse, sId='5554', rId='5554', data=Row{ver=1, k='GeONEs7JxSnqlinLWYPGjvfpBQjXbfqn', v='jsz3rVb10j4cxqlX1LcRJl4oAtkaxnjq'}}
I/SDY     ( 6906): [SERVER]: M{Id=15, Ty=QueryResponse, sId='5554', rId='5554', data=Row{ver=1, k='GeONEs7JxSnqlinLWYPGjvfpBQjXbfqn', v='jsz3rVb10j4cxqlX1LcRJl4oAtkaxnjq'}}
I/SDY     ( 6906): [HandleMessage]: M{Id=15, Ty=QueryResponse, sId='5554', rId='5554', data=Row{ver=1, k='GeONEs7JxSnqlinLWYPGjvfpBQjXbfqn', v='jsz3rVb10j4cxqlX1LcRJl4oAtkaxnjq'}}
I/SDY     ( 6906): [Response]:H: M{Id=15, Ty=QueryResponse, sId='5554', rId='5554', data=Row{ver=1, k='GeONEs7JxSnqlinLWYPGjvfpBQjXbfqn', v='jsz3rVb10j4cxqlX1LcRJl4oAtkaxnjq'}}
I/SDY     ( 6906): [HandleMessage]: M{Id=15, Ty=QueryResponse, sId='5554', rId='5554', data=Row{ver=1, k='GeONEs7JxSnqlinLWYPGjvfpBQjXbfqn', v='jsz3rVb10j4cxqlX1LcRJl4oAtkaxnjq'}}
I/SDY     ( 6906): [Response]:H: M{Id=15, Ty=QueryResponse, sId='5554', rId='5554', data=Row{ver=1, k='GeONEs7JxSnqlinLWYPGjvfpBQjXbfqn', v='jsz3rVb10j4cxqlX1LcRJl4oAtkaxnjq'}}
I/SDY     ( 6906): [Query]:Done: GeONEs7JxSnqlinLWYPGjvfpBQjXbfqn,value: jsz3rVb10j4cxqlX1LcRJl4oAtkaxnjq ,version: 1
I/SDY     ( 6906): [Query]:Done: GeONEs7JxSnqlinLWYPGjvfpBQjXbfqn ,cursor:  1
D/AndroidRuntime( 7103): Shutting down VM
D/dalvikvm( 7103): Debugger has detached; object registry had 1 entries
D/AndroidRuntime( 7114): 
D/AndroidRuntime( 7114): >>>>>> AndroidRuntime START com.android.internal.os.RuntimeInit <<<<<<
W/linker  ( 7114): libdvm.so has text relocations. This is wasting memory and is a security risk. Please fix.
D/AndroidRuntime( 7114): CheckJNI is ON
D/dalvikvm( 7114): Trying to load lib libjavacore.so 0x0
D/dalvikvm( 7114): Added shared lib libjavacore.so 0x0
D/dalvikvm( 7114): Trying to load lib libnativehelper.so 0x0
D/dalvikvm( 7114): Added shared lib libnativehelper.so 0x0
D/dalvikvm( 7114): No JNI_OnLoad found in libnativehelper.so 0x0, skipping init
D/dalvikvm( 7114): Note: class Landroid/app/ActivityManagerNative; has 179 unimplemented (abstract) methods
E/memtrack( 7114): Couldn't load memtrack module (No such file or directory)
E/android.os.Debug( 7114): failed to load memtrack module: -2
D/AndroidRuntime( 7114): Calling main entry com.android.commands.content.Content
I/SDY     ( 6906): [Query]: uEoKsspaH2Md2TZv16tiDDBgP7lpKoVT
I/SDY     ( 6906): [Query]: uEoKsspaH2Md2TZv16tiDDBgP7lpKoVT
I/SDY     ( 6906): [Query]: M{Id=16, Ty=Query, sId='5554', rId='null', data=Row{ver=1, k='uEoKsspaH2Md2TZv16tiDDBgP7lpKoVT', v='null'}} ,nodes: [5562, 5556, 5554]
I/SDY     ( 6906): [Add_Msg_Q]: M{Id=16, Ty=Query, sId='5554', rId='5562', data=Row{ver=1, k='uEoKsspaH2Md2TZv16tiDDBgP7lpKoVT', v='null'}}
I/SDY     ( 6906): [Add_Msg_Q]: M{Id=16, Ty=Query, sId='5554', rId='5556', data=Row{ver=1, k='uEoKsspaH2Md2TZv16tiDDBgP7lpKoVT', v='null'}}
I/SDY     ( 6906): [Add_Msg_Q]: M{Id=16, Ty=Query, sId='5554', rId='5554', data=Row{ver=1, k='uEoKsspaH2Md2TZv16tiDDBgP7lpKoVT', v='null'}}
I/SDY     ( 6906): [MSend]: M{Id=16, Ty=Query, sId='5554', rId='5562', data=Row{ver=1, k='uEoKsspaH2Md2TZv16tiDDBgP7lpKoVT', v='null'}}
I/SDY     ( 6906): [MSend]: port: 11124 msg: M{Id=16, Ty=Query, sId='5554', rId='5562', data=Row{ver=1, k='uEoKsspaH2Md2TZv16tiDDBgP7lpKoVT', v='null'}}
I/SDY     ( 6906): [MSend]: M{Id=16, Ty=Query, sId='5554', rId='5554', data=Row{ver=1, k='uEoKsspaH2Md2TZv16tiDDBgP7lpKoVT', v='null'}}
I/SDY     ( 6906): [HandleMessage]: M{Id=16, Ty=Query, sId='5554', rId='5554', data=Row{ver=1, k='uEoKsspaH2Md2TZv16tiDDBgP7lpKoVT', v='null'}}
I/SDY     ( 6906): [Query]:H: M{Id=16, Ty=Query, sId='5554', rId='5554', data=Row{ver=1, k='uEoKsspaH2Md2TZv16tiDDBgP7lpKoVT', v='null'}}
I/SDY     ( 6906): [[Query]:Local: uEoKsspaH2Md2TZv16tiDDBgP7lpKoVT ,count: 1
I/SDY     ( 6906): [Query]:H:Done M{Id=16, Ty=QueryResponse, sId='5554', rId='5554', data=Row{ver=1, k='uEoKsspaH2Md2TZv16tiDDBgP7lpKoVT', v='8lmXb4TwlEYcAMvCZZmgU1TznYpStc3K'}}
I/SDY     ( 6906): [MSend]: M{Id=16, Ty=Query, sId='5554', rId='5556', data=Row{ver=1, k='uEoKsspaH2Md2TZv16tiDDBgP7lpKoVT', v='null'}}
I/SDY     ( 6906): [MSend]: port: 11112 msg: M{Id=16, Ty=Query, sId='5554', rId='5556', data=Row{ver=1, k='uEoKsspaH2Md2TZv16tiDDBgP7lpKoVT', v='null'}}
I/SDY     ( 6906): [MSend]: M{Id=16, Ty=QueryResponse, sId='5554', rId='5554', data=Row{ver=1, k='uEoKsspaH2Md2TZv16tiDDBgP7lpKoVT', v='8lmXb4TwlEYcAMvCZZmgU1TznYpStc3K'}}
I/SDY     ( 6906): [HandleMessage]: M{Id=16, Ty=QueryResponse, sId='5554', rId='5554', data=Row{ver=1, k='uEoKsspaH2Md2TZv16tiDDBgP7lpKoVT', v='8lmXb4TwlEYcAMvCZZmgU1TznYpStc3K'}}
I/SDY     ( 6906): [Response]:H: M{Id=16, Ty=QueryResponse, sId='5554', rId='5554', data=Row{ver=1, k='uEoKsspaH2Md2TZv16tiDDBgP7lpKoVT', v='8lmXb4TwlEYcAMvCZZmgU1TznYpStc3K'}}
I/SDY     ( 6906): [SERVER]: M{Id=16, Ty=QueryResponse, sId='5554', rId='5554', data=Row{ver=1, k='uEoKsspaH2Md2TZv16tiDDBgP7lpKoVT', v='8lmXb4TwlEYcAMvCZZmgU1TznYpStc3K'}}
I/SDY     ( 6906): [HandleMessage]: M{Id=16, Ty=QueryResponse, sId='5554', rId='5554', data=Row{ver=1, k='uEoKsspaH2Md2TZv16tiDDBgP7lpKoVT', v='8lmXb4TwlEYcAMvCZZmgU1TznYpStc3K'}}
