I/SDY     ( 2333): [Response]:H: M{Id=1, Ty=SyncResponse, sId='5554', rId='5554', data=[Row{ver=1, k='Ydhlq4449oAtfB0dbWfM1kqOrXBYX35c', v='XaFeogQUH2rKZX9HtkvxaQsBXWv0Y3xD'}, Row{ver=1, k='KdlXtlRiJN5G2t3YgWGjzFZISKqU9FwA', v='YjE9FRLd97l9RCQMkajwvENBscUz5lks'}, Row{ver=1, k='aaN0qIb6zQd3nMdzT7rNFKYDasSn6cV8', v='8O5xb4KGXKQHQRTYgSbHDfbSv4znXkyr'}, Row{ver=1, k='DEazQ5kLdYWMrCPJX97D91z0ylRGlPkM', v='Kcnat6TbitB99HUzkLJnGqabuY9TfGVA'}, Row{ver=1, k='nxoWCCTNmnCpYEAbCIVJsUNU0y6ebiDO', v='gmsHLjHJPCIiGlRES7xbbizlGNgYbDvq'}, Row{ver=1, k='be5UOguYVVhIgGSCHE7xCWfEqYSQxanK', v='CwyWEJ6LOFTRgb8FajCVfLZqJ5PPlasz'}, Row{ver=1, k='WXBvp8myUBvBdEoQ59sdMdHWSEQNzP6V', v='xj3VqukDBWZ6FcxQVc7WBxCF7LN2GVhg'}, Row{ver=1, k='gpaDcDwdB7QDcdFgoxYoXRMpIgTCWIU5', v='JVV36WodGEzCiOOg2RQn6932vh8V6pN9'}, Row{ver=1, k='9lTmbcrxUHGH9qdgdlVCduiPdJ3sSZDg', v='7jk45k7IjgFgfZosIbIEA8ilmRIShJFB'}, Row{ver=1, k='gspf5SvNpBZ6bQlNafFEPKDeJIJ9WF4K', v='ek3PAToEkfU7BMT5l9A1qLBcdzgnjn89'}, Row{ver=1, k='0alNjnnvKhSuGtubmsrB791V5RugWusv', v='7HM2qxznRrVu8kghO0ArvjVJhoLdU5YS'}, Row{ver=1, k='FCPjRnHZYXvmFeOqGzfENqT73ILvUjhR', v='aUKXmQiFNegTQ3c4ghxPHGDVUjjM6o9l'}, Row{ver=1, k='VUSywnjRUpsRtY0ym88d9exyXnTvWWes', v='tQH7dkjEsu38HLszwVTqkcIut3rXFjsa'}, Row{ver=1, k='MWSOXBLP7hfk37CO6juuvH6MwwXZe8Sb', v='aGB9GjVTmBCsAYzm12Awt1ccajV70bOG'}, Row{ver=1, k='UZpJlNoAkY8v6DomKZ0zmf4KLYC1NRHw', v='8W6oSSsnn9aSfQ1TBxjv62L7jbXBAaGq'}, Row{ver=1, k='SiFc6YCyf2VA7P1oDV7FwtDGycjbY3Yw', v='kJAIlrOwDkUGtJJZjKsEBtzAYYn4cWsL'}, Row{ver=1, k='nMUUahtoFP3HXUuLk2TWllCtodVAP4Sx', v='x81lRYohhLoCb6grGVWxAlzteVS3QvXf'}, Row{ver=1, k='29PeCvc5MT0r0z4kBTLmROdBvhYzSrg9', v='3zzwJmZCArNWouapOcoLmkPsdRDusP5c'}, Row{ver=1, k='4ddVecrhuvMiVCaM7zDgimBzcLY82GK2', v='5M5QF5ZvO1NzEuSLZE0lhVee1zYTzt9A'}, Row{ver=1, k='4cPT5JtfF2rOjDyl8no2mu7u4HQHKLuA', v='q9V0JpgNhznb4TIg1ImFHsbQRDlCGq8f'}, Row{ver=1, k='9HnB70UFbVDJ5W15vno6qY9nZ9T3yoi9', v='y08gyfFwCAFMkBho9YFVqCYV0YFEcX4B'}, Row{ver=1, k='G1iwXqivjfsBmLTdfo8sGw08pzp8uzCZ', v='WJSaJqqAw7dRCYRcXsBo7fGBPlJsyFxt'}, Row{ver=1, k='w1lzXVzwpoW6b0r4YIyHCVxDJgcAp87q', v='eRnLEZRgtduJA9AwoR1WfxD3MNG9coge'}, Row{ver=1, k='QeB253tjydTyflACRsfMvDh8v8sG6z6L', v='MoRYR42t8DfzG6C1RFJt7cbsE99U24zb'}, Row{ver=1, k='4vIDvun7GQ7xFe3lYacHOwYuL6sEEyAg', v='39W1zURXpaQGH1GZsfDOyvFxVMk5BAn3'}, Row{ver=1, k='Sp5NlumVrti2hDQygktLBjTXOi8TlrUT', v='4RwjP0r9k5ZYihww3t1qZiQMFCXyWqc8'}, Row{ver=1, k='LjRM50GJjk8taocGq9AMyz5hq30CHHmw', v='tzJ9iMmNzdGYGiFT8uSMVVWQnFhVAlkp'}, Row{ver=1, k='F7dXYMlMWo9FAKD4NbJHTIePqsPDDImi', v='aN8m9SULZTnJyutiamM8NeQuKTyYu9dd'}, Row{ver=1, k='D3GbKDigCaAH5MYpM1qc3T2YVcLB5FwS', v='dE96jxlGlgRD2hPdgFZ5bEDtW4DfeQ3d'}, Row{ver=1, k='C0bPo8dusLnJTS9MGX6BRLrIdxxDTWN3', v='1OIdiGXx0BZf52ZjRcq1tX2zBkp50x7T'}, Row{ver=1, k='ZKczxHNi2vXG5V0xXgrqm4c0sOCuqPAE', v='H6gP3i8PE4oQEfJ2Snj5uohQeqnMadJY'}, Row{ver=1, k='4yVDOA5cvfjAP1y7BFU581CPDS7UVupb', v='u6HHzBch62ZxOEtSOLJdGAg3ctLSpeWy'}, Row{ver=1, k='QJuA0fDJs2VU968qExgQS6SzywNOwfFN', v='NIEaE9AhHadifEMZyiI6oQ6KhWbouH6u'}, Row{ver=1, k='eMU4DhH9dmiHsxtvojNjYJwogZIym7wp', v='tkvniv5rhSgIWUUk6PJWSd9gWNf6MIkj'}, Row{ver=1, k='fWIpwUnubRESzEZchB1NDuf53Wy8wXbA', v='KeOj0HAHn5XOrXKefDA3c1bFhOK0a4Js'}, Row{ver=1, k='NmX0lO10aBkHrzU07bZbsxI63ehzUquo', v='GFGiSeCTlWvvl248teOneTY5DNhHwIl4'}, Row{ver=1, k='XK1MJkczzh1yfXKW9DqcqdVNFX2vIQXh', v='2eHocmS8JShaKzXLAubNJbvl30DwNZpo'}, Row{ver=1, k='w6ZTAg5BW8F1mOZ7upQ6EoE2dxx1Mmzc', v='zZ0cTY2qy3t5Vr8o4TwykECtV4UwbHr6'}, Row{ver=1, k='wEDOXEaVBuH4ePGAHJpPgeKREvU4fLPS', v='Twx7dvsxcCvm1EAqiqZGa727vtmsROaW'}]}
I/SDY     ( 2333): [Sync]:Wait:Done: 2016-05-01 16:20:55.561
I/SDY     ( 2333): [Sync]: responses: 3 , rr: 3
I/SDY     ( 2333): [Sync]:insert: value=eRnLEZRgtduJA9AwoR1WfxD3MNG9coge node=5562 key=w1lzXVzwpoW6b0r4YIyHCVxDJgcAp87q version=1
I/SDY     ( 2333): [Sync]:insert: value=aN8m9SULZTnJyutiamM8NeQuKTyYu9dd node=5562 key=F7dXYMlMWo9FAKD4NbJHTIePqsPDDImi version=1
I/SDY     ( 2333): [Sync]:insert: value=tkvniv5rhSgIWUUk6PJWSd9gWNf6MIkj node=5562 key=eMU4DhH9dmiHsxtvojNjYJwogZIym7wp version=1
I/SDY     ( 2333): [Sync]:insert: value=tzJ9iMmNzdGYGiFT8uSMVVWQnFhVAlkp node=5562 key=LjRM50GJjk8taocGq9AMyz5hq30CHHmw version=1
I/SDY     ( 2333): [Sync]:insert: value=7jk45k7IjgFgfZosIbIEA8ilmRIShJFB node=5562 key=9lTmbcrxUHGH9qdgdlVCduiPdJ3sSZDg version=1
I/SDY     ( 2333): [Sync]:insert: value=NIEaE9AhHadifEMZyiI6oQ6KhWbouH6u node=5562 key=QJuA0fDJs2VU968qExgQS6SzywNOwfFN version=1
I/SDY     ( 2333): [Sync]:insert: value=y08gyfFwCAFMkBho9YFVqCYV0YFEcX4B node=5562 key=9HnB70UFbVDJ5W15vno6qY9nZ9T3yoi9 version=1
I/SDY     ( 2333): [Sync]:insert: value=H6gP3i8PE4oQEfJ2Snj5uohQeqnMadJY node=5562 key=ZKczxHNi2vXG5V0xXgrqm4c0sOCuqPAE version=1
I/SDY     ( 2333): [Sync]:insert: value=8W6oSSsnn9aSfQ1TBxjv62L7jbXBAaGq node=5556 key=UZpJlNoAkY8v6DomKZ0zmf4KLYC1NRHw version=1
I/SDY     ( 2333): [Sync]:insert: value=WJSaJqqAw7dRCYRcXsBo7fGBPlJsyFxt node=5562 key=G1iwXqivjfsBmLTdfo8sGw08pzp8uzCZ version=1
I/SDY     ( 2333): [Sync]:insert: value=T54kf6fezg2SrmNooAsLumdv2MySRUxg node=5554 key=XuGuXrBsZNwbGJIaHstm4koOGZFSrsqJ version=1
I/SDY     ( 2333): [Sync]:insert: value=GFGiSeCTlWvvl248teOneTY5DNhHwIl4 node=5556 key=NmX0lO10aBkHrzU07bZbsxI63ehzUquo version=1
I/SDY     ( 2333): [Sync]:insert: value=8O5xb4KGXKQHQRTYgSbHDfbSv4znXkyr node=5562 key=aaN0qIb6zQd3nMdzT7rNFKYDasSn6cV8 version=1
I/SDY     ( 2333): [Sync]:insert: value=aGB9GjVTmBCsAYzm12Awt1ccajV70bOG node=5562 key=MWSOXBLP7hfk37CO6juuvH6MwwXZe8Sb version=1
I/SDY     ( 2333): [Sync]:insert: value=0Y18WSoXp9hXkYAhn0bb7zZqz5z2ojwl node=5554 key=3I8QZA4s1CGjsQoGzZDm7XNx6fOEK5TJ version=1
I/SDY     ( 2333): [Sync]:insert: value=Twx7dvsxcCvm1EAqiqZGa727vtmsROaW node=5562 key=wEDOXEaVBuH4ePGAHJpPgeKREvU4fLPS version=1
I/SDY     ( 2333): [Sync]:insert: value=5M5QF5ZvO1NzEuSLZE0lhVee1zYTzt9A node=5562 key=4ddVecrhuvMiVCaM7zDgimBzcLY82GK2 version=1
I/SDY     ( 2333): [Sync]:insert: value=X7srWkpCoq97TcdkdLR1jCrAWoUqXeK8 node=5554 key=XHZfzvVAShZ0XGIl05xmq4PBouaJBNv0 version=1
I/SDY     ( 2333): [Sync]:insert: value=KeOj0HAHn5XOrXKefDA3c1bFhOK0a4Js node=5562 key=fWIpwUnubRESzEZchB1NDuf53Wy8wXbA version=1
I/SDY     ( 2333): [Sync]:insert: value=39W1zURXpaQGH1GZsfDOyvFxVMk5BAn3 node=5562 key=4vIDvun7GQ7xFe3lYacHOwYuL6sEEyAg version=1
I/SDY     ( 2333): [Sync]:insert: value=mSVylZn7JEcEqWCGJeTCjLH4Et7kXjkf node=5554 key=iLrQyZMlhMVSNWDuyvK1sJK4j9FIwlQL version=1
I/SDY     ( 2333): [Sync]:insert: value=IUYqgXQ2FcM40jPIifxtoX08lWEANYrA node=5554 key=CUhKaqRc74BeWDuiDMSmWz2eMkm4UYUJ version=1
I/SDY     ( 2333): [Sync]:insert: value=x81lRYohhLoCb6grGVWxAlzteVS3QvXf node=5562 key=nMUUahtoFP3HXUuLk2TWllCtodVAP4Sx version=1
I/SDY     ( 2333): [Sync]:insert: value=dE96jxlGlgRD2hPdgFZ5bEDtW4DfeQ3d node=5562 key=D3GbKDigCaAH5MYpM1qc3T2YVcLB5FwS version=1
D/dalvikvm( 2333): GC_FOR_ALLOC freed 509K, 17% free 2894K/3456K, paused 22ms, total 22ms
I/SDY     ( 2333): [Sync]:insert: value=kJAIlrOwDkUGtJJZjKsEBtzAYYn4cWsL node=5562 key=SiFc6YCyf2VA7P1oDV7FwtDGycjbY3Yw version=1
I/SDY     ( 2333): [Sync]:insert: value=q9V0JpgNhznb4TIg1ImFHsbQRDlCGq8f node=5562 key=4cPT5JtfF2rOjDyl8no2mu7u4HQHKLuA version=1
I/SDY     ( 2333): [Sync]:insert: value=zZ0cTY2qy3t5Vr8o4TwykECtV4UwbHr6 node=5562 key=w6ZTAg5BW8F1mOZ7upQ6EoE2dxx1Mmzc version=1
I/SDY     ( 2333): [Sync]:insert: value=6PAOJE02mzna8f4agkIEfdgL2O2PBaRU node=5554 key=Lq2Xtr6Km8zKwiStMH8dNahH4d5UYouN version=1
I/SDY     ( 2333): [Sync]:insert: value=2eHocmS8JShaKzXLAubNJbvl30DwNZpo node=5562 key=XK1MJkczzh1yfXKW9DqcqdVNFX2vIQXh version=1
I/SDY     ( 2333): [Sync]:insert: value=CwyWEJ6LOFTRgb8FajCVfLZqJ5PPlasz node=5562 key=be5UOguYVVhIgGSCHE7xCWfEqYSQxanK version=1
I/SDY     ( 2333): [Sync]:insert: value=xj3VqukDBWZ6FcxQVc7WBxCF7LN2GVhg node=5562 key=WXBvp8myUBvBdEoQ59sdMdHWSEQNzP6V version=1
I/SDY     ( 2333): [Sync]:insert: value=Kcnat6TbitB99HUzkLJnGqabuY9TfGVA node=5562 key=DEazQ5kLdYWMrCPJX97D91z0ylRGlPkM version=1
I/SDY     ( 2333): [Sync]:insert: value=1OIdiGXx0BZf52ZjRcq1tX2zBkp50x7T node=5562 key=C0bPo8dusLnJTS9MGX6BRLrIdxxDTWN3 version=1
I/SDY     ( 2333): [Sync]:insert: value=XaFeogQUH2rKZX9HtkvxaQsBXWv0Y3xD node=5562 key=Ydhlq4449oAtfB0dbWfM1kqOrXBYX35c version=1
I/SDY     ( 2333): [Sync]:insert: value=tQH7dkjEsu38HLszwVTqkcIut3rXFjsa node=5562 key=VUSywnjRUpsRtY0ym88d9exyXnTvWWes version=1
I/SDY     ( 2333): [Sync]:insert: value=ek3PAToEkfU7BMT5l9A1qLBcdzgnjn89 node=5562 key=gspf5SvNpBZ6bQlNafFEPKDeJIJ9WF4K version=1
I/SDY     ( 2333): [Sync]:insert: value=3zzwJmZCArNWouapOcoLmkPsdRDusP5c node=5562 key=29PeCvc5MT0r0z4kBTLmROdBvhYzSrg9 version=1
I/SDY     ( 2333): [Sync]:insert: value=eCi3nEZ7opst9KuE7N441czZ8os6txrB node=5554 key=eP2gQ1FLNei9vSbtLpuPpJHKPg27OfuL version=1
I/SDY     ( 2333): [Sync]:insert: value=7HM2qxznRrVu8kghO0ArvjVJhoLdU5YS node=5562 key=0alNjnnvKhSuGtubmsrB791V5RugWusv version=1
I/SDY     ( 2333): [Sync]:insert: value=JVV36WodGEzCiOOg2RQn6932vh8V6pN9 node=5562 key=gpaDcDwdB7QDcdFgoxYoXRMpIgTCWIU5 version=1
I/SDY     ( 2333): [Sync]:insert: value=u6HHzBch62ZxOEtSOLJdGAg3ctLSpeWy node=5562 key=4yVDOA5cvfjAP1y7BFU581CPDS7UVupb version=1
I/SDY     ( 2333): [Sync]:insert: value=ZQydeKXl64WKLUPgASHqzqcKtHYEkqgh node=5554 key=giNTSpO3oSg5zmPtAi1y0BcqhzpVeVfX version=1
I/SDY     ( 2333): [Sync]:insert: value=gmsHLjHJPCIiGlRES7xbbizlGNgYbDvq node=5562 key=nxoWCCTNmnCpYEAbCIVJsUNU0y6ebiDO version=1
I/SDY     ( 2333): [Sync]:insert: value=4RwjP0r9k5ZYihww3t1qZiQMFCXyWqc8 node=5562 key=Sp5NlumVrti2hDQygktLBjTXOi8TlrUT version=1
I/SDY     ( 2333): [Sync]:insert: value=YjE9FRLd97l9RCQMkajwvENBscUz5lks node=5562 key=KdlXtlRiJN5G2t3YgWGjzFZISKqU9FwA version=1
I/SDY     ( 2333): [Sync]:insert: value=aUKXmQiFNegTQ3c4ghxPHGDVUjjM6o9l node=5556 key=FCPjRnHZYXvmFeOqGzfENqT73ILvUjhR version=1
I/SDY     ( 2333): [Sync]:insert: value=MoRYR42t8DfzG6C1RFJt7cbsE99U24zb node=5562 key=QeB253tjydTyflACRsfMvDh8v8sG6z6L version=1
I/SDY     ( 2333): [Sync]:Done
I/SDY     ( 2333): [SERVER]: M{Id=1, Ty=SyncResponse, sId='5554', rId='5554', data=[Row{ver=1, k='CUhKaqRc74BeWDuiDMSmWz2eMkm4UYUJ', v='IUYqgXQ2FcM40jPIifxtoX08lWEANYrA'}, Row{ver=1, k='UZpJlNoAkY8v6DomKZ0zmf4KLYC1NRHw', v='8W6oSSsnn9aSfQ1TBxjv62L7jbXBAaGq'}, Row{ver=1, k='eP2gQ1FLNei9vSbtLpuPpJHKPg27OfuL', v='eCi3nEZ7opst9KuE7N441czZ8os6txrB'}, Row{ver=1, k='iLrQyZMlhMVSNWDuyvK1sJK4j9FIwlQL', v='mSVylZn7JEcEqWCGJeTCjLH4Et7kXjkf'}, Row{ver=1, k='XuGuXrBsZNwbGJIaHstm4koOGZFSrsqJ', v='T54kf6fezg2SrmNooAsLumdv2MySRUxg'}, Row{ver=1, k='NmX0lO10aBkHrzU07bZbsxI63ehzUquo', v='GFGiSeCTlWvvl248teOneTY5DNhHwIl4'}, Row{ver=1, k='FCPjRnHZYXvmFeOqGzfENqT73ILvUjhR', v='aUKXmQiFNegTQ3c4ghxPHGDVUjjM6o9l'}, Row{ver=1, k='XHZfzvVAShZ0XGIl05xmq4PBouaJBNv0', v='X7srWkpCoq97TcdkdLR1jCrAWoUqXeK8'}, Row{ver=1, k='3I8QZA4s1CGjsQoGzZDm7XNx6fOEK5TJ', v='0Y18WSoXp9hXkYAhn0bb7zZqz5z2ojwl'}, Row{ver=1, k='Lq2Xtr6Km8zKwiStMH8dNahH4d5UYouN', v='6PAOJE02mzna8f4agkIEfdgL2O2PBaRU'}, Row{ver=1, k='giNTSpO3oSg5zmPtAi1y0BcqhzpVeVfX', v='ZQydeKXl64WKLUPgASHqzqcKtHYEkqgh'}]}
I/SDY     ( 2333): [HandleMessage]: M{Id=1, Ty=SyncResponse, sId='5554', rId='5554', data=[Row{ver=1, k='CUhKaqRc74BeWDuiDMSmWz2eMkm4UYUJ', v='IUYqgXQ2FcM40jPIifxtoX08lWEANYrA'}, Row{ver=1, k='UZpJlNoAkY8v6DomKZ0zmf4KLYC1NRHw', v='8W6oSSsnn9aSfQ1TBxjv62L7jbXBAaGq'}, Row{ver=1, k='eP2gQ1FLNei9vSbtLpuPpJHKPg27OfuL', v='eCi3nEZ7opst9KuE7N441czZ8os6txrB'}, Row{ver=1, k='iLrQyZMlhMVSNWDuyvK1sJK4j9FIwlQL', v='mSVylZn7JEcEqWCGJeTCjLH4Et7kXjkf'}, Row{ver=1, k='XuGuXrBsZNwbGJIaHstm4koOGZFSrsqJ', v='T54kf6fezg2SrmNooAsLumdv2MySRUxg'}, Row{ver=1, k='NmX0lO10aBkHrzU07bZbsxI63ehzUquo', v='GFGiSeCTlWvvl248teOneTY5DNhHwIl4'}, Row{ver=1, k='FCPjRnHZYXvmFeOqGzfENqT73ILvUjhR', v='aUKXmQiFNegTQ3c4ghxPHGDVUjjM6o9l'}, Row{ver=1, k='XHZfzvVAShZ0XGIl05xmq4PBouaJBNv0', v='X7srWkpCoq97TcdkdLR1jCrAWoUqXeK8'}, Row{ver=1, k='3I8QZA4s1CGjsQoGzZDm7XNx6fOEK5TJ', v='0Y18WSoXp9hXkYAhn0bb7zZqz5z2ojwl'}, Row{ver=1, k='Lq2Xtr6Km8zKwiStMH8dNahH4d5UYouN', v='6PAOJE02mzna8f4agkIEfdgL2O2PBaRU'}, Row{ver=1, k='giNTSpO3oSg5zmPtAi1y0BcqhzpVeVfX', v='ZQydeKXl64WKLUPgASHqzqcKtHYEkqgh'}]}
I/SDY     ( 2333): [Response]:H: M{Id=1, Ty=SyncResponse, sId='5554', rId='5554', data=[Row{ver=1, k='CUhKaqRc74BeWDuiDMSmWz2eMkm4UYUJ', v='IUYqgXQ2FcM40jPIifxtoX08lWEANYrA'}, Row{ver=1, k='UZpJlNoAkY8v6DomKZ0zmf4KLYC1NRHw', v='8W6oSSsnn9aSfQ1TBxjv62L7jbXBAaGq'}, Row{ver=1, k='eP2gQ1FLNei9vSbtLpuPpJHKPg27OfuL', v='eCi3nEZ7opst9KuE7N441czZ8os6txrB'}, Row{ver=1, k='iLrQyZMlhMVSNWDuyvK1sJK4j9FIwlQL', v='mSVylZn7JEcEqWCGJeTCjLH4Et7kXjkf'}, Row{ver=1, k='XuGuXrBsZNwbGJIaHstm4koOGZFSrsqJ', v='T54kf6fezg2SrmNooAsLumdv2MySRUxg'}, Row{ver=1, k='NmX0lO10aBkHrzU07bZbsxI63ehzUquo', v='GFGiSeCTlWvvl248teOneTY5DNhHwIl4'}, Row{ver=1, k='FCPjRnHZYXvmFeOqGzfENqT73ILvUjhR', v='aUKXmQiFNegTQ3c4ghxPHGDVUjjM6o9l'}, Row{ver=1, k='XHZfzvVAShZ0XGIl05xmq4PBouaJBNv0', v='X7srWkpCoq97TcdkdLR1jCrAWoUqXeK8'}, Row{ver=1, k='3I8QZA4s1CGjsQoGzZDm7XNx6fOEK5TJ', v='0Y18WSoXp9hXkYAhn0bb7zZqz5z2ojwl'}, Row{ver=1, k='Lq2Xtr6Km8zKwiStMH8dNahH4d5UYouN', v='6PAOJE02mzna8f4agkIEfdgL2O2PBaRU'}, Row{ver=1, k='giNTSpO3oSg5zmPtAi1y0BcqhzpVeVfX', v='ZQydeKXl64WKLUPgASHqzqcKtHYEkqgh'}]}
I/SDY     ( 2333): [SERVER]: M{Id=2, Ty=InsertResponse, sId='5554', rId='5554', data=60}
I/SDY     ( 2333): [HandleMessage]: M{Id=2, Ty=InsertResponse, sId='5554', rId='5554', data=60}
I/SDY     ( 2333): [Response]:H: M{Id=2, Ty=InsertResponse, sId='5554', rId='5554', data=60}
I/SDY     ( 2333): [Insert]:Done: M{Id=2, Ty=Insert, sId='5554', rId='null', data=Row{ver=1, k='4220fkNzLpCNqCjvCGUuCAyfB8DZxox1', v='SNcGQ1V6Yy3aNXHXtc2k0a777yu89FAx'}}
I/SDY     ( 2333): [Insert]:Done: value=SNcGQ1V6Yy3aNXHXtc2k0a777yu89FAx key=4220fkNzLpCNqCjvCGUuCAyfB8DZxox1 Done:r: 1
D/AndroidRuntime( 2350): Shutting down VM
D/jdwp    ( 2350): Got wake-up signal, bailing out of select
D/dalvikvm( 2350): Debugger has detached; object registry had 1 entries
I/SDY     ( 2333): [SERVER]: M{Id=2, Ty=InsertResponse, sId='5554', rId='5554', data=137}
I/SDY     ( 2333): [HandleMessage]: M{Id=2, Ty=InsertResponse, sId='5554', rId='5554', data=137}
I/SDY     ( 2333): [Response]:H: M{Id=2, Ty=InsertResponse, sId='5554', rId='5554', data=137}
I/SDY     ( 2333): [SERVER]: M{Id=24, Ty=Insert, sId='5558', rId='5554', data=Row{ver=1, k='WDXASXDcXoHcsmAGDsZiC2mD0WRLgOtJ', v='QclKqLjamfLmHgZoYNpJvEk4pOBagCyG'}}
I/SDY     ( 2333): [HandleMessage]: M{Id=24, Ty=Insert, sId='5558', rId='5554', data=Row{ver=1, k='WDXASXDcXoHcsmAGDsZiC2mD0WRLgOtJ', v='QclKqLjamfLmHgZoYNpJvEk4pOBagCyG'}}
I/SDY     ( 2333): [Insert]:H: M{Id=24, Ty=Insert, sId='5558', rId='5554', data=Row{ver=1, k='WDXASXDcXoHcsmAGDsZiC2mD0WRLgOtJ', v='QclKqLjamfLmHgZoYNpJvEk4pOBagCyG'}}
I/SDY     ( 2333): [[Query]:Local: WDXASXDcXoHcsmAGDsZiC2mD0WRLgOtJ ,count: 0
I/SDY     ( 2333): [Insert]:Local: value=QclKqLjamfLmHgZoYNpJvEk4pOBagCyG node=5562 key=WDXASXDcXoHcsmAGDsZiC2mD0WRLgOtJ version=1 ,rowId: 98
I/SDY     ( 2333): [Insert]:H:Done: M{Id=24, Ty=InsertResponse, sId='5558', rId='5558', data=98}
I/SDY     ( 2333): [SERVER]: M{Id=17, Ty=Insert, sId='5560', rId='5554', data=Row{ver=1, k='nO5ADWZNGaEut3m8Cmq3kKCchHLccmoG', v='NqQIHTeVyMmP6NWukifGBWGMVH4T69Pe'}}
I/SDY     ( 2333): [HandleMessage]: M{Id=17, Ty=Insert, sId='5560', rId='5554', data=Row{ver=1, k='nO5ADWZNGaEut3m8Cmq3kKCchHLccmoG', v='NqQIHTeVyMmP6NWukifGBWGMVH4T69Pe'}}
I/SDY     ( 2333): [Insert]:H: M{Id=17, Ty=Insert, sId='5560', rId='5554', data=Row{ver=1, k='nO5ADWZNGaEut3m8Cmq3kKCchHLccmoG', v='NqQIHTeVyMmP6NWukifGBWGMVH4T69Pe'}}
I/SDY     ( 2333): [MSend]: M{Id=24, Ty=InsertResponse, sId='5558', rId='5558', data=98}
I/SDY     ( 2333): [MSend]: port: 11116 msg: M{Id=24, Ty=InsertResponse, sId='5558', rId='5558', data=98}
I/SDY     ( 2333): [[Query]:Local: nO5ADWZNGaEut3m8Cmq3kKCchHLccmoG ,count: 0
I/SDY     ( 2333): [Insert]:Local: value=NqQIHTeVyMmP6NWukifGBWGMVH4T69Pe node=5562 key=nO5ADWZNGaEut3m8Cmq3kKCchHLccmoG version=1 ,rowId: 99
I/SDY     ( 2333): [Insert]:H:Done: M{Id=17, Ty=InsertResponse, sId='5560', rId='5560', data=99}
I/SDY     ( 2333): [MSend]: M{Id=17, Ty=InsertResponse, sId='5560', rId='5560', data=99}
I/SDY     ( 2333): [MSend]: port: 11120 msg: M{Id=17, Ty=InsertResponse, sId='5560', rId='5560', data=99}
D/AndroidRuntime( 2361): 
D/AndroidRuntime( 2361): >>>>>> AndroidRuntime START com.android.internal.os.RuntimeInit <<<<<<
W/linker  ( 2361): libdvm.so has text relocations. This is wasting memory and is a security risk. Please fix.
D/AndroidRuntime( 2361): CheckJNI is ON
D/dalvikvm( 2361): Trying to load lib libjavacore.so 0x0
D/dalvikvm( 2361): Added shared lib libjavacore.so 0x0
D/dalvikvm( 2361): Trying to load lib libnativehelper.so 0x0
D/dalvikvm( 2361): Added shared lib libnativehelper.so 0x0
D/dalvikvm( 2361): No JNI_OnLoad found in libnativehelper.so 0x0, skipping init
D/dalvikvm( 2361): Note: class Landroid/app/ActivityManagerNative; has 179 unimplemented (abstract) methods
E/memtrack( 2361): Couldn't load memtrack module (No such file or directory)
E/android.os.Debug( 2361): failed to load memtrack module: -2
D/AndroidRuntime( 2361): Calling main entry com.android.commands.content.Content
I/SDY     ( 2333): [Query]: 4220fkNzLpCNqCjvCGUuCAyfB8DZxox1
I/SDY     ( 2333): [Query]: 4220fkNzLpCNqCjvCGUuCAyfB8DZxox1
I/SDY     ( 2333): [Query]: M{Id=3, Ty=Query, sId='5554', rId='null', data=Row{ver=1, k='4220fkNzLpCNqCjvCGUuCAyfB8DZxox1', v='null'}} ,nodes: [5562, 5556, 5554]
I/SDY     ( 2333): [Add_Msg_Q]: M{Id=3, Ty=Query, sId='5554', rId='5562', data=Row{ver=1, k='4220fkNzLpCNqCjvCGUuCAyfB8DZxox1', v='null'}}
I/SDY     ( 2333): [Add_Msg_Q]: M{Id=3, Ty=Query, sId='5554', rId='5556', data=Row{ver=1, k='4220fkNzLpCNqCjvCGUuCAyfB8DZxox1', v='null'}}
I/SDY     ( 2333): [Add_Msg_Q]: M{Id=3, Ty=Query, sId='5554', rId='5554', data=Row{ver=1, k='4220fkNzLpCNqCjvCGUuCAyfB8DZxox1', v='null'}}
I/SDY     ( 2333): [MSend]: M{Id=3, Ty=Query, sId='5554', rId='5562', data=Row{ver=1, k='4220fkNzLpCNqCjvCGUuCAyfB8DZxox1', v='null'}}
I/SDY     ( 2333): [MSend]: port: 11124 msg: M{Id=3, Ty=Query, sId='5554', rId='5562', data=Row{ver=1, k='4220fkNzLpCNqCjvCGUuCAyfB8DZxox1', v='null'}}
I/SDY     ( 2333): [SERVER]: M{Id=25, Ty=Query, sId='5558', rId='5554', data=Row{ver=1, k='WDXASXDcXoHcsmAGDsZiC2mD0WRLgOtJ', v='null'}}
I/SDY     ( 2333): [HandleMessage]: M{Id=25, Ty=Query, sId='5558', rId='5554', data=Row{ver=1, k='WDXASXDcXoHcsmAGDsZiC2mD0WRLgOtJ', v='null'}}
I/SDY     ( 2333): [Query]:H: M{Id=25, Ty=Query, sId='5558', rId='5554', data=Row{ver=1, k='WDXASXDcXoHcsmAGDsZiC2mD0WRLgOtJ', v='null'}}
I/SDY     ( 2333): [[Query]:Local: WDXASXDcXoHcsmAGDsZiC2mD0WRLgOtJ ,count: 1
I/SDY     ( 2333): [Query]:H:Done M{Id=25, Ty=QueryResponse, sId='5558', rId='5558', data=Row{ver=1, k='WDXASXDcXoHcsmAGDsZiC2mD0WRLgOtJ', v='QclKqLjamfLmHgZoYNpJvEk4pOBagCyG'}}
I/SDY     ( 2333): [MSend]: M{Id=3, Ty=Query, sId='5554', rId='5554', data=Row{ver=1, k='4220fkNzLpCNqCjvCGUuCAyfB8DZxox1', v='null'}}
I/SDY     ( 2333): [HandleMessage]: M{Id=3, Ty=Query, sId='5554', rId='5554', data=Row{ver=1, k='4220fkNzLpCNqCjvCGUuCAyfB8DZxox1', v='null'}}
I/SDY     ( 2333): [Query]:H: M{Id=3, Ty=Query, sId='5554', rId='5554', data=Row{ver=1, k='4220fkNzLpCNqCjvCGUuCAyfB8DZxox1', v='null'}}
I/SDY     ( 2333): [[Query]:Local: 4220fkNzLpCNqCjvCGUuCAyfB8DZxox1 ,count: 1
I/SDY     ( 2333): [Query]:H:Done M{Id=3, Ty=QueryResponse, sId='5554', rId='5554', data=Row{ver=1, k='4220fkNzLpCNqCjvCGUuCAyfB8DZxox1', v='SNcGQ1V6Yy3aNXHXtc2k0a777yu89FAx'}}
I/SDY     ( 2333): [MSend]: M{Id=25, Ty=QueryResponse, sId='5558', rId='5558', data=Row{ver=1, k='WDXASXDcXoHcsmAGDsZiC2mD0WRLgOtJ', v='QclKqLjamfLmHgZoYNpJvEk4pOBagCyG'}}
I/SDY     ( 2333): [MSend]: port: 11116 msg: M{Id=25, Ty=QueryResponse, sId='5558', rId='5558', data=Row{ver=1, k='WDXASXDcXoHcsmAGDsZiC2mD0WRLgOtJ', v='QclKqLjamfLmHgZoYNpJvEk4pOBagCyG'}}
I/SDY     ( 2333): [MSend]: M{Id=3, Ty=QueryResponse, sId='5554', rId='5554', data=Row{ver=1, k='4220fkNzLpCNqCjvCGUuCAyfB8DZxox1', v='SNcGQ1V6Yy3aNXHXtc2k0a777yu89FAx'}}
I/SDY     ( 2333): [HandleMessage]: M{Id=3, Ty=QueryResponse, sId='5554', rId='5554', data=Row{ver=1, k='4220fkNzLpCNqCjvCGUuCAyfB8DZxox1', v='SNcGQ1V6Yy3aNXHXtc2k0a777yu89FAx'}}
I/SDY     ( 2333): [Response]:H: M{Id=3, Ty=QueryResponse, sId='5554', rId='5554', data=Row{ver=1, k='4220fkNzLpCNqCjvCGUuCAyfB8DZxox1', v='SNcGQ1V6Yy3aNXHXtc2k0a777yu89FAx'}}
I/SDY     ( 2333): [MSend]: M{Id=3, Ty=Query, sId='5554', rId='5556', data=Row{ver=1, k='4220fkNzLpCNqCjvCGUuCAyfB8DZxox1', v='null'}}
I/SDY     ( 2333): [MSend]: port: 11112 msg: M{Id=3, Ty=Query, sId='5554', rId='5556', data=Row{ver=1, k='4220fkNzLpCNqCjvCGUuCAyfB8DZxox1', v='null'}}
D/dalvikvm( 2333): GC_FOR_ALLOC freed 528K, 17% free 2876K/3456K, paused 13ms, total 14ms
I/SDY     ( 2333): [SERVER]: M{Id=18, Ty=Query, sId='5560', rId='5554', data=Row{ver=1, k='nO5ADWZNGaEut3m8Cmq3kKCchHLccmoG', v='null'}}
I/SDY     ( 2333): [HandleMessage]: M{Id=18, Ty=Query, sId='5560', rId='5554', data=Row{ver=1, k='nO5ADWZNGaEut3m8Cmq3kKCchHLccmoG', v='null'}}
I/SDY     ( 2333): [Query]:H: M{Id=18, Ty=Query, sId='5560', rId='5554', data=Row{ver=1, k='nO5ADWZNGaEut3m8Cmq3kKCchHLccmoG', v='null'}}
I/SDY     ( 2333): [[Query]:Local: nO5ADWZNGaEut3m8Cmq3kKCchHLccmoG ,count: 1
I/SDY     ( 2333): [Query]:H:Done M{Id=18, Ty=QueryResponse, sId='5560', rId='5560', data=Row{ver=1, k='nO5ADWZNGaEut3m8Cmq3kKCchHLccmoG', v='NqQIHTeVyMmP6NWukifGBWGMVH4T69Pe'}}
I/SDY     ( 2333): [MSend]: M{Id=18, Ty=QueryResponse, sId='5560', rId='5560', data=Row{ver=1, k='nO5ADWZNGaEut3m8Cmq3kKCchHLccmoG', v='NqQIHTeVyMmP6NWukifGBWGMVH4T69Pe'}}
I/SDY     ( 2333): [MSend]: port: 11120 msg: M{Id=18, Ty=QueryResponse, sId='5560', rId='5560', data=Row{ver=1, k='nO5ADWZNGaEut3m8Cmq3kKCchHLccmoG', v='NqQIHTeVyMmP6NWukifGBWGMVH4T69Pe'}}
I/SDY     ( 2333): [SERVER]: M{Id=3, Ty=QueryResponse, sId='5554', rId='5554', data=Row{ver=1, k='4220fkNzLpCNqCjvCGUuCAyfB8DZxox1', v='SNcGQ1V6Yy3aNXHXtc2k0a777yu89FAx'}}
I/SDY     ( 2333): [HandleMessage]: M{Id=3, Ty=QueryResponse, sId='5554', rId='5554', data=Row{ver=1, k='4220fkNzLpCNqCjvCGUuCAyfB8DZxox1', v='SNcGQ1V6Yy3aNXHXtc2k0a777yu89FAx'}}
I/SDY     ( 2333): [Response]:H: M{Id=3, Ty=QueryResponse, sId='5554', rId='5554', data=Row{ver=1, k='4220fkNzLpCNqCjvCGUuCAyfB8DZxox1', v='SNcGQ1V6Yy3aNXHXtc2k0a777yu89FAx'}}
I/SDY     ( 2333): [Query]:Done: 4220fkNzLpCNqCjvCGUuCAyfB8DZxox1,value: SNcGQ1V6Yy3aNXHXtc2k0a777yu89FAx ,version: 1
I/SDY     ( 2333): [Query]:Done: 4220fkNzLpCNqCjvCGUuCAyfB8DZxox1 ,cursor:  1
D/AndroidRuntime( 2361): Shutting down VM
D/dalvikvm( 2361): Debugger has detached; object registry had 1 entries
I/SDY     ( 2333): [SERVER]: M{Id=3, Ty=QueryResponse, sId='5554', rId='5554', data=Row{ver=1, k='4220fkNzLpCNqCjvCGUuCAyfB8DZxox1', v='SNcGQ1V6Yy3aNXHXtc2k0a777yu89FAx'}}
I/SDY     ( 2333): [HandleMessage]: M{Id=3, Ty=QueryResponse, sId='5554', rId='5554', data=Row{ver=1, k='4220fkNzLpCNqCjvCGUuCAyfB8DZxox1', v='SNcGQ1V6Yy3aNXHXtc2k0a777yu89FAx'}}
I/SDY     ( 2333): [Response]:H: M{Id=3, Ty=QueryResponse, sId='5554', rId='5554', data=Row{ver=1, k='4220fkNzLpCNqCjvCGUuCAyfB8DZxox1', v='SNcGQ1V6Yy3aNXHXtc2k0a777yu89FAx'}}
I/SDY     ( 2333): [SERVER]: M{Id=10, Ty=Insert, sId='5562', rId='5554', data=Row{ver=1, k='6F63nDMyYLqbk7Y6H3GAaNMh4pc5DUK0', v='KGh538CdR0jjd4qYMDli9luu7Zkwe5vq'}}
I/SDY     ( 2333): [HandleMessage]: M{Id=10, Ty=Insert, sId='5562', rId='5554', data=Row{ver=1, k='6F63nDMyYLqbk7Y6H3GAaNMh4pc5DUK0', v='KGh538CdR0jjd4qYMDli9luu7Zkwe5vq'}}
I/SDY     ( 2333): [Insert]:H: M{Id=10, Ty=Insert, sId='5562', rId='5554', data=Row{ver=1, k='6F63nDMyYLqbk7Y6H3GAaNMh4pc5DUK0', v='KGh538CdR0jjd4qYMDli9luu7Zkwe5vq'}}
I/SDY     ( 2333): [[Query]:Local: 6F63nDMyYLqbk7Y6H3GAaNMh4pc5DUK0 ,count: 0
I/SDY     ( 2333): [Insert]:Local: value=KGh538CdR0jjd4qYMDli9luu7Zkwe5vq node=5562 key=6F63nDMyYLqbk7Y6H3GAaNMh4pc5DUK0 version=1 ,rowId: 100
I/SDY     ( 2333): [Insert]:H:Done: M{Id=10, Ty=InsertResponse, sId='5562', rId='5562', data=100}
I/SDY     ( 2333): [MSend]: M{Id=10, Ty=InsertResponse, sId='5562', rId='5562', data=100}
I/SDY     ( 2333): [MSend]: port: 11124 msg: M{Id=10, Ty=InsertResponse, sId='5562', rId='5562', data=100}
D/AndroidRuntime( 2372): 
D/AndroidRuntime( 2372): >>>>>> AndroidRuntime START com.android.internal.os.RuntimeInit <<<<<<
W/linker  ( 2372): libdvm.so has text relocations. This is wasting memory and is a security risk. Please fix.
D/AndroidRuntime( 2372): CheckJNI is ON
D/dalvikvm( 2372): Trying to load lib libjavacore.so 0x0
D/dalvikvm( 2372): Added shared lib libjavacore.so 0x0
D/dalvikvm( 2372): Trying to load lib libnativehelper.so 0x0
D/dalvikvm( 2372): Added shared lib libnativehelper.so 0x0
D/dalvikvm( 2372): No JNI_OnLoad found in libnativehelper.so 0x0, skipping init
D/dalvikvm( 2372): Note: class Landroid/app/ActivityManagerNative; has 179 unimplemented (abstract) methods
E/memtrack( 2372): Couldn't load memtrack module (No such file or directory)
E/android.os.Debug( 2372): failed to load memtrack module: -2
I/SDY     ( 2333): [SERVER]: M{Id=26, Ty=Insert, sId='5558', rId='5554', data=Row{ver=1, k='2MEKBbSkCUEGYoy7DiKHKNRxqfVP4vDn', v='oZv5zJYXGMslfYhgTwgtkbFx0jlz8jYJ'}}
I/SDY     ( 2333): [HandleMessage]: M{Id=26, Ty=Insert, sId='5558', rId='5554', data=Row{ver=1, k='2MEKBbSkCUEGYoy7DiKHKNRxqfVP4vDn', v='oZv5zJYXGMslfYhgTwgtkbFx0jlz8jYJ'}}
I/SDY     ( 2333): [Insert]:H: M{Id=26, Ty=Insert, sId='5558', rId='5554', data=Row{ver=1, k='2MEKBbSkCUEGYoy7DiKHKNRxqfVP4vDn', v='oZv5zJYXGMslfYhgTwgtkbFx0jlz8jYJ'}}
I/SDY     ( 2333): [[Query]:Local: 2MEKBbSkCUEGYoy7DiKHKNRxqfVP4vDn ,count: 0
I/SDY     ( 2333): [Insert]:Local: value=oZv5zJYXGMslfYhgTwgtkbFx0jlz8jYJ node=5562 key=2MEKBbSkCUEGYoy7DiKHKNRxqfVP4vDn version=1 ,rowId: 101
I/SDY     ( 2333): [Insert]:H:Done: M{Id=26, Ty=InsertResponse, sId='5558', rId='5558', data=101}
I/SDY     ( 2333): [MSend]: M{Id=26, Ty=InsertResponse, sId='5558', rId='5558', data=101}
I/SDY     ( 2333): [MSend]: port: 11116 msg: M{Id=26, Ty=InsertResponse, sId='5558', rId='5558', data=101}
D/AndroidRuntime( 2372): Calling main entry com.android.commands.content.Content
I/SDY     ( 2333): [Insert]: value=ytqHNhaKrNWCCTg9vpAgUpkq1nKPfxEG key=EmK0DGMASPQmvu5qx7fBwCS2CkqXLpFS
I/SDY     ( 2333): [Insert]: [5562, 5556, 5554] ,m: M{Id=4, Ty=Insert, sId='5554', rId='null', data=Row{ver=1, k='EmK0DGMASPQmvu5qx7fBwCS2CkqXLpFS', v='ytqHNhaKrNWCCTg9vpAgUpkq1nKPfxEG'}}
I/SDY     ( 2333): [Add_Msg_Q]: M{Id=4, Ty=Insert, sId='5554', rId='5562', data=Row{ver=1, k='EmK0DGMASPQmvu5qx7fBwCS2CkqXLpFS', v='ytqHNhaKrNWCCTg9vpAgUpkq1nKPfxEG'}}
I/SDY     ( 2333): [Add_Msg_Q]: M{Id=4, Ty=Insert, sId='5554', rId='5556', data=Row{ver=1, k='EmK0DGMASPQmvu5qx7fBwCS2CkqXLpFS', v='ytqHNhaKrNWCCTg9vpAgUpkq1nKPfxEG'}}
I/SDY     ( 2333): [Add_Msg_Q]: M{Id=4, Ty=Insert, sId='5554', rId='5554', data=Row{ver=1, k='EmK0DGMASPQmvu5qx7fBwCS2CkqXLpFS', v='ytqHNhaKrNWCCTg9vpAgUpkq1nKPfxEG'}}
I/SDY     ( 2333): [MSend]: M{Id=4, Ty=Insert, sId='5554', rId='5562', data=Row{ver=1, k='EmK0DGMASPQmvu5qx7fBwCS2CkqXLpFS', v='ytqHNhaKrNWCCTg9vpAgUpkq1nKPfxEG'}}
I/SDY     ( 2333): [MSend]: port: 11124 msg: M{Id=4, Ty=Insert, sId='5554', rId='5562', data=Row{ver=1, k='EmK0DGMASPQmvu5qx7fBwCS2CkqXLpFS', v='ytqHNhaKrNWCCTg9vpAgUpkq1nKPfxEG'}}
I/SDY     ( 2333): [MSend]: M{Id=4, Ty=Insert, sId='5554', rId='5554', data=Row{ver=1, k='EmK0DGMASPQmvu5qx7fBwCS2CkqXLpFS', v='ytqHNhaKrNWCCTg9vpAgUpkq1nKPfxEG'}}
I/SDY     ( 2333): [HandleMessage]: M{Id=4, Ty=Insert, sId='5554', rId='5554', data=Row{ver=1, k='EmK0DGMASPQmvu5qx7fBwCS2CkqXLpFS', v='ytqHNhaKrNWCCTg9vpAgUpkq1nKPfxEG'}}
I/SDY     ( 2333): [Insert]:H: M{Id=4, Ty=Insert, sId='5554', rId='5554', data=Row{ver=1, k='EmK0DGMASPQmvu5qx7fBwCS2CkqXLpFS', v='ytqHNhaKrNWCCTg9vpAgUpkq1nKPfxEG'}}
I/SDY     ( 2333): [[Query]:Local: EmK0DGMASPQmvu5qx7fBwCS2CkqXLpFS ,count: 0
I/SDY     ( 2333): [Insert]:Local: value=ytqHNhaKrNWCCTg9vpAgUpkq1nKPfxEG node=5562 key=EmK0DGMASPQmvu5qx7fBwCS2CkqXLpFS version=1 ,rowId: 102
I/SDY     ( 2333): [Insert]:H:Done: M{Id=4, Ty=InsertResponse, sId='5554', rId='5554', data=102}
I/SDY     ( 2333): [MSend]: M{Id=4, Ty=Insert, sId='5554', rId='5556', data=Row{ver=1, k='EmK0DGMASPQmvu5qx7fBwCS2CkqXLpFS', v='ytqHNhaKrNWCCTg9vpAgUpkq1nKPfxEG'}}
I/SDY     ( 2333): [MSend]: port: 11112 msg: M{Id=4, Ty=Insert, sId='5554', rId='5556', data=Row{ver=1, k='EmK0DGMASPQmvu5qx7fBwCS2CkqXLpFS', v='ytqHNhaKrNWCCTg9vpAgUpkq1nKPfxEG'}}
E/SDY     ( 2333): [MSend]:Exception M{Id=4, Ty=Insert, sId='5554', rId='5556', data=Row{ver=1, k='EmK0DGMASPQmvu5qx7fBwCS2CkqXLpFS', v='ytqHNhaKrNWCCTg9vpAgUpkq1nKPfxEG'}} , null
I/SDY     ( 2333): [MSend]: M{Id=4, Ty=InsertResponse, sId='5554', rId='5554', data=102}
I/SDY     ( 2333): [HandleMessage]: M{Id=4, Ty=InsertResponse, sId='5554', rId='5554', data=102}
I/SDY     ( 2333): [Response]:H: M{Id=4, Ty=InsertResponse, sId='5554', rId='5554', data=102}
I/SDY     ( 2333): [SERVER]: M{Id=4, Ty=InsertResponse, sId='5554', rId='5554', data=142}
I/SDY     ( 2333): [HandleMessage]: M{Id=4, Ty=InsertResponse, sId='5554', rId='5554', data=142}
I/SDY     ( 2333): [Response]:H: M{Id=4, Ty=InsertResponse, sId='5554', rId='5554', data=142}
I/SDY     ( 2333): [Insert]:Done: M{Id=4, Ty=Insert, sId='5554', rId='null', data=Row{ver=1, k='EmK0DGMASPQmvu5qx7fBwCS2CkqXLpFS', v='ytqHNhaKrNWCCTg9vpAgUpkq1nKPfxEG'}}
I/SDY     ( 2333): [Insert]:Done: value=ytqHNhaKrNWCCTg9vpAgUpkq1nKPfxEG key=EmK0DGMASPQmvu5qx7fBwCS2CkqXLpFS Done:r: 1
D/AndroidRuntime( 2372): Shutting down VM
D/jdwp    ( 2372): Got wake-up signal, bailing out of select
D/dalvikvm( 2372): Debugger has detached; object registry had 1 entries
I/SDY     ( 2333): [SERVER]: M{Id=11, Ty=Query, sId='5562', rId='5554', data=Row{ver=1, k='6F63nDMyYLqbk7Y6H3GAaNMh4pc5DUK0', v='null'}}
D/AndroidRuntime( 2383): 
D/AndroidRuntime( 2383): >>>>>> AndroidRuntime START com.android.internal.os.RuntimeInit <<<<<<
W/linker  ( 2383): libdvm.so has text relocations. This is wasting memory and is a security risk. Please fix.
D/AndroidRuntime( 2383): CheckJNI is ON
D/dalvikvm( 2383): Trying to load lib libjavacore.so 0x0
D/dalvikvm( 2383): Added shared lib libjavacore.so 0x0
D/dalvikvm( 2383): Trying to load lib libnativehelper.so 0x0
D/dalvikvm( 2383): Added shared lib libnativehelper.so 0x0
D/dalvikvm( 2383): No JNI_OnLoad found in libnativehelper.so 0x0, skipping init
D/dalvikvm( 2383): Note: class Landroid/app/ActivityManagerNative; has 179 unimplemented (abstract) methods
I/SDY     ( 2333): [HandleMessage]: M{Id=11, Ty=Query, sId='5562', rId='5554', data=Row{ver=1, k='6F63nDMyYLqbk7Y6H3GAaNMh4pc5DUK0', v='null'}}
I/SDY     ( 2333): [Query]:H: M{Id=11, Ty=Query, sId='5562', rId='5554', data=Row{ver=1, k='6F63nDMyYLqbk7Y6H3GAaNMh4pc5DUK0', v='null'}}
I/SDY     ( 2333): [[Query]:Local: 6F63nDMyYLqbk7Y6H3GAaNMh4pc5DUK0 ,count: 1
I/SDY     ( 2333): [Query]:H:Done M{Id=11, Ty=QueryResponse, sId='5562', rId='5562', data=Row{ver=1, k='6F63nDMyYLqbk7Y6H3GAaNMh4pc5DUK0', v='KGh538CdR0jjd4qYMDli9luu7Zkwe5vq'}}
I/SDY     ( 2333): [MSend]: M{Id=11, Ty=QueryResponse, sId='5562', rId='5562', data=Row{ver=1, k='6F63nDMyYLqbk7Y6H3GAaNMh4pc5DUK0', v='KGh538CdR0jjd4qYMDli9luu7Zkwe5vq'}}
I/SDY     ( 2333): [MSend]: port: 11124 msg: M{Id=11, Ty=QueryResponse, sId='5562', rId='5562', data=Row{ver=1, k='6F63nDMyYLqbk7Y6H3GAaNMh4pc5DUK0', v='KGh538CdR0jjd4qYMDli9luu7Zkwe5vq'}}
I/SDY     ( 2333): [SERVER]: M{Id=27, Ty=Query, sId='5558', rId='5554', data=Row{ver=1, k='2MEKBbSkCUEGYoy7DiKHKNRxqfVP4vDn', v='null'}}
I/SDY     ( 2333): [HandleMessage]: M{Id=27, Ty=Query, sId='5558', rId='5554', data=Row{ver=1, k='2MEKBbSkCUEGYoy7DiKHKNRxqfVP4vDn', v='null'}}
I/SDY     ( 2333): [Query]:H: M{Id=27, Ty=Query, sId='5558', rId='5554', data=Row{ver=1, k='2MEKBbSkCUEGYoy7DiKHKNRxqfVP4vDn', v='null'}}
I/SDY     ( 2333): [[Query]:Local: 2MEKBbSkCUEGYoy7DiKHKNRxqfVP4vDn ,count: 1
I/SDY     ( 2333): [Query]:H:Done M{Id=27, Ty=QueryResponse, sId='5558', rId='5558', data=Row{ver=1, k='2MEKBbSkCUEGYoy7DiKHKNRxqfVP4vDn', v='oZv5zJYXGMslfYhgTwgtkbFx0jlz8jYJ'}}
I/SDY     ( 2333): [MSend]: M{Id=27, Ty=QueryResponse, sId='5558', rId='5558', data=Row{ver=1, k='2MEKBbSkCUEGYoy7DiKHKNRxqfVP4vDn', v='oZv5zJYXGMslfYhgTwgtkbFx0jlz8jYJ'}}
I/SDY     ( 2333): [MSend]: port: 11116 msg: M{Id=27, Ty=QueryResponse, sId='5558', rId='5558', data=Row{ver=1, k='2MEKBbSkCUEGYoy7DiKHKNRxqfVP4vDn', v='oZv5zJYXGMslfYhgTwgtkbFx0jlz8jYJ'}}
E/memtrack( 2383): Couldn't load memtrack module (No such file or directory)
E/android.os.Debug( 2383): failed to load memtrack module: -2
D/AndroidRuntime( 2383): Calling main entry com.android.commands.content.Content
I/SDY     ( 2333): [Query]: EmK0DGMASPQmvu5qx7fBwCS2CkqXLpFS
I/SDY     ( 2333): [Query]: EmK0DGMASPQmvu5qx7fBwCS2CkqXLpFS
I/SDY     ( 2333): [Query]: M{Id=5, Ty=Query, sId='5554', rId='null', data=Row{ver=1, k='EmK0DGMASPQmvu5qx7fBwCS2CkqXLpFS', v='null'}} ,nodes: [5562, 5556, 5554]
I/SDY     ( 2333): [Add_Msg_Q]: M{Id=5, Ty=Query, sId='5554', rId='5562', data=Row{ver=1, k='EmK0DGMASPQmvu5qx7fBwCS2CkqXLpFS', v='null'}}
I/SDY     ( 2333): [Add_Msg_Q]: M{Id=5, Ty=Query, sId='5554', rId='5556', data=Row{ver=1, k='EmK0DGMASPQmvu5qx7fBwCS2CkqXLpFS', v='null'}}
I/SDY     ( 2333): [Add_Msg_Q]: M{Id=5, Ty=Query, sId='5554', rId='5554', data=Row{ver=1, k='EmK0DGMASPQmvu5qx7fBwCS2CkqXLpFS', v='null'}}
I/SDY     ( 2333): [MSend]: M{Id=5, Ty=Query, sId='5554', rId='5562', data=Row{ver=1, k='EmK0DGMASPQmvu5qx7fBwCS2CkqXLpFS', v='null'}}
I/SDY     ( 2333): [MSend]: port: 11124 msg: M{Id=5, Ty=Query, sId='5554', rId='5562', data=Row{ver=1, k='EmK0DGMASPQmvu5qx7fBwCS2CkqXLpFS', v='null'}}
I/SDY     ( 2333): [MSend]: M{Id=5, Ty=Query, sId='5554', rId='5554', data=Row{ver=1, k='EmK0DGMASPQmvu5qx7fBwCS2CkqXLpFS', v='null'}}
I/SDY     ( 2333): [HandleMessage]: M{Id=5, Ty=Query, sId='5554', rId='5554', data=Row{ver=1, k='EmK0DGMASPQmvu5qx7fBwCS2CkqXLpFS', v='null'}}
I/SDY     ( 2333): [Query]:H: M{Id=5, Ty=Query, sId='5554', rId='5554', data=Row{ver=1, k='EmK0DGMASPQmvu5qx7fBwCS2CkqXLpFS', v='null'}}
I/SDY     ( 2333): [[Query]:Local: EmK0DGMASPQmvu5qx7fBwCS2CkqXLpFS ,count: 1
I/SDY     ( 2333): [Query]:H:Done M{Id=5, Ty=QueryResponse, sId='5554', rId='5554', data=Row{ver=1, k='EmK0DGMASPQmvu5qx7fBwCS2CkqXLpFS', v='ytqHNhaKrNWCCTg9vpAgUpkq1nKPfxEG'}}
I/SDY     ( 2333): [MSend]: M{Id=5, Ty=Query, sId='5554', rId='5556', data=Row{ver=1, k='EmK0DGMASPQmvu5qx7fBwCS2CkqXLpFS', v='null'}}
I/SDY     ( 2333): [MSend]: port: 11112 msg: M{Id=5, Ty=Query, sId='5554', rId='5556', data=Row{ver=1, k='EmK0DGMASPQmvu5qx7fBwCS2CkqXLpFS', v='null'}}
E/SDY     ( 2333): [MSend]:Exception M{Id=5, Ty=Query, sId='5554', rId='5556', data=Row{ver=1, k='EmK0DGMASPQmvu5qx7fBwCS2CkqXLpFS', v='null'}} , null
I/SDY     ( 2333): [MSend]: M{Id=5, Ty=QueryResponse, sId='5554', rId='5554', data=Row{ver=1, k='EmK0DGMASPQmvu5qx7fBwCS2CkqXLpFS', v='ytqHNhaKrNWCCTg9vpAgUpkq1nKPfxEG'}}
I/SDY     ( 2333): [HandleMessage]: M{Id=5, Ty=QueryResponse, sId='5554', rId='5554', data=Row{ver=1, k='EmK0DGMASPQmvu5qx7fBwCS2CkqXLpFS', v='ytqHNhaKrNWCCTg9vpAgUpkq1nKPfxEG'}}
I/SDY     ( 2333): [Response]:H: M{Id=5, Ty=QueryResponse, sId='5554', rId='5554', data=Row{ver=1, k='EmK0DGMASPQmvu5qx7fBwCS2CkqXLpFS', v='ytqHNhaKrNWCCTg9vpAgUpkq1nKPfxEG'}}
I/SDY     ( 2333): [SERVER]: M{Id=5, Ty=QueryResponse, sId='5554', rId='5554', data=Row{ver=1, k='EmK0DGMASPQmvu5qx7fBwCS2CkqXLpFS', v='ytqHNhaKrNWCCTg9vpAgUpkq1nKPfxEG'}}
I/SDY     ( 2333): [HandleMessage]: M{Id=5, Ty=QueryResponse, sId='5554', rId='5554', data=Row{ver=1, k='EmK0DGMASPQmvu5qx7fBwCS2CkqXLpFS', v='ytqHNhaKrNWCCTg9vpAgUpkq1nKPfxEG'}}
I/SDY     ( 2333): [Response]:H: M{Id=5, Ty=QueryResponse, sId='5554', rId='5554', data=Row{ver=1, k='EmK0DGMASPQmvu5qx7fBwCS2CkqXLpFS', v='ytqHNhaKrNWCCTg9vpAgUpkq1nKPfxEG'}}
I/SDY     ( 2333): [Query]:Done: EmK0DGMASPQmvu5qx7fBwCS2CkqXLpFS,value: ytqHNhaKrNWCCTg9vpAgUpkq1nKPfxEG ,version: 1
I/SDY     ( 2333): [Query]:Done: EmK0DGMASPQmvu5qx7fBwCS2CkqXLpFS ,cursor:  1
D/AndroidRuntime( 2383): Shutting down VM
D/dalvikvm( 2383): Debugger has detached; object registry had 1 entries
D/AndroidRuntime( 2394): 
D/AndroidRuntime( 2394): >>>>>> AndroidRuntime START com.android.internal.os.RuntimeInit <<<<<<
W/linker  ( 2394): libdvm.so has text relocations. This is wasting memory and is a security risk. Please fix.
D/AndroidRuntime( 2394): CheckJNI is ON
D/dalvikvm( 2394): Trying to load lib libjavacore.so 0x0
D/dalvikvm( 2394): Added shared lib libjavacore.so 0x0
D/dalvikvm( 2394): Trying to load lib libnativehelper.so 0x0
D/dalvikvm( 2394): Added shared lib libnativehelper.so 0x0
D/dalvikvm( 2394): No JNI_OnLoad found in libnativehelper.so 0x0, skipping init
D/dalvikvm( 2394): Note: class Landroid/app/ActivityManagerNative; has 179 unimplemented (abstract) methods
E/memtrack( 2394): Couldn't load memtrack module (No such file or directory)
E/android.os.Debug( 2394): failed to load memtrack module: -2
D/AndroidRuntime( 2394): Calling main entry com.android.commands.content.Content
I/SDY     ( 2333): [Insert]: value=4mwiDCpDmwSkmoGRY5yK2IAprUqQDVsZ key=djtQR2WCnmj4yZD3s12LCHXwbEmneSHS
I/SDY     ( 2333): [Insert]: [5560, 5562, 5556] ,m: M{Id=6, Ty=Insert, sId='5554', rId='null', data=Row{ver=1, k='djtQR2WCnmj4yZD3s12LCHXwbEmneSHS', v='4mwiDCpDmwSkmoGRY5yK2IAprUqQDVsZ'}}
I/SDY     ( 2333): [Add_Msg_Q]: M{Id=6, Ty=Insert, sId='5554', rId='5560', data=Row{ver=1, k='djtQR2WCnmj4yZD3s12LCHXwbEmneSHS', v='4mwiDCpDmwSkmoGRY5yK2IAprUqQDVsZ'}}
I/SDY     ( 2333): [Add_Msg_Q]: M{Id=6, Ty=Insert, sId='5554', rId='5562', data=Row{ver=1, k='djtQR2WCnmj4yZD3s12LCHXwbEmneSHS', v='4mwiDCpDmwSkmoGRY5yK2IAprUqQDVsZ'}}
I/SDY     ( 2333): [Add_Msg_Q]: M{Id=6, Ty=Insert, sId='5554', rId='5556', data=Row{ver=1, k='djtQR2WCnmj4yZD3s12LCHXwbEmneSHS', v='4mwiDCpDmwSkmoGRY5yK2IAprUqQDVsZ'}}
I/SDY     ( 2333): [MSend]: M{Id=6, Ty=Insert, sId='5554', rId='5560', data=Row{ver=1, k='djtQR2WCnmj4yZD3s12LCHXwbEmneSHS', v='4mwiDCpDmwSkmoGRY5yK2IAprUqQDVsZ'}}
I/SDY     ( 2333): [MSend]: port: 11120 msg: M{Id=6, Ty=Insert, sId='5554', rId='5560', data=Row{ver=1, k='djtQR2WCnmj4yZD3s12LCHXwbEmneSHS', v='4mwiDCpDmwSkmoGRY5yK2IAprUqQDVsZ'}}
I/SDY     ( 2333): [MSend]: M{Id=6, Ty=Insert, sId='5554', rId='5556', data=Row{ver=1, k='djtQR2WCnmj4yZD3s12LCHXwbEmneSHS', v='4mwiDCpDmwSkmoGRY5yK2IAprUqQDVsZ'}}
I/SDY     ( 2333): [MSend]: port: 11112 msg: M{Id=6, Ty=Insert, sId='5554', rId='5556', data=Row{ver=1, k='djtQR2WCnmj4yZD3s12LCHXwbEmneSHS', v='4mwiDCpDmwSkmoGRY5yK2IAprUqQDVsZ'}}
E/SDY     ( 2333): [MSend]:Exception M{Id=6, Ty=Insert, sId='5554', rId='5556', data=Row{ver=1, k='djtQR2WCnmj4yZD3s12LCHXwbEmneSHS', v='4mwiDCpDmwSkmoGRY5yK2IAprUqQDVsZ'}} , null
I/SDY     ( 2333): [MSend]: M{Id=6, Ty=Insert, sId='5554', rId='5562', data=Row{ver=1, k='djtQR2WCnmj4yZD3s12LCHXwbEmneSHS', v='4mwiDCpDmwSkmoGRY5yK2IAprUqQDVsZ'}}
I/SDY     ( 2333): [MSend]: port: 11124 msg: M{Id=6, Ty=Insert, sId='5554', rId='5562', data=Row{ver=1, k='djtQR2WCnmj4yZD3s12LCHXwbEmneSHS', v='4mwiDCpDmwSkmoGRY5yK2IAprUqQDVsZ'}}
I/SDY     ( 2333): [SERVER]: M{Id=21, Ty=Insert, sId='5560', rId='5554', data=Row{ver=1, k='AGk8loY5DvNOu19FznxWw85c2pyBedNR', v='ass8pOYWCc0ovMdDyfmXvYPpCBzSrGsy'}}
I/SDY     ( 2333): [HandleMessage]: M{Id=21, Ty=Insert, sId='5560', rId='5554', data=Row{ver=1, k='AGk8loY5DvNOu19FznxWw85c2pyBedNR', v='ass8pOYWCc0ovMdDyfmXvYPpCBzSrGsy'}}
I/SDY     ( 2333): [Insert]:H: M{Id=21, Ty=Insert, sId='5560', rId='5554', data=Row{ver=1, k='AGk8loY5DvNOu19FznxWw85c2pyBedNR', v='ass8pOYWCc0ovMdDyfmXvYPpCBzSrGsy'}}
I/SDY     ( 2333): [[Query]:Local: AGk8loY5DvNOu19FznxWw85c2pyBedNR ,count: 0
I/SDY     ( 2333): [SERVER]: M{Id=6, Ty=InsertResponse, sId='5554', rId='5554', data=80}
I/SDY     ( 2333): [SERVER]: M{Id=6, Ty=InsertResponse, sId='5554', rId='5554', data=146}
I/SDY     ( 2333): [Insert]:Local: value=ass8pOYWCc0ovMdDyfmXvYPpCBzSrGsy node=5562 key=AGk8loY5DvNOu19FznxWw85c2pyBedNR version=1 ,rowId: 103
I/SDY     ( 2333): [Insert]:H:Done: M{Id=21, Ty=InsertResponse, sId='5560', rId='5560', data=103}
I/SDY     ( 2333): [HandleMessage]: M{Id=6, Ty=InsertResponse, sId='5554', rId='5554', data=80}
I/SDY     ( 2333): [Response]:H: M{Id=6, Ty=InsertResponse, sId='5554', rId='5554', data=80}
I/SDY     ( 2333): [HandleMessage]: M{Id=6, Ty=InsertResponse, sId='5554', rId='5554', data=146}
I/SDY     ( 2333): [Response]:H: M{Id=6, Ty=InsertResponse, sId='5554', rId='5554', data=146}
I/SDY     ( 2333): [Insert]:Done: M{Id=6, Ty=Insert, sId='5554', rId='null', data=Row{ver=1, k='djtQR2WCnmj4yZD3s12LCHXwbEmneSHS', v='4mwiDCpDmwSkmoGRY5yK2IAprUqQDVsZ'}}
I/SDY     ( 2333): [Insert]:Done: value=4mwiDCpDmwSkmoGRY5yK2IAprUqQDVsZ key=djtQR2WCnmj4yZD3s12LCHXwbEmneSHS Done:r: 1
D/AndroidRuntime( 2394): Shutting down VM
D/jdwp    ( 2394): Got wake-up signal, bailing out of select
D/dalvikvm( 2394): Debugger has detached; object registry had 1 entries
I/SDY     ( 2333): [MSend]: M{Id=21, Ty=InsertResponse, sId='5560', rId='5560', data=103}
I/SDY     ( 2333): [MSend]: port: 11120 msg: M{Id=21, Ty=InsertResponse, sId='5560', rId='5560', data=103}
D/AndroidRuntime( 2405): 
D/AndroidRuntime( 2405): >>>>>> AndroidRuntime START com.android.internal.os.RuntimeInit <<<<<<
W/linker  ( 2405): libdvm.so has text relocations. This is wasting memory and is a security risk. Please fix.
D/AndroidRuntime( 2405): CheckJNI is ON
D/dalvikvm( 2405): Trying to load lib libjavacore.so 0x0
D/dalvikvm( 2405): Added shared lib libjavacore.so 0x0
D/dalvikvm( 2405): Trying to load lib libnativehelper.so 0x0
D/dalvikvm( 2405): Added shared lib libnativehelper.so 0x0
D/dalvikvm( 2405): No JNI_OnLoad found in libnativehelper.so 0x0, skipping init
D/dalvikvm( 2405): Note: class Landroid/app/ActivityManagerNative; has 179 unimplemented (abstract) methods
E/memtrack( 2405): Couldn't load memtrack module (No such file or directory)
E/android.os.Debug( 2405): failed to load memtrack module: -2
D/AndroidRuntime( 2405): Calling main entry com.android.commands.content.Content
I/SDY     ( 2333): [Query]: djtQR2WCnmj4yZD3s12LCHXwbEmneSHS
I/SDY     ( 2333): [Query]: djtQR2WCnmj4yZD3s12LCHXwbEmneSHS
I/SDY     ( 2333): [Query]: M{Id=7, Ty=Query, sId='5554', rId='null', data=Row{ver=1, k='djtQR2WCnmj4yZD3s12LCHXwbEmneSHS', v='null'}} ,nodes: [5560, 5562, 5556]
I/SDY     ( 2333): [Add_Msg_Q]: M{Id=7, Ty=Query, sId='5554', rId='5560', data=Row{ver=1, k='djtQR2WCnmj4yZD3s12LCHXwbEmneSHS', v='null'}}
I/SDY     ( 2333): [Add_Msg_Q]: M{Id=7, Ty=Query, sId='5554', rId='5562', data=Row{ver=1, k='djtQR2WCnmj4yZD3s12LCHXwbEmneSHS', v='null'}}
I/SDY     ( 2333): [Add_Msg_Q]: M{Id=7, Ty=Query, sId='5554', rId='5556', data=Row{ver=1, k='djtQR2WCnmj4yZD3s12LCHXwbEmneSHS', v='null'}}
I/SDY     ( 2333): [MSend]: M{Id=7, Ty=Query, sId='5554', rId='5560', data=Row{ver=1, k='djtQR2WCnmj4yZD3s12LCHXwbEmneSHS', v='null'}}
I/SDY     ( 2333): [MSend]: port: 11120 msg: M{Id=7, Ty=Query, sId='5554', rId='5560', data=Row{ver=1, k='djtQR2WCnmj4yZD3s12LCHXwbEmneSHS', v='null'}}
I/SDY     ( 2333): [MSend]: M{Id=7, Ty=Query, sId='5554', rId='5556', data=Row{ver=1, k='djtQR2WCnmj4yZD3s12LCHXwbEmneSHS', v='null'}}
I/SDY     ( 2333): [MSend]: port: 11112 msg: M{Id=7, Ty=Query, sId='5554', rId='5556', data=Row{ver=1, k='djtQR2WCnmj4yZD3s12LCHXwbEmneSHS', v='null'}}
E/SDY     ( 2333): [MSend]:Exception M{Id=7, Ty=Query, sId='5554', rId='5556', data=Row{ver=1, k='djtQR2WCnmj4yZD3s12LCHXwbEmneSHS', v='null'}} , null
I/SDY     ( 2333): [MSend]: M{Id=7, Ty=Query, sId='5554', rId='5562', data=Row{ver=1, k='djtQR2WCnmj4yZD3s12LCHXwbEmneSHS', v='null'}}
I/SDY     ( 2333): [MSend]: port: 11124 msg: M{Id=7, Ty=Query, sId='5554', rId='5562', data=Row{ver=1, k='djtQR2WCnmj4yZD3s12LCHXwbEmneSHS', v='null'}}
I/SDY     ( 2333): [SERVER]: M{Id=7, Ty=QueryResponse, sId='5554', rId='5554', data=Row{ver=1, k='djtQR2WCnmj4yZD3s12LCHXwbEmneSHS', v='4mwiDCpDmwSkmoGRY5yK2IAprUqQDVsZ'}}
I/SDY     ( 2333): [HandleMessage]: M{Id=7, Ty=QueryResponse, sId='5554', rId='5554', data=Row{ver=1, k='djtQR2WCnmj4yZD3s12LCHXwbEmneSHS', v='4mwiDCpDmwSkmoGRY5yK2IAprUqQDVsZ'}}
I/SDY     ( 2333): [Response]:H: M{Id=7, Ty=QueryResponse, sId='5554', rId='5554', data=Row{ver=1, k='djtQR2WCnmj4yZD3s12LCHXwbEmneSHS', v='4mwiDCpDmwSkmoGRY5yK2IAprUqQDVsZ'}}
I/SDY     ( 2333): [SERVER]: M{Id=7, Ty=QueryResponse, sId='5554', rId='5554', data=Row{ver=1, k='djtQR2WCnmj4yZD3s12LCHXwbEmneSHS', v='4mwiDCpDmwSkmoGRY5yK2IAprUqQDVsZ'}}
D/dalvikvm( 2333): GC_FOR_ALLOC freed 503K, 17% free 2884K/3456K, paused 14ms, total 14ms
I/SDY     ( 2333): [HandleMessage]: M{Id=7, Ty=QueryResponse, sId='5554', rId='5554', data=Row{ver=1, k='djtQR2WCnmj4yZD3s12LCHXwbEmneSHS', v='4mwiDCpDmwSkmoGRY5yK2IAprUqQDVsZ'}}
I/SDY     ( 2333): [Response]:H: M{Id=7, Ty=QueryResponse, sId='5554', rId='5554', data=Row{ver=1, k='djtQR2WCnmj4yZD3s12LCHXwbEmneSHS', v='4mwiDCpDmwSkmoGRY5yK2IAprUqQDVsZ'}}
I/SDY     ( 2333): [Query]:Done: djtQR2WCnmj4yZD3s12LCHXwbEmneSHS,value: 4mwiDCpDmwSkmoGRY5yK2IAprUqQDVsZ ,version: 1
I/SDY     ( 2333): [Query]:Done: djtQR2WCnmj4yZD3s12LCHXwbEmneSHS ,cursor:  1
D/AndroidRuntime( 2405): Shutting down VM
D/dalvikvm( 2405): Debugger has detached; object registry had 1 entries
I/SDY     ( 2333): [SERVER]: M{Id=22, Ty=Query, sId='5560', rId='5554', data=Row{ver=1, k='AGk8loY5DvNOu19FznxWw85c2pyBedNR', v='null'}}
I/SDY     ( 2333): [HandleMessage]: M{Id=22, Ty=Query, sId='5560', rId='5554', data=Row{ver=1, k='AGk8loY5DvNOu19FznxWw85c2pyBedNR', v='null'}}
I/SDY     ( 2333): [Query]:H: M{Id=22, Ty=Query, sId='5560', rId='5554', data=Row{ver=1, k='AGk8loY5DvNOu19FznxWw85c2pyBedNR', v='null'}}
I/SDY     ( 2333): [[Query]:Local: AGk8loY5DvNOu19FznxWw85c2pyBedNR ,count: 1
I/SDY     ( 2333): [Query]:H:Done M{Id=22, Ty=QueryResponse, sId='5560', rId='5560', data=Row{ver=1, k='AGk8loY5DvNOu19FznxWw85c2pyBedNR', v='ass8pOYWCc0ovMdDyfmXvYPpCBzSrGsy'}}
I/SDY     ( 2333): [MSend]: M{Id=22, Ty=QueryResponse, sId='5560', rId='5560', data=Row{ver=1, k='AGk8loY5DvNOu19FznxWw85c2pyBedNR', v='ass8pOYWCc0ovMdDyfmXvYPpCBzSrGsy'}}
I/SDY     ( 2333): [MSend]: port: 11120 msg: M{Id=22, Ty=QueryResponse, sId='5560', rId='5560', data=Row{ver=1, k='AGk8loY5DvNOu19FznxWw85c2pyBedNR', v='ass8pOYWCc0ovMdDyfmXvYPpCBzSrGsy'}}
I/SDY     ( 2333): [SERVER]: M{Id=14, Ty=Insert, sId='5562', rId='5554', data=Row{ver=1, k='6yiE7KXitkAn6u4Ts4L6yOF8U1jkIMVA', v='9pT8l8RWgXUTgHwsI6WfJfWSnTTcAzig'}}
I/SDY     ( 2333): [HandleMessage]: M{Id=14, Ty=Insert, sId='5562', rId='5554', data=Row{ver=1, k='6yiE7KXitkAn6u4Ts4L6yOF8U1jkIMVA', v='9pT8l8RWgXUTgHwsI6WfJfWSnTTcAzig'}}
I/SDY     ( 2333): [Insert]:H: M{Id=14, Ty=Insert, sId='5562', rId='5554', data=Row{ver=1, k='6yiE7KXitkAn6u4Ts4L6yOF8U1jkIMVA', v='9pT8l8RWgXUTgHwsI6WfJfWSnTTcAzig'}}
I/SDY     ( 2333): [[Query]:Local: 6yiE7KXitkAn6u4Ts4L6yOF8U1jkIMVA ,count: 0
I/SDY     ( 2333): [Insert]:Local: value=9pT8l8RWgXUTgHwsI6WfJfWSnTTcAzig node=5562 key=6yiE7KXitkAn6u4Ts4L6yOF8U1jkIMVA version=1 ,rowId: 104
I/SDY     ( 2333): [Insert]:H:Done: M{Id=14, Ty=InsertResponse, sId='5562', rId='5562', data=104}
I/SDY     ( 2333): [MSend]: M{Id=14, Ty=InsertResponse, sId='5562', rId='5562', data=104}
I/SDY     ( 2333): [MSend]: port: 11124 msg: M{Id=14, Ty=InsertResponse, sId='5562', rId='5562', data=104}
D/AndroidRuntime( 2416): 
D/AndroidRuntime( 2416): >>>>>> AndroidRuntime START com.android.internal.os.RuntimeInit <<<<<<
W/linker  ( 2416): libdvm.so has text relocations. This is wasting memory and is a security risk. Please fix.
D/AndroidRuntime( 2416): CheckJNI is ON
D/dalvikvm( 2416): Trying to load lib libjavacore.so 0x0
D/dalvikvm( 2416): Added shared lib libjavacore.so 0x0
D/dalvikvm( 2416): Trying to load lib libnativehelper.so 0x0
D/dalvikvm( 2416): Added shared lib libnativehelper.so 0x0
D/dalvikvm( 2416): No JNI_OnLoad found in libnativehelper.so 0x0, skipping init
I/SDY     ( 2333): [SERVER]: M{Id=30, Ty=Insert, sId='5558', rId='5554', data=Row{ver=1, k='SZRq5eUan3Hm5pmCHfFWpBPEnl7npxST', v='2CPxlhfL8PXiQt6Iw5HSgBzhuBtJ1Jul'}}
I/SDY     ( 2333): [HandleMessage]: M{Id=30, Ty=Insert, sId='5558', rId='5554', data=Row{ver=1, k='SZRq5eUan3Hm5pmCHfFWpBPEnl7npxST', v='2CPxlhfL8PXiQt6Iw5HSgBzhuBtJ1Jul'}}
I/SDY     ( 2333): [Insert]:H: M{Id=30, Ty=Insert, sId='5558', rId='5554', data=Row{ver=1, k='SZRq5eUan3Hm5pmCHfFWpBPEnl7npxST', v='2CPxlhfL8PXiQt6Iw5HSgBzhuBtJ1Jul'}}
I/SDY     ( 2333): [[Query]:Local: SZRq5eUan3Hm5pmCHfFWpBPEnl7npxST ,count: 0
I/SDY     ( 2333): [Insert]:Local: value=2CPxlhfL8PXiQt6Iw5HSgBzhuBtJ1Jul node=5554 key=SZRq5eUan3Hm5pmCHfFWpBPEnl7npxST version=1 ,rowId: 105
I/SDY     ( 2333): [Insert]:H:Done: M{Id=30, Ty=InsertResponse, sId='5558', rId='5558', data=105}
I/SDY     ( 2333): [MSend]: M{Id=30, Ty=InsertResponse, sId='5558', rId='5558', data=105}
I/SDY     ( 2333): [MSend]: port: 11116 msg: M{Id=30, Ty=InsertResponse, sId='5558', rId='5558', data=105}
D/dalvikvm( 2416): Note: class Landroid/app/ActivityManagerNative; has 179 unimplemented (abstract) methods
E/memtrack( 2416): Couldn't load memtrack module (No such file or directory)
E/android.os.Debug( 2416): failed to load memtrack module: -2
D/AndroidRuntime( 2416): Calling main entry com.android.commands.content.Content
I/SDY     ( 2333): [Insert]: value=H7Ii5RS6VARUWSlUZy4WkSHtQeGKHXoU key=KTKuD1rBlsd700W9QBJWvdhn031RaMuj
I/SDY     ( 2333): [Insert]: [5562, 5556, 5554] ,m: M{Id=8, Ty=Insert, sId='5554', rId='null', data=Row{ver=1, k='KTKuD1rBlsd700W9QBJWvdhn031RaMuj', v='H7Ii5RS6VARUWSlUZy4WkSHtQeGKHXoU'}}
I/SDY     ( 2333): [Add_Msg_Q]: M{Id=8, Ty=Insert, sId='5554', rId='5562', data=Row{ver=1, k='KTKuD1rBlsd700W9QBJWvdhn031RaMuj', v='H7Ii5RS6VARUWSlUZy4WkSHtQeGKHXoU'}}
I/SDY     ( 2333): [Add_Msg_Q]: M{Id=8, Ty=Insert, sId='5554', rId='5556', data=Row{ver=1, k='KTKuD1rBlsd700W9QBJWvdhn031RaMuj', v='H7Ii5RS6VARUWSlUZy4WkSHtQeGKHXoU'}}
I/SDY     ( 2333): [Add_Msg_Q]: M{Id=8, Ty=Insert, sId='5554', rId='5554', data=Row{ver=1, k='KTKuD1rBlsd700W9QBJWvdhn031RaMuj', v='H7Ii5RS6VARUWSlUZy4WkSHtQeGKHXoU'}}
I/SDY     ( 2333): [MSend]: M{Id=8, Ty=Insert, sId='5554', rId='5562', data=Row{ver=1, k='KTKuD1rBlsd700W9QBJWvdhn031RaMuj', v='H7Ii5RS6VARUWSlUZy4WkSHtQeGKHXoU'}}
