I/SDY     ( 7648): [MSend]: M{Id=16, Ty=Query, sId='5554', rId='5554', data=Row{ver=1, k='BuAt0bSSs6JyecYJPU6AmJppr880KJKb', v='null'}}
I/SDY     ( 7648): [HandleMessage]: M{Id=16, Ty=Query, sId='5554', rId='5554', data=Row{ver=1, k='BuAt0bSSs6JyecYJPU6AmJppr880KJKb', v='null'}}
I/SDY     ( 7648): [Query]:H: M{Id=16, Ty=Query, sId='5554', rId='5554', data=Row{ver=1, k='BuAt0bSSs6JyecYJPU6AmJppr880KJKb', v='null'}}
I/SDY     ( 7648): [MSend]: M{Id=16, Ty=Query, sId='5554', rId='5556', data=Row{ver=1, k='BuAt0bSSs6JyecYJPU6AmJppr880KJKb', v='null'}}
I/SDY     ( 7648): [MSend]: port: 11112 msg: M{Id=16, Ty=Query, sId='5554', rId='5556', data=Row{ver=1, k='BuAt0bSSs6JyecYJPU6AmJppr880KJKb', v='null'}}
I/SDY     ( 7648): [[Query]:Local: BuAt0bSSs6JyecYJPU6AmJppr880KJKb ,count: 1
I/SDY     ( 7648): [Query]:H:Done M{Id=16, Ty=QueryResponse, sId='5554', rId='5554', data=Row{ver=1, k='BuAt0bSSs6JyecYJPU6AmJppr880KJKb', v='qRCiOJzkN4ZWjfkVzaXUw1QoTN9DJNKU'}}
I/SDY     ( 7648): [SERVER]: M{Id=15, Ty=InsertResponse, sId='5554', rId='5554', data=27}
I/SDY     ( 7648): [HandleMessage]: M{Id=15, Ty=InsertResponse, sId='5554', rId='5554', data=27}
I/SDY     ( 7648): [Response]:H: M{Id=15, Ty=InsertResponse, sId='5554', rId='5554', data=27}
I/SDY     ( 7648): [Insert]:Done: M{Id=15, Ty=Insert, sId='5554', rId='null', data=Row{ver=1, k='IQTeAN5vIuK0QjzHnzXgCLw3iAxnAx3a', v='0hQuMqEhMyD4nsmBBSZwUaFyLI56nAhm'}}
I/SDY     ( 7648): [Insert]:Done: value=0hQuMqEhMyD4nsmBBSZwUaFyLI56nAhm key=IQTeAN5vIuK0QjzHnzXgCLw3iAxnAx3a Done:r: 1
D/AndroidRuntime( 7809): Shutting down VM
D/jdwp    ( 7809): Got wake-up signal, bailing out of select
D/dalvikvm( 7809): Debugger has detached; object registry had 1 entries
I/SDY     ( 7648): [MSend]: M{Id=16, Ty=Query, sId='5554', rId='5562', data=Row{ver=1, k='BuAt0bSSs6JyecYJPU6AmJppr880KJKb', v='null'}}
I/SDY     ( 7648): [MSend]: port: 11124 msg: M{Id=16, Ty=Query, sId='5554', rId='5562', data=Row{ver=1, k='BuAt0bSSs6JyecYJPU6AmJppr880KJKb', v='null'}}
I/SDY     ( 7648): [MSend]: M{Id=16, Ty=QueryResponse, sId='5554', rId='5554', data=Row{ver=1, k='BuAt0bSSs6JyecYJPU6AmJppr880KJKb', v='qRCiOJzkN4ZWjfkVzaXUw1QoTN9DJNKU'}}
I/SDY     ( 7648): [HandleMessage]: M{Id=16, Ty=QueryResponse, sId='5554', rId='5554', data=Row{ver=1, k='BuAt0bSSs6JyecYJPU6AmJppr880KJKb', v='qRCiOJzkN4ZWjfkVzaXUw1QoTN9DJNKU'}}
I/SDY     ( 7648): [Response]:H: M{Id=16, Ty=QueryResponse, sId='5554', rId='5554', data=Row{ver=1, k='BuAt0bSSs6JyecYJPU6AmJppr880KJKb', v='qRCiOJzkN4ZWjfkVzaXUw1QoTN9DJNKU'}}
I/SDY     ( 7648): [MSend]: M{Id=14, Ty=InsertResponse, sId='5562', rId='5562', data=14}
I/SDY     ( 7648): [MSend]: port: 11124 msg: M{Id=14, Ty=InsertResponse, sId='5562', rId='5562', data=14}
I/SDY     ( 7648): [SERVER]: M{Id=16, Ty=QueryResponse, sId='5554', rId='5554', data=Row{ver=1, k='BuAt0bSSs6JyecYJPU6AmJppr880KJKb', v='qRCiOJzkN4ZWjfkVzaXUw1QoTN9DJNKU'}}
I/SDY     ( 7648): [HandleMessage]: M{Id=16, Ty=QueryResponse, sId='5554', rId='5554', data=Row{ver=1, k='BuAt0bSSs6JyecYJPU6AmJppr880KJKb', v='qRCiOJzkN4ZWjfkVzaXUw1QoTN9DJNKU'}}
I/SDY     ( 7648): [Response]:H: M{Id=16, Ty=QueryResponse, sId='5554', rId='5554', data=Row{ver=1, k='BuAt0bSSs6JyecYJPU6AmJppr880KJKb', v='qRCiOJzkN4ZWjfkVzaXUw1QoTN9DJNKU'}}
I/SDY     ( 7648): [Query]:Done: BuAt0bSSs6JyecYJPU6AmJppr880KJKb,value: qRCiOJzkN4ZWjfkVzaXUw1QoTN9DJNKU ,version: 1
I/SDY     ( 7648): [Query]:Done: BuAt0bSSs6JyecYJPU6AmJppr880KJKb ,cursor:  1
D/AndroidRuntime( 7818): Shutting down VM
D/dalvikvm( 7818): Debugger has detached; object registry had 1 entries
I/SDY     ( 7648): [SERVER]: M{Id=15, Ty=InsertResponse, sId='5554', rId='5554', data=35}
I/SDY     ( 7648): [HandleMessage]: M{Id=15, Ty=InsertResponse, sId='5554', rId='5554', data=35}
I/SDY     ( 7648): [Response]:H: M{Id=15, Ty=InsertResponse, sId='5554', rId='5554', data=35}
I/SDY     ( 7648): [SERVER]: M{Id=16, Ty=QueryResponse, sId='5554', rId='5554', data=Row{ver=1, k='BuAt0bSSs6JyecYJPU6AmJppr880KJKb', v='qRCiOJzkN4ZWjfkVzaXUw1QoTN9DJNKU'}}
I/SDY     ( 7648): [HandleMessage]: M{Id=16, Ty=QueryResponse, sId='5554', rId='5554', data=Row{ver=1, k='BuAt0bSSs6JyecYJPU6AmJppr880KJKb', v='qRCiOJzkN4ZWjfkVzaXUw1QoTN9DJNKU'}}
I/SDY     ( 7648): [Response]:H: M{Id=16, Ty=QueryResponse, sId='5554', rId='5554', data=Row{ver=1, k='BuAt0bSSs6JyecYJPU6AmJppr880KJKb', v='qRCiOJzkN4ZWjfkVzaXUw1QoTN9DJNKU'}}
I/SDY     ( 7648): [SERVER]: M{Id=17, Ty=Query, sId='5558', rId='5554', data=Row{ver=1, k='e6rtlQZvad4aX3YeTJ2ZYeRBtVbHYbvn', v='null'}}
I/SDY     ( 7648): [HandleMessage]: M{Id=17, Ty=Query, sId='5558', rId='5554', data=Row{ver=1, k='e6rtlQZvad4aX3YeTJ2ZYeRBtVbHYbvn', v='null'}}
I/SDY     ( 7648): [Query]:H: M{Id=17, Ty=Query, sId='5558', rId='5554', data=Row{ver=1, k='e6rtlQZvad4aX3YeTJ2ZYeRBtVbHYbvn', v='null'}}
I/SDY     ( 7648): [[Query]:Local: e6rtlQZvad4aX3YeTJ2ZYeRBtVbHYbvn ,count: 1
I/SDY     ( 7648): [Query]:H:Done M{Id=17, Ty=QueryResponse, sId='5558', rId='5558', data=Row{ver=1, k='e6rtlQZvad4aX3YeTJ2ZYeRBtVbHYbvn', v='MMyzRGW2X4cTqXsO6CdbQfTTsFBqH2qy'}}
I/SDY     ( 7648): [MSend]: M{Id=17, Ty=QueryResponse, sId='5558', rId='5558', data=Row{ver=1, k='e6rtlQZvad4aX3YeTJ2ZYeRBtVbHYbvn', v='MMyzRGW2X4cTqXsO6CdbQfTTsFBqH2qy'}}
I/SDY     ( 7648): [MSend]: port: 11116 msg: M{Id=17, Ty=QueryResponse, sId='5558', rId='5558', data=Row{ver=1, k='e6rtlQZvad4aX3YeTJ2ZYeRBtVbHYbvn', v='MMyzRGW2X4cTqXsO6CdbQfTTsFBqH2qy'}}
I/SDY     ( 7648): [SERVER]: M{Id=17, Ty=Query, sId='5556', rId='5554', data=Row{ver=1, k='3o8OO41jDOrzFHkPZdPTjyRDHQ4tfnqU', v='null'}}
I/SDY     ( 7648): [HandleMessage]: M{Id=17, Ty=Query, sId='5556', rId='5554', data=Row{ver=1, k='3o8OO41jDOrzFHkPZdPTjyRDHQ4tfnqU', v='null'}}
I/SDY     ( 7648): [Query]:H: M{Id=17, Ty=Query, sId='5556', rId='5554', data=Row{ver=1, k='3o8OO41jDOrzFHkPZdPTjyRDHQ4tfnqU', v='null'}}
I/SDY     ( 7648): [[Query]:Local: 3o8OO41jDOrzFHkPZdPTjyRDHQ4tfnqU ,count: 1
I/SDY     ( 7648): [Query]:H:Done M{Id=17, Ty=QueryResponse, sId='5556', rId='5556', data=Row{ver=1, k='3o8OO41jDOrzFHkPZdPTjyRDHQ4tfnqU', v='MHDWerWrxsLNQk6tZ3AgztacbKSTqHoy'}}
I/SDY     ( 7648): [MSend]: M{Id=17, Ty=QueryResponse, sId='5556', rId='5556', data=Row{ver=1, k='3o8OO41jDOrzFHkPZdPTjyRDHQ4tfnqU', v='MHDWerWrxsLNQk6tZ3AgztacbKSTqHoy'}}
I/SDY     ( 7648): [MSend]: port: 11112 msg: M{Id=17, Ty=QueryResponse, sId='5556', rId='5556', data=Row{ver=1, k='3o8OO41jDOrzFHkPZdPTjyRDHQ4tfnqU', v='MHDWerWrxsLNQk6tZ3AgztacbKSTqHoy'}}
D/AndroidRuntime( 7831): 
D/AndroidRuntime( 7831): >>>>>> AndroidRuntime START com.android.internal.os.RuntimeInit <<<<<<
W/linker  ( 7831): libdvm.so has text relocations. This is wasting memory and is a security risk. Please fix.
D/AndroidRuntime( 7831): CheckJNI is ON
D/dalvikvm( 7831): Trying to load lib libjavacore.so 0x0
D/dalvikvm( 7831): Added shared lib libjavacore.so 0x0
D/dalvikvm( 7831): Trying to load lib libnativehelper.so 0x0
D/dalvikvm( 7831): Added shared lib libnativehelper.so 0x0
D/dalvikvm( 7831): No JNI_OnLoad found in libnativehelper.so 0x0, skipping init
D/dalvikvm( 7831): Note: class Landroid/app/ActivityManagerNative; has 179 unimplemented (abstract) methods
D/AndroidRuntime( 7840): 
D/AndroidRuntime( 7840): >>>>>> AndroidRuntime START com.android.internal.os.RuntimeInit <<<<<<
W/linker  ( 7840): libdvm.so has text relocations. This is wasting memory and is a security risk. Please fix.
D/AndroidRuntime( 7840): CheckJNI is ON
D/dalvikvm( 7840): Trying to load lib libjavacore.so 0x0
D/dalvikvm( 7840): Added shared lib libjavacore.so 0x0
D/dalvikvm( 7840): Trying to load lib libnativehelper.so 0x0
D/dalvikvm( 7840): Added shared lib libnativehelper.so 0x0
D/dalvikvm( 7840): No JNI_OnLoad found in libnativehelper.so 0x0, skipping init
D/dalvikvm( 7840): Note: class Landroid/app/ActivityManagerNative; has 179 unimplemented (abstract) methods
E/memtrack( 7831): Couldn't load memtrack module (No such file or directory)
E/android.os.Debug( 7831): failed to load memtrack module: -2
I/SDY     ( 7648): [SERVER]: M{Id=17, Ty=Query, sId='5560', rId='5554', data=Row{ver=1, k='UEOABrzsnJaVwyXlsMByddRFbULFkMHU', v='null'}}
I/SDY     ( 7648): [HandleMessage]: M{Id=17, Ty=Query, sId='5560', rId='5554', data=Row{ver=1, k='UEOABrzsnJaVwyXlsMByddRFbULFkMHU', v='null'}}
I/SDY     ( 7648): [Query]:H: M{Id=17, Ty=Query, sId='5560', rId='5554', data=Row{ver=1, k='UEOABrzsnJaVwyXlsMByddRFbULFkMHU', v='null'}}
I/SDY     ( 7648): [[Query]:Local: UEOABrzsnJaVwyXlsMByddRFbULFkMHU ,count: 1
I/SDY     ( 7648): [Query]:H:Done M{Id=17, Ty=QueryResponse, sId='5560', rId='5560', data=Row{ver=1, k='UEOABrzsnJaVwyXlsMByddRFbULFkMHU', v='YlJmlywF2g6ANqraDlR5gwgx20Y4BaDb'}}
I/SDY     ( 7648): [MSend]: M{Id=17, Ty=QueryResponse, sId='5560', rId='5560', data=Row{ver=1, k='UEOABrzsnJaVwyXlsMByddRFbULFkMHU', v='YlJmlywF2g6ANqraDlR5gwgx20Y4BaDb'}}
I/SDY     ( 7648): [MSend]: port: 11120 msg: M{Id=17, Ty=QueryResponse, sId='5560', rId='5560', data=Row{ver=1, k='UEOABrzsnJaVwyXlsMByddRFbULFkMHU', v='YlJmlywF2g6ANqraDlR5gwgx20Y4BaDb'}}
D/AndroidRuntime( 7831): Calling main entry com.android.commands.content.Content
E/memtrack( 7840): Couldn't load memtrack module (No such file or directory)
E/android.os.Debug( 7840): failed to load memtrack module: -2
D/dalvikvm( 7648): GC_FOR_ALLOC freed 515K, 17% free 2881K/3468K, paused 139ms, total 141ms
I/SDY     ( 7648): [Query]: IQTeAN5vIuK0QjzHnzXgCLw3iAxnAx3a
I/SDY     ( 7648): [Query]: IQTeAN5vIuK0QjzHnzXgCLw3iAxnAx3a
I/SDY     ( 7648): [Query]: M{Id=17, Ty=Query, sId='5554', rId='null', data=Row{ver=1, k='IQTeAN5vIuK0QjzHnzXgCLw3iAxnAx3a', v='null'}} ,nodes: [5558, 5560, 5562]
I/SDY     ( 7648): [Add_Msg_Q]: M{Id=17, Ty=Query, sId='5554', rId='5558', data=Row{ver=1, k='IQTeAN5vIuK0QjzHnzXgCLw3iAxnAx3a', v='null'}}
I/SDY     ( 7648): [Add_Msg_Q]: M{Id=17, Ty=Query, sId='5554', rId='5560', data=Row{ver=1, k='IQTeAN5vIuK0QjzHnzXgCLw3iAxnAx3a', v='null'}}
I/SDY     ( 7648): [Add_Msg_Q]: M{Id=17, Ty=Query, sId='5554', rId='5562', data=Row{ver=1, k='IQTeAN5vIuK0QjzHnzXgCLw3iAxnAx3a', v='null'}}
I/SDY     ( 7648): [SERVER]: M{Id=16, Ty=Query, sId='5562', rId='5554', data=Row{ver=1, k='YajIZTbgvehMFniAmG7KqrzOfcwn8VtX', v='null'}}
I/SDY     ( 7648): [HandleMessage]: M{Id=16, Ty=Query, sId='5562', rId='5554', data=Row{ver=1, k='YajIZTbgvehMFniAmG7KqrzOfcwn8VtX', v='null'}}
I/SDY     ( 7648): [Query]:H: M{Id=16, Ty=Query, sId='5562', rId='5554', data=Row{ver=1, k='YajIZTbgvehMFniAmG7KqrzOfcwn8VtX', v='null'}}
I/SDY     ( 7648): [[Query]:Local: YajIZTbgvehMFniAmG7KqrzOfcwn8VtX ,count: 1
I/SDY     ( 7648): [Query]:H:Done M{Id=16, Ty=QueryResponse, sId='5562', rId='5562', data=Row{ver=1, k='YajIZTbgvehMFniAmG7KqrzOfcwn8VtX', v='QiuiHuLWKillPaUFkPK9ApKC2t5pFsPt'}}
I/SDY     ( 7648): [MSend]: M{Id=17, Ty=Query, sId='5554', rId='5558', data=Row{ver=1, k='IQTeAN5vIuK0QjzHnzXgCLw3iAxnAx3a', v='null'}}
I/SDY     ( 7648): [MSend]: port: 11116 msg: M{Id=17, Ty=Query, sId='5554', rId='5558', data=Row{ver=1, k='IQTeAN5vIuK0QjzHnzXgCLw3iAxnAx3a', v='null'}}
D/AndroidRuntime( 7840): Calling main entry com.android.commands.content.Content
I/SDY     ( 7648): [Insert]: value=ohstFaWMNuJQi2UcCKAFqVbpgInCqhU8 key=APMvQvC8Lptcyn8jiUksDbgBHGKVbFsA
I/SDY     ( 7648): [Insert]: [5562, 5556, 5554] ,m: M{Id=18, Ty=Insert, sId='5554', rId='null', data=Row{ver=1, k='APMvQvC8Lptcyn8jiUksDbgBHGKVbFsA', v='ohstFaWMNuJQi2UcCKAFqVbpgInCqhU8'}}
I/SDY     ( 7648): [Add_Msg_Q]: M{Id=18, Ty=Insert, sId='5554', rId='5562', data=Row{ver=1, k='APMvQvC8Lptcyn8jiUksDbgBHGKVbFsA', v='ohstFaWMNuJQi2UcCKAFqVbpgInCqhU8'}}
I/SDY     ( 7648): [Add_Msg_Q]: M{Id=18, Ty=Insert, sId='5554', rId='5556', data=Row{ver=1, k='APMvQvC8Lptcyn8jiUksDbgBHGKVbFsA', v='ohstFaWMNuJQi2UcCKAFqVbpgInCqhU8'}}
I/SDY     ( 7648): [Add_Msg_Q]: M{Id=18, Ty=Insert, sId='5554', rId='5554', data=Row{ver=1, k='APMvQvC8Lptcyn8jiUksDbgBHGKVbFsA', v='ohstFaWMNuJQi2UcCKAFqVbpgInCqhU8'}}
I/SDY     ( 7648): [MSend]: M{Id=16, Ty=QueryResponse, sId='5562', rId='5562', data=Row{ver=1, k='YajIZTbgvehMFniAmG7KqrzOfcwn8VtX', v='QiuiHuLWKillPaUFkPK9ApKC2t5pFsPt'}}
I/SDY     ( 7648): [MSend]: port: 11124 msg: M{Id=16, Ty=QueryResponse, sId='5562', rId='5562', data=Row{ver=1, k='YajIZTbgvehMFniAmG7KqrzOfcwn8VtX', v='QiuiHuLWKillPaUFkPK9ApKC2t5pFsPt'}}
I/SDY     ( 7648): [MSend]: M{Id=18, Ty=Insert, sId='5554', rId='5554', data=Row{ver=1, k='APMvQvC8Lptcyn8jiUksDbgBHGKVbFsA', v='ohstFaWMNuJQi2UcCKAFqVbpgInCqhU8'}}
I/SDY     ( 7648): [HandleMessage]: M{Id=18, Ty=Insert, sId='5554', rId='5554', data=Row{ver=1, k='APMvQvC8Lptcyn8jiUksDbgBHGKVbFsA', v='ohstFaWMNuJQi2UcCKAFqVbpgInCqhU8'}}
I/SDY     ( 7648): [Insert]:H: M{Id=18, Ty=Insert, sId='5554', rId='5554', data=Row{ver=1, k='APMvQvC8Lptcyn8jiUksDbgBHGKVbFsA', v='ohstFaWMNuJQi2UcCKAFqVbpgInCqhU8'}}
I/SDY     ( 7648): [[Query]:Local: APMvQvC8Lptcyn8jiUksDbgBHGKVbFsA ,count: 0
I/SDY     ( 7648): [MSend]: M{Id=18, Ty=Insert, sId='5554', rId='5556', data=Row{ver=1, k='APMvQvC8Lptcyn8jiUksDbgBHGKVbFsA', v='ohstFaWMNuJQi2UcCKAFqVbpgInCqhU8'}}
I/SDY     ( 7648): [MSend]: port: 11112 msg: M{Id=18, Ty=Insert, sId='5554', rId='5556', data=Row{ver=1, k='APMvQvC8Lptcyn8jiUksDbgBHGKVbFsA', v='ohstFaWMNuJQi2UcCKAFqVbpgInCqhU8'}}
I/SDY     ( 7648): [Insert]:Local: value=ohstFaWMNuJQi2UcCKAFqVbpgInCqhU8 node=5562 key=APMvQvC8Lptcyn8jiUksDbgBHGKVbFsA version=1 ,rowId: 15
I/SDY     ( 7648): [Insert]:H:Done: M{Id=18, Ty=InsertResponse, sId='5554', rId='5554', data=15}
I/SDY     ( 7648): [MSend]: M{Id=18, Ty=Insert, sId='5554', rId='5562', data=Row{ver=1, k='APMvQvC8Lptcyn8jiUksDbgBHGKVbFsA', v='ohstFaWMNuJQi2UcCKAFqVbpgInCqhU8'}}
I/SDY     ( 7648): [MSend]: port: 11124 msg: M{Id=18, Ty=Insert, sId='5554', rId='5562', data=Row{ver=1, k='APMvQvC8Lptcyn8jiUksDbgBHGKVbFsA', v='ohstFaWMNuJQi2UcCKAFqVbpgInCqhU8'}}
I/SDY     ( 7648): [MSend]: M{Id=18, Ty=InsertResponse, sId='5554', rId='5554', data=15}
I/SDY     ( 7648): [HandleMessage]: M{Id=18, Ty=InsertResponse, sId='5554', rId='5554', data=15}
I/SDY     ( 7648): [Response]:H: M{Id=18, Ty=InsertResponse, sId='5554', rId='5554', data=15}
I/SDY     ( 7648): [MSend]: M{Id=17, Ty=Query, sId='5554', rId='5562', data=Row{ver=1, k='IQTeAN5vIuK0QjzHnzXgCLw3iAxnAx3a', v='null'}}
I/SDY     ( 7648): [MSend]: port: 11124 msg: M{Id=17, Ty=Query, sId='5554', rId='5562', data=Row{ver=1, k='IQTeAN5vIuK0QjzHnzXgCLw3iAxnAx3a', v='null'}}
I/SDY     ( 7648): [MSend]: M{Id=17, Ty=Query, sId='5554', rId='5560', data=Row{ver=1, k='IQTeAN5vIuK0QjzHnzXgCLw3iAxnAx3a', v='null'}}
I/SDY     ( 7648): [MSend]: port: 11120 msg: M{Id=17, Ty=Query, sId='5554', rId='5560', data=Row{ver=1, k='IQTeAN5vIuK0QjzHnzXgCLw3iAxnAx3a', v='null'}}
I/SDY     ( 7648): [SERVER]: M{Id=18, Ty=InsertResponse, sId='5554', rId='5554', data=38}
I/SDY     ( 7648): [HandleMessage]: M{Id=18, Ty=InsertResponse, sId='5554', rId='5554', data=38}
I/SDY     ( 7648): [Response]:H: M{Id=18, Ty=InsertResponse, sId='5554', rId='5554', data=38}
I/SDY     ( 7648): [Insert]:Done: M{Id=18, Ty=Insert, sId='5554', rId='null', data=Row{ver=1, k='APMvQvC8Lptcyn8jiUksDbgBHGKVbFsA', v='ohstFaWMNuJQi2UcCKAFqVbpgInCqhU8'}}
I/SDY     ( 7648): [Insert]:Done: value=ohstFaWMNuJQi2UcCKAFqVbpgInCqhU8 key=APMvQvC8Lptcyn8jiUksDbgBHGKVbFsA Done:r: 1
D/AndroidRuntime( 7840): Shutting down VM
D/jdwp    ( 7840): Got wake-up signal, bailing out of select
D/dalvikvm( 7840): Debugger has detached; object registry had 1 entries
I/SDY     ( 7648): [SERVER]: M{Id=17, Ty=QueryResponse, sId='5554', rId='5554', data=Row{ver=1, k='IQTeAN5vIuK0QjzHnzXgCLw3iAxnAx3a', v='0hQuMqEhMyD4nsmBBSZwUaFyLI56nAhm'}}
I/SDY     ( 7648): [HandleMessage]: M{Id=17, Ty=QueryResponse, sId='5554', rId='5554', data=Row{ver=1, k='IQTeAN5vIuK0QjzHnzXgCLw3iAxnAx3a', v='0hQuMqEhMyD4nsmBBSZwUaFyLI56nAhm'}}
I/SDY     ( 7648): [Response]:H: M{Id=17, Ty=QueryResponse, sId='5554', rId='5554', data=Row{ver=1, k='IQTeAN5vIuK0QjzHnzXgCLw3iAxnAx3a', v='0hQuMqEhMyD4nsmBBSZwUaFyLI56nAhm'}}
I/SDY     ( 7648): [SERVER]: M{Id=18, Ty=InsertResponse, sId='5554', rId='5554', data=19}
I/SDY     ( 7648): [HandleMessage]: M{Id=18, Ty=InsertResponse, sId='5554', rId='5554', data=19}
I/SDY     ( 7648): [Response]:H: M{Id=18, Ty=InsertResponse, sId='5554', rId='5554', data=19}
I/SDY     ( 7648): [SERVER]: M{Id=17, Ty=QueryResponse, sId='5554', rId='5554', data=Row{ver=1, k='IQTeAN5vIuK0QjzHnzXgCLw3iAxnAx3a', v='0hQuMqEhMyD4nsmBBSZwUaFyLI56nAhm'}}
I/SDY     ( 7648): [HandleMessage]: M{Id=17, Ty=QueryResponse, sId='5554', rId='5554', data=Row{ver=1, k='IQTeAN5vIuK0QjzHnzXgCLw3iAxnAx3a', v='0hQuMqEhMyD4nsmBBSZwUaFyLI56nAhm'}}
I/SDY     ( 7648): [Response]:H: M{Id=17, Ty=QueryResponse, sId='5554', rId='5554', data=Row{ver=1, k='IQTeAN5vIuK0QjzHnzXgCLw3iAxnAx3a', v='0hQuMqEhMyD4nsmBBSZwUaFyLI56nAhm'}}
I/SDY     ( 7648): [Query]:Done: IQTeAN5vIuK0QjzHnzXgCLw3iAxnAx3a,value: 0hQuMqEhMyD4nsmBBSZwUaFyLI56nAhm ,version: 1
I/SDY     ( 7648): [Query]:Done: IQTeAN5vIuK0QjzHnzXgCLw3iAxnAx3a ,cursor:  1
I/SDY     ( 7648): [SERVER]: M{Id=17, Ty=QueryResponse, sId='5554', rId='5554', data=Row{ver=1, k='IQTeAN5vIuK0QjzHnzXgCLw3iAxnAx3a', v='0hQuMqEhMyD4nsmBBSZwUaFyLI56nAhm'}}
I/SDY     ( 7648): [HandleMessage]: M{Id=17, Ty=QueryResponse, sId='5554', rId='5554', data=Row{ver=1, k='IQTeAN5vIuK0QjzHnzXgCLw3iAxnAx3a', v='0hQuMqEhMyD4nsmBBSZwUaFyLI56nAhm'}}
I/SDY     ( 7648): [Response]:H: M{Id=17, Ty=QueryResponse, sId='5554', rId='5554', data=Row{ver=1, k='IQTeAN5vIuK0QjzHnzXgCLw3iAxnAx3a', v='0hQuMqEhMyD4nsmBBSZwUaFyLI56nAhm'}}
D/AndroidRuntime( 7831): Shutting down VM
D/dalvikvm( 7831): Debugger has detached; object registry had 1 entries
I/SDY     ( 7648): [SERVER]: M{Id=18, Ty=Insert, sId='5556', rId='5554', data=Row{ver=1, k='rYm3aH14XPz5qH2WPS4cXg1hM23MnC9a', v='4DeK1Za45vEYRPVZxVlec672WJttSHqO'}}
I/SDY     ( 7648): [HandleMessage]: M{Id=18, Ty=Insert, sId='5556', rId='5554', data=Row{ver=1, k='rYm3aH14XPz5qH2WPS4cXg1hM23MnC9a', v='4DeK1Za45vEYRPVZxVlec672WJttSHqO'}}
I/SDY     ( 7648): [Insert]:H: M{Id=18, Ty=Insert, sId='5556', rId='5554', data=Row{ver=1, k='rYm3aH14XPz5qH2WPS4cXg1hM23MnC9a', v='4DeK1Za45vEYRPVZxVlec672WJttSHqO'}}
I/SDY     ( 7648): [[Query]:Local: rYm3aH14XPz5qH2WPS4cXg1hM23MnC9a ,count: 0
I/SDY     ( 7648): [Insert]:Local: value=4DeK1Za45vEYRPVZxVlec672WJttSHqO node=5562 key=rYm3aH14XPz5qH2WPS4cXg1hM23MnC9a version=1 ,rowId: 16
I/SDY     ( 7648): [Insert]:H:Done: M{Id=18, Ty=InsertResponse, sId='5556', rId='5556', data=16}
I/SDY     ( 7648): [MSend]: M{Id=18, Ty=InsertResponse, sId='5556', rId='5556', data=16}
I/SDY     ( 7648): [MSend]: port: 11112 msg: M{Id=18, Ty=InsertResponse, sId='5556', rId='5556', data=16}
I/SDY     ( 7648): [SERVER]: M{Id=19, Ty=Insert, sId='5558', rId='5554', data=Row{ver=1, k='IFYQ8gjAD2A10kMRid9etENtp8ZeBcnO', v='AUwSkH902jPfq4SylqjTv30JnhZYA8tU'}}
I/SDY     ( 7648): [HandleMessage]: M{Id=19, Ty=Insert, sId='5558', rId='5554', data=Row{ver=1, k='IFYQ8gjAD2A10kMRid9etENtp8ZeBcnO', v='AUwSkH902jPfq4SylqjTv30JnhZYA8tU'}}
I/SDY     ( 7648): [Insert]:H: M{Id=19, Ty=Insert, sId='5558', rId='5554', data=Row{ver=1, k='IFYQ8gjAD2A10kMRid9etENtp8ZeBcnO', v='AUwSkH902jPfq4SylqjTv30JnhZYA8tU'}}
I/SDY     ( 7648): [[Query]:Local: IFYQ8gjAD2A10kMRid9etENtp8ZeBcnO ,count: 0
I/SDY     ( 7648): [Insert]:Local: value=AUwSkH902jPfq4SylqjTv30JnhZYA8tU node=5554 key=IFYQ8gjAD2A10kMRid9etENtp8ZeBcnO version=1 ,rowId: 17
I/SDY     ( 7648): [Insert]:H:Done: M{Id=19, Ty=InsertResponse, sId='5558', rId='5558', data=17}
I/SDY     ( 7648): [MSend]: M{Id=19, Ty=InsertResponse, sId='5558', rId='5558', data=17}
I/SDY     ( 7648): [MSend]: port: 11116 msg: M{Id=19, Ty=InsertResponse, sId='5558', rId='5558', data=17}
D/AndroidRuntime( 7855): 
D/AndroidRuntime( 7855): >>>>>> AndroidRuntime START com.android.internal.os.RuntimeInit <<<<<<
W/linker  ( 7855): libdvm.so has text relocations. This is wasting memory and is a security risk. Please fix.
D/AndroidRuntime( 7855): CheckJNI is ON
D/AndroidRuntime( 7853): 
D/AndroidRuntime( 7853): >>>>>> AndroidRuntime START com.android.internal.os.RuntimeInit <<<<<<
W/linker  ( 7853): libdvm.so has text relocations. This is wasting memory and is a security risk. Please fix.
D/AndroidRuntime( 7853): CheckJNI is ON
D/dalvikvm( 7855): Trying to load lib libjavacore.so 0x0
D/dalvikvm( 7855): Added shared lib libjavacore.so 0x0
D/dalvikvm( 7853): Trying to load lib libjavacore.so 0x0
D/dalvikvm( 7853): Added shared lib libjavacore.so 0x0
D/dalvikvm( 7855): Trying to load lib libnativehelper.so 0x0
D/dalvikvm( 7855): Added shared lib libnativehelper.so 0x0
D/dalvikvm( 7855): No JNI_OnLoad found in libnativehelper.so 0x0, skipping init
D/dalvikvm( 7853): Trying to load lib libnativehelper.so 0x0
D/dalvikvm( 7853): Added shared lib libnativehelper.so 0x0
D/dalvikvm( 7853): No JNI_OnLoad found in libnativehelper.so 0x0, skipping init
D/dalvikvm( 7853): Note: class Landroid/app/ActivityManagerNative; has 179 unimplemented (abstract) methods
D/dalvikvm( 7855): Note: class Landroid/app/ActivityManagerNative; has 179 unimplemented (abstract) methods
E/memtrack( 7853): Couldn't load memtrack module (No such file or directory)
E/android.os.Debug( 7853): failed to load memtrack module: -2
E/memtrack( 7855): Couldn't load memtrack module (No such file or directory)
E/android.os.Debug( 7855): failed to load memtrack module: -2
I/SDY     ( 7648): [SERVER]: M{Id=19, Ty=Insert, sId='5560', rId='5554', data=Row{ver=1, k='zNjuoWIw5ZQ7C7K0m7TwtcttExStPTZs', v='SUv82o2aWrcaRcPUphVR7ePCo8YBvdov'}}
I/SDY     ( 7648): [HandleMessage]: M{Id=19, Ty=Insert, sId='5560', rId='5554', data=Row{ver=1, k='zNjuoWIw5ZQ7C7K0m7TwtcttExStPTZs', v='SUv82o2aWrcaRcPUphVR7ePCo8YBvdov'}}
I/SDY     ( 7648): [Insert]:H: M{Id=19, Ty=Insert, sId='5560', rId='5554', data=Row{ver=1, k='zNjuoWIw5ZQ7C7K0m7TwtcttExStPTZs', v='SUv82o2aWrcaRcPUphVR7ePCo8YBvdov'}}
I/SDY     ( 7648): [[Query]:Local: zNjuoWIw5ZQ7C7K0m7TwtcttExStPTZs ,count: 0
I/SDY     ( 7648): [Insert]:Local: value=SUv82o2aWrcaRcPUphVR7ePCo8YBvdov node=5562 key=zNjuoWIw5ZQ7C7K0m7TwtcttExStPTZs version=1 ,rowId: 18
I/SDY     ( 7648): [Insert]:H:Done: M{Id=19, Ty=InsertResponse, sId='5560', rId='5560', data=18}
D/AndroidRuntime( 7853): Calling main entry com.android.commands.content.Content
I/SDY     ( 7648): [Query]: APMvQvC8Lptcyn8jiUksDbgBHGKVbFsA
I/SDY     ( 7648): [Query]: APMvQvC8Lptcyn8jiUksDbgBHGKVbFsA
I/SDY     ( 7648): [Query]: M{Id=19, Ty=Query, sId='5554', rId='null', data=Row{ver=1, k='APMvQvC8Lptcyn8jiUksDbgBHGKVbFsA', v='null'}} ,nodes: [5562, 5556, 5554]
I/SDY     ( 7648): [Add_Msg_Q]: M{Id=19, Ty=Query, sId='5554', rId='5562', data=Row{ver=1, k='APMvQvC8Lptcyn8jiUksDbgBHGKVbFsA', v='null'}}
I/SDY     ( 7648): [Add_Msg_Q]: M{Id=19, Ty=Query, sId='5554', rId='5556', data=Row{ver=1, k='APMvQvC8Lptcyn8jiUksDbgBHGKVbFsA', v='null'}}
I/SDY     ( 7648): [Add_Msg_Q]: M{Id=19, Ty=Query, sId='5554', rId='5554', data=Row{ver=1, k='APMvQvC8Lptcyn8jiUksDbgBHGKVbFsA', v='null'}}
D/AndroidRuntime( 7855): Calling main entry com.android.commands.content.Content
I/SDY     ( 7648): [MSend]: M{Id=19, Ty=InsertResponse, sId='5560', rId='5560', data=18}
I/SDY     ( 7648): [MSend]: port: 11120 msg: M{Id=19, Ty=InsertResponse, sId='5560', rId='5560', data=18}
I/SDY     ( 7648): [Insert]: value=8DBEN2RUr50UcPJBF1wrg2F21ARc4tWi key=VgmMqisTDuNSnHbOIS2lVoMOf0YJN45H
I/SDY     ( 7648): [Insert]: [5558, 5560, 5562] ,m: M{Id=20, Ty=Insert, sId='5554', rId='null', data=Row{ver=1, k='VgmMqisTDuNSnHbOIS2lVoMOf0YJN45H', v='8DBEN2RUr50UcPJBF1wrg2F21ARc4tWi'}}
I/SDY     ( 7648): [Add_Msg_Q]: M{Id=20, Ty=Insert, sId='5554', rId='5558', data=Row{ver=1, k='VgmMqisTDuNSnHbOIS2lVoMOf0YJN45H', v='8DBEN2RUr50UcPJBF1wrg2F21ARc4tWi'}}
I/SDY     ( 7648): [Add_Msg_Q]: M{Id=20, Ty=Insert, sId='5554', rId='5560', data=Row{ver=1, k='VgmMqisTDuNSnHbOIS2lVoMOf0YJN45H', v='8DBEN2RUr50UcPJBF1wrg2F21ARc4tWi'}}
I/SDY     ( 7648): [Add_Msg_Q]: M{Id=20, Ty=Insert, sId='5554', rId='5562', data=Row{ver=1, k='VgmMqisTDuNSnHbOIS2lVoMOf0YJN45H', v='8DBEN2RUr50UcPJBF1wrg2F21ARc4tWi'}}
I/SDY     ( 7648): [MSend]: M{Id=19, Ty=Query, sId='5554', rId='5554', data=Row{ver=1, k='APMvQvC8Lptcyn8jiUksDbgBHGKVbFsA', v='null'}}
I/SDY     ( 7648): [HandleMessage]: M{Id=19, Ty=Query, sId='5554', rId='5554', data=Row{ver=1, k='APMvQvC8Lptcyn8jiUksDbgBHGKVbFsA', v='null'}}
I/SDY     ( 7648): [Query]:H: M{Id=19, Ty=Query, sId='5554', rId='5554', data=Row{ver=1, k='APMvQvC8Lptcyn8jiUksDbgBHGKVbFsA', v='null'}}
I/SDY     ( 7648): [[Query]:Local: APMvQvC8Lptcyn8jiUksDbgBHGKVbFsA ,count: 1
I/SDY     ( 7648): [Query]:H:Done M{Id=19, Ty=QueryResponse, sId='5554', rId='5554', data=Row{ver=1, k='APMvQvC8Lptcyn8jiUksDbgBHGKVbFsA', v='ohstFaWMNuJQi2UcCKAFqVbpgInCqhU8'}}
I/SDY     ( 7648): [MSend]: M{Id=20, Ty=Insert, sId='5554', rId='5562', data=Row{ver=1, k='VgmMqisTDuNSnHbOIS2lVoMOf0YJN45H', v='8DBEN2RUr50UcPJBF1wrg2F21ARc4tWi'}}
I/SDY     ( 7648): [MSend]: port: 11124 msg: M{Id=20, Ty=Insert, sId='5554', rId='5562', data=Row{ver=1, k='VgmMqisTDuNSnHbOIS2lVoMOf0YJN45H', v='8DBEN2RUr50UcPJBF1wrg2F21ARc4tWi'}}
I/SDY     ( 7648): [MSend]: M{Id=19, Ty=QueryResponse, sId='5554', rId='5554', data=Row{ver=1, k='APMvQvC8Lptcyn8jiUksDbgBHGKVbFsA', v='ohstFaWMNuJQi2UcCKAFqVbpgInCqhU8'}}
I/SDY     ( 7648): [HandleMessage]: M{Id=19, Ty=QueryResponse, sId='5554', rId='5554', data=Row{ver=1, k='APMvQvC8Lptcyn8jiUksDbgBHGKVbFsA', v='ohstFaWMNuJQi2UcCKAFqVbpgInCqhU8'}}
I/SDY     ( 7648): [Response]:H: M{Id=19, Ty=QueryResponse, sId='5554', rId='5554', data=Row{ver=1, k='APMvQvC8Lptcyn8jiUksDbgBHGKVbFsA', v='ohstFaWMNuJQi2UcCKAFqVbpgInCqhU8'}}
I/SDY     ( 7648): [MSend]: M{Id=20, Ty=Insert, sId='5554', rId='5560', data=Row{ver=1, k='VgmMqisTDuNSnHbOIS2lVoMOf0YJN45H', v='8DBEN2RUr50UcPJBF1wrg2F21ARc4tWi'}}
I/SDY     ( 7648): [MSend]: port: 11120 msg: M{Id=20, Ty=Insert, sId='5554', rId='5560', data=Row{ver=1, k='VgmMqisTDuNSnHbOIS2lVoMOf0YJN45H', v='8DBEN2RUr50UcPJBF1wrg2F21ARc4tWi'}}
I/SDY     ( 7648): [MSend]: M{Id=20, Ty=Insert, sId='5554', rId='5558', data=Row{ver=1, k='VgmMqisTDuNSnHbOIS2lVoMOf0YJN45H', v='8DBEN2RUr50UcPJBF1wrg2F21ARc4tWi'}}
I/SDY     ( 7648): [MSend]: port: 11116 msg: M{Id=20, Ty=Insert, sId='5554', rId='5558', data=Row{ver=1, k='VgmMqisTDuNSnHbOIS2lVoMOf0YJN45H', v='8DBEN2RUr50UcPJBF1wrg2F21ARc4tWi'}}
I/SDY     ( 7648): [SERVER]: M{Id=18, Ty=Insert, sId='5562', rId='5554', data=Row{ver=1, k='xjX6dxzCMje4k49nUMK6sv5Xlk9DmTvl', v='XIa2Luox0gV9YXU4GxZlRT2IveFDvIRU'}}
I/SDY     ( 7648): [HandleMessage]: M{Id=18, Ty=Insert, sId='5562', rId='5554', data=Row{ver=1, k='xjX6dxzCMje4k49nUMK6sv5Xlk9DmTvl', v='XIa2Luox0gV9YXU4GxZlRT2IveFDvIRU'}}
I/SDY     ( 7648): [Insert]:H: M{Id=18, Ty=Insert, sId='5562', rId='5554', data=Row{ver=1, k='xjX6dxzCMje4k49nUMK6sv5Xlk9DmTvl', v='XIa2Luox0gV9YXU4GxZlRT2IveFDvIRU'}}
I/SDY     ( 7648): [[Query]:Local: xjX6dxzCMje4k49nUMK6sv5Xlk9DmTvl ,count: 0
I/SDY     ( 7648): [SERVER]: M{Id=20, Ty=InsertResponse, sId='5554', rId='5554', data=34}
I/SDY     ( 7648): [Insert]:Local: value=XIa2Luox0gV9YXU4GxZlRT2IveFDvIRU node=5562 key=xjX6dxzCMje4k49nUMK6sv5Xlk9DmTvl version=1 ,rowId: 19
I/SDY     ( 7648): [Insert]:H:Done: M{Id=18, Ty=InsertResponse, sId='5562', rId='5562', data=19}
I/SDY     ( 7648): [HandleMessage]: M{Id=20, Ty=InsertResponse, sId='5554', rId='5554', data=34}
I/SDY     ( 7648): [Response]:H: M{Id=20, Ty=InsertResponse, sId='5554', rId='5554', data=34}
I/SDY     ( 7648): [MSend]: M{Id=19, Ty=Query, sId='5554', rId='5556', data=Row{ver=1, k='APMvQvC8Lptcyn8jiUksDbgBHGKVbFsA', v='null'}}
I/SDY     ( 7648): [MSend]: port: 11112 msg: M{Id=19, Ty=Query, sId='5554', rId='5556', data=Row{ver=1, k='APMvQvC8Lptcyn8jiUksDbgBHGKVbFsA', v='null'}}
I/SDY     ( 7648): [MSend]: M{Id=18, Ty=InsertResponse, sId='5562', rId='5562', data=19}
I/SDY     ( 7648): [MSend]: port: 11124 msg: M{Id=18, Ty=InsertResponse, sId='5562', rId='5562', data=19}
I/SDY     ( 7648): [MSend]: M{Id=19, Ty=Query, sId='5554', rId='5562', data=Row{ver=1, k='APMvQvC8Lptcyn8jiUksDbgBHGKVbFsA', v='null'}}
I/SDY     ( 7648): [MSend]: port: 11124 msg: M{Id=19, Ty=Query, sId='5554', rId='5562', data=Row{ver=1, k='APMvQvC8Lptcyn8jiUksDbgBHGKVbFsA', v='null'}}
I/SDY     ( 7648): [SERVER]: M{Id=20, Ty=InsertResponse, sId='5554', rId='5554', data=30}
I/SDY     ( 7648): [HandleMessage]: M{Id=20, Ty=InsertResponse, sId='5554', rId='5554', data=30}
I/SDY     ( 7648): [Response]:H: M{Id=20, Ty=InsertResponse, sId='5554', rId='5554', data=30}
I/SDY     ( 7648): [Insert]:Done: M{Id=20, Ty=Insert, sId='5554', rId='null', data=Row{ver=1, k='VgmMqisTDuNSnHbOIS2lVoMOf0YJN45H', v='8DBEN2RUr50UcPJBF1wrg2F21ARc4tWi'}}
I/SDY     ( 7648): [Insert]:Done: value=8DBEN2RUr50UcPJBF1wrg2F21ARc4tWi key=VgmMqisTDuNSnHbOIS2lVoMOf0YJN45H Done:r: 1
D/AndroidRuntime( 7855): Shutting down VM
D/jdwp    ( 7855): Got wake-up signal, bailing out of select
D/dalvikvm( 7855): Debugger has detached; object registry had 1 entries
I/SDY     ( 7648): [SERVER]: M{Id=20, Ty=InsertResponse, sId='5554', rId='5554', data=45}
I/SDY     ( 7648): [HandleMessage]: M{Id=20, Ty=InsertResponse, sId='5554', rId='5554', data=45}
I/SDY     ( 7648): [Response]:H: M{Id=20, Ty=InsertResponse, sId='5554', rId='5554', data=45}
I/SDY     ( 7648): [SERVER]: M{Id=19, Ty=QueryResponse, sId='5554', rId='5554', data=Row{ver=1, k='APMvQvC8Lptcyn8jiUksDbgBHGKVbFsA', v='ohstFaWMNuJQi2UcCKAFqVbpgInCqhU8'}}
I/SDY     ( 7648): [HandleMessage]: M{Id=19, Ty=QueryResponse, sId='5554', rId='5554', data=Row{ver=1, k='APMvQvC8Lptcyn8jiUksDbgBHGKVbFsA', v='ohstFaWMNuJQi2UcCKAFqVbpgInCqhU8'}}
I/SDY     ( 7648): [Response]:H: M{Id=19, Ty=QueryResponse, sId='5554', rId='5554', data=Row{ver=1, k='APMvQvC8Lptcyn8jiUksDbgBHGKVbFsA', v='ohstFaWMNuJQi2UcCKAFqVbpgInCqhU8'}}
I/SDY     ( 7648): [Query]:Done: APMvQvC8Lptcyn8jiUksDbgBHGKVbFsA,value: ohstFaWMNuJQi2UcCKAFqVbpgInCqhU8 ,version: 1
I/SDY     ( 7648): [Query]:Done: APMvQvC8Lptcyn8jiUksDbgBHGKVbFsA ,cursor:  1
I/SDY     ( 7648): [SERVER]: M{Id=19, Ty=QueryResponse, sId='5554', rId='5554', data=Row{ver=1, k='APMvQvC8Lptcyn8jiUksDbgBHGKVbFsA', v='ohstFaWMNuJQi2UcCKAFqVbpgInCqhU8'}}
I/SDY     ( 7648): [HandleMessage]: M{Id=19, Ty=QueryResponse, sId='5554', rId='5554', data=Row{ver=1, k='APMvQvC8Lptcyn8jiUksDbgBHGKVbFsA', v='ohstFaWMNuJQi2UcCKAFqVbpgInCqhU8'}}
I/SDY     ( 7648): [Response]:H: M{Id=19, Ty=QueryResponse, sId='5554', rId='5554', data=Row{ver=1, k='APMvQvC8Lptcyn8jiUksDbgBHGKVbFsA', v='ohstFaWMNuJQi2UcCKAFqVbpgInCqhU8'}}
D/AndroidRuntime( 7853): Shutting down VM
D/dalvikvm( 7853): Debugger has detached; object registry had 1 entries
D/dalvikvm( 7648): GC_FOR_ALLOC freed 513K, 17% free 2880K/3468K, paused 15ms, total 18ms
I/SDY     ( 7648): [SERVER]: M{Id=20, Ty=Query, sId='5556', rId='5554', data=Row{ver=1, k='rYm3aH14XPz5qH2WPS4cXg1hM23MnC9a', v='null'}}
I/SDY     ( 7648): [HandleMessage]: M{Id=20, Ty=Query, sId='5556', rId='5554', data=Row{ver=1, k='rYm3aH14XPz5qH2WPS4cXg1hM23MnC9a', v='null'}}
I/SDY     ( 7648): [Query]:H: M{Id=20, Ty=Query, sId='5556', rId='5554', data=Row{ver=1, k='rYm3aH14XPz5qH2WPS4cXg1hM23MnC9a', v='null'}}
I/SDY     ( 7648): [[Query]:Local: rYm3aH14XPz5qH2WPS4cXg1hM23MnC9a ,count: 1
I/SDY     ( 7648): [Query]:H:Done M{Id=20, Ty=QueryResponse, sId='5556', rId='5556', data=Row{ver=1, k='rYm3aH14XPz5qH2WPS4cXg1hM23MnC9a', v='4DeK1Za45vEYRPVZxVlec672WJttSHqO'}}
I/SDY     ( 7648): [SERVER]: M{Id=21, Ty=Query, sId='5558', rId='5554', data=Row{ver=1, k='IFYQ8gjAD2A10kMRid9etENtp8ZeBcnO', v='null'}}
I/SDY     ( 7648): [HandleMessage]: M{Id=21, Ty=Query, sId='5558', rId='5554', data=Row{ver=1, k='IFYQ8gjAD2A10kMRid9etENtp8ZeBcnO', v='null'}}
I/SDY     ( 7648): [Query]:H: M{Id=21, Ty=Query, sId='5558', rId='5554', data=Row{ver=1, k='IFYQ8gjAD2A10kMRid9etENtp8ZeBcnO', v='null'}}
I/SDY     ( 7648): [MSend]: M{Id=20, Ty=QueryResponse, sId='5556', rId='5556', data=Row{ver=1, k='rYm3aH14XPz5qH2WPS4cXg1hM23MnC9a', v='4DeK1Za45vEYRPVZxVlec672WJttSHqO'}}
I/SDY     ( 7648): [MSend]: port: 11112 msg: M{Id=20, Ty=QueryResponse, sId='5556', rId='5556', data=Row{ver=1, k='rYm3aH14XPz5qH2WPS4cXg1hM23MnC9a', v='4DeK1Za45vEYRPVZxVlec672WJttSHqO'}}
I/SDY     ( 7648): [[Query]:Local: IFYQ8gjAD2A10kMRid9etENtp8ZeBcnO ,count: 1
I/SDY     ( 7648): [Query]:H:Done M{Id=21, Ty=QueryResponse, sId='5558', rId='5558', data=Row{ver=1, k='IFYQ8gjAD2A10kMRid9etENtp8ZeBcnO', v='AUwSkH902jPfq4SylqjTv30JnhZYA8tU'}}
I/SDY     ( 7648): [MSend]: M{Id=21, Ty=QueryResponse, sId='5558', rId='5558', data=Row{ver=1, k='IFYQ8gjAD2A10kMRid9etENtp8ZeBcnO', v='AUwSkH902jPfq4SylqjTv30JnhZYA8tU'}}
I/SDY     ( 7648): [MSend]: port: 11116 msg: M{Id=21, Ty=QueryResponse, sId='5558', rId='5558', data=Row{ver=1, k='IFYQ8gjAD2A10kMRid9etENtp8ZeBcnO', v='AUwSkH902jPfq4SylqjTv30JnhZYA8tU'}}
I/SDY     ( 7648): [SERVER]: M{Id=21, Ty=Query, sId='5560', rId='5554', data=Row{ver=1, k='zNjuoWIw5ZQ7C7K0m7TwtcttExStPTZs', v='null'}}
I/SDY     ( 7648): [HandleMessage]: M{Id=21, Ty=Query, sId='5560', rId='5554', data=Row{ver=1, k='zNjuoWIw5ZQ7C7K0m7TwtcttExStPTZs', v='null'}}
I/SDY     ( 7648): [Query]:H: M{Id=21, Ty=Query, sId='5560', rId='5554', data=Row{ver=1, k='zNjuoWIw5ZQ7C7K0m7TwtcttExStPTZs', v='null'}}
I/SDY     ( 7648): [[Query]:Local: zNjuoWIw5ZQ7C7K0m7TwtcttExStPTZs ,count: 1
I/SDY     ( 7648): [Query]:H:Done M{Id=21, Ty=QueryResponse, sId='5560', rId='5560', data=Row{ver=1, k='zNjuoWIw5ZQ7C7K0m7TwtcttExStPTZs', v='SUv82o2aWrcaRcPUphVR7ePCo8YBvdov'}}
I/SDY     ( 7648): [MSend]: M{Id=21, Ty=QueryResponse, sId='5560', rId='5560', data=Row{ver=1, k='zNjuoWIw5ZQ7C7K0m7TwtcttExStPTZs', v='SUv82o2aWrcaRcPUphVR7ePCo8YBvdov'}}
I/SDY     ( 7648): [MSend]: port: 11120 msg: M{Id=21, Ty=QueryResponse, sId='5560', rId='5560', data=Row{ver=1, k='zNjuoWIw5ZQ7C7K0m7TwtcttExStPTZs', v='SUv82o2aWrcaRcPUphVR7ePCo8YBvdov'}}
D/AndroidRuntime( 7875): 
D/AndroidRuntime( 7875): >>>>>> AndroidRuntime START com.android.internal.os.RuntimeInit <<<<<<
W/linker  ( 7875): libdvm.so has text relocations. This is wasting memory and is a security risk. Please fix.
D/AndroidRuntime( 7875): CheckJNI is ON
D/dalvikvm( 7875): Trying to load lib libjavacore.so 0x0
D/dalvikvm( 7875): Added shared lib libjavacore.so 0x0
D/dalvikvm( 7875): Trying to load lib libnativehelper.so 0x0
D/dalvikvm( 7875): Added shared lib libnativehelper.so 0x0
D/dalvikvm( 7875): No JNI_OnLoad found in libnativehelper.so 0x0, skipping init
D/AndroidRuntime( 7877): 
D/AndroidRuntime( 7877): >>>>>> AndroidRuntime START com.android.internal.os.RuntimeInit <<<<<<
W/linker  ( 7877): libdvm.so has text relocations. This is wasting memory and is a security risk. Please fix.
D/AndroidRuntime( 7877): CheckJNI is ON
D/dalvikvm( 7877): Trying to load lib libjavacore.so 0x0
D/dalvikvm( 7877): Added shared lib libjavacore.so 0x0
D/dalvikvm( 7875): Note: class Landroid/app/ActivityManagerNative; has 179 unimplemented (abstract) methods
D/dalvikvm( 7877): Trying to load lib libnativehelper.so 0x0
D/dalvikvm( 7877): Added shared lib libnativehelper.so 0x0
D/dalvikvm( 7877): No JNI_OnLoad found in libnativehelper.so 0x0, skipping init
D/dalvikvm( 7877): Note: class Landroid/app/ActivityManagerNative; has 179 unimplemented (abstract) methods
E/memtrack( 7875): Couldn't load memtrack module (No such file or directory)
E/android.os.Debug( 7875): failed to load memtrack module: -2
E/memtrack( 7877): Couldn't load memtrack module (No such file or directory)
E/android.os.Debug( 7877): failed to load memtrack module: -2
D/AndroidRuntime( 7875): Calling main entry com.android.commands.content.Content
I/SDY     ( 7648): [Query]: VgmMqisTDuNSnHbOIS2lVoMOf0YJN45H
I/SDY     ( 7648): [Query]: VgmMqisTDuNSnHbOIS2lVoMOf0YJN45H
I/SDY     ( 7648): [Query]: M{Id=21, Ty=Query, sId='5554', rId='null', data=Row{ver=1, k='VgmMqisTDuNSnHbOIS2lVoMOf0YJN45H', v='null'}} ,nodes: [5558, 5560, 5562]
I/SDY     ( 7648): [Add_Msg_Q]: M{Id=21, Ty=Query, sId='5554', rId='5558', data=Row{ver=1, k='VgmMqisTDuNSnHbOIS2lVoMOf0YJN45H', v='null'}}
I/SDY     ( 7648): [Add_Msg_Q]: M{Id=21, Ty=Query, sId='5554', rId='5560', data=Row{ver=1, k='VgmMqisTDuNSnHbOIS2lVoMOf0YJN45H', v='null'}}
I/SDY     ( 7648): [Add_Msg_Q]: M{Id=21, Ty=Query, sId='5554', rId='5562', data=Row{ver=1, k='VgmMqisTDuNSnHbOIS2lVoMOf0YJN45H', v='null'}}
I/SDY     ( 7648): [MSend]: M{Id=21, Ty=Query, sId='5554', rId='5558', data=Row{ver=1, k='VgmMqisTDuNSnHbOIS2lVoMOf0YJN45H', v='null'}}
I/SDY     ( 7648): [MSend]: port: 11116 msg: M{Id=21, Ty=Query, sId='5554', rId='5558', data=Row{ver=1, k='VgmMqisTDuNSnHbOIS2lVoMOf0YJN45H', v='null'}}
D/AndroidRuntime( 7877): Calling main entry com.android.commands.content.Content
I/SDY     ( 7648): [Insert]: value=fRhfStMbhIBakMWzcxfdfE8oN1WA9xnR key=dNxJK39PpDIleJJyPyxg5kB8r6KfjGOb
I/SDY     ( 7648): [Insert]: [5562, 5556, 5554] ,m: M{Id=22, Ty=Insert, sId='5554', rId='null', data=Row{ver=1, k='dNxJK39PpDIleJJyPyxg5kB8r6KfjGOb', v='fRhfStMbhIBakMWzcxfdfE8oN1WA9xnR'}}
I/SDY     ( 7648): [Add_Msg_Q]: M{Id=22, Ty=Insert, sId='5554', rId='5562', data=Row{ver=1, k='dNxJK39PpDIleJJyPyxg5kB8r6KfjGOb', v='fRhfStMbhIBakMWzcxfdfE8oN1WA9xnR'}}
I/SDY     ( 7648): [Add_Msg_Q]: M{Id=22, Ty=Insert, sId='5554', rId='5556', data=Row{ver=1, k='dNxJK39PpDIleJJyPyxg5kB8r6KfjGOb', v='fRhfStMbhIBakMWzcxfdfE8oN1WA9xnR'}}
I/SDY     ( 7648): [Add_Msg_Q]: M{Id=22, Ty=Insert, sId='5554', rId='5554', data=Row{ver=1, k='dNxJK39PpDIleJJyPyxg5kB8r6KfjGOb', v='fRhfStMbhIBakMWzcxfdfE8oN1WA9xnR'}}
I/SDY     ( 7648): [MSend]: M{Id=21, Ty=Query, sId='5554', rId='5562', data=Row{ver=1, k='VgmMqisTDuNSnHbOIS2lVoMOf0YJN45H', v='null'}}
I/SDY     ( 7648): [MSend]: port: 11124 msg: M{Id=21, Ty=Query, sId='5554', rId='5562', data=Row{ver=1, k='VgmMqisTDuNSnHbOIS2lVoMOf0YJN45H', v='null'}}
I/SDY     ( 7648): [MSend]: M{Id=22, Ty=Insert, sId='5554', rId='5554', data=Row{ver=1, k='dNxJK39PpDIleJJyPyxg5kB8r6KfjGOb', v='fRhfStMbhIBakMWzcxfdfE8oN1WA9xnR'}}
I/SDY     ( 7648): [HandleMessage]: M{Id=22, Ty=Insert, sId='5554', rId='5554', data=Row{ver=1, k='dNxJK39PpDIleJJyPyxg5kB8r6KfjGOb', v='fRhfStMbhIBakMWzcxfdfE8oN1WA9xnR'}}
I/SDY     ( 7648): [Insert]:H: M{Id=22, Ty=Insert, sId='5554', rId='5554', data=Row{ver=1, k='dNxJK39PpDIleJJyPyxg5kB8r6KfjGOb', v='fRhfStMbhIBakMWzcxfdfE8oN1WA9xnR'}}
I/SDY     ( 7648): [[Query]:Local: dNxJK39PpDIleJJyPyxg5kB8r6KfjGOb ,count: 0
I/SDY     ( 7648): [Insert]:Local: value=fRhfStMbhIBakMWzcxfdfE8oN1WA9xnR node=5562 key=dNxJK39PpDIleJJyPyxg5kB8r6KfjGOb version=1 ,rowId: 20
I/SDY     ( 7648): [Insert]:H:Done: M{Id=22, Ty=InsertResponse, sId='5554', rId='5554', data=20}
I/SDY     ( 7648): [MSend]: M{Id=22, Ty=Insert, sId='5554', rId='5556', data=Row{ver=1, k='dNxJK39PpDIleJJyPyxg5kB8r6KfjGOb', v='fRhfStMbhIBakMWzcxfdfE8oN1WA9xnR'}}
I/SDY     ( 7648): [MSend]: port: 11112 msg: M{Id=22, Ty=Insert, sId='5554', rId='5556', data=Row{ver=1, k='dNxJK39PpDIleJJyPyxg5kB8r6KfjGOb', v='fRhfStMbhIBakMWzcxfdfE8oN1WA9xnR'}}
I/SDY     ( 7648): [SERVER]: M{Id=21, Ty=Query, sId='5562', rId='5554', data=Row{ver=1, k='xjX6dxzCMje4k49nUMK6sv5Xlk9DmTvl', v='null'}}
I/SDY     ( 7648): [HandleMessage]: M{Id=21, Ty=Query, sId='5562', rId='5554', data=Row{ver=1, k='xjX6dxzCMje4k49nUMK6sv5Xlk9DmTvl', v='null'}}
I/SDY     ( 7648): [Query]:H: M{Id=21, Ty=Query, sId='5562', rId='5554', data=Row{ver=1, k='xjX6dxzCMje4k49nUMK6sv5Xlk9DmTvl', v='null'}}
I/SDY     ( 7648): [[Query]:Local: xjX6dxzCMje4k49nUMK6sv5Xlk9DmTvl ,count: 1
I/SDY     ( 7648): [Query]:H:Done M{Id=21, Ty=QueryResponse, sId='5562', rId='5562', data=Row{ver=1, k='xjX6dxzCMje4k49nUMK6sv5Xlk9DmTvl', v='XIa2Luox0gV9YXU4GxZlRT2IveFDvIRU'}}
I/SDY     ( 7648): [MSend]: M{Id=22, Ty=InsertResponse, sId='5554', rId='5554', data=20}
I/SDY     ( 7648): [HandleMessage]: M{Id=22, Ty=InsertResponse, sId='5554', rId='5554', data=20}
I/SDY     ( 7648): [Response]:H: M{Id=22, Ty=InsertResponse, sId='5554', rId='5554', data=20}
I/SDY     ( 7648): [MSend]: M{Id=21, Ty=QueryResponse, sId='5562', rId='5562', data=Row{ver=1, k='xjX6dxzCMje4k49nUMK6sv5Xlk9DmTvl', v='XIa2Luox0gV9YXU4GxZlRT2IveFDvIRU'}}
I/SDY     ( 7648): [MSend]: port: 11124 msg: M{Id=21, Ty=QueryResponse, sId='5562', rId='5562', data=Row{ver=1, k='xjX6dxzCMje4k49nUMK6sv5Xlk9DmTvl', v='XIa2Luox0gV9YXU4GxZlRT2IveFDvIRU'}}
I/SDY     ( 7648): [MSend]: M{Id=22, Ty=Insert, sId='5554', rId='5562', data=Row{ver=1, k='dNxJK39PpDIleJJyPyxg5kB8r6KfjGOb', v='fRhfStMbhIBakMWzcxfdfE8oN1WA9xnR'}}
I/SDY     ( 7648): [MSend]: port: 11124 msg: M{Id=22, Ty=Insert, sId='5554', rId='5562', data=Row{ver=1, k='dNxJK39PpDIleJJyPyxg5kB8r6KfjGOb', v='fRhfStMbhIBakMWzcxfdfE8oN1WA9xnR'}}
I/SDY     ( 7648): [MSend]: M{Id=21, Ty=Query, sId='5554', rId='5560', data=Row{ver=1, k='VgmMqisTDuNSnHbOIS2lVoMOf0YJN45H', v='null'}}
I/SDY     ( 7648): [MSend]: port: 11120 msg: M{Id=21, Ty=Query, sId='5554', rId='5560', data=Row{ver=1, k='VgmMqisTDuNSnHbOIS2lVoMOf0YJN45H', v='null'}}
I/SDY     ( 7648): [SERVER]: M{Id=21, Ty=QueryResponse, sId='5554', rId='5554', data=Row{ver=1, k='VgmMqisTDuNSnHbOIS2lVoMOf0YJN45H', v='8DBEN2RUr50UcPJBF1wrg2F21ARc4tWi'}}
I/SDY     ( 7648): [SERVER]: M{Id=22, Ty=InsertResponse, sId='5554', rId='5554', data=24}
I/SDY     ( 7648): [HandleMessage]: M{Id=21, Ty=QueryResponse, sId='5554', rId='5554', data=Row{ver=1, k='VgmMqisTDuNSnHbOIS2lVoMOf0YJN45H', v='8DBEN2RUr50UcPJBF1wrg2F21ARc4tWi'}}
I/SDY     ( 7648): [Response]:H: M{Id=21, Ty=QueryResponse, sId='5554', rId='5554', data=Row{ver=1, k='VgmMqisTDuNSnHbOIS2lVoMOf0YJN45H', v='8DBEN2RUr50UcPJBF1wrg2F21ARc4tWi'}}
I/SDY     ( 7648): [HandleMessage]: M{Id=22, Ty=InsertResponse, sId='5554', rId='5554', data=24}
I/SDY     ( 7648): [Response]:H: M{Id=22, Ty=InsertResponse, sId='5554', rId='5554', data=24}
I/SDY     ( 7648): [Insert]:Done: M{Id=22, Ty=Insert, sId='5554', rId='null', data=Row{ver=1, k='dNxJK39PpDIleJJyPyxg5kB8r6KfjGOb', v='fRhfStMbhIBakMWzcxfdfE8oN1WA9xnR'}}
I/SDY     ( 7648): [Insert]:Done: value=fRhfStMbhIBakMWzcxfdfE8oN1WA9xnR key=dNxJK39PpDIleJJyPyxg5kB8r6KfjGOb Done:r: 1
D/AndroidRuntime( 7877): Shutting down VM
D/jdwp    ( 7877): Got wake-up signal, bailing out of select
D/dalvikvm( 7877): Debugger has detached; object registry had 1 entries
I/SDY     ( 7648): [SERVER]: M{Id=21, Ty=QueryResponse, sId='5554', rId='5554', data=Row{ver=1, k='VgmMqisTDuNSnHbOIS2lVoMOf0YJN45H', v='8DBEN2RUr50UcPJBF1wrg2F21ARc4tWi'}}
I/SDY     ( 7648): [HandleMessage]: M{Id=21, Ty=QueryResponse, sId='5554', rId='5554', data=Row{ver=1, k='VgmMqisTDuNSnHbOIS2lVoMOf0YJN45H', v='8DBEN2RUr50UcPJBF1wrg2F21ARc4tWi'}}
I/SDY     ( 7648): [Response]:H: M{Id=21, Ty=QueryResponse, sId='5554', rId='5554', data=Row{ver=1, k='VgmMqisTDuNSnHbOIS2lVoMOf0YJN45H', v='8DBEN2RUr50UcPJBF1wrg2F21ARc4tWi'}}
I/SDY     ( 7648): [Query]:Done: VgmMqisTDuNSnHbOIS2lVoMOf0YJN45H,value: 8DBEN2RUr50UcPJBF1wrg2F21ARc4tWi ,version: 1
I/SDY     ( 7648): [Query]:Done: VgmMqisTDuNSnHbOIS2lVoMOf0YJN45H ,cursor:  1
I/SDY     ( 7648): [SERVER]: M{Id=21, Ty=QueryResponse, sId='5554', rId='5554', data=Row{ver=1, k='VgmMqisTDuNSnHbOIS2lVoMOf0YJN45H', v='8DBEN2RUr50UcPJBF1wrg2F21ARc4tWi'}}
I/SDY     ( 7648): [HandleMessage]: M{Id=21, Ty=QueryResponse, sId='5554', rId='5554', data=Row{ver=1, k='VgmMqisTDuNSnHbOIS2lVoMOf0YJN45H', v='8DBEN2RUr50UcPJBF1wrg2F21ARc4tWi'}}
I/SDY     ( 7648): [Response]:H: M{Id=21, Ty=QueryResponse, sId='5554', rId='5554', data=Row{ver=1, k='VgmMqisTDuNSnHbOIS2lVoMOf0YJN45H', v='8DBEN2RUr50UcPJBF1wrg2F21ARc4tWi'}}
D/AndroidRuntime( 7875): Shutting down VM
D/dalvikvm( 7875): Debugger has detached; object registry had 1 entries
I/SDY     ( 7648): [SERVER]: M{Id=22, Ty=Insert, sId='5556', rId='5554', data=Row{ver=1, k='9DSG2foenQ5aZuzbF1YoqwP3uhQmzoCW', v='yN93jfyV8E6gRBffBGWQoIjsHYKD5eKV'}}
I/SDY     ( 7648): [HandleMessage]: M{Id=22, Ty=Insert, sId='5556', rId='5554', data=Row{ver=1, k='9DSG2foenQ5aZuzbF1YoqwP3uhQmzoCW', v='yN93jfyV8E6gRBffBGWQoIjsHYKD5eKV'}}
I/SDY     ( 7648): [Insert]:H: M{Id=22, Ty=Insert, sId='5556', rId='5554', data=Row{ver=1, k='9DSG2foenQ5aZuzbF1YoqwP3uhQmzoCW', v='yN93jfyV8E6gRBffBGWQoIjsHYKD5eKV'}}
I/SDY     ( 7648): [[Query]:Local: 9DSG2foenQ5aZuzbF1YoqwP3uhQmzoCW ,count: 0
I/SDY     ( 7648): [Insert]:Local: value=yN93jfyV8E6gRBffBGWQoIjsHYKD5eKV node=5556 key=9DSG2foenQ5aZuzbF1YoqwP3uhQmzoCW version=1 ,rowId: 21
I/SDY     ( 7648): [Insert]:H:Done: M{Id=22, Ty=InsertResponse, sId='5556', rId='5556', data=21}
I/SDY     ( 7648): [SERVER]: M{Id=22, Ty=InsertResponse, sId='5554', rId='5554', data=47}
I/SDY     ( 7648): [HandleMessage]: M{Id=22, Ty=InsertResponse, sId='5554', rId='5554', data=47}
I/SDY     ( 7648): [Response]:H: M{Id=22, Ty=InsertResponse, sId='5554', rId='5554', data=47}
I/SDY     ( 7648): [MSend]: M{Id=22, Ty=InsertResponse, sId='5556', rId='5556', data=21}
I/SDY     ( 7648): [MSend]: port: 11112 msg: M{Id=22, Ty=InsertResponse, sId='5556', rId='5556', data=21}
I/SDY     ( 7648): [SERVER]: M{Id=22, Ty=Insert, sId='5562', rId='5554', data=Row{ver=1, k='75IvhHnlg1dqyfW0VfmgWspSpm4ScMGh', v='3h9qyhcpow5vrccDDvgbRlWSYnPCcaxM'}}
I/SDY     ( 7648): [HandleMessage]: M{Id=22, Ty=Insert, sId='5562', rId='5554', data=Row{ver=1, k='75IvhHnlg1dqyfW0VfmgWspSpm4ScMGh', v='3h9qyhcpow5vrccDDvgbRlWSYnPCcaxM'}}
I/SDY     ( 7648): [Insert]:H: M{Id=22, Ty=Insert, sId='5562', rId='5554', data=Row{ver=1, k='75IvhHnlg1dqyfW0VfmgWspSpm4ScMGh', v='3h9qyhcpow5vrccDDvgbRlWSYnPCcaxM'}}
I/SDY     ( 7648): [[Query]:Local: 75IvhHnlg1dqyfW0VfmgWspSpm4ScMGh ,count: 0
I/SDY     ( 7648): [Insert]:Local: value=3h9qyhcpow5vrccDDvgbRlWSYnPCcaxM node=5562 key=75IvhHnlg1dqyfW0VfmgWspSpm4ScMGh version=1 ,rowId: 22
I/SDY     ( 7648): [Insert]:H:Done: M{Id=22, Ty=InsertResponse, sId='5562', rId='5562', data=22}
I/SDY     ( 7648): [MSend]: M{Id=22, Ty=InsertResponse, sId='5562', rId='5562', data=22}
I/SDY     ( 7648): [MSend]: port: 11124 msg: M{Id=22, Ty=InsertResponse, sId='5562', rId='5562', data=22}
D/AndroidRuntime( 7897): 
D/AndroidRuntime( 7897): >>>>>> AndroidRuntime START com.android.internal.os.RuntimeInit <<<<<<
W/linker  ( 7897): libdvm.so has text relocations. This is wasting memory and is a security risk. Please fix.
D/AndroidRuntime( 7897): CheckJNI is ON
D/dalvikvm( 7897): Trying to load lib libjavacore.so 0x0
D/dalvikvm( 7897): Added shared lib libjavacore.so 0x0
D/dalvikvm( 7897): Trying to load lib libnativehelper.so 0x0
D/dalvikvm( 7897): Added shared lib libnativehelper.so 0x0
D/dalvikvm( 7897